[2026-10-03 09:24:34] compose down (96e2e6c)
[2026-10-03 09:24:35] compose up (96e2e6c) HOLD_TTL=5m EXPIRY_INTERVAL=10s HOLD_STRATEGY=jvm-lock FLYWAY_LOCATIONS=classpath:db/migration POOL_SIZE=10 APP_CPUS=2 DB_CPUS=4 (attempt 1)
 Image seatlab-app2 Building 
 Image seatlab-app Building 
#1 [internal] load local bake definitions
#1 reading from stdin 969B done
#1 DONE 0.0s

#2 [app2 internal] load build definition from Dockerfile
#2 transferring dockerfile: 558B done
#2 DONE 0.0s

#3 [app2 internal] load metadata for docker.io/library/eclipse-temurin:21-jdk
#3 DONE 0.6s

#4 [app internal] load metadata for docker.io/library/eclipse-temurin:21-jre
#4 DONE 0.6s

#5 [app internal] load .dockerignore
#5 transferring context: 76B done
#5 DONE 0.0s

#6 [app stage-1 1/3] FROM docker.io/library/eclipse-temurin:21-jre@sha256:cff19e6215689161eb6162c11b86b0c60ddf802164f2eaf48d570f8fb79a36c5
#6 resolve docker.io/library/eclipse-temurin:21-jre@sha256:cff19e6215689161eb6162c11b86b0c60ddf802164f2eaf48d570f8fb79a36c5 0.0s done
#6 DONE 0.0s

#7 [app build 1/7] FROM docker.io/library/eclipse-temurin:21-jdk@sha256:3e3c176ffed168beb42c607be9bc1639b466cf00261a0fb04425562c9d0c5c2b
#7 resolve docker.io/library/eclipse-temurin:21-jdk@sha256:3e3c176ffed168beb42c607be9bc1639b466cf00261a0fb04425562c9d0c5c2b 0.0s done
#7 DONE 0.0s

#8 [app2 internal] load build context
#8 transferring context: 7.44kB done
#8 DONE 0.0s

#9 [app build 3/7] COPY gradlew settings.gradle.kts build.gradle.kts ./
#9 CACHED

#10 [app build 4/7] COPY gradle gradle
#10 CACHED

#11 [app build 2/7] WORKDIR /src
#11 CACHED

#12 [app stage-1 2/3] WORKDIR /app
#12 CACHED

#13 [app build 7/7] RUN ./gradlew --no-daemon -q bootJar
#13 CACHED

#14 [app build 6/7] COPY src src
#14 CACHED

#15 [app build 5/7] RUN ./gradlew --no-daemon -q dependencies > /dev/null
#15 CACHED

#16 [app stage-1 3/3] COPY --from=build /src/build/libs/seat-reservation-lab-0.0.1-SNAPSHOT.jar app.jar
#16 CACHED

#17 [app] exporting to image
#17 exporting layers done
#17 exporting manifest sha256:80f557502e0bf707c9a9d1e925c0a6e1ce6b384d492ef8da5551e4b3f59a780e done
#17 exporting config sha256:7c74c6dd2cc53304dd47b48529bf16800f02dd39b87d6889cf0de6b5581f5083 done
#17 exporting attestation manifest sha256:63e10b2397376ceddb6dbe3fd021b42b6a6adde8ccdfd4130ee846e8dce5363f 0.0s done
#17 exporting manifest list sha256:cda8dd70e6e10149ee22bca12f190fe9184cd463ae2e5e9263730c3a4467fb41 0.0s done
#17 naming to docker.io/library/seatlab-app:latest done
#17 unpacking to docker.io/library/seatlab-app:latest done
#17 DONE 0.1s

#18 [app2] exporting to image
#18 exporting layers done
#18 exporting manifest sha256:152cce2585accc4787d83def607dc6d947e9ee7ae4f10c1c7fe1b540abc0ae97 done
#18 exporting config sha256:a09624603084bcc8e401e033282e558d2d7bb950a5767cce579c1701c0c168d0 0.0s done
#18 exporting attestation manifest sha256:02eb9476fa46cc4789aba088f260202945c7a0f928821d5902760a8714855703 0.0s done
#18 exporting manifest list sha256:9af0c5b1ea84539a39a17c8b1daf54df962d4d786c80e325ff3d334819cde599 done
#18 naming to docker.io/library/seatlab-app2:latest done
#18 unpacking to docker.io/library/seatlab-app2:latest done
#18 DONE 0.1s

#19 [app] resolving provenance for metadata file
#19 DONE 0.0s

#20 [app2] resolving provenance for metadata file
#20 DONE 0.0s
 Image seatlab-app Built 
 Image seatlab-app2 Built 
 Network seatlab_default Creating 
 Network seatlab_default Created 
 Volume seatlab_pgdata Creating 
 Volume seatlab_pgdata Created 
 Container seatlab-db-1 Creating 
 Container seatlab-redis-1 Creating 
 Container seatlab-redis-1 Created 
 Container seatlab-db-1 Created 
 Container seatlab-app-1 Creating 
 Container seatlab-app2-1 Creating 
 Container seatlab-app2-1 Created 
 Container seatlab-app-1 Created 
 Container seatlab-lb-1 Creating 
 Container seatlab-lb-1 Created 
 Container seatlab-redis-1 Starting 
 Container seatlab-db-1 Starting 
 Container seatlab-redis-1 Started 
 Container seatlab-db-1 Started 
 Container seatlab-db-1 Waiting 
 Container seatlab-redis-1 Waiting 
 Container seatlab-redis-1 Waiting 
 Container seatlab-db-1 Waiting 
 Container seatlab-db-1 Healthy 
 Container seatlab-redis-1 Healthy 
 Container seatlab-db-1 Healthy 
 Container seatlab-app2-1 Starting 
 Container seatlab-redis-1 Healthy 
 Container seatlab-app-1 Starting 
 Container seatlab-app-1 Started 
 Container seatlab-app2-1 Started 
 Container seatlab-lb-1 Starting 
 Container seatlab-lb-1 Started 
