[2026-10-03 09:07:49] compose down (f9eea28)
[2026-10-03 09:07:50] compose up (f9eea28) HOLD_TTL=5m EXPIRY_INTERVAL=10s HOLD_STRATEGY=pessimistic FLYWAY_LOCATIONS=classpath:db/migration POOL_SIZE=10 APP_CPUS=4 DB_CPUS=4 (attempt 1)
 Image seatlab-app Building 
#1 [internal] load local bake definitions
#1 reading from stdin 526B done
#1 DONE 0.0s

#2 [internal] load build definition from Dockerfile
#2 transferring dockerfile: 558B done
#2 DONE 0.0s

#3 [internal] load metadata for docker.io/library/eclipse-temurin:21-jdk
#3 ...

#4 [internal] load metadata for docker.io/library/eclipse-temurin:21-jre
#4 DONE 1.1s

#3 [internal] load metadata for docker.io/library/eclipse-temurin:21-jdk
#3 DONE 1.2s

#5 [internal] load .dockerignore
#5 transferring context: 76B done
#5 DONE 0.0s

#6 [build 1/7] FROM docker.io/library/eclipse-temurin:21-jdk@sha256:3e3c176ffed168beb42c607be9bc1639b466cf00261a0fb04425562c9d0c5c2b
#6 resolve docker.io/library/eclipse-temurin:21-jdk@sha256:3e3c176ffed168beb42c607be9bc1639b466cf00261a0fb04425562c9d0c5c2b 0.0s done
#6 DONE 0.0s

#7 [stage-1 1/3] FROM docker.io/library/eclipse-temurin:21-jre@sha256:cff19e6215689161eb6162c11b86b0c60ddf802164f2eaf48d570f8fb79a36c5
#7 resolve docker.io/library/eclipse-temurin:21-jre@sha256:cff19e6215689161eb6162c11b86b0c60ddf802164f2eaf48d570f8fb79a36c5 0.0s done
#7 DONE 0.0s

#8 [internal] load build context
#8 transferring context: 170.47kB done
#8 DONE 0.0s

#9 [build 2/7] WORKDIR /src
#9 CACHED

#10 [build 4/7] COPY gradle gradle
#10 CACHED

#11 [build 3/7] COPY gradlew settings.gradle.kts build.gradle.kts ./
#11 CACHED

#12 [build 5/7] RUN ./gradlew --no-daemon -q dependencies > /dev/null
#12 CACHED

#13 [build 6/7] COPY src src
#13 DONE 0.8s

#14 [build 7/7] RUN ./gradlew --no-daemon -q bootJar
#14 DONE 27.2s

#15 [stage-1 2/3] WORKDIR /app
#15 CACHED

#16 [stage-1 3/3] COPY --from=build /src/build/libs/seat-reservation-lab-0.0.1-SNAPSHOT.jar app.jar
#16 DONE 0.1s

#17 exporting to image
#17 exporting layers
#17 exporting layers 1.4s done
#17 exporting manifest sha256:09dc77f4808ae767f5ab2ce57280358fa175f4e026d348826c47f948abdb5869 done
#17 exporting config sha256:4233861b911fe925e4e5fad099b63bcea1b8e8dfecd1b445c8fcbd6e1aaa8fdf done
#17 exporting attestation manifest sha256:c3023ee90f3185d2003701b39c38b44f1dc8f957c10ae649e5c3b173c9c3666d 0.0s done
#17 exporting manifest list sha256:00007457fdcdfb7f8073936dcbd3b0d98585ecb99da75c2c58aea3a00e38ba71 done
#17 naming to docker.io/library/seatlab-app:latest done
#17 unpacking to docker.io/library/seatlab-app:latest
#17 unpacking to docker.io/library/seatlab-app:latest 0.2s done
#17 DONE 1.7s

#18 resolving provenance for metadata file
#18 DONE 0.0s
 Image seatlab-app Built 
 Network seatlab_default Creating 
 Network seatlab_default Created 
 Volume seatlab_pgdata Creating 
 Volume seatlab_pgdata Created 
 Container seatlab-db-1 Creating 
 Container seatlab-redis-1 Creating 
 Container seatlab-db-1 Created 
 Container seatlab-redis-1 Created 
 Container seatlab-app-1 Creating 
 Container seatlab-app-1 Created 
 Container seatlab-redis-1 Starting 
 Container seatlab-db-1 Starting 
 Container seatlab-redis-1 Started 
 Container seatlab-db-1 Started 
 Container seatlab-redis-1 Waiting 
 Container seatlab-db-1 Waiting 
 Container seatlab-redis-1 Healthy 
 Container seatlab-db-1 Healthy 
 Container seatlab-app-1 Starting 
 Container seatlab-app-1 Started 
