[2026-10-02 14:22:46] compose down (557dff4)
[2026-10-02 14:22:47] compose up (557dff4) HOLD_TTL=5m EXPIRY_INTERVAL=10s FLYWAY_TARGET=1 POOL_SIZE=20 APP_CPUS=2 DB_CPUS=2
 Image seatlab-app Building 
#1 [internal] load local bake definitions
#1 reading from stdin 526B done
#1 DONE 0.0s

#2 [internal] load build definition from Dockerfile
#2 transferring dockerfile: 558B done
#2 DONE 0.0s

#3 [internal] load metadata for docker.io/library/eclipse-temurin:21-jre
#3 ...

#4 [internal] load metadata for docker.io/library/eclipse-temurin:21-jdk
#4 DONE 1.8s

#3 [internal] load metadata for docker.io/library/eclipse-temurin:21-jre
#3 DONE 1.8s

#5 [internal] load .dockerignore
#5 transferring context: 76B done
#5 DONE 0.0s

#6 [internal] load build context
#6 transferring context: 5.76kB done
#6 DONE 0.0s

#7 [stage-1 1/3] FROM docker.io/library/eclipse-temurin:21-jre@sha256:cff19e6215689161eb6162c11b86b0c60ddf802164f2eaf48d570f8fb79a36c5
#7 resolve docker.io/library/eclipse-temurin:21-jre@sha256:cff19e6215689161eb6162c11b86b0c60ddf802164f2eaf48d570f8fb79a36c5 0.0s done
#7 sha256:550bcd7b9380af835ebbbf439f5ddcaebfb2af951dc75d4bcbdc261cbe3917f0 0B / 2.46kB 0.2s
#7 sha256:550bcd7b9380af835ebbbf439f5ddcaebfb2af951dc75d4bcbdc261cbe3917f0 2.46kB / 2.46kB 0.2s done
#7 sha256:3b4157e3a962cdb99242cd5b145bcc2124d0db0c9849175dd981fe78640d0a72 158B / 158B 0.2s done
#7 sha256:9d8d42fbc5604c4e895096a9217ddaef21c1eb762a43acedbc9c4554b58f65bb 0B / 53.10MB 0.3s
#7 sha256:5d8dab7db2742f65eb651ddb9c472895877637821edd25947a57e6809ea99ecb 0B / 23.11MB 0.2s
#7 sha256:06ad70e463aa4a17833d00d6d5d346c895ebb66fee637eefd67024dc6cdc2f1c 0B / 388B 0.2s
#7 sha256:4e07a0f12b2c009f98326fa391e869bd52fc63728c482400af6cb752bc16744b 0B / 41.84MB 0.2s
#7 sha256:06ad70e463aa4a17833d00d6d5d346c895ebb66fee637eefd67024dc6cdc2f1c 388B / 388B 0.7s done
#7 sha256:9d8d42fbc5604c4e895096a9217ddaef21c1eb762a43acedbc9c4554b58f65bb 3.15MB / 53.10MB 0.9s
#7 sha256:5d8dab7db2742f65eb651ddb9c472895877637821edd25947a57e6809ea99ecb 2.10MB / 23.11MB 1.1s
#7 sha256:9d8d42fbc5604c4e895096a9217ddaef21c1eb762a43acedbc9c4554b58f65bb 6.29MB / 53.10MB 1.5s
#7 sha256:5d8dab7db2742f65eb651ddb9c472895877637821edd25947a57e6809ea99ecb 4.19MB / 23.11MB 1.5s
#7 sha256:4e07a0f12b2c009f98326fa391e869bd52fc63728c482400af6cb752bc16744b 2.10MB / 41.84MB 1.5s
#7 sha256:4e07a0f12b2c009f98326fa391e869bd52fc63728c482400af6cb752bc16744b 4.19MB / 41.84MB 2.0s
#7 sha256:9d8d42fbc5604c4e895096a9217ddaef21c1eb762a43acedbc9c4554b58f65bb 9.44MB / 53.10MB 2.3s
#7 sha256:5d8dab7db2742f65eb651ddb9c472895877637821edd25947a57e6809ea99ecb 6.29MB / 23.11MB 2.3s
#7 sha256:4e07a0f12b2c009f98326fa391e869bd52fc63728c482400af6cb752bc16744b 6.29MB / 41.84MB 2.4s
#7 sha256:4e07a0f12b2c009f98326fa391e869bd52fc63728c482400af6cb752bc16744b 8.39MB / 41.84MB 2.7s
#7 sha256:4e07a0f12b2c009f98326fa391e869bd52fc63728c482400af6cb752bc16744b 10.49MB / 41.84MB 3.0s
#7 sha256:5d8dab7db2742f65eb651ddb9c472895877637821edd25947a57e6809ea99ecb 8.39MB / 23.11MB 3.3s
#7 sha256:4e07a0f12b2c009f98326fa391e869bd52fc63728c482400af6cb752bc16744b 12.58MB / 41.84MB 3.3s
#7 sha256:9d8d42fbc5604c4e895096a9217ddaef21c1eb762a43acedbc9c4554b58f65bb 12.58MB / 53.10MB 3.8s
#7 sha256:4e07a0f12b2c009f98326fa391e869bd52fc63728c482400af6cb752bc16744b 14.68MB / 41.84MB 3.6s
#7 sha256:4e07a0f12b2c009f98326fa391e869bd52fc63728c482400af6cb752bc16744b 16.78MB / 41.84MB 3.9s
#7 sha256:5d8dab7db2742f65eb651ddb9c472895877637821edd25947a57e6809ea99ecb 10.49MB / 23.11MB 4.2s
#7 sha256:4e07a0f12b2c009f98326fa391e869bd52fc63728c482400af6cb752bc16744b 18.87MB / 41.84MB 4.2s
#7 sha256:4e07a0f12b2c009f98326fa391e869bd52fc63728c482400af6cb752bc16744b 20.97MB / 41.84MB 4.5s
#7 sha256:4e07a0f12b2c009f98326fa391e869bd52fc63728c482400af6cb752bc16744b 23.07MB / 41.84MB 5.0s
#7 sha256:5d8dab7db2742f65eb651ddb9c472895877637821edd25947a57e6809ea99ecb 12.58MB / 23.11MB 5.3s
#7 sha256:4e07a0f12b2c009f98326fa391e869bd52fc63728c482400af6cb752bc16744b 25.17MB / 41.84MB 5.3s
#7 sha256:4e07a0f12b2c009f98326fa391e869bd52fc63728c482400af6cb752bc16744b 27.26MB / 41.84MB 5.7s
#7 sha256:4e07a0f12b2c009f98326fa391e869bd52fc63728c482400af6cb752bc16744b 29.36MB / 41.84MB 6.0s
#7 sha256:4e07a0f12b2c009f98326fa391e869bd52fc63728c482400af6cb752bc16744b 31.46MB / 41.84MB 6.3s
#7 sha256:5d8dab7db2742f65eb651ddb9c472895877637821edd25947a57e6809ea99ecb 14.68MB / 23.11MB 6.6s
#7 sha256:4e07a0f12b2c009f98326fa391e869bd52fc63728c482400af6cb752bc16744b 33.55MB / 41.84MB 6.6s
#7 sha256:9d8d42fbc5604c4e895096a9217ddaef21c1eb762a43acedbc9c4554b58f65bb 15.73MB / 53.10MB 7.1s
#7 sha256:4e07a0f12b2c009f98326fa391e869bd52fc63728c482400af6cb752bc16744b 35.65MB / 41.84MB 6.9s
#7 sha256:4e07a0f12b2c009f98326fa391e869bd52fc63728c482400af6cb752bc16744b 37.75MB / 41.84MB 7.2s
#7 sha256:4e07a0f12b2c009f98326fa391e869bd52fc63728c482400af6cb752bc16744b 39.85MB / 41.84MB 7.5s
#7 sha256:4e07a0f12b2c009f98326fa391e869bd52fc63728c482400af6cb752bc16744b 41.84MB / 41.84MB 7.7s done
#7 extracting sha256:4e07a0f12b2c009f98326fa391e869bd52fc63728c482400af6cb752bc16744b
#7 sha256:5d8dab7db2742f65eb651ddb9c472895877637821edd25947a57e6809ea99ecb 16.78MB / 23.11MB 8.4s
#7 extracting sha256:4e07a0f12b2c009f98326fa391e869bd52fc63728c482400af6cb752bc16744b 0.6s done
#7 extracting sha256:06ad70e463aa4a17833d00d6d5d346c895ebb66fee637eefd67024dc6cdc2f1c done
#7 sha256:9d8d42fbc5604c4e895096a9217ddaef21c1eb762a43acedbc9c4554b58f65bb 18.87MB / 53.10MB 9.9s
#7 ...

#8 [build 1/7] FROM docker.io/library/eclipse-temurin:21-jdk@sha256:3e3c176ffed168beb42c607be9bc1639b466cf00261a0fb04425562c9d0c5c2b
#8 resolve docker.io/library/eclipse-temurin:21-jdk@sha256:3e3c176ffed168beb42c607be9bc1639b466cf00261a0fb04425562c9d0c5c2b 0.0s done
#8 sha256:7b5b1cd28d30690f97801a3a5f73b0de4dba50777f3a89d111f5f9201a3a7bf2 2.46kB / 2.46kB 0.2s done
#8 sha256:cb3511313ef09e63104df472ecde5f05c8e2840b9e6096d16b0be6388f90361f 158B / 158B 0.2s done
#8 sha256:4411437139e9ca69460255dfb3dfc7a92fdb38dc8aa6f93dc99ab7380e7b5781 22.02MB / 158.12MB 8.6s
#8 sha256:ffef58b983c1fc65e2b180d4a71e8d35211c0f21f4c5ff937c831b94fd5f3d7e 9.44MB / 27.03MB 2.1s
#8 ...

#7 [stage-1 1/3] FROM docker.io/library/eclipse-temurin:21-jre@sha256:cff19e6215689161eb6162c11b86b0c60ddf802164f2eaf48d570f8fb79a36c5
#7 sha256:5d8dab7db2742f65eb651ddb9c472895877637821edd25947a57e6809ea99ecb 18.87MB / 23.11MB 10.2s
#7 sha256:9d8d42fbc5604c4e895096a9217ddaef21c1eb762a43acedbc9c4554b58f65bb 22.02MB / 53.10MB 11.3s
#7 sha256:5d8dab7db2742f65eb651ddb9c472895877637821edd25947a57e6809ea99ecb 20.97MB / 23.11MB 11.7s
#7 sha256:9d8d42fbc5604c4e895096a9217ddaef21c1eb762a43acedbc9c4554b58f65bb 25.17MB / 53.10MB 11.9s
#7 sha256:9d8d42fbc5604c4e895096a9217ddaef21c1eb762a43acedbc9c4554b58f65bb 28.31MB / 53.10MB 12.5s
#7 sha256:5d8dab7db2742f65eb651ddb9c472895877637821edd25947a57e6809ea99ecb 23.11MB / 23.11MB 12.5s done
#7 extracting sha256:5d8dab7db2742f65eb651ddb9c472895877637821edd25947a57e6809ea99ecb
#7 extracting sha256:5d8dab7db2742f65eb651ddb9c472895877637821edd25947a57e6809ea99ecb 0.2s done
#7 sha256:9d8d42fbc5604c4e895096a9217ddaef21c1eb762a43acedbc9c4554b58f65bb 31.46MB / 53.10MB 13.2s
#7 sha256:9d8d42fbc5604c4e895096a9217ddaef21c1eb762a43acedbc9c4554b58f65bb 34.60MB / 53.10MB 13.7s
#7 sha256:9d8d42fbc5604c4e895096a9217ddaef21c1eb762a43acedbc9c4554b58f65bb 37.75MB / 53.10MB 14.4s
#7 sha256:9d8d42fbc5604c4e895096a9217ddaef21c1eb762a43acedbc9c4554b58f65bb 40.89MB / 53.10MB 14.9s
#7 sha256:9d8d42fbc5604c4e895096a9217ddaef21c1eb762a43acedbc9c4554b58f65bb 44.04MB / 53.10MB 15.3s
#7 sha256:9d8d42fbc5604c4e895096a9217ddaef21c1eb762a43acedbc9c4554b58f65bb 47.19MB / 53.10MB 15.6s
#7 sha256:9d8d42fbc5604c4e895096a9217ddaef21c1eb762a43acedbc9c4554b58f65bb 50.33MB / 53.10MB 16.1s
#7 sha256:9d8d42fbc5604c4e895096a9217ddaef21c1eb762a43acedbc9c4554b58f65bb 53.10MB / 53.10MB 16.5s done
#7 extracting sha256:9d8d42fbc5604c4e895096a9217ddaef21c1eb762a43acedbc9c4554b58f65bb
#7 extracting sha256:9d8d42fbc5604c4e895096a9217ddaef21c1eb762a43acedbc9c4554b58f65bb 0.4s done
#7 extracting sha256:3b4157e3a962cdb99242cd5b145bcc2124d0db0c9849175dd981fe78640d0a72 done
#7 extracting sha256:550bcd7b9380af835ebbbf439f5ddcaebfb2af951dc75d4bcbdc261cbe3917f0 done
#7 DONE 17.0s

#8 [build 1/7] FROM docker.io/library/eclipse-temurin:21-jdk@sha256:3e3c176ffed168beb42c607be9bc1639b466cf00261a0fb04425562c9d0c5c2b
#8 sha256:4411437139e9ca69460255dfb3dfc7a92fdb38dc8aa6f93dc99ab7380e7b5781 49.28MB / 158.12MB 15.8s
#8 sha256:ffef58b983c1fc65e2b180d4a71e8d35211c0f21f4c5ff937c831b94fd5f3d7e 27.03MB / 27.03MB 6.6s done
#8 extracting sha256:ffef58b983c1fc65e2b180d4a71e8d35211c0f21f4c5ff937c831b94fd5f3d7e 0.3s done
#8 ...

#9 [stage-1 2/3] WORKDIR /app
#9 DONE 0.3s

#8 [build 1/7] FROM docker.io/library/eclipse-temurin:21-jdk@sha256:3e3c176ffed168beb42c607be9bc1639b466cf00261a0fb04425562c9d0c5c2b
#8 sha256:4411437139e9ca69460255dfb3dfc7a92fdb38dc8aa6f93dc99ab7380e7b5781 57.67MB / 158.12MB 16.5s
#8 sha256:4411437139e9ca69460255dfb3dfc7a92fdb38dc8aa6f93dc99ab7380e7b5781 67.11MB / 158.12MB 17.3s
#8 sha256:4411437139e9ca69460255dfb3dfc7a92fdb38dc8aa6f93dc99ab7380e7b5781 75.50MB / 158.12MB 18.0s
#8 sha256:4411437139e9ca69460255dfb3dfc7a92fdb38dc8aa6f93dc99ab7380e7b5781 84.93MB / 158.12MB 18.8s
#8 sha256:4411437139e9ca69460255dfb3dfc7a92fdb38dc8aa6f93dc99ab7380e7b5781 93.32MB / 158.12MB 19.5s
#8 sha256:4411437139e9ca69460255dfb3dfc7a92fdb38dc8aa6f93dc99ab7380e7b5781 102.76MB / 158.12MB 20.3s
#8 sha256:4411437139e9ca69460255dfb3dfc7a92fdb38dc8aa6f93dc99ab7380e7b5781 111.15MB / 158.12MB 21.0s
#8 sha256:4411437139e9ca69460255dfb3dfc7a92fdb38dc8aa6f93dc99ab7380e7b5781 119.54MB / 158.12MB 21.8s
#8 sha256:4411437139e9ca69460255dfb3dfc7a92fdb38dc8aa6f93dc99ab7380e7b5781 128.97MB / 158.12MB 22.5s
#8 sha256:4411437139e9ca69460255dfb3dfc7a92fdb38dc8aa6f93dc99ab7380e7b5781 137.36MB / 158.12MB 23.3s
#8 sha256:4411437139e9ca69460255dfb3dfc7a92fdb38dc8aa6f93dc99ab7380e7b5781 145.75MB / 158.12MB 24.0s
#8 sha256:4411437139e9ca69460255dfb3dfc7a92fdb38dc8aa6f93dc99ab7380e7b5781 155.19MB / 158.12MB 24.8s
#8 sha256:4411437139e9ca69460255dfb3dfc7a92fdb38dc8aa6f93dc99ab7380e7b5781 158.12MB / 158.12MB 25.0s done
#8 extracting sha256:4411437139e9ca69460255dfb3dfc7a92fdb38dc8aa6f93dc99ab7380e7b5781
#8 extracting sha256:4411437139e9ca69460255dfb3dfc7a92fdb38dc8aa6f93dc99ab7380e7b5781 0.8s done
#8 DONE 27.2s

#8 [build 1/7] FROM docker.io/library/eclipse-temurin:21-jdk@sha256:3e3c176ffed168beb42c607be9bc1639b466cf00261a0fb04425562c9d0c5c2b
#8 extracting sha256:cb3511313ef09e63104df472ecde5f05c8e2840b9e6096d16b0be6388f90361f done
#8 extracting sha256:7b5b1cd28d30690f97801a3a5f73b0de4dba50777f3a89d111f5f9201a3a7bf2 done
#8 DONE 27.3s

#10 [build 2/7] WORKDIR /src
#10 DONE 0.2s

#11 [build 3/7] COPY gradlew settings.gradle.kts build.gradle.kts ./
#11 DONE 0.0s

#12 [build 4/7] COPY gradle gradle
#12 DONE 0.0s

#13 [build 5/7] RUN ./gradlew --no-daemon -q dependencies > /dev/null
#13 DONE 45.7s

#14 [build 6/7] COPY src src
#14 DONE 0.1s

#15 [build 7/7] RUN ./gradlew --no-daemon -q bootJar
#15 DONE 23.8s

#16 [stage-1 3/3] COPY --from=build /src/build/libs/seat-reservation-lab-0.0.1-SNAPSHOT.jar app.jar
#16 DONE 0.1s

#17 exporting to image
#17 exporting layers
#17 exporting layers 1.2s done
#17 exporting manifest sha256:271e5d518cb3bfe77548edf12f8900a76d0a7fcf973ef910393e92033b981def done
#17 exporting config sha256:3bb36a795962dd707cb8630e8c154136cacc6b94080df956340470080e568316 0.0s done
#17 exporting attestation manifest sha256:294eda9868bcf1ab0a37bd834323497acbd57c97064493ee3d366f1c8be074ea 0.0s done
#17 exporting manifest list sha256:5627a4f40b70a75e85f13945bdc81c67a26c04a72e18c17634065d5b7f046c4a done
#17 naming to docker.io/library/seatlab-app:latest done
#17 unpacking to docker.io/library/seatlab-app:latest
#17 unpacking to docker.io/library/seatlab-app:latest 0.2s done
#17 DONE 1.4s

#18 resolving provenance for metadata file
#18 DONE 0.0s
 Image seatlab-app Built 
 Network seatlab_default Creating 
 Network seatlab_default Created 
 Volume seatlab_pgdata Creating 
 Volume seatlab_pgdata Created 
 Container seatlab-db-1 Creating 
 Container seatlab-db-1 Created 
 Container seatlab-app-1 Creating 
 Container seatlab-app-1 Created 
 Container seatlab-db-1 Starting 
 Container seatlab-db-1 Started 
 Container seatlab-db-1 Waiting 
 Container seatlab-db-1 Healthy 
 Container seatlab-app-1 Starting 
 Container seatlab-app-1 Started 
