2026-10-05T21:52:59+09:00 CAMPAIGN start sha=853ef7a suite=s6 reps=3 conditions=22
2026-10-05T21:52:59+09:00 none-s6-d0 rep1 start 
2026-10-05T22:03:00+09:00 none-s6-d0 rep1 exit=0
2026-10-05T22:03:00+09:00 jvm-lock-s6-d0 rep1 start 
2026-10-05T22:13:01+09:00 jvm-lock-s6-d0 rep1 exit=0
2026-10-05T22:13:01+09:00 jvm-lock-in-tx-s6-d0 rep1 start 
2026-10-05T22:23:33+09:00 jvm-lock-in-tx-s6-d0 rep1 exit=0
2026-10-05T22:23:33+09:00 conditional-update-s6-d0 rep1 start 
2026-10-05T22:33:34+09:00 conditional-update-s6-d0 rep1 exit=0
2026-10-05T22:33:34+09:00 pessimistic-s6-d0 rep1 start 
2026-10-05T22:43:36+09:00 pessimistic-s6-d0 rep1 exit=0
2026-10-05T22:43:36+09:00 pessimistic-nowait-s6-d0 rep1 start 
2026-10-05T22:53:56+09:00 pessimistic-nowait-s6-d0 rep1 exit=0
2026-10-05T22:53:56+09:00 optimistic-s6-d0 rep1 start 
2026-10-05T23:04:02+09:00 optimistic-s6-d0 rep1 exit=0
2026-10-05T23:04:02+09:00 unique-s6-d0 rep1 start 
2026-10-05T23:14:14+09:00 unique-s6-d0 rep1 exit=0
2026-10-05T23:14:14+09:00 advisory-s6-d0 rep1 start 
2026-10-05T23:24:16+09:00 advisory-s6-d0 rep1 exit=0
2026-10-05T23:24:16+09:00 redis-nx-s6-d0 rep1 start 
2026-10-05T23:34:48+09:00 redis-nx-s6-d0 rep1 exit=0
2026-10-05T23:34:48+09:00 redis-lock-s6-d0 rep1 start 
2026-10-05T23:44:51+09:00 redis-lock-s6-d0 rep1 exit=0
2026-10-05T23:44:51+09:00 none-s6-d20 rep1 start 
2026-10-05T23:56:05+09:00 none-s6-d20 rep1 exit=0
2026-10-05T23:56:05+09:00 jvm-lock-s6-d20 rep1 start 
2026-10-06T00:07:35+09:00 jvm-lock-s6-d20 rep1 exit=0
2026-10-06T00:07:35+09:00 jvm-lock-in-tx-s6-d20 rep1 start 
2026-10-06T00:18:48+09:00 jvm-lock-in-tx-s6-d20 rep1 exit=0
2026-10-06T00:18:48+09:00 conditional-update-s6-d20 rep1 start 
2026-10-06T00:30:01+09:00 conditional-update-s6-d20 rep1 exit=0
2026-10-06T00:30:01+09:00 pessimistic-s6-d20 rep1 start 
2026-10-06T00:41:24+09:00 pessimistic-s6-d20 rep1 exit=0
2026-10-06T00:41:24+09:00 pessimistic-nowait-s6-d20 rep1 start 
2026-10-06T00:53:07+09:00 pessimistic-nowait-s6-d20 rep1 exit=0
2026-10-06T00:53:07+09:00 optimistic-s6-d20 rep1 start 
2026-10-06T01:04:18+09:00 optimistic-s6-d20 rep1 exit=0
2026-10-06T01:04:18+09:00 unique-s6-d20 rep1 start 
2026-10-06T01:15:51+09:00 unique-s6-d20 rep1 exit=0
2026-10-06T01:15:51+09:00 advisory-s6-d20 rep1 start 
2026-10-06T01:27:08+09:00 advisory-s6-d20 rep1 exit=0
2026-10-06T01:27:08+09:00 redis-nx-s6-d20 rep1 start 
2026-10-06T01:38:36+09:00 redis-nx-s6-d20 rep1 exit=0
2026-10-06T01:38:36+09:00 redis-lock-s6-d20 rep1 start 
2026-10-06T01:50:04+09:00 redis-lock-s6-d20 rep1 exit=0
2026-10-06T01:50:04+09:00 none-s6-d0 rep2 start --resume
2026-10-06T02:00:06+09:00 none-s6-d0 rep2 exit=0
2026-10-06T02:00:06+09:00 jvm-lock-s6-d0 rep2 start --resume
2026-10-06T02:10:06+09:00 jvm-lock-s6-d0 rep2 exit=0
2026-10-06T02:10:06+09:00 jvm-lock-in-tx-s6-d0 rep2 start --resume
2026-10-06T02:20:07+09:00 jvm-lock-in-tx-s6-d0 rep2 exit=0
2026-10-06T02:20:07+09:00 conditional-update-s6-d0 rep2 start --resume
2026-10-06T02:30:08+09:00 conditional-update-s6-d0 rep2 exit=0
2026-10-06T02:30:08+09:00 pessimistic-s6-d0 rep2 start --resume
2026-10-06T02:40:13+09:00 pessimistic-s6-d0 rep2 exit=0
2026-10-06T02:40:13+09:00 pessimistic-nowait-s6-d0 rep2 start --resume
2026-10-06T02:50:27+09:00 pessimistic-nowait-s6-d0 rep2 exit=0
2026-10-06T02:50:27+09:00 optimistic-s6-d0 rep2 start --resume
2026-10-06T03:00:28+09:00 optimistic-s6-d0 rep2 exit=0
2026-10-06T03:00:28+09:00 unique-s6-d0 rep2 start --resume
2026-10-06T03:10:48+09:00 unique-s6-d0 rep2 exit=0
2026-10-06T03:10:48+09:00 advisory-s6-d0 rep2 start --resume
2026-10-06T03:20:55+09:00 advisory-s6-d0 rep2 exit=0
2026-10-06T03:20:55+09:00 redis-nx-s6-d0 rep2 start --resume
2026-10-06T03:30:55+09:00 redis-nx-s6-d0 rep2 exit=0
2026-10-06T03:30:55+09:00 redis-lock-s6-d0 rep2 start --resume
2026-10-06T03:40:56+09:00 redis-lock-s6-d0 rep2 exit=0
2026-10-06T03:40:56+09:00 none-s6-d20 rep2 start --resume
2026-10-06T03:52:08+09:00 none-s6-d20 rep2 exit=0
2026-10-06T03:52:08+09:00 jvm-lock-s6-d20 rep2 start --resume
2026-10-06T04:03:36+09:00 jvm-lock-s6-d20 rep2 exit=0
2026-10-06T04:03:36+09:00 jvm-lock-in-tx-s6-d20 rep2 start --resume
2026-10-06T04:14:48+09:00 jvm-lock-in-tx-s6-d20 rep2 exit=0
2026-10-06T04:14:48+09:00 conditional-update-s6-d20 rep2 start --resume
2026-10-06T04:26:01+09:00 conditional-update-s6-d20 rep2 exit=0
2026-10-06T04:26:01+09:00 pessimistic-s6-d20 rep2 start --resume
2026-10-06T04:37:23+09:00 pessimistic-s6-d20 rep2 exit=0
2026-10-06T04:37:24+09:00 pessimistic-nowait-s6-d20 rep2 start --resume
2026-10-06T04:49:06+09:00 pessimistic-nowait-s6-d20 rep2 exit=0
2026-10-06T04:49:06+09:00 optimistic-s6-d20 rep2 start --resume
2026-10-06T05:00:18+09:00 optimistic-s6-d20 rep2 exit=0
2026-10-06T05:00:18+09:00 unique-s6-d20 rep2 start --resume
2026-10-06T05:11:57+09:00 unique-s6-d20 rep2 exit=0
2026-10-06T05:11:57+09:00 advisory-s6-d20 rep2 start --resume
2026-10-06T05:23:13+09:00 advisory-s6-d20 rep2 exit=0
2026-10-06T05:23:13+09:00 redis-nx-s6-d20 rep2 start --resume
2026-10-06T05:34:41+09:00 redis-nx-s6-d20 rep2 exit=0
2026-10-06T05:34:41+09:00 redis-lock-s6-d20 rep2 start --resume
2026-10-06T05:46:09+09:00 redis-lock-s6-d20 rep2 exit=0
2026-10-06T05:46:09+09:00 none-s6-d0 rep3 start --resume
2026-10-06T05:56:09+09:00 none-s6-d0 rep3 exit=0
2026-10-06T05:56:09+09:00 jvm-lock-s6-d0 rep3 start --resume
2026-10-06T06:06:09+09:00 jvm-lock-s6-d0 rep3 exit=0
2026-10-06T06:06:09+09:00 jvm-lock-in-tx-s6-d0 rep3 start --resume
2026-10-06T06:16:10+09:00 jvm-lock-in-tx-s6-d0 rep3 exit=0
2026-10-06T06:16:10+09:00 conditional-update-s6-d0 rep3 start --resume
2026-10-06T06:26:11+09:00 conditional-update-s6-d0 rep3 exit=0
2026-10-06T06:26:11+09:00 pessimistic-s6-d0 rep3 start --resume
2026-10-06T06:36:11+09:00 pessimistic-s6-d0 rep3 exit=0
2026-10-06T06:36:11+09:00 pessimistic-nowait-s6-d0 rep3 start --resume
2026-10-06T06:46:27+09:00 pessimistic-nowait-s6-d0 rep3 exit=0
2026-10-06T06:46:27+09:00 optimistic-s6-d0 rep3 start --resume
2026-10-06T06:56:27+09:00 optimistic-s6-d0 rep3 exit=0
2026-10-06T06:56:27+09:00 unique-s6-d0 rep3 start --resume
2026-10-06T07:06:49+09:00 unique-s6-d0 rep3 exit=0
2026-10-06T07:06:49+09:00 advisory-s6-d0 rep3 start --resume
2026-10-06T07:16:50+09:00 advisory-s6-d0 rep3 exit=0
2026-10-06T07:16:50+09:00 redis-nx-s6-d0 rep3 start --resume
2026-10-06T07:26:50+09:00 redis-nx-s6-d0 rep3 exit=0
2026-10-06T07:26:50+09:00 redis-lock-s6-d0 rep3 start --resume
2026-10-06T07:36:52+09:00 redis-lock-s6-d0 rep3 exit=0
2026-10-06T07:36:52+09:00 none-s6-d20 rep3 start --resume
2026-10-06T07:48:04+09:00 none-s6-d20 rep3 exit=0
2026-10-06T07:48:04+09:00 jvm-lock-s6-d20 rep3 start --resume
2026-10-06T07:59:32+09:00 jvm-lock-s6-d20 rep3 exit=0
2026-10-06T07:59:32+09:00 jvm-lock-in-tx-s6-d20 rep3 start --resume
2026-10-06T08:10:42+09:00 jvm-lock-in-tx-s6-d20 rep3 exit=0
2026-10-06T08:10:42+09:00 conditional-update-s6-d20 rep3 start --resume
2026-10-06T08:21:55+09:00 conditional-update-s6-d20 rep3 exit=0
2026-10-06T08:21:55+09:00 pessimistic-s6-d20 rep3 start --resume
2026-10-06T08:33:19+09:00 pessimistic-s6-d20 rep3 exit=0
2026-10-06T08:33:19+09:00 pessimistic-nowait-s6-d20 rep3 start --resume
2026-10-06T08:45:01+09:00 pessimistic-nowait-s6-d20 rep3 exit=0
2026-10-06T08:45:01+09:00 optimistic-s6-d20 rep3 start --resume
2026-10-06T08:56:12+09:00 optimistic-s6-d20 rep3 exit=0
2026-10-06T08:56:12+09:00 unique-s6-d20 rep3 start --resume
2026-10-06T09:07:52+09:00 unique-s6-d20 rep3 exit=0
2026-10-06T09:07:52+09:00 advisory-s6-d20 rep3 start --resume
2026-10-06T09:19:07+09:00 advisory-s6-d20 rep3 exit=0
2026-10-06T09:19:07+09:00 redis-nx-s6-d20 rep3 start --resume
2026-10-06T09:30:35+09:00 redis-nx-s6-d20 rep3 exit=0
2026-10-06T09:30:35+09:00 redis-lock-s6-d20 rep3 start --resume
2026-10-06T09:42:02+09:00 redis-lock-s6-d20 rep3 exit=0
2026-10-06T09:42:02+09:00 CAMPAIGN done — 비정상 회차 0
