[2026-10-06 00:53:08] matrix 20261005-adr003-s6-853ef7a/optimistic-s6-d20: levels=[4] reps=3 cells=[S6]
[2026-10-06 00:53:08] L4 S6-k1 rep1 → /home/jun/project/lab/backend-labs-commerce/seat-reservation-lab/k6/ADR-003/results/20261005-adr003-s6-853ef7a/optimistic-s6-d20/L4/S6-k1/rep1
[2026-10-06 00:56:40] L4 S6-k10 rep1 → /home/jun/project/lab/backend-labs-commerce/seat-reservation-lab/k6/ADR-003/results/20261005-adr003-s6-853ef7a/optimistic-s6-d20/L4/S6-k10/rep1
[2026-10-06 01:00:29] L4 S6-k100 rep1 → /home/jun/project/lab/backend-labs-commerce/seat-reservation-lab/k6/ADR-003/results/20261005-adr003-s6-853ef7a/optimistic-s6-d20/L4/S6-k100/rep1
[2026-10-06 01:04:17] compose down (853ef7a)
 Container seatlab-app-1 Stopping 
 Container seatlab-app-1 Stopped 
 Container seatlab-app-1 Removing 
 Container seatlab-app-1 Removed 
 Container seatlab-redis-1 Stopping 
 Container seatlab-db-1 Stopping 
 Container seatlab-redis-1 Stopped 
 Container seatlab-redis-1 Removing 
 Container seatlab-redis-1 Removed 
 Container seatlab-db-1 Stopped 
 Container seatlab-db-1 Removing 
 Container seatlab-db-1 Removed 
 Network seatlab_default Removing 
 Volume seatlab_pgdata Removing 
 Volume seatlab_pgdata Removed 
 Network seatlab_default Removed 
[2026-10-06 01:04:18] matrix done: /home/jun/project/lab/backend-labs-commerce/seat-reservation-lab/k6/ADR-003/results/20261005-adr003-s6-853ef7a/optimistic-s6-d20
[2026-10-06 04:49:07] matrix 20261005-adr003-s6-853ef7a/optimistic-s6-d20: levels=[4] reps=3 cells=[S6]
[2026-10-06 04:49:07] L4 S6-k1 rep2 → /home/jun/project/lab/backend-labs-commerce/seat-reservation-lab/k6/ADR-003/results/20261005-adr003-s6-853ef7a/optimistic-s6-d20/L4/S6-k1/rep2
[2026-10-06 04:52:39] L4 S6-k10 rep2 → /home/jun/project/lab/backend-labs-commerce/seat-reservation-lab/k6/ADR-003/results/20261005-adr003-s6-853ef7a/optimistic-s6-d20/L4/S6-k10/rep2
[2026-10-06 04:56:28] L4 S6-k100 rep2 → /home/jun/project/lab/backend-labs-commerce/seat-reservation-lab/k6/ADR-003/results/20261005-adr003-s6-853ef7a/optimistic-s6-d20/L4/S6-k100/rep2
[2026-10-06 05:00:17] compose down (853ef7a)
 Container seatlab-app-1 Stopping 
 Container seatlab-app-1 Stopped 
 Container seatlab-app-1 Removing 
 Container seatlab-app-1 Removed 
 Container seatlab-db-1 Stopping 
 Container seatlab-redis-1 Stopping 
 Container seatlab-redis-1 Stopped 
 Container seatlab-redis-1 Removing 
 Container seatlab-db-1 Stopped 
 Container seatlab-db-1 Removing 
 Container seatlab-redis-1 Removed 
 Container seatlab-db-1 Removed 
 Network seatlab_default Removing 
 Volume seatlab_pgdata Removing 
 Volume seatlab_pgdata Removed 
 Network seatlab_default Removed 
[2026-10-06 05:00:18] matrix done: /home/jun/project/lab/backend-labs-commerce/seat-reservation-lab/k6/ADR-003/results/20261005-adr003-s6-853ef7a/optimistic-s6-d20
[2026-10-06 08:45:02] matrix 20261005-adr003-s6-853ef7a/optimistic-s6-d20: levels=[4] reps=3 cells=[S6]
[2026-10-06 08:45:02] L4 S6-k1 rep3 → /home/jun/project/lab/backend-labs-commerce/seat-reservation-lab/k6/ADR-003/results/20261005-adr003-s6-853ef7a/optimistic-s6-d20/L4/S6-k1/rep3
[2026-10-06 08:48:34] L4 S6-k10 rep3 → /home/jun/project/lab/backend-labs-commerce/seat-reservation-lab/k6/ADR-003/results/20261005-adr003-s6-853ef7a/optimistic-s6-d20/L4/S6-k10/rep3
[2026-10-06 08:52:22] L4 S6-k100 rep3 → /home/jun/project/lab/backend-labs-commerce/seat-reservation-lab/k6/ADR-003/results/20261005-adr003-s6-853ef7a/optimistic-s6-d20/L4/S6-k100/rep3
[2026-10-06 08:56:10] compose down (853ef7a)
 Container seatlab-app-1 Stopping 
 Container seatlab-app-1 Stopped 
 Container seatlab-app-1 Removing 
 Container seatlab-app-1 Removed 
 Container seatlab-redis-1 Stopping 
 Container seatlab-db-1 Stopping 
 Container seatlab-db-1 Stopped 
 Container seatlab-db-1 Removing 
 Container seatlab-db-1 Removed 
 Container seatlab-redis-1 Stopped 
 Container seatlab-redis-1 Removing 
 Container seatlab-redis-1 Removed 
 Volume seatlab_pgdata Removing 
 Network seatlab_default Removing 
 Volume seatlab_pgdata Removed 
 Network seatlab_default Removed 
[2026-10-06 08:56:12] matrix done: /home/jun/project/lab/backend-labs-commerce/seat-reservation-lab/k6/ADR-003/results/20261005-adr003-s6-853ef7a/optimistic-s6-d20
