[2026-10-06 00:30:02] matrix 20261005-adr003-s6-853ef7a/pessimistic-s6-d20: levels=[4] reps=3 cells=[S6]
[2026-10-06 00:30:02] L4 S6-k1 rep1 → /home/jun/project/lab/backend-labs-commerce/seat-reservation-lab/k6/ADR-003/results/20261005-adr003-s6-853ef7a/pessimistic-s6-d20/L4/S6-k1/rep1
[2026-10-06 00:33:44] L4 S6-k10 rep1 → /home/jun/project/lab/backend-labs-commerce/seat-reservation-lab/k6/ADR-003/results/20261005-adr003-s6-853ef7a/pessimistic-s6-d20/L4/S6-k10/rep1
[2026-10-06 00:37:34] L4 S6-k100 rep1 → /home/jun/project/lab/backend-labs-commerce/seat-reservation-lab/k6/ADR-003/results/20261005-adr003-s6-853ef7a/pessimistic-s6-d20/L4/S6-k100/rep1
[2026-10-06 00:41:23] compose down (853ef7a)
 Container seatlab-app-1 Stopping 
 Container seatlab-app-1 Stopped 
 Container seatlab-app-1 Removing 
 Container seatlab-app-1 Removed 
 Container seatlab-db-1 Stopping 
 Container seatlab-redis-1 Stopping 
 Container seatlab-db-1 Stopped 
 Container seatlab-db-1 Removing 
 Container seatlab-redis-1 Stopped 
 Container seatlab-redis-1 Removing 
 Container seatlab-db-1 Removed 
 Container seatlab-redis-1 Removed 
 Network seatlab_default Removing 
 Volume seatlab_pgdata Removing 
 Volume seatlab_pgdata Removed 
 Network seatlab_default Removed 
[2026-10-06 00:41:24] matrix done: /home/jun/project/lab/backend-labs-commerce/seat-reservation-lab/k6/ADR-003/results/20261005-adr003-s6-853ef7a/pessimistic-s6-d20
[2026-10-06 04:26:02] matrix 20261005-adr003-s6-853ef7a/pessimistic-s6-d20: levels=[4] reps=3 cells=[S6]
[2026-10-06 04:26:02] L4 S6-k1 rep2 → /home/jun/project/lab/backend-labs-commerce/seat-reservation-lab/k6/ADR-003/results/20261005-adr003-s6-853ef7a/pessimistic-s6-d20/L4/S6-k1/rep2
[2026-10-06 04:29:44] L4 S6-k10 rep2 → /home/jun/project/lab/backend-labs-commerce/seat-reservation-lab/k6/ADR-003/results/20261005-adr003-s6-853ef7a/pessimistic-s6-d20/L4/S6-k10/rep2
[2026-10-06 04:33:33] L4 S6-k100 rep2 → /home/jun/project/lab/backend-labs-commerce/seat-reservation-lab/k6/ADR-003/results/20261005-adr003-s6-853ef7a/pessimistic-s6-d20/L4/S6-k100/rep2
[2026-10-06 04:37:22] compose down (853ef7a)
 Container seatlab-app-1 Stopping 
 Container seatlab-app-1 Stopped 
 Container seatlab-app-1 Removing 
 Container seatlab-app-1 Removed 
 Container seatlab-db-1 Stopping 
 Container seatlab-redis-1 Stopping 
 Container seatlab-redis-1 Stopped 
 Container seatlab-redis-1 Removing 
 Container seatlab-redis-1 Removed 
 Container seatlab-db-1 Stopped 
 Container seatlab-db-1 Removing 
 Container seatlab-db-1 Removed 
 Network seatlab_default Removing 
 Volume seatlab_pgdata Removing 
 Volume seatlab_pgdata Removed 
 Network seatlab_default Removed 
[2026-10-06 04:37:23] matrix done: /home/jun/project/lab/backend-labs-commerce/seat-reservation-lab/k6/ADR-003/results/20261005-adr003-s6-853ef7a/pessimistic-s6-d20
[2026-10-06 08:21:56] matrix 20261005-adr003-s6-853ef7a/pessimistic-s6-d20: levels=[4] reps=3 cells=[S6]
[2026-10-06 08:21:56] L4 S6-k1 rep3 → /home/jun/project/lab/backend-labs-commerce/seat-reservation-lab/k6/ADR-003/results/20261005-adr003-s6-853ef7a/pessimistic-s6-d20/L4/S6-k1/rep3
[2026-10-06 08:25:40] L4 S6-k10 rep3 → /home/jun/project/lab/backend-labs-commerce/seat-reservation-lab/k6/ADR-003/results/20261005-adr003-s6-853ef7a/pessimistic-s6-d20/L4/S6-k10/rep3
[2026-10-06 08:29:29] L4 S6-k100 rep3 → /home/jun/project/lab/backend-labs-commerce/seat-reservation-lab/k6/ADR-003/results/20261005-adr003-s6-853ef7a/pessimistic-s6-d20/L4/S6-k100/rep3
[2026-10-06 08:33:18] compose down (853ef7a)
 Container seatlab-app-1 Stopping 
 Container seatlab-app-1 Stopped 
 Container seatlab-app-1 Removing 
 Container seatlab-app-1 Removed 
 Container seatlab-redis-1 Stopping 
 Container seatlab-db-1 Stopping 
 Container seatlab-redis-1 Stopped 
 Container seatlab-redis-1 Removing 
 Container seatlab-redis-1 Removed 
 Container seatlab-db-1 Stopped 
 Container seatlab-db-1 Removing 
 Container seatlab-db-1 Removed 
 Network seatlab_default Removing 
 Volume seatlab_pgdata Removing 
 Volume seatlab_pgdata Removed 
 Network seatlab_default Removed 
[2026-10-06 08:33:19] matrix done: /home/jun/project/lab/backend-labs-commerce/seat-reservation-lab/k6/ADR-003/results/20261005-adr003-s6-853ef7a/pessimistic-s6-d20
