[2026-10-06 01:38:36] matrix 20261005-adr003-s6-853ef7a/redis-lock-s6-d20: levels=[4] reps=3 cells=[S6]
[2026-10-06 01:38:37] L4 S6-k1 rep1 → /home/jun/project/lab/backend-labs-commerce/seat-reservation-lab/k6/ADR-003/results/20261005-adr003-s6-853ef7a/redis-lock-s6-d20/L4/S6-k1/rep1
[2026-10-06 01:42:25] L4 S6-k10 rep1 → /home/jun/project/lab/backend-labs-commerce/seat-reservation-lab/k6/ADR-003/results/20261005-adr003-s6-853ef7a/redis-lock-s6-d20/L4/S6-k10/rep1
[2026-10-06 01:46:15] L4 S6-k100 rep1 → /home/jun/project/lab/backend-labs-commerce/seat-reservation-lab/k6/ADR-003/results/20261005-adr003-s6-853ef7a/redis-lock-s6-d20/L4/S6-k100/rep1
[2026-10-06 01:50:03] compose down (853ef7a)
 Container seatlab-app-1 Stopping 
 Container seatlab-app-1 Stopped 
 Container seatlab-app-1 Removing 
 Container seatlab-app-1 Removed 
 Container seatlab-db-1 Stopping 
 Container seatlab-redis-1 Stopping 
 Container seatlab-redis-1 Stopped 
 Container seatlab-redis-1 Removing 
 Container seatlab-redis-1 Removed 
 Container seatlab-db-1 Stopped 
 Container seatlab-db-1 Removing 
 Container seatlab-db-1 Removed 
 Volume seatlab_pgdata Removing 
 Network seatlab_default Removing 
 Volume seatlab_pgdata Removed 
 Network seatlab_default Removed 
[2026-10-06 01:50:04] matrix done: /home/jun/project/lab/backend-labs-commerce/seat-reservation-lab/k6/ADR-003/results/20261005-adr003-s6-853ef7a/redis-lock-s6-d20
[2026-10-06 05:34:42] matrix 20261005-adr003-s6-853ef7a/redis-lock-s6-d20: levels=[4] reps=3 cells=[S6]
[2026-10-06 05:34:42] L4 S6-k1 rep2 → /home/jun/project/lab/backend-labs-commerce/seat-reservation-lab/k6/ADR-003/results/20261005-adr003-s6-853ef7a/redis-lock-s6-d20/L4/S6-k1/rep2
[2026-10-06 05:38:30] L4 S6-k10 rep2 → /home/jun/project/lab/backend-labs-commerce/seat-reservation-lab/k6/ADR-003/results/20261005-adr003-s6-853ef7a/redis-lock-s6-d20/L4/S6-k10/rep2
[2026-10-06 05:42:19] L4 S6-k100 rep2 → /home/jun/project/lab/backend-labs-commerce/seat-reservation-lab/k6/ADR-003/results/20261005-adr003-s6-853ef7a/redis-lock-s6-d20/L4/S6-k100/rep2
[2026-10-06 05:46:08] compose down (853ef7a)
 Container seatlab-app-1 Stopping 
 Container seatlab-app-1 Stopped 
 Container seatlab-app-1 Removing 
 Container seatlab-app-1 Removed 
 Container seatlab-redis-1 Stopping 
 Container seatlab-db-1 Stopping 
 Container seatlab-db-1 Stopped 
 Container seatlab-db-1 Removing 
 Container seatlab-db-1 Removed 
 Container seatlab-redis-1 Stopped 
 Container seatlab-redis-1 Removing 
 Container seatlab-redis-1 Removed 
 Network seatlab_default Removing 
 Volume seatlab_pgdata Removing 
 Volume seatlab_pgdata Removed 
 Network seatlab_default Removed 
[2026-10-06 05:46:09] matrix done: /home/jun/project/lab/backend-labs-commerce/seat-reservation-lab/k6/ADR-003/results/20261005-adr003-s6-853ef7a/redis-lock-s6-d20
[2026-10-06 09:30:36] matrix 20261005-adr003-s6-853ef7a/redis-lock-s6-d20: levels=[4] reps=3 cells=[S6]
[2026-10-06 09:30:36] L4 S6-k1 rep3 → /home/jun/project/lab/backend-labs-commerce/seat-reservation-lab/k6/ADR-003/results/20261005-adr003-s6-853ef7a/redis-lock-s6-d20/L4/S6-k1/rep3
[2026-10-06 09:34:24] L4 S6-k10 rep3 → /home/jun/project/lab/backend-labs-commerce/seat-reservation-lab/k6/ADR-003/results/20261005-adr003-s6-853ef7a/redis-lock-s6-d20/L4/S6-k10/rep3
[2026-10-06 09:38:13] L4 S6-k100 rep3 → /home/jun/project/lab/backend-labs-commerce/seat-reservation-lab/k6/ADR-003/results/20261005-adr003-s6-853ef7a/redis-lock-s6-d20/L4/S6-k100/rep3
[2026-10-06 09:42:01] compose down (853ef7a)
 Container seatlab-app-1 Stopping 
 Container seatlab-app-1 Stopped 
 Container seatlab-app-1 Removing 
 Container seatlab-app-1 Removed 
 Container seatlab-redis-1 Stopping 
 Container seatlab-db-1 Stopping 
 Container seatlab-db-1 Stopped 
 Container seatlab-db-1 Removing 
 Container seatlab-db-1 Removed 
 Container seatlab-redis-1 Stopped 
 Container seatlab-redis-1 Removing 
 Container seatlab-redis-1 Removed 
 Network seatlab_default Removing 
 Volume seatlab_pgdata Removing 
 Volume seatlab_pgdata Removed 
 Network seatlab_default Removed 
[2026-10-06 09:42:02] matrix done: /home/jun/project/lab/backend-labs-commerce/seat-reservation-lab/k6/ADR-003/results/20261005-adr003-s6-853ef7a/redis-lock-s6-d20
