[2026-10-05 23:34:49] matrix 20261005-adr003-s6-853ef7a/redis-lock-s6-d0: levels=[4] reps=3 cells=[S6]
[2026-10-05 23:34:49] L4 S6-k1 rep1 → /home/jun/project/lab/backend-labs-commerce/seat-reservation-lab/k6/ADR-003/results/20261005-adr003-s6-853ef7a/redis-lock-s6-d0/L4/S6-k1/rep1
[2026-10-05 23:38:09] L4 S6-k10 rep1 → /home/jun/project/lab/backend-labs-commerce/seat-reservation-lab/k6/ADR-003/results/20261005-adr003-s6-853ef7a/redis-lock-s6-d0/L4/S6-k10/rep1
[2026-10-05 23:41:29] L4 S6-k100 rep1 → /home/jun/project/lab/backend-labs-commerce/seat-reservation-lab/k6/ADR-003/results/20261005-adr003-s6-853ef7a/redis-lock-s6-d0/L4/S6-k100/rep1
[2026-10-05 23:44:49] compose down (853ef7a)
 Container seatlab-app-1 Stopping 
 Container seatlab-app-1 Stopped 
 Container seatlab-app-1 Removing 
 Container seatlab-app-1 Removed 
 Container seatlab-db-1 Stopping 
 Container seatlab-redis-1 Stopping 
 Container seatlab-db-1 Stopped 
 Container seatlab-db-1 Removing 
 Container seatlab-db-1 Removed 
 Container seatlab-redis-1 Stopped 
 Container seatlab-redis-1 Removing 
 Container seatlab-redis-1 Removed 
 Volume seatlab_pgdata Removing 
 Network seatlab_default Removing 
 Volume seatlab_pgdata Removed 
 Network seatlab_default Removed 
[2026-10-05 23:44:51] matrix done: /home/jun/project/lab/backend-labs-commerce/seat-reservation-lab/k6/ADR-003/results/20261005-adr003-s6-853ef7a/redis-lock-s6-d0
[2026-10-06 03:30:56] matrix 20261005-adr003-s6-853ef7a/redis-lock-s6-d0: levels=[4] reps=3 cells=[S6]
[2026-10-06 03:30:56] L4 S6-k1 rep2 → /home/jun/project/lab/backend-labs-commerce/seat-reservation-lab/k6/ADR-003/results/20261005-adr003-s6-853ef7a/redis-lock-s6-d0/L4/S6-k1/rep2
[2026-10-06 03:34:15] L4 S6-k10 rep2 → /home/jun/project/lab/backend-labs-commerce/seat-reservation-lab/k6/ADR-003/results/20261005-adr003-s6-853ef7a/redis-lock-s6-d0/L4/S6-k10/rep2
[2026-10-06 03:37:35] L4 S6-k100 rep2 → /home/jun/project/lab/backend-labs-commerce/seat-reservation-lab/k6/ADR-003/results/20261005-adr003-s6-853ef7a/redis-lock-s6-d0/L4/S6-k100/rep2
[2026-10-06 03:40:55] compose down (853ef7a)
 Container seatlab-app-1 Stopping 
 Container seatlab-app-1 Stopped 
 Container seatlab-app-1 Removing 
 Container seatlab-app-1 Removed 
 Container seatlab-redis-1 Stopping 
 Container seatlab-db-1 Stopping 
 Container seatlab-db-1 Stopped 
 Container seatlab-db-1 Removing 
 Container seatlab-db-1 Removed 
 Container seatlab-redis-1 Stopped 
 Container seatlab-redis-1 Removing 
 Container seatlab-redis-1 Removed 
 Volume seatlab_pgdata Removing 
 Network seatlab_default Removing 
 Volume seatlab_pgdata Removed 
 Network seatlab_default Removed 
[2026-10-06 03:40:56] matrix done: /home/jun/project/lab/backend-labs-commerce/seat-reservation-lab/k6/ADR-003/results/20261005-adr003-s6-853ef7a/redis-lock-s6-d0
[2026-10-06 07:26:51] matrix 20261005-adr003-s6-853ef7a/redis-lock-s6-d0: levels=[4] reps=3 cells=[S6]
[2026-10-06 07:26:51] L4 S6-k1 rep3 → /home/jun/project/lab/backend-labs-commerce/seat-reservation-lab/k6/ADR-003/results/20261005-adr003-s6-853ef7a/redis-lock-s6-d0/L4/S6-k1/rep3
[2026-10-06 07:30:10] L4 S6-k10 rep3 → /home/jun/project/lab/backend-labs-commerce/seat-reservation-lab/k6/ADR-003/results/20261005-adr003-s6-853ef7a/redis-lock-s6-d0/L4/S6-k10/rep3
[2026-10-06 07:33:31] L4 S6-k100 rep3 → /home/jun/project/lab/backend-labs-commerce/seat-reservation-lab/k6/ADR-003/results/20261005-adr003-s6-853ef7a/redis-lock-s6-d0/L4/S6-k100/rep3
[2026-10-06 07:36:51] compose down (853ef7a)
 Container seatlab-app-1 Stopping 
 Container seatlab-app-1 Stopped 
 Container seatlab-app-1 Removing 
 Container seatlab-app-1 Removed 
 Container seatlab-redis-1 Stopping 
 Container seatlab-db-1 Stopping 
 Container seatlab-db-1 Stopped 
 Container seatlab-db-1 Removing 
 Container seatlab-redis-1 Stopped 
 Container seatlab-redis-1 Removing 
 Container seatlab-db-1 Removed 
 Container seatlab-redis-1 Removed 
 Network seatlab_default Removing 
 Volume seatlab_pgdata Removing 
 Volume seatlab_pgdata Removed 
 Network seatlab_default Removed 
[2026-10-06 07:36:52] matrix done: /home/jun/project/lab/backend-labs-commerce/seat-reservation-lab/k6/ADR-003/results/20261005-adr003-s6-853ef7a/redis-lock-s6-d0
