[2026-10-05 23:04:02] matrix 20261005-adr003-s6-853ef7a/unique-s6-d0: levels=[4] reps=3 cells=[S6]
[2026-10-05 23:04:03] L4 S6-k1 rep1 → /home/jun/project/lab/backend-labs-commerce/seat-reservation-lab/k6/ADR-003/results/20261005-adr003-s6-853ef7a/unique-s6-d0/L4/S6-k1/rep1
[2026-10-05 23:07:33] L4 S6-k10 rep1 → /home/jun/project/lab/backend-labs-commerce/seat-reservation-lab/k6/ADR-003/results/20261005-adr003-s6-853ef7a/unique-s6-d0/L4/S6-k10/rep1
[2026-10-05 23:10:53] L4 S6-k100 rep1 → /home/jun/project/lab/backend-labs-commerce/seat-reservation-lab/k6/ADR-003/results/20261005-adr003-s6-853ef7a/unique-s6-d0/L4/S6-k100/rep1
[2026-10-05 23:14:13] compose down (853ef7a)
 Container seatlab-app-1 Stopping 
 Container seatlab-app-1 Stopped 
 Container seatlab-app-1 Removing 
 Container seatlab-app-1 Removed 
 Container seatlab-redis-1 Stopping 
 Container seatlab-db-1 Stopping 
 Container seatlab-redis-1 Stopped 
 Container seatlab-redis-1 Removing 
 Container seatlab-redis-1 Removed 
 Container seatlab-db-1 Stopped 
 Container seatlab-db-1 Removing 
 Container seatlab-db-1 Removed 
 Network seatlab_default Removing 
 Volume seatlab_pgdata Removing 
 Volume seatlab_pgdata Removed 
 Network seatlab_default Removed 
[2026-10-05 23:14:14] matrix done: /home/jun/project/lab/backend-labs-commerce/seat-reservation-lab/k6/ADR-003/results/20261005-adr003-s6-853ef7a/unique-s6-d0
[2026-10-06 03:00:29] matrix 20261005-adr003-s6-853ef7a/unique-s6-d0: levels=[4] reps=3 cells=[S6]
[2026-10-06 03:00:29] L4 S6-k1 rep2 → /home/jun/project/lab/backend-labs-commerce/seat-reservation-lab/k6/ADR-003/results/20261005-adr003-s6-853ef7a/unique-s6-d0/L4/S6-k1/rep2
[2026-10-06 03:04:08] L4 S6-k10 rep2 → /home/jun/project/lab/backend-labs-commerce/seat-reservation-lab/k6/ADR-003/results/20261005-adr003-s6-853ef7a/unique-s6-d0/L4/S6-k10/rep2
[2026-10-06 03:07:28] L4 S6-k100 rep2 → /home/jun/project/lab/backend-labs-commerce/seat-reservation-lab/k6/ADR-003/results/20261005-adr003-s6-853ef7a/unique-s6-d0/L4/S6-k100/rep2
[2026-10-06 03:10:47] compose down (853ef7a)
 Container seatlab-app-1 Stopping 
 Container seatlab-app-1 Stopped 
 Container seatlab-app-1 Removing 
 Container seatlab-app-1 Removed 
 Container seatlab-redis-1 Stopping 
 Container seatlab-db-1 Stopping 
 Container seatlab-redis-1 Stopped 
 Container seatlab-redis-1 Removing 
 Container seatlab-redis-1 Removed 
 Container seatlab-db-1 Stopped 
 Container seatlab-db-1 Removing 
 Container seatlab-db-1 Removed 
 Network seatlab_default Removing 
 Volume seatlab_pgdata Removing 
 Volume seatlab_pgdata Removed 
 Network seatlab_default Removed 
[2026-10-06 03:10:48] matrix done: /home/jun/project/lab/backend-labs-commerce/seat-reservation-lab/k6/ADR-003/results/20261005-adr003-s6-853ef7a/unique-s6-d0
[2026-10-06 06:56:28] matrix 20261005-adr003-s6-853ef7a/unique-s6-d0: levels=[4] reps=3 cells=[S6]
[2026-10-06 06:56:28] L4 S6-k1 rep3 → /home/jun/project/lab/backend-labs-commerce/seat-reservation-lab/k6/ADR-003/results/20261005-adr003-s6-853ef7a/unique-s6-d0/L4/S6-k1/rep3
[2026-10-06 07:00:07] L4 S6-k10 rep3 → /home/jun/project/lab/backend-labs-commerce/seat-reservation-lab/k6/ADR-003/results/20261005-adr003-s6-853ef7a/unique-s6-d0/L4/S6-k10/rep3
[2026-10-06 07:03:28] L4 S6-k100 rep3 → /home/jun/project/lab/backend-labs-commerce/seat-reservation-lab/k6/ADR-003/results/20261005-adr003-s6-853ef7a/unique-s6-d0/L4/S6-k100/rep3
[2026-10-06 07:06:48] compose down (853ef7a)
 Container seatlab-app-1 Stopping 
 Container seatlab-app-1 Stopped 
 Container seatlab-app-1 Removing 
 Container seatlab-app-1 Removed 
 Container seatlab-redis-1 Stopping 
 Container seatlab-db-1 Stopping 
 Container seatlab-db-1 Stopped 
 Container seatlab-db-1 Removing 
 Container seatlab-db-1 Removed 
 Container seatlab-redis-1 Stopped 
 Container seatlab-redis-1 Removing 
 Container seatlab-redis-1 Removed 
 Network seatlab_default Removing 
 Volume seatlab_pgdata Removing 
 Volume seatlab_pgdata Removed 
 Network seatlab_default Removed 
[2026-10-06 07:06:49] matrix done: /home/jun/project/lab/backend-labs-commerce/seat-reservation-lab/k6/ADR-003/results/20261005-adr003-s6-853ef7a/unique-s6-d0
