[2026-09-29 22:05:42] deploy 557dff4 → jun@192.168.55.164:labs/seat-reservation-lab/557dff4
[2026-09-29 22:10:28] matrix 20260929-adr002-557dff4/c00-noidx-p10: levels=[2 4] reps=5 cells=[S1 S2 S4 S3]
[2026-09-29 22:10:28] L2 S1 rep1 → /home/jun/project/lab/backend-labs-commerce/seat-reservation-lab/k6/ADR-002/results/20260929-adr002-557dff4/c00-noidx-p10/L2/S1/rep1
[2026-09-29 22:11:12] L2 S1 rep2 → /home/jun/project/lab/backend-labs-commerce/seat-reservation-lab/k6/ADR-002/results/20260929-adr002-557dff4/c00-noidx-p10/L2/S1/rep2
[2026-09-29 22:11:56] L2 S1 rep3 → /home/jun/project/lab/backend-labs-commerce/seat-reservation-lab/k6/ADR-002/results/20260929-adr002-557dff4/c00-noidx-p10/L2/S1/rep3
[2026-09-29 22:12:39] L2 S1 rep4 → /home/jun/project/lab/backend-labs-commerce/seat-reservation-lab/k6/ADR-002/results/20260929-adr002-557dff4/c00-noidx-p10/L2/S1/rep4
[2026-09-29 22:13:23] L2 S1 rep5 → /home/jun/project/lab/backend-labs-commerce/seat-reservation-lab/k6/ADR-002/results/20260929-adr002-557dff4/c00-noidx-p10/L2/S1/rep5
[2026-09-29 22:14:06] L2 S2 rep1 → /home/jun/project/lab/backend-labs-commerce/seat-reservation-lab/k6/ADR-002/results/20260929-adr002-557dff4/c00-noidx-p10/L2/S2/rep1
[2026-09-29 22:14:52] L2 S2 rep2 → /home/jun/project/lab/backend-labs-commerce/seat-reservation-lab/k6/ADR-002/results/20260929-adr002-557dff4/c00-noidx-p10/L2/S2/rep2
[2026-09-29 22:15:38] L2 S2 rep3 → /home/jun/project/lab/backend-labs-commerce/seat-reservation-lab/k6/ADR-002/results/20260929-adr002-557dff4/c00-noidx-p10/L2/S2/rep3
[2026-09-29 22:16:24] L2 S2 rep4 → /home/jun/project/lab/backend-labs-commerce/seat-reservation-lab/k6/ADR-002/results/20260929-adr002-557dff4/c00-noidx-p10/L2/S2/rep4
[2026-09-29 22:17:11] L2 S2 rep5 → /home/jun/project/lab/backend-labs-commerce/seat-reservation-lab/k6/ADR-002/results/20260929-adr002-557dff4/c00-noidx-p10/L2/S2/rep5
[2026-09-29 22:17:56] L2 S4 rep1 → /home/jun/project/lab/backend-labs-commerce/seat-reservation-lab/k6/ADR-002/results/20260929-adr002-557dff4/c00-noidx-p10/L2/S4/rep1
[2026-09-29 22:24:26] L2 S4 rep2 → /home/jun/project/lab/backend-labs-commerce/seat-reservation-lab/k6/ADR-002/results/20260929-adr002-557dff4/c00-noidx-p10/L2/S4/rep2
[2026-09-29 22:30:55] L2 S4 rep3 → /home/jun/project/lab/backend-labs-commerce/seat-reservation-lab/k6/ADR-002/results/20260929-adr002-557dff4/c00-noidx-p10/L2/S4/rep3
[2026-09-29 22:37:36] L2 S4 rep4 → /home/jun/project/lab/backend-labs-commerce/seat-reservation-lab/k6/ADR-002/results/20260929-adr002-557dff4/c00-noidx-p10/L2/S4/rep4
[2026-09-29 22:44:05] L2 S4 rep5 → /home/jun/project/lab/backend-labs-commerce/seat-reservation-lab/k6/ADR-002/results/20260929-adr002-557dff4/c00-noidx-p10/L2/S4/rep5
[2026-09-29 22:47:34] L2 S3-a0 rep1 → /home/jun/project/lab/backend-labs-commerce/seat-reservation-lab/k6/ADR-002/results/20260929-adr002-557dff4/c00-noidx-p10/L2/S3-a0/rep1
[2026-09-29 23:08:54] L2 S3-a0 rep2 → /home/jun/project/lab/backend-labs-commerce/seat-reservation-lab/k6/ADR-002/results/20260929-adr002-557dff4/c00-noidx-p10/L2/S3-a0/rep2
[2026-09-29 23:30:16] L2 S3-a0 rep3 → /home/jun/project/lab/backend-labs-commerce/seat-reservation-lab/k6/ADR-002/results/20260929-adr002-557dff4/c00-noidx-p10/L2/S3-a0/rep3
[2026-09-29 23:51:56] L2 S3-a0 rep4 → /home/jun/project/lab/backend-labs-commerce/seat-reservation-lab/k6/ADR-002/results/20260929-adr002-557dff4/c00-noidx-p10/L2/S3-a0/rep4
[2026-09-30 00:13:21] L2 S3-a0 rep5 → /home/jun/project/lab/backend-labs-commerce/seat-reservation-lab/k6/ADR-002/results/20260929-adr002-557dff4/c00-noidx-p10/L2/S3-a0/rep5
[2026-09-30 00:34:46] L2 S3-a20 rep1 → /home/jun/project/lab/backend-labs-commerce/seat-reservation-lab/k6/ADR-002/results/20260929-adr002-557dff4/c00-noidx-p10/L2/S3-a20/rep1
[2026-09-30 00:56:12] L2 S3-a20 rep2 → /home/jun/project/lab/backend-labs-commerce/seat-reservation-lab/k6/ADR-002/results/20260929-adr002-557dff4/c00-noidx-p10/L2/S3-a20/rep2
[2026-09-30 01:17:42] L2 S3-a20 rep3 → /home/jun/project/lab/backend-labs-commerce/seat-reservation-lab/k6/ADR-002/results/20260929-adr002-557dff4/c00-noidx-p10/L2/S3-a20/rep3
[2026-09-30 01:38:57] L2 S3-a20 rep4 → /home/jun/project/lab/backend-labs-commerce/seat-reservation-lab/k6/ADR-002/results/20260929-adr002-557dff4/c00-noidx-p10/L2/S3-a20/rep4
[2026-09-30 02:00:25] L2 S3-a20 rep5 → /home/jun/project/lab/backend-labs-commerce/seat-reservation-lab/k6/ADR-002/results/20260929-adr002-557dff4/c00-noidx-p10/L2/S3-a20/rep5
[2026-09-30 02:21:59] L2 S3-a50 rep1 → /home/jun/project/lab/backend-labs-commerce/seat-reservation-lab/k6/ADR-002/results/20260929-adr002-557dff4/c00-noidx-p10/L2/S3-a50/rep1
[2026-09-30 02:43:30] L2 S3-a50 rep2 → /home/jun/project/lab/backend-labs-commerce/seat-reservation-lab/k6/ADR-002/results/20260929-adr002-557dff4/c00-noidx-p10/L2/S3-a50/rep2
[2026-09-30 03:05:05] L2 S3-a50 rep3 → /home/jun/project/lab/backend-labs-commerce/seat-reservation-lab/k6/ADR-002/results/20260929-adr002-557dff4/c00-noidx-p10/L2/S3-a50/rep3
[2026-09-30 03:26:31] L2 S3-a50 rep4 → /home/jun/project/lab/backend-labs-commerce/seat-reservation-lab/k6/ADR-002/results/20260929-adr002-557dff4/c00-noidx-p10/L2/S3-a50/rep4
[2026-09-30 03:48:05] L2 S3-a50 rep5 → /home/jun/project/lab/backend-labs-commerce/seat-reservation-lab/k6/ADR-002/results/20260929-adr002-557dff4/c00-noidx-p10/L2/S3-a50/rep5
[2026-09-30 04:09:18] L4 S1 rep1 → /home/jun/project/lab/backend-labs-commerce/seat-reservation-lab/k6/ADR-002/results/20260929-adr002-557dff4/c00-noidx-p10/L4/S1/rep1
[2026-09-30 04:09:56] L4 S1 rep2 → /home/jun/project/lab/backend-labs-commerce/seat-reservation-lab/k6/ADR-002/results/20260929-adr002-557dff4/c00-noidx-p10/L4/S1/rep2
[2026-09-30 04:10:34] L4 S1 rep3 → /home/jun/project/lab/backend-labs-commerce/seat-reservation-lab/k6/ADR-002/results/20260929-adr002-557dff4/c00-noidx-p10/L4/S1/rep3
[2026-09-30 04:11:11] L4 S1 rep4 → /home/jun/project/lab/backend-labs-commerce/seat-reservation-lab/k6/ADR-002/results/20260929-adr002-557dff4/c00-noidx-p10/L4/S1/rep4
[2026-09-30 04:11:49] L4 S1 rep5 → /home/jun/project/lab/backend-labs-commerce/seat-reservation-lab/k6/ADR-002/results/20260929-adr002-557dff4/c00-noidx-p10/L4/S1/rep5
[2026-09-30 04:12:27] L4 S2 rep1 → /home/jun/project/lab/backend-labs-commerce/seat-reservation-lab/k6/ADR-002/results/20260929-adr002-557dff4/c00-noidx-p10/L4/S2/rep1
[2026-09-30 04:13:05] L4 S2 rep2 → /home/jun/project/lab/backend-labs-commerce/seat-reservation-lab/k6/ADR-002/results/20260929-adr002-557dff4/c00-noidx-p10/L4/S2/rep2
[2026-09-30 04:13:42] L4 S2 rep3 → /home/jun/project/lab/backend-labs-commerce/seat-reservation-lab/k6/ADR-002/results/20260929-adr002-557dff4/c00-noidx-p10/L4/S2/rep3
[2026-09-30 04:14:20] L4 S2 rep4 → /home/jun/project/lab/backend-labs-commerce/seat-reservation-lab/k6/ADR-002/results/20260929-adr002-557dff4/c00-noidx-p10/L4/S2/rep4
[2026-09-30 04:14:58] L4 S2 rep5 → /home/jun/project/lab/backend-labs-commerce/seat-reservation-lab/k6/ADR-002/results/20260929-adr002-557dff4/c00-noidx-p10/L4/S2/rep5
[2026-09-30 04:15:36] L4 S4 rep1 → /home/jun/project/lab/backend-labs-commerce/seat-reservation-lab/k6/ADR-002/results/20260929-adr002-557dff4/c00-noidx-p10/L4/S4/rep1
[2026-09-30 04:22:02] L4 S4 rep2 → /home/jun/project/lab/backend-labs-commerce/seat-reservation-lab/k6/ADR-002/results/20260929-adr002-557dff4/c00-noidx-p10/L4/S4/rep2
[2026-09-30 04:28:32] L4 S4 rep3 → /home/jun/project/lab/backend-labs-commerce/seat-reservation-lab/k6/ADR-002/results/20260929-adr002-557dff4/c00-noidx-p10/L4/S4/rep3
[2026-09-30 04:35:00] L4 S4 rep4 → /home/jun/project/lab/backend-labs-commerce/seat-reservation-lab/k6/ADR-002/results/20260929-adr002-557dff4/c00-noidx-p10/L4/S4/rep4
[2026-09-30 04:41:29] L4 S4 rep5 → /home/jun/project/lab/backend-labs-commerce/seat-reservation-lab/k6/ADR-002/results/20260929-adr002-557dff4/c00-noidx-p10/L4/S4/rep5
[2026-09-30 04:47:59] L4 S3-a0 rep1 → /home/jun/project/lab/backend-labs-commerce/seat-reservation-lab/k6/ADR-002/results/20260929-adr002-557dff4/c00-noidx-p10/L4/S3-a0/rep1
[2026-09-30 05:05:09] L4 S3-a0 rep2 → /home/jun/project/lab/backend-labs-commerce/seat-reservation-lab/k6/ADR-002/results/20260929-adr002-557dff4/c00-noidx-p10/L4/S3-a0/rep2
[2026-09-30 05:22:19] L4 S3-a0 rep3 → /home/jun/project/lab/backend-labs-commerce/seat-reservation-lab/k6/ADR-002/results/20260929-adr002-557dff4/c00-noidx-p10/L4/S3-a0/rep3
[2026-09-30 05:39:28] L4 S3-a0 rep4 → /home/jun/project/lab/backend-labs-commerce/seat-reservation-lab/k6/ADR-002/results/20260929-adr002-557dff4/c00-noidx-p10/L4/S3-a0/rep4
[2026-09-30 05:56:38] L4 S3-a0 rep5 → /home/jun/project/lab/backend-labs-commerce/seat-reservation-lab/k6/ADR-002/results/20260929-adr002-557dff4/c00-noidx-p10/L4/S3-a0/rep5
[2026-09-30 06:13:48] L4 S3-a20 rep1 → /home/jun/project/lab/backend-labs-commerce/seat-reservation-lab/k6/ADR-002/results/20260929-adr002-557dff4/c00-noidx-p10/L4/S3-a20/rep1
[2026-09-30 06:34:57] L4 S3-a20 rep2 → /home/jun/project/lab/backend-labs-commerce/seat-reservation-lab/k6/ADR-002/results/20260929-adr002-557dff4/c00-noidx-p10/L4/S3-a20/rep2
[2026-09-30 06:55:56] L4 S3-a20 rep3 → /home/jun/project/lab/backend-labs-commerce/seat-reservation-lab/k6/ADR-002/results/20260929-adr002-557dff4/c00-noidx-p10/L4/S3-a20/rep3
[2026-09-30 07:17:01] L4 S3-a20 rep4 → /home/jun/project/lab/backend-labs-commerce/seat-reservation-lab/k6/ADR-002/results/20260929-adr002-557dff4/c00-noidx-p10/L4/S3-a20/rep4
[2026-09-30 07:38:04] L4 S3-a20 rep5 → /home/jun/project/lab/backend-labs-commerce/seat-reservation-lab/k6/ADR-002/results/20260929-adr002-557dff4/c00-noidx-p10/L4/S3-a20/rep5
[2026-09-30 07:58:51] L4 S3-a50 rep1 → /home/jun/project/lab/backend-labs-commerce/seat-reservation-lab/k6/ADR-002/results/20260929-adr002-557dff4/c00-noidx-p10/L4/S3-a50/rep1
[2026-09-30 08:19:53] L4 S3-a50 rep2 → /home/jun/project/lab/backend-labs-commerce/seat-reservation-lab/k6/ADR-002/results/20260929-adr002-557dff4/c00-noidx-p10/L4/S3-a50/rep2
[2026-09-30 08:41:00] L4 S3-a50 rep3 → /home/jun/project/lab/backend-labs-commerce/seat-reservation-lab/k6/ADR-002/results/20260929-adr002-557dff4/c00-noidx-p10/L4/S3-a50/rep3
[2026-09-30 09:02:00] L4 S3-a50 rep4 → /home/jun/project/lab/backend-labs-commerce/seat-reservation-lab/k6/ADR-002/results/20260929-adr002-557dff4/c00-noidx-p10/L4/S3-a50/rep4
[2026-09-30 09:23:07] L4 S3-a50 rep5 → /home/jun/project/lab/backend-labs-commerce/seat-reservation-lab/k6/ADR-002/results/20260929-adr002-557dff4/c00-noidx-p10/L4/S3-a50/rep5
[2026-09-30 09:44:08] compose down (557dff4)
 Container seatlab-app-1 Stopping 
 Container seatlab-app-1 Stopped 
 Container seatlab-app-1 Removing 
 Container seatlab-app-1 Removed 
 Container seatlab-db-1 Stopping 
 Container seatlab-db-1 Stopped 
 Container seatlab-db-1 Removing 
 Container seatlab-db-1 Removed 
 Volume seatlab_pgdata Removing 
 Network seatlab_default Removing 
 Volume seatlab_pgdata Removed 
 Network seatlab_default Removed 
[2026-09-30 09:44:09] matrix done: /home/jun/project/lab/backend-labs-commerce/seat-reservation-lab/k6/ADR-002/results/20260929-adr002-557dff4/c00-noidx-p10
