[2026-09-30 10:41:04] matrix 20260929-adr002-557dff4/c01-idx-p10: levels=[2 4] reps=5 cells=[S1 S2 S4 S3]
[2026-09-30 10:41:04] L2 S1 rep1 → /home/jun/project/lab/backend-labs-commerce/seat-reservation-lab/k6/ADR-002/results/20260929-adr002-557dff4/c01-idx-p10/L2/S1/rep1
[2026-09-30 10:41:47] L2 S1 rep2 → /home/jun/project/lab/backend-labs-commerce/seat-reservation-lab/k6/ADR-002/results/20260929-adr002-557dff4/c01-idx-p10/L2/S1/rep2
[2026-09-30 10:42:32] L2 S1 rep3 → /home/jun/project/lab/backend-labs-commerce/seat-reservation-lab/k6/ADR-002/results/20260929-adr002-557dff4/c01-idx-p10/L2/S1/rep3
[2026-09-30 10:43:15] L2 S1 rep4 → /home/jun/project/lab/backend-labs-commerce/seat-reservation-lab/k6/ADR-002/results/20260929-adr002-557dff4/c01-idx-p10/L2/S1/rep4
[2026-09-30 10:43:58] L2 S1 rep5 → /home/jun/project/lab/backend-labs-commerce/seat-reservation-lab/k6/ADR-002/results/20260929-adr002-557dff4/c01-idx-p10/L2/S1/rep5
[2026-09-30 10:44:42] L2 S2 rep1 → /home/jun/project/lab/backend-labs-commerce/seat-reservation-lab/k6/ADR-002/results/20260929-adr002-557dff4/c01-idx-p10/L2/S2/rep1
[2026-09-30 10:45:28] L2 S2 rep2 → /home/jun/project/lab/backend-labs-commerce/seat-reservation-lab/k6/ADR-002/results/20260929-adr002-557dff4/c01-idx-p10/L2/S2/rep2
[2026-09-30 10:46:14] L2 S2 rep3 → /home/jun/project/lab/backend-labs-commerce/seat-reservation-lab/k6/ADR-002/results/20260929-adr002-557dff4/c01-idx-p10/L2/S2/rep3
[2026-09-30 10:47:00] L2 S2 rep4 → /home/jun/project/lab/backend-labs-commerce/seat-reservation-lab/k6/ADR-002/results/20260929-adr002-557dff4/c01-idx-p10/L2/S2/rep4
[2026-09-30 10:47:46] L2 S2 rep5 → /home/jun/project/lab/backend-labs-commerce/seat-reservation-lab/k6/ADR-002/results/20260929-adr002-557dff4/c01-idx-p10/L2/S2/rep5
[2026-09-30 10:48:32] L2 S4 rep1 → /home/jun/project/lab/backend-labs-commerce/seat-reservation-lab/k6/ADR-002/results/20260929-adr002-557dff4/c01-idx-p10/L2/S4/rep1
[2026-09-30 10:56:03] L2 S4 rep2 → /home/jun/project/lab/backend-labs-commerce/seat-reservation-lab/k6/ADR-002/results/20260929-adr002-557dff4/c01-idx-p10/L2/S4/rep2
[2026-09-30 11:03:33] L2 S4 rep3 → /home/jun/project/lab/backend-labs-commerce/seat-reservation-lab/k6/ADR-002/results/20260929-adr002-557dff4/c01-idx-p10/L2/S4/rep3
[2026-09-30 11:11:02] L2 S4 rep4 → /home/jun/project/lab/backend-labs-commerce/seat-reservation-lab/k6/ADR-002/results/20260929-adr002-557dff4/c01-idx-p10/L2/S4/rep4
[2026-09-30 11:18:33] L2 S4 rep5 → /home/jun/project/lab/backend-labs-commerce/seat-reservation-lab/k6/ADR-002/results/20260929-adr002-557dff4/c01-idx-p10/L2/S4/rep5
[2026-09-30 11:25:59] L2 S3-a0 rep1 → /home/jun/project/lab/backend-labs-commerce/seat-reservation-lab/k6/ADR-002/results/20260929-adr002-557dff4/c01-idx-p10/L2/S3-a0/rep1
[2026-09-30 11:47:35] L2 S3-a0 rep2 → /home/jun/project/lab/backend-labs-commerce/seat-reservation-lab/k6/ADR-002/results/20260929-adr002-557dff4/c01-idx-p10/L2/S3-a0/rep2
[2026-09-30 12:09:15] L2 S3-a0 rep3 → /home/jun/project/lab/backend-labs-commerce/seat-reservation-lab/k6/ADR-002/results/20260929-adr002-557dff4/c01-idx-p10/L2/S3-a0/rep3
[2026-09-30 12:30:44] L2 S3-a0 rep4 → /home/jun/project/lab/backend-labs-commerce/seat-reservation-lab/k6/ADR-002/results/20260929-adr002-557dff4/c01-idx-p10/L2/S3-a0/rep4
[2026-09-30 12:52:07] L2 S3-a0 rep5 → /home/jun/project/lab/backend-labs-commerce/seat-reservation-lab/k6/ADR-002/results/20260929-adr002-557dff4/c01-idx-p10/L2/S3-a0/rep5
[2026-09-30 13:13:17] L2 S3-a20 rep1 → /home/jun/project/lab/backend-labs-commerce/seat-reservation-lab/k6/ADR-002/results/20260929-adr002-557dff4/c01-idx-p10/L2/S3-a20/rep1
[2026-09-30 13:34:40] L2 S3-a20 rep2 → /home/jun/project/lab/backend-labs-commerce/seat-reservation-lab/k6/ADR-002/results/20260929-adr002-557dff4/c01-idx-p10/L2/S3-a20/rep2
[2026-09-30 13:56:01] L2 S3-a20 rep3 → /home/jun/project/lab/backend-labs-commerce/seat-reservation-lab/k6/ADR-002/results/20260929-adr002-557dff4/c01-idx-p10/L2/S3-a20/rep3
[2026-09-30 14:17:04] L2 S3-a20 rep4 → /home/jun/project/lab/backend-labs-commerce/seat-reservation-lab/k6/ADR-002/results/20260929-adr002-557dff4/c01-idx-p10/L2/S3-a20/rep4
[2026-09-30 14:38:26] L2 S3-a20 rep5 → /home/jun/project/lab/backend-labs-commerce/seat-reservation-lab/k6/ADR-002/results/20260929-adr002-557dff4/c01-idx-p10/L2/S3-a20/rep5
[2026-09-30 14:59:50] L2 S3-a50 rep1 → /home/jun/project/lab/backend-labs-commerce/seat-reservation-lab/k6/ADR-002/results/20260929-adr002-557dff4/c01-idx-p10/L2/S3-a50/rep1
[2026-09-30 15:21:21] L2 S3-a50 rep2 → /home/jun/project/lab/backend-labs-commerce/seat-reservation-lab/k6/ADR-002/results/20260929-adr002-557dff4/c01-idx-p10/L2/S3-a50/rep2
[2026-09-30 15:42:57] L2 S3-a50 rep3 → /home/jun/project/lab/backend-labs-commerce/seat-reservation-lab/k6/ADR-002/results/20260929-adr002-557dff4/c01-idx-p10/L2/S3-a50/rep3
[2026-09-30 16:04:33] L2 S3-a50 rep4 → /home/jun/project/lab/backend-labs-commerce/seat-reservation-lab/k6/ADR-002/results/20260929-adr002-557dff4/c01-idx-p10/L2/S3-a50/rep4
[2026-09-30 16:26:00] L2 S3-a50 rep5 → /home/jun/project/lab/backend-labs-commerce/seat-reservation-lab/k6/ADR-002/results/20260929-adr002-557dff4/c01-idx-p10/L2/S3-a50/rep5
[2026-09-30 16:47:46] L4 S1 rep1 → /home/jun/project/lab/backend-labs-commerce/seat-reservation-lab/k6/ADR-002/results/20260929-adr002-557dff4/c01-idx-p10/L4/S1/rep1
[2026-09-30 16:48:27] L4 S1 rep2 → /home/jun/project/lab/backend-labs-commerce/seat-reservation-lab/k6/ADR-002/results/20260929-adr002-557dff4/c01-idx-p10/L4/S1/rep2
[2026-09-30 16:49:05] L4 S1 rep3 → /home/jun/project/lab/backend-labs-commerce/seat-reservation-lab/k6/ADR-002/results/20260929-adr002-557dff4/c01-idx-p10/L4/S1/rep3
[2026-09-30 16:49:42] L4 S1 rep4 → /home/jun/project/lab/backend-labs-commerce/seat-reservation-lab/k6/ADR-002/results/20260929-adr002-557dff4/c01-idx-p10/L4/S1/rep4
[2026-09-30 16:50:20] L4 S1 rep5 → /home/jun/project/lab/backend-labs-commerce/seat-reservation-lab/k6/ADR-002/results/20260929-adr002-557dff4/c01-idx-p10/L4/S1/rep5
[2026-09-30 16:50:57] L4 S2 rep1 → /home/jun/project/lab/backend-labs-commerce/seat-reservation-lab/k6/ADR-002/results/20260929-adr002-557dff4/c01-idx-p10/L4/S2/rep1
[2026-09-30 16:51:35] L4 S2 rep2 → /home/jun/project/lab/backend-labs-commerce/seat-reservation-lab/k6/ADR-002/results/20260929-adr002-557dff4/c01-idx-p10/L4/S2/rep2
[2026-09-30 16:52:13] L4 S2 rep3 → /home/jun/project/lab/backend-labs-commerce/seat-reservation-lab/k6/ADR-002/results/20260929-adr002-557dff4/c01-idx-p10/L4/S2/rep3
[2026-09-30 16:52:50] L4 S2 rep4 → /home/jun/project/lab/backend-labs-commerce/seat-reservation-lab/k6/ADR-002/results/20260929-adr002-557dff4/c01-idx-p10/L4/S2/rep4
[2026-09-30 16:53:29] L4 S2 rep5 → /home/jun/project/lab/backend-labs-commerce/seat-reservation-lab/k6/ADR-002/results/20260929-adr002-557dff4/c01-idx-p10/L4/S2/rep5
[2026-09-30 16:54:06] L4 S4 rep1 → /home/jun/project/lab/backend-labs-commerce/seat-reservation-lab/k6/ADR-002/results/20260929-adr002-557dff4/c01-idx-p10/L4/S4/rep1
[2026-09-30 17:01:22] L4 S4 rep2 → /home/jun/project/lab/backend-labs-commerce/seat-reservation-lab/k6/ADR-002/results/20260929-adr002-557dff4/c01-idx-p10/L4/S4/rep2
[2026-09-30 17:08:39] L4 S4 rep3 → /home/jun/project/lab/backend-labs-commerce/seat-reservation-lab/k6/ADR-002/results/20260929-adr002-557dff4/c01-idx-p10/L4/S4/rep3
[2026-09-30 17:15:55] L4 S4 rep4 → /home/jun/project/lab/backend-labs-commerce/seat-reservation-lab/k6/ADR-002/results/20260929-adr002-557dff4/c01-idx-p10/L4/S4/rep4
[2026-09-30 17:23:12] L4 S4 rep5 → /home/jun/project/lab/backend-labs-commerce/seat-reservation-lab/k6/ADR-002/results/20260929-adr002-557dff4/c01-idx-p10/L4/S4/rep5
[2026-09-30 17:30:28] L4 S3-a0 rep1 → /home/jun/project/lab/backend-labs-commerce/seat-reservation-lab/k6/ADR-002/results/20260929-adr002-557dff4/c01-idx-p10/L4/S3-a0/rep1
[2026-09-30 17:47:58] L4 S3-a0 rep2 → /home/jun/project/lab/backend-labs-commerce/seat-reservation-lab/k6/ADR-002/results/20260929-adr002-557dff4/c01-idx-p10/L4/S3-a0/rep2
[2026-09-30 18:05:09] L4 S3-a0 rep3 → /home/jun/project/lab/backend-labs-commerce/seat-reservation-lab/k6/ADR-002/results/20260929-adr002-557dff4/c01-idx-p10/L4/S3-a0/rep3
[2026-09-30 18:22:18] L4 S3-a0 rep4 → /home/jun/project/lab/backend-labs-commerce/seat-reservation-lab/k6/ADR-002/results/20260929-adr002-557dff4/c01-idx-p10/L4/S3-a0/rep4
[2026-09-30 18:40:05] L4 S3-a0 rep5 → /home/jun/project/lab/backend-labs-commerce/seat-reservation-lab/k6/ADR-002/results/20260929-adr002-557dff4/c01-idx-p10/L4/S3-a0/rep5
[2026-09-30 18:57:15] L4 S3-a20 rep1 → /home/jun/project/lab/backend-labs-commerce/seat-reservation-lab/k6/ADR-002/results/20260929-adr002-557dff4/c01-idx-p10/L4/S3-a20/rep1
[2026-09-30 19:18:06] L4 S3-a20 rep2 → /home/jun/project/lab/backend-labs-commerce/seat-reservation-lab/k6/ADR-002/results/20260929-adr002-557dff4/c01-idx-p10/L4/S3-a20/rep2
[2026-09-30 19:39:10] L4 S3-a20 rep3 → /home/jun/project/lab/backend-labs-commerce/seat-reservation-lab/k6/ADR-002/results/20260929-adr002-557dff4/c01-idx-p10/L4/S3-a20/rep3
[2026-09-30 19:59:49] L4 S3-a20 rep4 → /home/jun/project/lab/backend-labs-commerce/seat-reservation-lab/k6/ADR-002/results/20260929-adr002-557dff4/c01-idx-p10/L4/S3-a20/rep4
[2026-09-30 20:20:56] L4 S3-a20 rep5 → /home/jun/project/lab/backend-labs-commerce/seat-reservation-lab/k6/ADR-002/results/20260929-adr002-557dff4/c01-idx-p10/L4/S3-a20/rep5
[2026-09-30 20:42:00] L4 S3-a50 rep1 → /home/jun/project/lab/backend-labs-commerce/seat-reservation-lab/k6/ADR-002/results/20260929-adr002-557dff4/c01-idx-p10/L4/S3-a50/rep1
[2026-09-30 21:03:09] L4 S3-a50 rep2 → /home/jun/project/lab/backend-labs-commerce/seat-reservation-lab/k6/ADR-002/results/20260929-adr002-557dff4/c01-idx-p10/L4/S3-a50/rep2
[2026-09-30 21:24:12] L4 S3-a50 rep3 → /home/jun/project/lab/backend-labs-commerce/seat-reservation-lab/k6/ADR-002/results/20260929-adr002-557dff4/c01-idx-p10/L4/S3-a50/rep3
[2026-09-30 21:45:19] L4 S3-a50 rep4 → /home/jun/project/lab/backend-labs-commerce/seat-reservation-lab/k6/ADR-002/results/20260929-adr002-557dff4/c01-idx-p10/L4/S3-a50/rep4
[2026-09-30 22:06:37] L4 S3-a50 rep5 → /home/jun/project/lab/backend-labs-commerce/seat-reservation-lab/k6/ADR-002/results/20260929-adr002-557dff4/c01-idx-p10/L4/S3-a50/rep5
[2026-09-30 22:27:42] compose down (557dff4)
ssh: connect to host 192.168.55.164 port 22: Connection timed out
[2026-09-30 22:27:52] matrix done: /home/jun/project/lab/backend-labs-commerce/seat-reservation-lab/k6/ADR-002/results/20260929-adr002-557dff4/c01-idx-p10
