ssh: connect to host 192.168.55.164 port 22: Connection timed out
[2026-09-30 22:28:03] deploy 557dff4 → jun@192.168.55.164:labs/seat-reservation-lab/557dff4
ssh: connect to host 192.168.55.164 port 22: Connection timed out
[2026-09-30 22:28:14] deploy failed
[2026-10-01 06:56:47] matrix 20260929-adr002-557dff4/c02-noidx-p10-bg100k: levels=[2 4] reps=5 cells=[S1 S4]
[2026-10-01 06:56:47] L2 S1 rep1 → /home/jun/project/lab/backend-labs-commerce/seat-reservation-lab/k6/ADR-002/results/20260929-adr002-557dff4/c02-noidx-p10-bg100k/L2/S1/rep1
[2026-10-01 06:57:34] L2 S1 rep2 → /home/jun/project/lab/backend-labs-commerce/seat-reservation-lab/k6/ADR-002/results/20260929-adr002-557dff4/c02-noidx-p10-bg100k/L2/S1/rep2
[2026-10-01 06:58:21] L2 S1 rep3 → /home/jun/project/lab/backend-labs-commerce/seat-reservation-lab/k6/ADR-002/results/20260929-adr002-557dff4/c02-noidx-p10-bg100k/L2/S1/rep3
[2026-10-01 06:59:08] L2 S1 rep4 → /home/jun/project/lab/backend-labs-commerce/seat-reservation-lab/k6/ADR-002/results/20260929-adr002-557dff4/c02-noidx-p10-bg100k/L2/S1/rep4
[2026-10-01 06:59:54] L2 S1 rep5 → /home/jun/project/lab/backend-labs-commerce/seat-reservation-lab/k6/ADR-002/results/20260929-adr002-557dff4/c02-noidx-p10-bg100k/L2/S1/rep5
[2026-10-01 07:00:42] L2 S4 rep1 → /home/jun/project/lab/backend-labs-commerce/seat-reservation-lab/k6/ADR-002/results/20260929-adr002-557dff4/c02-noidx-p10-bg100k/L2/S4/rep1
[2026-10-01 07:07:35] L2 S4 rep2 → /home/jun/project/lab/backend-labs-commerce/seat-reservation-lab/k6/ADR-002/results/20260929-adr002-557dff4/c02-noidx-p10-bg100k/L2/S4/rep2
[2026-10-01 07:11:30] L2 S4 rep3 → /home/jun/project/lab/backend-labs-commerce/seat-reservation-lab/k6/ADR-002/results/20260929-adr002-557dff4/c02-noidx-p10-bg100k/L2/S4/rep3
[2026-10-01 07:18:31] L2 S4 rep4 → /home/jun/project/lab/backend-labs-commerce/seat-reservation-lab/k6/ADR-002/results/20260929-adr002-557dff4/c02-noidx-p10-bg100k/L2/S4/rep4
[2026-10-01 07:23:17] L2 S4 rep5 → /home/jun/project/lab/backend-labs-commerce/seat-reservation-lab/k6/ADR-002/results/20260929-adr002-557dff4/c02-noidx-p10-bg100k/L2/S4/rep5
[2026-10-01 07:28:35] L4 S1 rep1 → /home/jun/project/lab/backend-labs-commerce/seat-reservation-lab/k6/ADR-002/results/20260929-adr002-557dff4/c02-noidx-p10-bg100k/L4/S1/rep1
[2026-10-01 07:29:17] L4 S1 rep2 → /home/jun/project/lab/backend-labs-commerce/seat-reservation-lab/k6/ADR-002/results/20260929-adr002-557dff4/c02-noidx-p10-bg100k/L4/S1/rep2
[2026-10-01 07:29:59] L4 S1 rep3 → /home/jun/project/lab/backend-labs-commerce/seat-reservation-lab/k6/ADR-002/results/20260929-adr002-557dff4/c02-noidx-p10-bg100k/L4/S1/rep3
[2026-10-01 07:30:41] L4 S1 rep4 → /home/jun/project/lab/backend-labs-commerce/seat-reservation-lab/k6/ADR-002/results/20260929-adr002-557dff4/c02-noidx-p10-bg100k/L4/S1/rep4
[2026-10-01 07:31:22] L4 S1 rep5 → /home/jun/project/lab/backend-labs-commerce/seat-reservation-lab/k6/ADR-002/results/20260929-adr002-557dff4/c02-noidx-p10-bg100k/L4/S1/rep5
[2026-10-01 07:32:03] L4 S4 rep1 → /home/jun/project/lab/backend-labs-commerce/seat-reservation-lab/k6/ADR-002/results/20260929-adr002-557dff4/c02-noidx-p10-bg100k/L4/S4/rep1
[2026-10-01 07:36:58] L4 S4 rep2 → /home/jun/project/lab/backend-labs-commerce/seat-reservation-lab/k6/ADR-002/results/20260929-adr002-557dff4/c02-noidx-p10-bg100k/L4/S4/rep2
[2026-10-01 07:42:28] L4 S4 rep3 → /home/jun/project/lab/backend-labs-commerce/seat-reservation-lab/k6/ADR-002/results/20260929-adr002-557dff4/c02-noidx-p10-bg100k/L4/S4/rep3
[2026-10-01 07:47:18] L4 S4 rep4 → /home/jun/project/lab/backend-labs-commerce/seat-reservation-lab/k6/ADR-002/results/20260929-adr002-557dff4/c02-noidx-p10-bg100k/L4/S4/rep4
[2026-10-01 07:59:22] L4 S4 rep5 → /home/jun/project/lab/backend-labs-commerce/seat-reservation-lab/k6/ADR-002/results/20260929-adr002-557dff4/c02-noidx-p10-bg100k/L4/S4/rep5
[2026-10-01 08:05:06] compose down (557dff4)
 Container seatlab-app-1 Stopping 
 Container seatlab-app-1 Stopped 
 Container seatlab-app-1 Removing 
 Container seatlab-app-1 Removed 
 Container seatlab-db-1 Stopping 
 Container seatlab-db-1 Stopped 
 Container seatlab-db-1 Removing 
 Container seatlab-db-1 Removed 
 Volume seatlab_pgdata Removing 
 Network seatlab_default Removing 
 Volume seatlab_pgdata Removed 
 Network seatlab_default Removed 
[2026-10-01 08:05:07] matrix done: /home/jun/project/lab/backend-labs-commerce/seat-reservation-lab/k6/ADR-002/results/20260929-adr002-557dff4/c02-noidx-p10-bg100k
