[2026-10-01 08:05:07] matrix 20260929-adr002-557dff4/c03-idx-p10-bg100k: levels=[2 4] reps=5 cells=[S1 S4]
[2026-10-01 08:05:07] L2 S1 rep1 → /home/jun/project/lab/backend-labs-commerce/seat-reservation-lab/k6/ADR-002/results/20260929-adr002-557dff4/c03-idx-p10-bg100k/L2/S1/rep1
[2026-10-01 08:05:55] L2 S1 rep2 → /home/jun/project/lab/backend-labs-commerce/seat-reservation-lab/k6/ADR-002/results/20260929-adr002-557dff4/c03-idx-p10-bg100k/L2/S1/rep2
[2026-10-01 08:06:44] L2 S1 rep3 → /home/jun/project/lab/backend-labs-commerce/seat-reservation-lab/k6/ADR-002/results/20260929-adr002-557dff4/c03-idx-p10-bg100k/L2/S1/rep3
[2026-10-01 08:07:29] L2 S1 rep4 → /home/jun/project/lab/backend-labs-commerce/seat-reservation-lab/k6/ADR-002/results/20260929-adr002-557dff4/c03-idx-p10-bg100k/L2/S1/rep4
[2026-10-01 08:08:17] L2 S1 rep5 → /home/jun/project/lab/backend-labs-commerce/seat-reservation-lab/k6/ADR-002/results/20260929-adr002-557dff4/c03-idx-p10-bg100k/L2/S1/rep5
[2026-10-01 08:09:04] L2 S4 rep1 → /home/jun/project/lab/backend-labs-commerce/seat-reservation-lab/k6/ADR-002/results/20260929-adr002-557dff4/c03-idx-p10-bg100k/L2/S4/rep1
[2026-10-01 08:15:12] matrix 20260929-adr002-557dff4/c03-idx-p10-bg100k: levels=[2 4] reps=5 cells=[S1 S4]
[2026-10-01 08:15:12] L2 S4 rep1 → /home/jun/project/lab/backend-labs-commerce/seat-reservation-lab/k6/ADR-002/results/20260929-adr002-557dff4/c03-idx-p10-bg100k/L2/S4/rep1
[2026-10-01 08:23:07] L2 S4 rep2 → /home/jun/project/lab/backend-labs-commerce/seat-reservation-lab/k6/ADR-002/results/20260929-adr002-557dff4/c03-idx-p10-bg100k/L2/S4/rep2
[2026-10-01 08:31:00] L2 S4 rep3 → /home/jun/project/lab/backend-labs-commerce/seat-reservation-lab/k6/ADR-002/results/20260929-adr002-557dff4/c03-idx-p10-bg100k/L2/S4/rep3
[2026-10-01 08:38:34] L2 S4 rep4 → /home/jun/project/lab/backend-labs-commerce/seat-reservation-lab/k6/ADR-002/results/20260929-adr002-557dff4/c03-idx-p10-bg100k/L2/S4/rep4
[2026-10-01 08:46:11] L2 S4 rep5 → /home/jun/project/lab/backend-labs-commerce/seat-reservation-lab/k6/ADR-002/results/20260929-adr002-557dff4/c03-idx-p10-bg100k/L2/S4/rep5
[2026-10-01 08:53:47] L4 S1 rep1 → /home/jun/project/lab/backend-labs-commerce/seat-reservation-lab/k6/ADR-002/results/20260929-adr002-557dff4/c03-idx-p10-bg100k/L4/S1/rep1
[2026-10-01 08:54:29] L4 S1 rep2 → /home/jun/project/lab/backend-labs-commerce/seat-reservation-lab/k6/ADR-002/results/20260929-adr002-557dff4/c03-idx-p10-bg100k/L4/S1/rep2
[2026-10-01 08:55:09] L4 S1 rep3 → /home/jun/project/lab/backend-labs-commerce/seat-reservation-lab/k6/ADR-002/results/20260929-adr002-557dff4/c03-idx-p10-bg100k/L4/S1/rep3
[2026-10-01 08:55:50] L4 S1 rep4 → /home/jun/project/lab/backend-labs-commerce/seat-reservation-lab/k6/ADR-002/results/20260929-adr002-557dff4/c03-idx-p10-bg100k/L4/S1/rep4
[2026-10-01 08:56:31] L4 S1 rep5 → /home/jun/project/lab/backend-labs-commerce/seat-reservation-lab/k6/ADR-002/results/20260929-adr002-557dff4/c03-idx-p10-bg100k/L4/S1/rep5
[2026-10-01 08:57:12] L4 S4 rep1 → /home/jun/project/lab/backend-labs-commerce/seat-reservation-lab/k6/ADR-002/results/20260929-adr002-557dff4/c03-idx-p10-bg100k/L4/S4/rep1
[2026-10-01 09:04:51] L4 S4 rep2 → /home/jun/project/lab/backend-labs-commerce/seat-reservation-lab/k6/ADR-002/results/20260929-adr002-557dff4/c03-idx-p10-bg100k/L4/S4/rep2
[2026-10-01 09:12:11] L4 S4 rep3 → /home/jun/project/lab/backend-labs-commerce/seat-reservation-lab/k6/ADR-002/results/20260929-adr002-557dff4/c03-idx-p10-bg100k/L4/S4/rep3
[2026-10-01 09:19:32] L4 S4 rep4 → /home/jun/project/lab/backend-labs-commerce/seat-reservation-lab/k6/ADR-002/results/20260929-adr002-557dff4/c03-idx-p10-bg100k/L4/S4/rep4
[2026-10-01 09:27:19] L4 S4 rep5 → /home/jun/project/lab/backend-labs-commerce/seat-reservation-lab/k6/ADR-002/results/20260929-adr002-557dff4/c03-idx-p10-bg100k/L4/S4/rep5
[2026-10-01 09:34:41] compose down (557dff4)
ssh: connect to host 192.168.55.164 port 22: Connection timed out
[2026-10-01 09:34:51] matrix done: /home/jun/project/lab/backend-labs-commerce/seat-reservation-lab/k6/ADR-002/results/20260929-adr002-557dff4/c03-idx-p10-bg100k
