ssh: connect to host 192.168.55.164 port 22: Connection timed out
[2026-10-01 09:35:01] deploy 557dff4 → jun@192.168.55.164:labs/seat-reservation-lab/557dff4
ssh: connect to host 192.168.55.164 port 22: Connection timed out
[2026-10-01 09:35:11] deploy failed
[2026-10-01 12:07:10] matrix 20260929-adr002-557dff4/c04-noidx-p10-bg1m: levels=[2 4] reps=5 cells=[S1 S4]
[2026-10-01 12:07:10] L2 S1 rep1 → /home/jun/project/lab/backend-labs-commerce/seat-reservation-lab/k6/ADR-002/results/20260929-adr002-557dff4/c04-noidx-p10-bg1m/L2/S1/rep1
[2026-10-01 12:08:29] L2 S1 rep2 → /home/jun/project/lab/backend-labs-commerce/seat-reservation-lab/k6/ADR-002/results/20260929-adr002-557dff4/c04-noidx-p10-bg1m/L2/S1/rep2
[2026-10-01 12:09:48] L2 S1 rep3 → /home/jun/project/lab/backend-labs-commerce/seat-reservation-lab/k6/ADR-002/results/20260929-adr002-557dff4/c04-noidx-p10-bg1m/L2/S1/rep3
[2026-10-01 12:11:06] L2 S1 rep4 → /home/jun/project/lab/backend-labs-commerce/seat-reservation-lab/k6/ADR-002/results/20260929-adr002-557dff4/c04-noidx-p10-bg1m/L2/S1/rep4
[2026-10-01 12:12:26] L2 S1 rep5 → /home/jun/project/lab/backend-labs-commerce/seat-reservation-lab/k6/ADR-002/results/20260929-adr002-557dff4/c04-noidx-p10-bg1m/L2/S1/rep5
[2026-10-01 12:13:47] L2 S4 rep1 → /home/jun/project/lab/backend-labs-commerce/seat-reservation-lab/k6/ADR-002/results/20260929-adr002-557dff4/c04-noidx-p10-bg1m/L2/S4/rep1
[2026-10-01 12:18:27] L2 S4 rep2 → /home/jun/project/lab/backend-labs-commerce/seat-reservation-lab/k6/ADR-002/results/20260929-adr002-557dff4/c04-noidx-p10-bg1m/L2/S4/rep2
[2026-10-01 12:23:20] L2 S4 rep3 → /home/jun/project/lab/backend-labs-commerce/seat-reservation-lab/k6/ADR-002/results/20260929-adr002-557dff4/c04-noidx-p10-bg1m/L2/S4/rep3
[2026-10-01 12:28:02] L2 S4 rep4 → /home/jun/project/lab/backend-labs-commerce/seat-reservation-lab/k6/ADR-002/results/20260929-adr002-557dff4/c04-noidx-p10-bg1m/L2/S4/rep4
[2026-10-01 12:32:39] L2 S4 rep5 → /home/jun/project/lab/backend-labs-commerce/seat-reservation-lab/k6/ADR-002/results/20260929-adr002-557dff4/c04-noidx-p10-bg1m/L2/S4/rep5
[2026-10-01 12:37:17] L4 S1 rep1 → /home/jun/project/lab/backend-labs-commerce/seat-reservation-lab/k6/ADR-002/results/20260929-adr002-557dff4/c04-noidx-p10-bg1m/L4/S1/rep1
[2026-10-01 12:38:29] L4 S1 rep2 → /home/jun/project/lab/backend-labs-commerce/seat-reservation-lab/k6/ADR-002/results/20260929-adr002-557dff4/c04-noidx-p10-bg1m/L4/S1/rep2
[2026-10-01 12:39:41] L4 S1 rep3 → /home/jun/project/lab/backend-labs-commerce/seat-reservation-lab/k6/ADR-002/results/20260929-adr002-557dff4/c04-noidx-p10-bg1m/L4/S1/rep3
[2026-10-01 12:40:56] L4 S1 rep4 → /home/jun/project/lab/backend-labs-commerce/seat-reservation-lab/k6/ADR-002/results/20260929-adr002-557dff4/c04-noidx-p10-bg1m/L4/S1/rep4
[2026-10-01 12:42:09] L4 S1 rep5 → /home/jun/project/lab/backend-labs-commerce/seat-reservation-lab/k6/ADR-002/results/20260929-adr002-557dff4/c04-noidx-p10-bg1m/L4/S1/rep5
[2026-10-01 12:43:21] L4 S4 rep1 → /home/jun/project/lab/backend-labs-commerce/seat-reservation-lab/k6/ADR-002/results/20260929-adr002-557dff4/c04-noidx-p10-bg1m/L4/S4/rep1
[2026-10-01 12:48:11] L4 S4 rep2 → /home/jun/project/lab/backend-labs-commerce/seat-reservation-lab/k6/ADR-002/results/20260929-adr002-557dff4/c04-noidx-p10-bg1m/L4/S4/rep2
[2026-10-01 12:53:04] L4 S4 rep3 → /home/jun/project/lab/backend-labs-commerce/seat-reservation-lab/k6/ADR-002/results/20260929-adr002-557dff4/c04-noidx-p10-bg1m/L4/S4/rep3
[2026-10-01 12:57:58] L4 S4 rep4 → /home/jun/project/lab/backend-labs-commerce/seat-reservation-lab/k6/ADR-002/results/20260929-adr002-557dff4/c04-noidx-p10-bg1m/L4/S4/rep4
[2026-10-01 13:02:47] L4 S4 rep5 → /home/jun/project/lab/backend-labs-commerce/seat-reservation-lab/k6/ADR-002/results/20260929-adr002-557dff4/c04-noidx-p10-bg1m/L4/S4/rep5
[2026-10-01 13:07:41] compose down (557dff4)
 Container seatlab-app-1 Stopping 
 Container seatlab-app-1 Stopped 
 Container seatlab-app-1 Removing 
 Container seatlab-app-1 Removed 
 Container seatlab-db-1 Stopping 
 Container seatlab-db-1 Stopped 
 Container seatlab-db-1 Removing 
 Container seatlab-db-1 Removed 
 Network seatlab_default Removing 
 Volume seatlab_pgdata Removing 
 Volume seatlab_pgdata Removed 
 Network seatlab_default Removed 
[2026-10-01 13:07:42] matrix done: /home/jun/project/lab/backend-labs-commerce/seat-reservation-lab/k6/ADR-002/results/20260929-adr002-557dff4/c04-noidx-p10-bg1m
