[2026-10-01 13:07:43] matrix 20260929-adr002-557dff4/c05-idx-p10-bg1m: levels=[2 4] reps=5 cells=[S1 S4]
[2026-10-01 13:07:43] L2 S1 rep1 → /home/jun/project/lab/backend-labs-commerce/seat-reservation-lab/k6/ADR-002/results/20260929-adr002-557dff4/c05-idx-p10-bg1m/L2/S1/rep1
[2026-10-01 13:09:02] L2 S1 rep2 → /home/jun/project/lab/backend-labs-commerce/seat-reservation-lab/k6/ADR-002/results/20260929-adr002-557dff4/c05-idx-p10-bg1m/L2/S1/rep2
[2026-10-01 13:10:24] L2 S1 rep3 → /home/jun/project/lab/backend-labs-commerce/seat-reservation-lab/k6/ADR-002/results/20260929-adr002-557dff4/c05-idx-p10-bg1m/L2/S1/rep3
[2026-10-01 13:11:44] L2 S1 rep4 → /home/jun/project/lab/backend-labs-commerce/seat-reservation-lab/k6/ADR-002/results/20260929-adr002-557dff4/c05-idx-p10-bg1m/L2/S1/rep4
[2026-10-01 13:13:04] L2 S1 rep5 → /home/jun/project/lab/backend-labs-commerce/seat-reservation-lab/k6/ADR-002/results/20260929-adr002-557dff4/c05-idx-p10-bg1m/L2/S1/rep5
[2026-10-01 13:14:24] L2 S4 rep1 → /home/jun/project/lab/backend-labs-commerce/seat-reservation-lab/k6/ADR-002/results/20260929-adr002-557dff4/c05-idx-p10-bg1m/L2/S4/rep1
[2026-10-01 13:22:38] L2 S4 rep2 → /home/jun/project/lab/backend-labs-commerce/seat-reservation-lab/k6/ADR-002/results/20260929-adr002-557dff4/c05-idx-p10-bg1m/L2/S4/rep2
[2026-10-01 13:30:54] L2 S4 rep3 → /home/jun/project/lab/backend-labs-commerce/seat-reservation-lab/k6/ADR-002/results/20260929-adr002-557dff4/c05-idx-p10-bg1m/L2/S4/rep3
[2026-10-01 13:39:14] L2 S4 rep4 → /home/jun/project/lab/backend-labs-commerce/seat-reservation-lab/k6/ADR-002/results/20260929-adr002-557dff4/c05-idx-p10-bg1m/L2/S4/rep4
[2026-10-01 13:47:26] L2 S4 rep5 → /home/jun/project/lab/backend-labs-commerce/seat-reservation-lab/k6/ADR-002/results/20260929-adr002-557dff4/c05-idx-p10-bg1m/L2/S4/rep5
[2026-10-01 13:55:50] L4 S1 rep1 → /home/jun/project/lab/backend-labs-commerce/seat-reservation-lab/k6/ADR-002/results/20260929-adr002-557dff4/c05-idx-p10-bg1m/L4/S1/rep1
[2026-10-01 13:57:04] L4 S1 rep2 → /home/jun/project/lab/backend-labs-commerce/seat-reservation-lab/k6/ADR-002/results/20260929-adr002-557dff4/c05-idx-p10-bg1m/L4/S1/rep2
[2026-10-01 13:58:18] L4 S1 rep3 → /home/jun/project/lab/backend-labs-commerce/seat-reservation-lab/k6/ADR-002/results/20260929-adr002-557dff4/c05-idx-p10-bg1m/L4/S1/rep3
[2026-10-01 13:59:32] L4 S1 rep4 → /home/jun/project/lab/backend-labs-commerce/seat-reservation-lab/k6/ADR-002/results/20260929-adr002-557dff4/c05-idx-p10-bg1m/L4/S1/rep4
[2026-10-01 14:00:46] L4 S1 rep5 → /home/jun/project/lab/backend-labs-commerce/seat-reservation-lab/k6/ADR-002/results/20260929-adr002-557dff4/c05-idx-p10-bg1m/L4/S1/rep5
[2026-10-01 14:02:01] L4 S4 rep1 → /home/jun/project/lab/backend-labs-commerce/seat-reservation-lab/k6/ADR-002/results/20260929-adr002-557dff4/c05-idx-p10-bg1m/L4/S4/rep1
[2026-10-01 14:09:59] L4 S4 rep2 → /home/jun/project/lab/backend-labs-commerce/seat-reservation-lab/k6/ADR-002/results/20260929-adr002-557dff4/c05-idx-p10-bg1m/L4/S4/rep2
[2026-10-01 14:18:20] L4 S4 rep3 → /home/jun/project/lab/backend-labs-commerce/seat-reservation-lab/k6/ADR-002/results/20260929-adr002-557dff4/c05-idx-p10-bg1m/L4/S4/rep3
[2026-10-01 14:26:18] L4 S4 rep4 → /home/jun/project/lab/backend-labs-commerce/seat-reservation-lab/k6/ADR-002/results/20260929-adr002-557dff4/c05-idx-p10-bg1m/L4/S4/rep4
[2026-10-01 14:34:44] L4 S4 rep5 → /home/jun/project/lab/backend-labs-commerce/seat-reservation-lab/k6/ADR-002/results/20260929-adr002-557dff4/c05-idx-p10-bg1m/L4/S4/rep5
[2026-10-01 14:43:00] compose down (557dff4)
 Container seatlab-app-1 Stopping 
 Container seatlab-app-1 Stopped 
 Container seatlab-app-1 Removing 
 Container seatlab-app-1 Removed 
 Container seatlab-db-1 Stopping 
 Container seatlab-db-1 Stopped 
 Container seatlab-db-1 Removing 
 Container seatlab-db-1 Removed 
 Volume seatlab_pgdata Removing 
 Network seatlab_default Removing 
 Volume seatlab_pgdata Removed 
 Network seatlab_default Removed 
[2026-10-01 14:43:01] matrix done: /home/jun/project/lab/backend-labs-commerce/seat-reservation-lab/k6/ADR-002/results/20260929-adr002-557dff4/c05-idx-p10-bg1m
