[2026-10-01 14:43:02] matrix 20260929-adr002-557dff4/c06-idx-p20: levels=[2 4] reps=5 cells=[S1 S2 S4 S3]
[2026-10-01 14:43:02] L2 S1 rep1 → /home/jun/project/lab/backend-labs-commerce/seat-reservation-lab/k6/ADR-002/results/20260929-adr002-557dff4/c06-idx-p20/L2/S1/rep1
[2026-10-01 14:43:48] L2 S1 rep2 → /home/jun/project/lab/backend-labs-commerce/seat-reservation-lab/k6/ADR-002/results/20260929-adr002-557dff4/c06-idx-p20/L2/S1/rep2
[2026-10-01 14:44:34] L2 S1 rep3 → /home/jun/project/lab/backend-labs-commerce/seat-reservation-lab/k6/ADR-002/results/20260929-adr002-557dff4/c06-idx-p20/L2/S1/rep3
[2026-10-01 14:45:20] L2 S1 rep4 → /home/jun/project/lab/backend-labs-commerce/seat-reservation-lab/k6/ADR-002/results/20260929-adr002-557dff4/c06-idx-p20/L2/S1/rep4
[2026-10-01 14:46:07] L2 S1 rep5 → /home/jun/project/lab/backend-labs-commerce/seat-reservation-lab/k6/ADR-002/results/20260929-adr002-557dff4/c06-idx-p20/L2/S1/rep5
[2026-10-01 14:46:53] L2 S2 rep1 → /home/jun/project/lab/backend-labs-commerce/seat-reservation-lab/k6/ADR-002/results/20260929-adr002-557dff4/c06-idx-p20/L2/S2/rep1
[2026-10-01 14:47:41] L2 S2 rep2 → /home/jun/project/lab/backend-labs-commerce/seat-reservation-lab/k6/ADR-002/results/20260929-adr002-557dff4/c06-idx-p20/L2/S2/rep2
[2026-10-01 14:48:23] L2 S2 rep3 → /home/jun/project/lab/backend-labs-commerce/seat-reservation-lab/k6/ADR-002/results/20260929-adr002-557dff4/c06-idx-p20/L2/S2/rep3
[2026-10-01 14:49:11] L2 S2 rep4 → /home/jun/project/lab/backend-labs-commerce/seat-reservation-lab/k6/ADR-002/results/20260929-adr002-557dff4/c06-idx-p20/L2/S2/rep4
[2026-10-01 14:49:59] L2 S2 rep5 → /home/jun/project/lab/backend-labs-commerce/seat-reservation-lab/k6/ADR-002/results/20260929-adr002-557dff4/c06-idx-p20/L2/S2/rep5
[2026-10-01 14:50:48] L2 S4 rep1 → /home/jun/project/lab/backend-labs-commerce/seat-reservation-lab/k6/ADR-002/results/20260929-adr002-557dff4/c06-idx-p20/L2/S4/rep1
[2026-10-01 14:58:40] L2 S4 rep2 → /home/jun/project/lab/backend-labs-commerce/seat-reservation-lab/k6/ADR-002/results/20260929-adr002-557dff4/c06-idx-p20/L2/S4/rep2
[2026-10-01 15:06:35] L2 S4 rep3 → /home/jun/project/lab/backend-labs-commerce/seat-reservation-lab/k6/ADR-002/results/20260929-adr002-557dff4/c06-idx-p20/L2/S4/rep3
[2026-10-01 15:14:29] L2 S4 rep4 → /home/jun/project/lab/backend-labs-commerce/seat-reservation-lab/k6/ADR-002/results/20260929-adr002-557dff4/c06-idx-p20/L2/S4/rep4
[2026-10-01 15:22:23] L2 S4 rep5 → /home/jun/project/lab/backend-labs-commerce/seat-reservation-lab/k6/ADR-002/results/20260929-adr002-557dff4/c06-idx-p20/L2/S4/rep5
[2026-10-01 15:30:13] L2 S3-a0 rep1 → /home/jun/project/lab/backend-labs-commerce/seat-reservation-lab/k6/ADR-002/results/20260929-adr002-557dff4/c06-idx-p20/L2/S3-a0/rep1
[2026-10-01 15:51:48] L2 S3-a0 rep2 → /home/jun/project/lab/backend-labs-commerce/seat-reservation-lab/k6/ADR-002/results/20260929-adr002-557dff4/c06-idx-p20/L2/S3-a0/rep2
[2026-10-01 16:13:18] L2 S3-a0 rep3 → /home/jun/project/lab/backend-labs-commerce/seat-reservation-lab/k6/ADR-002/results/20260929-adr002-557dff4/c06-idx-p20/L2/S3-a0/rep3
[2026-10-01 16:34:59] L2 S3-a0 rep4 → /home/jun/project/lab/backend-labs-commerce/seat-reservation-lab/k6/ADR-002/results/20260929-adr002-557dff4/c06-idx-p20/L2/S3-a0/rep4
[2026-10-01 16:56:16] L2 S3-a0 rep5 → /home/jun/project/lab/backend-labs-commerce/seat-reservation-lab/k6/ADR-002/results/20260929-adr002-557dff4/c06-idx-p20/L2/S3-a0/rep5
[2026-10-01 17:13:38] L2 S3-a20 rep1 → /home/jun/project/lab/backend-labs-commerce/seat-reservation-lab/k6/ADR-002/results/20260929-adr002-557dff4/c06-idx-p20/L2/S3-a20/rep1
[2026-10-01 17:35:10] L2 S3-a20 rep2 → /home/jun/project/lab/backend-labs-commerce/seat-reservation-lab/k6/ADR-002/results/20260929-adr002-557dff4/c06-idx-p20/L2/S3-a20/rep2
[2026-10-01 17:56:42] L2 S3-a20 rep3 → /home/jun/project/lab/backend-labs-commerce/seat-reservation-lab/k6/ADR-002/results/20260929-adr002-557dff4/c06-idx-p20/L2/S3-a20/rep3
[2026-10-01 18:18:30] L2 S3-a20 rep4 → /home/jun/project/lab/backend-labs-commerce/seat-reservation-lab/k6/ADR-002/results/20260929-adr002-557dff4/c06-idx-p20/L2/S3-a20/rep4
[2026-10-01 18:40:07] L2 S3-a20 rep5 → /home/jun/project/lab/backend-labs-commerce/seat-reservation-lab/k6/ADR-002/results/20260929-adr002-557dff4/c06-idx-p20/L2/S3-a20/rep5
[2026-10-01 19:01:35] L2 S3-a50 rep1 → /home/jun/project/lab/backend-labs-commerce/seat-reservation-lab/k6/ADR-002/results/20260929-adr002-557dff4/c06-idx-p20/L2/S3-a50/rep1
[2026-10-01 19:22:57] L2 S3-a50 rep2 → /home/jun/project/lab/backend-labs-commerce/seat-reservation-lab/k6/ADR-002/results/20260929-adr002-557dff4/c06-idx-p20/L2/S3-a50/rep2
[2026-10-01 19:44:29] L2 S3-a50 rep3 → /home/jun/project/lab/backend-labs-commerce/seat-reservation-lab/k6/ADR-002/results/20260929-adr002-557dff4/c06-idx-p20/L2/S3-a50/rep3
[2026-10-01 20:06:03] L2 S3-a50 rep4 → /home/jun/project/lab/backend-labs-commerce/seat-reservation-lab/k6/ADR-002/results/20260929-adr002-557dff4/c06-idx-p20/L2/S3-a50/rep4
[2026-10-01 20:27:33] L2 S3-a50 rep5 → /home/jun/project/lab/backend-labs-commerce/seat-reservation-lab/k6/ADR-002/results/20260929-adr002-557dff4/c06-idx-p20/L2/S3-a50/rep5
[2026-10-01 20:48:47] L4 S1 rep1 → /home/jun/project/lab/backend-labs-commerce/seat-reservation-lab/k6/ADR-002/results/20260929-adr002-557dff4/c06-idx-p20/L4/S1/rep1
[2026-10-01 20:49:26] L4 S1 rep2 → /home/jun/project/lab/backend-labs-commerce/seat-reservation-lab/k6/ADR-002/results/20260929-adr002-557dff4/c06-idx-p20/L4/S1/rep2
[2026-10-01 20:50:06] L4 S1 rep3 → /home/jun/project/lab/backend-labs-commerce/seat-reservation-lab/k6/ADR-002/results/20260929-adr002-557dff4/c06-idx-p20/L4/S1/rep3
[2026-10-01 20:50:45] L4 S1 rep4 → /home/jun/project/lab/backend-labs-commerce/seat-reservation-lab/k6/ADR-002/results/20260929-adr002-557dff4/c06-idx-p20/L4/S1/rep4
[2026-10-01 20:51:25] L4 S1 rep5 → /home/jun/project/lab/backend-labs-commerce/seat-reservation-lab/k6/ADR-002/results/20260929-adr002-557dff4/c06-idx-p20/L4/S1/rep5
[2026-10-01 20:52:05] L4 S2 rep1 → /home/jun/project/lab/backend-labs-commerce/seat-reservation-lab/k6/ADR-002/results/20260929-adr002-557dff4/c06-idx-p20/L4/S2/rep1
[2026-10-01 20:52:44] L4 S2 rep2 → /home/jun/project/lab/backend-labs-commerce/seat-reservation-lab/k6/ADR-002/results/20260929-adr002-557dff4/c06-idx-p20/L4/S2/rep2
[2026-10-01 20:53:23] L4 S2 rep3 → /home/jun/project/lab/backend-labs-commerce/seat-reservation-lab/k6/ADR-002/results/20260929-adr002-557dff4/c06-idx-p20/L4/S2/rep3
[2026-10-01 20:54:02] L4 S2 rep4 → /home/jun/project/lab/backend-labs-commerce/seat-reservation-lab/k6/ADR-002/results/20260929-adr002-557dff4/c06-idx-p20/L4/S2/rep4
[2026-10-01 20:54:42] L4 S2 rep5 → /home/jun/project/lab/backend-labs-commerce/seat-reservation-lab/k6/ADR-002/results/20260929-adr002-557dff4/c06-idx-p20/L4/S2/rep5
[2026-10-01 20:55:21] L4 S4 rep1 → /home/jun/project/lab/backend-labs-commerce/seat-reservation-lab/k6/ADR-002/results/20260929-adr002-557dff4/c06-idx-p20/L4/S4/rep1
[2026-10-01 21:03:14] L4 S4 rep2 → /home/jun/project/lab/backend-labs-commerce/seat-reservation-lab/k6/ADR-002/results/20260929-adr002-557dff4/c06-idx-p20/L4/S4/rep2
[2026-10-01 21:10:40] L4 S4 rep3 → /home/jun/project/lab/backend-labs-commerce/seat-reservation-lab/k6/ADR-002/results/20260929-adr002-557dff4/c06-idx-p20/L4/S4/rep3
[2026-10-01 21:18:35] L4 S4 rep4 → /home/jun/project/lab/backend-labs-commerce/seat-reservation-lab/k6/ADR-002/results/20260929-adr002-557dff4/c06-idx-p20/L4/S4/rep4
[2026-10-01 21:26:30] L4 S4 rep5 → /home/jun/project/lab/backend-labs-commerce/seat-reservation-lab/k6/ADR-002/results/20260929-adr002-557dff4/c06-idx-p20/L4/S4/rep5
[2026-10-01 21:34:23] L4 S3-a0 rep1 → /home/jun/project/lab/backend-labs-commerce/seat-reservation-lab/k6/ADR-002/results/20260929-adr002-557dff4/c06-idx-p20/L4/S3-a0/rep1
[2026-10-01 21:51:44] L4 S3-a0 rep2 → /home/jun/project/lab/backend-labs-commerce/seat-reservation-lab/k6/ADR-002/results/20260929-adr002-557dff4/c06-idx-p20/L4/S3-a0/rep2
[2026-10-01 22:09:03] L4 S3-a0 rep3 → /home/jun/project/lab/backend-labs-commerce/seat-reservation-lab/k6/ADR-002/results/20260929-adr002-557dff4/c06-idx-p20/L4/S3-a0/rep3
[2026-10-01 22:26:23] L4 S3-a0 rep4 → /home/jun/project/lab/backend-labs-commerce/seat-reservation-lab/k6/ADR-002/results/20260929-adr002-557dff4/c06-idx-p20/L4/S3-a0/rep4
[2026-10-01 22:43:43] L4 S3-a0 rep5 → /home/jun/project/lab/backend-labs-commerce/seat-reservation-lab/k6/ADR-002/results/20260929-adr002-557dff4/c06-idx-p20/L4/S3-a0/rep5
[2026-10-01 23:01:02] L4 S3-a20 rep1 → /home/jun/project/lab/backend-labs-commerce/seat-reservation-lab/k6/ADR-002/results/20260929-adr002-557dff4/c06-idx-p20/L4/S3-a20/rep1
[2026-10-01 23:22:10] L4 S3-a20 rep2 → /home/jun/project/lab/backend-labs-commerce/seat-reservation-lab/k6/ADR-002/results/20260929-adr002-557dff4/c06-idx-p20/L4/S3-a20/rep2
[2026-10-01 23:43:22] L4 S3-a20 rep3 → /home/jun/project/lab/backend-labs-commerce/seat-reservation-lab/k6/ADR-002/results/20260929-adr002-557dff4/c06-idx-p20/L4/S3-a20/rep3
[2026-10-02 00:04:40] L4 S3-a20 rep4 → /home/jun/project/lab/backend-labs-commerce/seat-reservation-lab/k6/ADR-002/results/20260929-adr002-557dff4/c06-idx-p20/L4/S3-a20/rep4
[2026-10-02 00:25:47] L4 S3-a20 rep5 → /home/jun/project/lab/backend-labs-commerce/seat-reservation-lab/k6/ADR-002/results/20260929-adr002-557dff4/c06-idx-p20/L4/S3-a20/rep5
[2026-10-02 00:46:50] L4 S3-a50 rep1 → /home/jun/project/lab/backend-labs-commerce/seat-reservation-lab/k6/ADR-002/results/20260929-adr002-557dff4/c06-idx-p20/L4/S3-a50/rep1
[2026-10-02 01:08:00] L4 S3-a50 rep2 → /home/jun/project/lab/backend-labs-commerce/seat-reservation-lab/k6/ADR-002/results/20260929-adr002-557dff4/c06-idx-p20/L4/S3-a50/rep2
[2026-10-02 01:29:12] L4 S3-a50 rep3 → /home/jun/project/lab/backend-labs-commerce/seat-reservation-lab/k6/ADR-002/results/20260929-adr002-557dff4/c06-idx-p20/L4/S3-a50/rep3
[2026-10-02 01:50:23] L4 S3-a50 rep4 → /home/jun/project/lab/backend-labs-commerce/seat-reservation-lab/k6/ADR-002/results/20260929-adr002-557dff4/c06-idx-p20/L4/S3-a50/rep4
[2026-10-02 02:11:31] L4 S3-a50 rep5 → /home/jun/project/lab/backend-labs-commerce/seat-reservation-lab/k6/ADR-002/results/20260929-adr002-557dff4/c06-idx-p20/L4/S3-a50/rep5
[2026-10-02 02:32:43] compose down (557dff4)
 Container seatlab-app-1 Stopping 
 Container seatlab-app-1 Stopped 
 Container seatlab-app-1 Removing 
 Container seatlab-app-1 Removed 
 Container seatlab-db-1 Stopping 
 Container seatlab-db-1 Stopped 
 Container seatlab-db-1 Removing 
 Container seatlab-db-1 Removed 
 Network seatlab_default Removing 
 Volume seatlab_pgdata Removing 
 Volume seatlab_pgdata Removed 
 Network seatlab_default Removed 
[2026-10-02 02:32:44] matrix done: /home/jun/project/lab/backend-labs-commerce/seat-reservation-lab/k6/ADR-002/results/20260929-adr002-557dff4/c06-idx-p20
