[2026-10-02 02:32:45] matrix 20260929-adr002-557dff4/c07-idx-p40: levels=[2 4] reps=5 cells=[S1 S2 S4 S3]
[2026-10-02 02:32:45] L2 S1 rep1 → /home/jun/project/lab/backend-labs-commerce/seat-reservation-lab/k6/ADR-002/results/20260929-adr002-557dff4/c07-idx-p40/L2/S1/rep1
[2026-10-02 02:33:31] L2 S1 rep2 → /home/jun/project/lab/backend-labs-commerce/seat-reservation-lab/k6/ADR-002/results/20260929-adr002-557dff4/c07-idx-p40/L2/S1/rep2
[2026-10-02 02:34:16] L2 S1 rep3 → /home/jun/project/lab/backend-labs-commerce/seat-reservation-lab/k6/ADR-002/results/20260929-adr002-557dff4/c07-idx-p40/L2/S1/rep3
[2026-10-02 02:35:02] L2 S1 rep4 → /home/jun/project/lab/backend-labs-commerce/seat-reservation-lab/k6/ADR-002/results/20260929-adr002-557dff4/c07-idx-p40/L2/S1/rep4
[2026-10-02 02:35:46] L2 S1 rep5 → /home/jun/project/lab/backend-labs-commerce/seat-reservation-lab/k6/ADR-002/results/20260929-adr002-557dff4/c07-idx-p40/L2/S1/rep5
[2026-10-02 02:36:31] L2 S2 rep1 → /home/jun/project/lab/backend-labs-commerce/seat-reservation-lab/k6/ADR-002/results/20260929-adr002-557dff4/c07-idx-p40/L2/S2/rep1
[2026-10-02 02:37:19] L2 S2 rep2 → /home/jun/project/lab/backend-labs-commerce/seat-reservation-lab/k6/ADR-002/results/20260929-adr002-557dff4/c07-idx-p40/L2/S2/rep2
[2026-10-02 02:38:07] L2 S2 rep3 → /home/jun/project/lab/backend-labs-commerce/seat-reservation-lab/k6/ADR-002/results/20260929-adr002-557dff4/c07-idx-p40/L2/S2/rep3
[2026-10-02 02:38:57] L2 S2 rep4 → /home/jun/project/lab/backend-labs-commerce/seat-reservation-lab/k6/ADR-002/results/20260929-adr002-557dff4/c07-idx-p40/L2/S2/rep4
[2026-10-02 02:39:44] L2 S2 rep5 → /home/jun/project/lab/backend-labs-commerce/seat-reservation-lab/k6/ADR-002/results/20260929-adr002-557dff4/c07-idx-p40/L2/S2/rep5
[2026-10-02 02:40:31] L2 S4 rep1 → /home/jun/project/lab/backend-labs-commerce/seat-reservation-lab/k6/ADR-002/results/20260929-adr002-557dff4/c07-idx-p40/L2/S4/rep1
[2026-10-02 02:48:06] L2 S4 rep2 → /home/jun/project/lab/backend-labs-commerce/seat-reservation-lab/k6/ADR-002/results/20260929-adr002-557dff4/c07-idx-p40/L2/S4/rep2
[2026-10-02 02:55:53] L2 S4 rep3 → /home/jun/project/lab/backend-labs-commerce/seat-reservation-lab/k6/ADR-002/results/20260929-adr002-557dff4/c07-idx-p40/L2/S4/rep3
[2026-10-02 03:03:40] L2 S4 rep4 → /home/jun/project/lab/backend-labs-commerce/seat-reservation-lab/k6/ADR-002/results/20260929-adr002-557dff4/c07-idx-p40/L2/S4/rep4
[2026-10-02 03:11:29] L2 S4 rep5 → /home/jun/project/lab/backend-labs-commerce/seat-reservation-lab/k6/ADR-002/results/20260929-adr002-557dff4/c07-idx-p40/L2/S4/rep5
[2026-10-02 03:19:17] L2 S3-a0 rep1 → /home/jun/project/lab/backend-labs-commerce/seat-reservation-lab/k6/ADR-002/results/20260929-adr002-557dff4/c07-idx-p40/L2/S3-a0/rep1
[2026-10-02 03:40:52] L2 S3-a0 rep2 → /home/jun/project/lab/backend-labs-commerce/seat-reservation-lab/k6/ADR-002/results/20260929-adr002-557dff4/c07-idx-p40/L2/S3-a0/rep2
[2026-10-02 04:02:15] L2 S3-a0 rep3 → /home/jun/project/lab/backend-labs-commerce/seat-reservation-lab/k6/ADR-002/results/20260929-adr002-557dff4/c07-idx-p40/L2/S3-a0/rep3
[2026-10-02 04:23:52] L2 S3-a0 rep4 → /home/jun/project/lab/backend-labs-commerce/seat-reservation-lab/k6/ADR-002/results/20260929-adr002-557dff4/c07-idx-p40/L2/S3-a0/rep4
[2026-10-02 04:45:06] L2 S3-a0 rep5 → /home/jun/project/lab/backend-labs-commerce/seat-reservation-lab/k6/ADR-002/results/20260929-adr002-557dff4/c07-idx-p40/L2/S3-a0/rep5
[2026-10-02 05:06:31] L2 S3-a20 rep1 → /home/jun/project/lab/backend-labs-commerce/seat-reservation-lab/k6/ADR-002/results/20260929-adr002-557dff4/c07-idx-p40/L2/S3-a20/rep1
[2026-10-02 05:28:04] L2 S3-a20 rep2 → /home/jun/project/lab/backend-labs-commerce/seat-reservation-lab/k6/ADR-002/results/20260929-adr002-557dff4/c07-idx-p40/L2/S3-a20/rep2
[2026-10-02 05:49:20] L2 S3-a20 rep3 → /home/jun/project/lab/backend-labs-commerce/seat-reservation-lab/k6/ADR-002/results/20260929-adr002-557dff4/c07-idx-p40/L2/S3-a20/rep3
[2026-10-02 06:10:58] L2 S3-a20 rep4 → /home/jun/project/lab/backend-labs-commerce/seat-reservation-lab/k6/ADR-002/results/20260929-adr002-557dff4/c07-idx-p40/L2/S3-a20/rep4
[2026-10-02 06:32:24] L2 S3-a20 rep5 → /home/jun/project/lab/backend-labs-commerce/seat-reservation-lab/k6/ADR-002/results/20260929-adr002-557dff4/c07-idx-p40/L2/S3-a20/rep5
[2026-10-02 06:54:00] L2 S3-a50 rep1 → /home/jun/project/lab/backend-labs-commerce/seat-reservation-lab/k6/ADR-002/results/20260929-adr002-557dff4/c07-idx-p40/L2/S3-a50/rep1
[2026-10-02 07:15:22] L2 S3-a50 rep2 → /home/jun/project/lab/backend-labs-commerce/seat-reservation-lab/k6/ADR-002/results/20260929-adr002-557dff4/c07-idx-p40/L2/S3-a50/rep2
[2026-10-02 07:36:44] L2 S3-a50 rep3 → /home/jun/project/lab/backend-labs-commerce/seat-reservation-lab/k6/ADR-002/results/20260929-adr002-557dff4/c07-idx-p40/L2/S3-a50/rep3
[2026-10-02 07:58:25] L2 S3-a50 rep4 → /home/jun/project/lab/backend-labs-commerce/seat-reservation-lab/k6/ADR-002/results/20260929-adr002-557dff4/c07-idx-p40/L2/S3-a50/rep4
[2026-10-02 08:20:03] L2 S3-a50 rep5 → /home/jun/project/lab/backend-labs-commerce/seat-reservation-lab/k6/ADR-002/results/20260929-adr002-557dff4/c07-idx-p40/L2/S3-a50/rep5
[2026-10-02 08:41:26] L4 S1 rep1 → /home/jun/project/lab/backend-labs-commerce/seat-reservation-lab/k6/ADR-002/results/20260929-adr002-557dff4/c07-idx-p40/L4/S1/rep1
[2026-10-02 08:42:05] L4 S1 rep2 → /home/jun/project/lab/backend-labs-commerce/seat-reservation-lab/k6/ADR-002/results/20260929-adr002-557dff4/c07-idx-p40/L4/S1/rep2
[2026-10-02 08:42:43] L4 S1 rep3 → /home/jun/project/lab/backend-labs-commerce/seat-reservation-lab/k6/ADR-002/results/20260929-adr002-557dff4/c07-idx-p40/L4/S1/rep3
[2026-10-02 08:43:21] L4 S1 rep4 → /home/jun/project/lab/backend-labs-commerce/seat-reservation-lab/k6/ADR-002/results/20260929-adr002-557dff4/c07-idx-p40/L4/S1/rep4
[2026-10-02 08:43:59] L4 S1 rep5 → /home/jun/project/lab/backend-labs-commerce/seat-reservation-lab/k6/ADR-002/results/20260929-adr002-557dff4/c07-idx-p40/L4/S1/rep5
[2026-10-02 08:44:40] L4 S2 rep1 → /home/jun/project/lab/backend-labs-commerce/seat-reservation-lab/k6/ADR-002/results/20260929-adr002-557dff4/c07-idx-p40/L4/S2/rep1
[2026-10-02 08:45:18] L4 S2 rep2 → /home/jun/project/lab/backend-labs-commerce/seat-reservation-lab/k6/ADR-002/results/20260929-adr002-557dff4/c07-idx-p40/L4/S2/rep2
[2026-10-02 08:45:56] L4 S2 rep3 → /home/jun/project/lab/backend-labs-commerce/seat-reservation-lab/k6/ADR-002/results/20260929-adr002-557dff4/c07-idx-p40/L4/S2/rep3
[2026-10-02 08:46:34] L4 S2 rep4 → /home/jun/project/lab/backend-labs-commerce/seat-reservation-lab/k6/ADR-002/results/20260929-adr002-557dff4/c07-idx-p40/L4/S2/rep4
[2026-10-02 08:47:13] L4 S2 rep5 → /home/jun/project/lab/backend-labs-commerce/seat-reservation-lab/k6/ADR-002/results/20260929-adr002-557dff4/c07-idx-p40/L4/S2/rep5
[2026-10-02 08:47:51] L4 S4 rep1 → /home/jun/project/lab/backend-labs-commerce/seat-reservation-lab/k6/ADR-002/results/20260929-adr002-557dff4/c07-idx-p40/L4/S4/rep1
[2026-10-02 08:55:13] L4 S4 rep2 → /home/jun/project/lab/backend-labs-commerce/seat-reservation-lab/k6/ADR-002/results/20260929-adr002-557dff4/c07-idx-p40/L4/S4/rep2
[2026-10-02 09:02:35] L4 S4 rep3 → /home/jun/project/lab/backend-labs-commerce/seat-reservation-lab/k6/ADR-002/results/20260929-adr002-557dff4/c07-idx-p40/L4/S4/rep3
[2026-10-02 09:09:58] L4 S4 rep4 → /home/jun/project/lab/backend-labs-commerce/seat-reservation-lab/k6/ADR-002/results/20260929-adr002-557dff4/c07-idx-p40/L4/S4/rep4
[2026-10-02 09:17:22] L4 S4 rep5 → /home/jun/project/lab/backend-labs-commerce/seat-reservation-lab/k6/ADR-002/results/20260929-adr002-557dff4/c07-idx-p40/L4/S4/rep5
[2026-10-02 09:24:46] L4 S3-a0 rep1 → /home/jun/project/lab/backend-labs-commerce/seat-reservation-lab/k6/ADR-002/results/20260929-adr002-557dff4/c07-idx-p40/L4/S3-a0/rep1
[2026-10-02 09:42:02] L4 S3-a0 rep2 → /home/jun/project/lab/backend-labs-commerce/seat-reservation-lab/k6/ADR-002/results/20260929-adr002-557dff4/c07-idx-p40/L4/S3-a0/rep2
[2026-10-02 09:59:19] L4 S3-a0 rep3 → /home/jun/project/lab/backend-labs-commerce/seat-reservation-lab/k6/ADR-002/results/20260929-adr002-557dff4/c07-idx-p40/L4/S3-a0/rep3
[2026-10-02 10:16:35] L4 S3-a0 rep4 → /home/jun/project/lab/backend-labs-commerce/seat-reservation-lab/k6/ADR-002/results/20260929-adr002-557dff4/c07-idx-p40/L4/S3-a0/rep4
[2026-10-02 10:33:51] L4 S3-a0 rep5 → /home/jun/project/lab/backend-labs-commerce/seat-reservation-lab/k6/ADR-002/results/20260929-adr002-557dff4/c07-idx-p40/L4/S3-a0/rep5
[2026-10-02 10:51:10] L4 S3-a20 rep1 → /home/jun/project/lab/backend-labs-commerce/seat-reservation-lab/k6/ADR-002/results/20260929-adr002-557dff4/c07-idx-p40/L4/S3-a20/rep1
[2026-10-02 11:12:18] L4 S3-a20 rep2 → /home/jun/project/lab/backend-labs-commerce/seat-reservation-lab/k6/ADR-002/results/20260929-adr002-557dff4/c07-idx-p40/L4/S3-a20/rep2
[2026-10-02 11:33:34] L4 S3-a20 rep3 → /home/jun/project/lab/backend-labs-commerce/seat-reservation-lab/k6/ADR-002/results/20260929-adr002-557dff4/c07-idx-p40/L4/S3-a20/rep3
[2026-10-02 11:54:47] L4 S3-a20 rep4 → /home/jun/project/lab/backend-labs-commerce/seat-reservation-lab/k6/ADR-002/results/20260929-adr002-557dff4/c07-idx-p40/L4/S3-a20/rep4
[2026-10-02 12:15:57] L4 S3-a20 rep5 → /home/jun/project/lab/backend-labs-commerce/seat-reservation-lab/k6/ADR-002/results/20260929-adr002-557dff4/c07-idx-p40/L4/S3-a20/rep5
[2026-10-02 12:36:50] L4 S3-a50 rep1 → /home/jun/project/lab/backend-labs-commerce/seat-reservation-lab/k6/ADR-002/results/20260929-adr002-557dff4/c07-idx-p40/L4/S3-a50/rep1
[2026-10-02 12:58:02] L4 S3-a50 rep2 → /home/jun/project/lab/backend-labs-commerce/seat-reservation-lab/k6/ADR-002/results/20260929-adr002-557dff4/c07-idx-p40/L4/S3-a50/rep2
[2026-10-02 13:19:11] L4 S3-a50 rep3 → /home/jun/project/lab/backend-labs-commerce/seat-reservation-lab/k6/ADR-002/results/20260929-adr002-557dff4/c07-idx-p40/L4/S3-a50/rep3
[2026-10-02 13:40:23] L4 S3-a50 rep4 → /home/jun/project/lab/backend-labs-commerce/seat-reservation-lab/k6/ADR-002/results/20260929-adr002-557dff4/c07-idx-p40/L4/S3-a50/rep4
[2026-10-02 14:01:31] L4 S3-a50 rep5 → /home/jun/project/lab/backend-labs-commerce/seat-reservation-lab/k6/ADR-002/results/20260929-adr002-557dff4/c07-idx-p40/L4/S3-a50/rep5
[2026-10-02 14:22:45] compose down (557dff4)
 Container seatlab-app-1 Stopping 
 Container seatlab-app-1 Stopped 
 Container seatlab-app-1 Removing 
 Container seatlab-app-1 Removed 
 Container seatlab-db-1 Stopping 
 Container seatlab-db-1 Stopped 
 Container seatlab-db-1 Removing 
 Container seatlab-db-1 Removed 
 Network seatlab_default Removing 
 Volume seatlab_pgdata Removing 
 Volume seatlab_pgdata Removed 
 Network seatlab_default Removed 
[2026-10-02 14:22:46] matrix done: /home/jun/project/lab/backend-labs-commerce/seat-reservation-lab/k6/ADR-002/results/20260929-adr002-557dff4/c07-idx-p40
