[2026-10-02 14:22:46] matrix 20260929-adr002-557dff4/c08-noidx-p20: levels=[2 4] reps=5 cells=[S1 S4]
[2026-10-02 14:22:46] L2 S1 rep1 → /home/jun/project/lab/backend-labs-commerce/seat-reservation-lab/k6/ADR-002/results/20260929-adr002-557dff4/c08-noidx-p20/L2/S1/rep1
[2026-10-02 14:25:10] L2 S1 rep2 → /home/jun/project/lab/backend-labs-commerce/seat-reservation-lab/k6/ADR-002/results/20260929-adr002-557dff4/c08-noidx-p20/L2/S1/rep2
[2026-10-02 14:25:56] L2 S1 rep3 → /home/jun/project/lab/backend-labs-commerce/seat-reservation-lab/k6/ADR-002/results/20260929-adr002-557dff4/c08-noidx-p20/L2/S1/rep3
[2026-10-02 14:26:42] L2 S1 rep4 → /home/jun/project/lab/backend-labs-commerce/seat-reservation-lab/k6/ADR-002/results/20260929-adr002-557dff4/c08-noidx-p20/L2/S1/rep4
[2026-10-02 14:27:28] L2 S1 rep5 → /home/jun/project/lab/backend-labs-commerce/seat-reservation-lab/k6/ADR-002/results/20260929-adr002-557dff4/c08-noidx-p20/L2/S1/rep5
[2026-10-02 14:28:14] L2 S4 rep1 → /home/jun/project/lab/backend-labs-commerce/seat-reservation-lab/k6/ADR-002/results/20260929-adr002-557dff4/c08-noidx-p20/L2/S4/rep1
[2026-10-02 14:35:15] L2 S4 rep2 → /home/jun/project/lab/backend-labs-commerce/seat-reservation-lab/k6/ADR-002/results/20260929-adr002-557dff4/c08-noidx-p20/L2/S4/rep2
[2026-10-02 14:42:27] L2 S4 rep3 → /home/jun/project/lab/backend-labs-commerce/seat-reservation-lab/k6/ADR-002/results/20260929-adr002-557dff4/c08-noidx-p20/L2/S4/rep3
[2026-10-02 14:49:29] L2 S4 rep4 → /home/jun/project/lab/backend-labs-commerce/seat-reservation-lab/k6/ADR-002/results/20260929-adr002-557dff4/c08-noidx-p20/L2/S4/rep4
[2026-10-02 14:56:39] L2 S4 rep5 → /home/jun/project/lab/backend-labs-commerce/seat-reservation-lab/k6/ADR-002/results/20260929-adr002-557dff4/c08-noidx-p20/L2/S4/rep5
[2026-10-02 15:03:53] L4 S1 rep1 → /home/jun/project/lab/backend-labs-commerce/seat-reservation-lab/k6/ADR-002/results/20260929-adr002-557dff4/c08-noidx-p20/L4/S1/rep1
[2026-10-02 15:04:33] L4 S1 rep2 → /home/jun/project/lab/backend-labs-commerce/seat-reservation-lab/k6/ADR-002/results/20260929-adr002-557dff4/c08-noidx-p20/L4/S1/rep2
[2026-10-02 15:05:12] L4 S1 rep3 → /home/jun/project/lab/backend-labs-commerce/seat-reservation-lab/k6/ADR-002/results/20260929-adr002-557dff4/c08-noidx-p20/L4/S1/rep3
[2026-10-02 15:05:51] L4 S1 rep4 → /home/jun/project/lab/backend-labs-commerce/seat-reservation-lab/k6/ADR-002/results/20260929-adr002-557dff4/c08-noidx-p20/L4/S1/rep4
[2026-10-02 15:06:30] L4 S1 rep5 → /home/jun/project/lab/backend-labs-commerce/seat-reservation-lab/k6/ADR-002/results/20260929-adr002-557dff4/c08-noidx-p20/L4/S1/rep5
[2026-10-02 15:07:09] L4 S4 rep1 → /home/jun/project/lab/backend-labs-commerce/seat-reservation-lab/k6/ADR-002/results/20260929-adr002-557dff4/c08-noidx-p20/L4/S4/rep1
[2026-10-02 15:14:09] L4 S4 rep2 → /home/jun/project/lab/backend-labs-commerce/seat-reservation-lab/k6/ADR-002/results/20260929-adr002-557dff4/c08-noidx-p20/L4/S4/rep2
[2026-10-02 15:21:13] L4 S4 rep3 → /home/jun/project/lab/backend-labs-commerce/seat-reservation-lab/k6/ADR-002/results/20260929-adr002-557dff4/c08-noidx-p20/L4/S4/rep3
[2026-10-02 15:28:10] L4 S4 rep4 → /home/jun/project/lab/backend-labs-commerce/seat-reservation-lab/k6/ADR-002/results/20260929-adr002-557dff4/c08-noidx-p20/L4/S4/rep4
[2026-10-02 15:35:08] L4 S4 rep5 → /home/jun/project/lab/backend-labs-commerce/seat-reservation-lab/k6/ADR-002/results/20260929-adr002-557dff4/c08-noidx-p20/L4/S4/rep5
[2026-10-02 15:42:03] compose down (557dff4)
 Container seatlab-app-1 Stopping 
 Container seatlab-app-1 Stopped 
 Container seatlab-app-1 Removing 
 Container seatlab-app-1 Removed 
 Container seatlab-db-1 Stopping 
 Container seatlab-db-1 Stopped 
 Container seatlab-db-1 Removing 
 Container seatlab-db-1 Removed 
 Volume seatlab_pgdata Removing 
 Network seatlab_default Removing 
 Volume seatlab_pgdata Removed 
 Network seatlab_default Removed 
[2026-10-02 15:42:04] matrix done: /home/jun/project/lab/backend-labs-commerce/seat-reservation-lab/k6/ADR-002/results/20260929-adr002-557dff4/c08-noidx-p20
