[2026-10-02 15:42:05] matrix 20260929-adr002-557dff4/c09-noidx-p40: levels=[2 4] reps=5 cells=[S1 S4]
[2026-10-02 15:42:05] L2 S1 rep1 → /home/jun/project/lab/backend-labs-commerce/seat-reservation-lab/k6/ADR-002/results/20260929-adr002-557dff4/c09-noidx-p40/L2/S1/rep1
[2026-10-02 15:42:50] L2 S1 rep2 → /home/jun/project/lab/backend-labs-commerce/seat-reservation-lab/k6/ADR-002/results/20260929-adr002-557dff4/c09-noidx-p40/L2/S1/rep2
[2026-10-02 15:43:35] L2 S1 rep3 → /home/jun/project/lab/backend-labs-commerce/seat-reservation-lab/k6/ADR-002/results/20260929-adr002-557dff4/c09-noidx-p40/L2/S1/rep3
[2026-10-02 15:44:22] L2 S1 rep4 → /home/jun/project/lab/backend-labs-commerce/seat-reservation-lab/k6/ADR-002/results/20260929-adr002-557dff4/c09-noidx-p40/L2/S1/rep4
[2026-10-02 15:45:08] L2 S1 rep5 → /home/jun/project/lab/backend-labs-commerce/seat-reservation-lab/k6/ADR-002/results/20260929-adr002-557dff4/c09-noidx-p40/L2/S1/rep5
[2026-10-02 15:45:52] L2 S4 rep1 → /home/jun/project/lab/backend-labs-commerce/seat-reservation-lab/k6/ADR-002/results/20260929-adr002-557dff4/c09-noidx-p40/L2/S4/rep1
[2026-10-02 15:53:00] L2 S4 rep2 → /home/jun/project/lab/backend-labs-commerce/seat-reservation-lab/k6/ADR-002/results/20260929-adr002-557dff4/c09-noidx-p40/L2/S4/rep2
[2026-10-02 16:00:08] L2 S4 rep3 → /home/jun/project/lab/backend-labs-commerce/seat-reservation-lab/k6/ADR-002/results/20260929-adr002-557dff4/c09-noidx-p40/L2/S4/rep3
[2026-10-02 16:07:24] L2 S4 rep4 → /home/jun/project/lab/backend-labs-commerce/seat-reservation-lab/k6/ADR-002/results/20260929-adr002-557dff4/c09-noidx-p40/L2/S4/rep4
[2026-10-02 16:14:34] L2 S4 rep5 → /home/jun/project/lab/backend-labs-commerce/seat-reservation-lab/k6/ADR-002/results/20260929-adr002-557dff4/c09-noidx-p40/L2/S4/rep5
[2026-10-02 16:21:43] L4 S1 rep1 → /home/jun/project/lab/backend-labs-commerce/seat-reservation-lab/k6/ADR-002/results/20260929-adr002-557dff4/c09-noidx-p40/L4/S1/rep1
[2026-10-02 16:22:23] L4 S1 rep2 → /home/jun/project/lab/backend-labs-commerce/seat-reservation-lab/k6/ADR-002/results/20260929-adr002-557dff4/c09-noidx-p40/L4/S1/rep2
[2026-10-02 16:23:02] L4 S1 rep3 → /home/jun/project/lab/backend-labs-commerce/seat-reservation-lab/k6/ADR-002/results/20260929-adr002-557dff4/c09-noidx-p40/L4/S1/rep3
[2026-10-02 16:23:41] L4 S1 rep4 → /home/jun/project/lab/backend-labs-commerce/seat-reservation-lab/k6/ADR-002/results/20260929-adr002-557dff4/c09-noidx-p40/L4/S1/rep4
[2026-10-02 16:24:20] L4 S1 rep5 → /home/jun/project/lab/backend-labs-commerce/seat-reservation-lab/k6/ADR-002/results/20260929-adr002-557dff4/c09-noidx-p40/L4/S1/rep5
[2026-10-02 16:24:58] L4 S4 rep1 → /home/jun/project/lab/backend-labs-commerce/seat-reservation-lab/k6/ADR-002/results/20260929-adr002-557dff4/c09-noidx-p40/L4/S4/rep1
[2026-10-02 16:32:07] L4 S4 rep2 → /home/jun/project/lab/backend-labs-commerce/seat-reservation-lab/k6/ADR-002/results/20260929-adr002-557dff4/c09-noidx-p40/L4/S4/rep2
[2026-10-02 16:39:17] L4 S4 rep3 → /home/jun/project/lab/backend-labs-commerce/seat-reservation-lab/k6/ADR-002/results/20260929-adr002-557dff4/c09-noidx-p40/L4/S4/rep3
[2026-10-02 16:46:21] L4 S4 rep4 → /home/jun/project/lab/backend-labs-commerce/seat-reservation-lab/k6/ADR-002/results/20260929-adr002-557dff4/c09-noidx-p40/L4/S4/rep4
[2026-10-02 16:53:22] L4 S4 rep5 → /home/jun/project/lab/backend-labs-commerce/seat-reservation-lab/k6/ADR-002/results/20260929-adr002-557dff4/c09-noidx-p40/L4/S4/rep5
[2026-10-02 17:00:33] compose down (557dff4)
 Container seatlab-app-1 Stopping 
 Container seatlab-app-1 Stopped 
 Container seatlab-app-1 Removing 
 Container seatlab-app-1 Removed 
 Container seatlab-db-1 Stopping 
 Container seatlab-db-1 Stopped 
 Container seatlab-db-1 Removing 
 Container seatlab-db-1 Removed 
 Volume seatlab_pgdata Removing 
 Network seatlab_default Removing 
 Volume seatlab_pgdata Removed 
 Network seatlab_default Removed 
[2026-10-02 17:00:34] matrix done: /home/jun/project/lab/backend-labs-commerce/seat-reservation-lab/k6/ADR-002/results/20260929-adr002-557dff4/c09-noidx-p40
