2026-09-29T22:05:41+09:00 CAMPAIGN start sha=557dff4
2026-09-29T22:05:41+09:00 c00-noidx-p10 start 
2026-09-30T09:44:09+09:00 c00-noidx-p10 exit=0
2026-09-30T09:44:09+09:00 s5 start
2026-09-30T10:41:04+09:00 s5 exit=0
2026-09-30T10:41:04+09:00 c01-idx-p10 start 
2026-09-30T22:27:52+09:00 c01-idx-p10 exit=0
2026-09-30T22:27:52+09:00 c02-noidx-p10-bg100k start 
2026-09-30T22:28:14+09:00 c02-noidx-p10-bg100k exit=3
2026-09-30T22:28:14+09:00 ABORT c02-noidx-p10-bg100k exit=3
2026-10-01T06:56:47+09:00 CAMPAIGN start sha=557dff4
2026-10-01T06:56:47+09:00 c02-noidx-p10-bg100k start --resume
2026-10-01T08:05:07+09:00 c02-noidx-p10-bg100k exit=0
2026-10-01T08:05:07+09:00 c03-idx-p10-bg100k start 
2026-10-01T08:15:12+09:00 CAMPAIGN start sha=557dff4
2026-10-01T08:15:12+09:00 c03-idx-p10-bg100k start --resume
2026-10-01T09:34:51+09:00 c03-idx-p10-bg100k exit=0
2026-10-01T09:34:51+09:00 c04-noidx-p10-bg1m start 
2026-10-01T09:35:11+09:00 c04-noidx-p10-bg1m exit=3
2026-10-01T09:35:11+09:00 ABORT c04-noidx-p10-bg1m exit=3
2026-10-01T12:07:10+09:00 CAMPAIGN start sha=557dff4
2026-10-01T12:07:10+09:00 c04-noidx-p10-bg1m start --resume
2026-10-01T13:07:42+09:00 c04-noidx-p10-bg1m exit=0
2026-10-01T13:07:42+09:00 c05-idx-p10-bg1m start 
2026-10-01T14:43:01+09:00 c05-idx-p10-bg1m exit=0
2026-10-01T14:43:01+09:00 c06-idx-p20 start 
2026-10-02T02:32:44+09:00 c06-idx-p20 exit=0
2026-10-02T02:32:44+09:00 c07-idx-p40 start 
2026-10-02T14:22:46+09:00 c07-idx-p40 exit=0
2026-10-02T14:22:46+09:00 c08-noidx-p20 start 
2026-10-02T15:42:04+09:00 c08-noidx-p20 exit=0
2026-10-02T15:42:04+09:00 c09-noidx-p40 start 
2026-10-02T17:00:34+09:00 c09-noidx-p40 exit=0
2026-10-02T17:00:34+09:00 CAMPAIGN done
