2026-10-06T19:05:30+09:00 CAMPAIGN start sha=7acad14b suite=main reps=5 conditions=30
2026-10-06T19:05:30+09:00 none-s24 rep1 start 
2026-10-06T19:26:24+09:00 none-s24 rep1 exit=0
2026-10-06T19:26:24+09:00 advisory-s24 rep1 start 
2026-10-06T19:46:58+09:00 advisory-s24 rep1 exit=0
2026-10-06T19:46:58+09:00 advisory-try-s24 rep1 start 
2026-10-06T20:07:57+09:00 advisory-try-s24 rep1 exit=0
2026-10-06T20:07:57+09:00 advisory-try-early-s24 rep1 start 
2026-10-06T20:28:45+09:00 advisory-try-early-s24 rep1 exit=0
2026-10-06T20:28:45+09:00 quota-lock-s24 rep1 start 
2026-10-06T20:49:37+09:00 quota-lock-s24 rep1 exit=0
2026-10-06T20:49:38+09:00 quota-nowait-s24 rep1 start 
2026-10-06T21:10:05+09:00 quota-nowait-s24 rep1 exit=0
2026-10-06T21:10:05+09:00 quota-nowait-early-s24 rep1 start 
2026-10-06T21:30:42+09:00 quota-nowait-early-s24 rep1 exit=0
2026-10-06T21:30:42+09:00 counter-s24 rep1 start 
2026-10-06T21:51:23+09:00 counter-s24 rep1 exit=0
2026-10-06T21:51:23+09:00 serializable-s24 rep1 start 
2026-10-06T22:13:21+09:00 serializable-s24 rep1 exit=0
2026-10-06T22:13:21+09:00 serializable-retry-s24 rep1 start 
2026-10-06T22:35:16+09:00 serializable-retry-s24 rep1 exit=0
2026-10-06T22:35:16+09:00 none-s3 rep1 start 
2026-10-06T23:35:21+09:00 none-s3 rep1 exit=0
2026-10-06T23:35:21+09:00 advisory-s3 rep1 start 
2026-10-07T00:35:22+09:00 advisory-s3 rep1 exit=0
2026-10-07T00:35:22+09:00 advisory-try-s3 rep1 start 
2026-10-07T01:35:24+09:00 advisory-try-s3 rep1 exit=0
2026-10-07T01:35:24+09:00 advisory-try-early-s3 rep1 start 
2026-10-07T02:36:06+09:00 advisory-try-early-s3 rep1 exit=0
2026-10-07T02:36:06+09:00 quota-lock-s3 rep1 start 
2026-10-07T03:36:08+09:00 quota-lock-s3 rep1 exit=0
2026-10-07T03:36:08+09:00 quota-nowait-s3 rep1 start 
2026-10-07T04:36:04+09:00 quota-nowait-s3 rep1 exit=0
2026-10-07T04:36:04+09:00 quota-nowait-early-s3 rep1 start 
2026-10-07T05:35:57+09:00 quota-nowait-early-s3 rep1 exit=0
2026-10-07T05:35:57+09:00 counter-s3 rep1 start 
2026-10-07T06:36:11+09:00 counter-s3 rep1 exit=0
2026-10-07T06:36:11+09:00 serializable-s3 rep1 start 
2026-10-07T07:36:30+09:00 serializable-s3 rep1 exit=0
2026-10-07T07:36:30+09:00 serializable-retry-s3 rep1 start 
2026-10-07T08:37:30+09:00 serializable-retry-s3 rep1 exit=0
2026-10-07T08:37:30+09:00 none-s7 rep1 start 
2026-10-07T08:39:19+09:00 none-s7 rep1 exit=0
2026-10-07T08:39:19+09:00 advisory-s7 rep1 start 
2026-10-07T08:41:07+09:00 advisory-s7 rep1 exit=0
2026-10-07T08:41:07+09:00 advisory-try-s7 rep1 start 
2026-10-07T08:42:57+09:00 advisory-try-s7 rep1 exit=0
2026-10-07T08:42:57+09:00 advisory-try-early-s7 rep1 start 
2026-10-07T08:44:46+09:00 advisory-try-early-s7 rep1 exit=0
2026-10-07T08:44:46+09:00 quota-lock-s7 rep1 start 
2026-10-07T08:46:35+09:00 quota-lock-s7 rep1 exit=0
2026-10-07T08:46:35+09:00 quota-nowait-s7 rep1 start 
2026-10-07T08:48:25+09:00 quota-nowait-s7 rep1 exit=0
2026-10-07T08:48:25+09:00 quota-nowait-early-s7 rep1 start 
2026-10-07T08:50:14+09:00 quota-nowait-early-s7 rep1 exit=0
2026-10-07T08:50:14+09:00 counter-s7 rep1 start 
2026-10-07T08:52:01+09:00 counter-s7 rep1 exit=0
2026-10-07T08:52:01+09:00 serializable-s7 rep1 start 
2026-10-07T08:53:52+09:00 serializable-s7 rep1 exit=0
2026-10-07T08:53:52+09:00 serializable-retry-s7 rep1 start 
2026-10-07T08:55:47+09:00 serializable-retry-s7 rep1 exit=0
2026-10-07T08:55:47+09:00 none-s24 rep2 start --resume
2026-10-07T09:16:46+09:00 none-s24 rep2 exit=0
2026-10-07T09:16:46+09:00 advisory-s24 rep2 start --resume
2026-10-07T09:37:44+09:00 advisory-s24 rep2 exit=0
2026-10-07T09:37:44+09:00 advisory-try-s24 rep2 start --resume
2026-10-07T09:58:36+09:00 advisory-try-s24 rep2 exit=0
2026-10-07T09:58:36+09:00 advisory-try-early-s24 rep2 start --resume
2026-10-07T10:19:30+09:00 advisory-try-early-s24 rep2 exit=0
2026-10-07T10:19:30+09:00 quota-lock-s24 rep2 start --resume
2026-10-07T10:40:02+09:00 quota-lock-s24 rep2 exit=0
2026-10-07T10:40:02+09:00 quota-nowait-s24 rep2 start --resume
2026-10-07T11:00:31+09:00 quota-nowait-s24 rep2 exit=0
2026-10-07T11:00:31+09:00 quota-nowait-early-s24 rep2 start --resume
2026-10-07T11:21:23+09:00 quota-nowait-early-s24 rep2 exit=0
2026-10-07T11:21:23+09:00 counter-s24 rep2 start --resume
2026-10-07T11:42:11+09:00 counter-s24 rep2 exit=0
2026-10-07T11:42:11+09:00 serializable-s24 rep2 start --resume
2026-10-07T12:04:28+09:00 serializable-s24 rep2 exit=0
2026-10-07T12:04:28+09:00 serializable-retry-s24 rep2 start --resume
2026-10-07T12:26:25+09:00 serializable-retry-s24 rep2 exit=0
2026-10-07T12:26:25+09:00 none-s3 rep2 start --resume
2026-10-07T13:26:20+09:00 none-s3 rep2 exit=0
2026-10-07T13:26:20+09:00 advisory-s3 rep2 start --resume
2026-10-07T14:26:31+09:00 advisory-s3 rep2 exit=0
2026-10-07T14:26:31+09:00 advisory-try-s3 rep2 start --resume
2026-10-07T15:26:40+09:00 advisory-try-s3 rep2 exit=0
2026-10-07T15:26:40+09:00 advisory-try-early-s3 rep2 start --resume
2026-10-07T16:26:40+09:00 advisory-try-early-s3 rep2 exit=0
2026-10-07T16:26:40+09:00 quota-lock-s3 rep2 start --resume
2026-10-07T17:26:48+09:00 quota-lock-s3 rep2 exit=0
2026-10-07T17:26:48+09:00 quota-nowait-s3 rep2 start --resume
2026-10-07T18:26:47+09:00 quota-nowait-s3 rep2 exit=0
2026-10-07T18:26:47+09:00 quota-nowait-early-s3 rep2 start --resume
2026-10-07T19:27:19+09:00 quota-nowait-early-s3 rep2 exit=0
2026-10-07T19:27:19+09:00 counter-s3 rep2 start --resume
2026-10-07T20:27:25+09:00 counter-s3 rep2 exit=0
2026-10-07T20:27:25+09:00 serializable-s3 rep2 start --resume
2026-10-07T21:28:26+09:00 serializable-s3 rep2 exit=0
2026-10-07T21:28:26+09:00 serializable-retry-s3 rep2 start --resume
2026-10-07T22:29:49+09:00 serializable-retry-s3 rep2 exit=0
2026-10-07T22:29:49+09:00 none-s7 rep2 start --resume
2026-10-07T22:31:40+09:00 none-s7 rep2 exit=0
2026-10-07T22:31:40+09:00 advisory-s7 rep2 start --resume
2026-10-07T22:33:29+09:00 advisory-s7 rep2 exit=0
2026-10-07T22:33:29+09:00 advisory-try-s7 rep2 start --resume
2026-10-07T22:35:18+09:00 advisory-try-s7 rep2 exit=0
2026-10-07T22:35:18+09:00 advisory-try-early-s7 rep2 start --resume
2026-10-07T22:37:06+09:00 advisory-try-early-s7 rep2 exit=0
2026-10-07T22:37:06+09:00 quota-lock-s7 rep2 start --resume
2026-10-07T22:38:57+09:00 quota-lock-s7 rep2 exit=0
2026-10-07T22:38:57+09:00 quota-nowait-s7 rep2 start --resume
2026-10-07T22:40:46+09:00 quota-nowait-s7 rep2 exit=0
2026-10-07T22:40:46+09:00 quota-nowait-early-s7 rep2 start --resume
2026-10-07T22:42:37+09:00 quota-nowait-early-s7 rep2 exit=0
2026-10-07T22:42:37+09:00 counter-s7 rep2 start --resume
2026-10-07T22:44:26+09:00 counter-s7 rep2 exit=0
2026-10-07T22:44:26+09:00 serializable-s7 rep2 start --resume
2026-10-07T22:46:16+09:00 serializable-s7 rep2 exit=0
2026-10-07T22:46:17+09:00 serializable-retry-s7 rep2 start --resume
2026-10-07T22:48:09+09:00 serializable-retry-s7 rep2 exit=0
2026-10-07T22:48:09+09:00 none-s24 rep3 start --resume
2026-10-07T23:09:03+09:00 none-s24 rep3 exit=0
2026-10-07T23:09:03+09:00 advisory-s24 rep3 start --resume
2026-10-07T23:29:54+09:00 advisory-s24 rep3 exit=0
2026-10-07T23:29:54+09:00 advisory-try-s24 rep3 start --resume
2026-10-07T23:50:49+09:00 advisory-try-s24 rep3 exit=0
2026-10-07T23:50:49+09:00 advisory-try-early-s24 rep3 start --resume
2026-10-08T00:11:32+09:00 advisory-try-early-s24 rep3 exit=0
2026-10-08T00:11:32+09:00 quota-lock-s24 rep3 start --resume
2026-10-08T00:32:22+09:00 quota-lock-s24 rep3 exit=0
2026-10-08T00:32:22+09:00 quota-nowait-s24 rep3 start --resume
2026-10-08T00:52:41+09:00 quota-nowait-s24 rep3 exit=0
2026-10-08T00:52:41+09:00 quota-nowait-early-s24 rep3 start --resume
2026-10-08T01:13:20+09:00 quota-nowait-early-s24 rep3 exit=0
2026-10-08T01:13:20+09:00 counter-s24 rep3 start --resume
2026-10-08T01:34:08+09:00 counter-s24 rep3 exit=0
2026-10-08T01:34:08+09:00 serializable-s24 rep3 start --resume
2026-10-08T01:55:57+09:00 serializable-s24 rep3 exit=0
2026-10-08T01:55:57+09:00 serializable-retry-s24 rep3 start --resume
2026-10-08T02:18:02+09:00 serializable-retry-s24 rep3 exit=0
2026-10-08T02:18:02+09:00 none-s3 rep3 start --resume
2026-10-08T03:17:58+09:00 none-s3 rep3 exit=0
2026-10-08T03:17:58+09:00 advisory-s3 rep3 start --resume
2026-10-08T04:18:01+09:00 advisory-s3 rep3 exit=0
2026-10-08T04:18:01+09:00 advisory-try-s3 rep3 start --resume
2026-10-08T05:17:57+09:00 advisory-try-s3 rep3 exit=0
2026-10-08T05:17:57+09:00 advisory-try-early-s3 rep3 start --resume
2026-10-08T06:18:31+09:00 advisory-try-early-s3 rep3 exit=0
2026-10-08T06:18:31+09:00 quota-lock-s3 rep3 start --resume
2026-10-08T07:18:25+09:00 quota-lock-s3 rep3 exit=0
2026-10-08T07:18:25+09:00 quota-nowait-s3 rep3 start --resume
2026-10-08T08:18:25+09:00 quota-nowait-s3 rep3 exit=0
2026-10-08T08:18:25+09:00 quota-nowait-early-s3 rep3 start --resume
2026-10-08T09:18:28+09:00 quota-nowait-early-s3 rep3 exit=0
2026-10-08T09:18:28+09:00 counter-s3 rep3 start --resume
2026-10-08T10:18:23+09:00 counter-s3 rep3 exit=0
2026-10-08T10:18:23+09:00 serializable-s3 rep3 start --resume
2026-10-08T11:18:40+09:00 serializable-s3 rep3 exit=0
2026-10-08T11:18:40+09:00 serializable-retry-s3 rep3 start --resume
2026-10-08T12:19:29+09:00 serializable-retry-s3 rep3 exit=0
2026-10-08T12:19:30+09:00 none-s7 rep3 start --resume
2026-10-08T12:21:18+09:00 none-s7 rep3 exit=0
2026-10-08T12:21:18+09:00 advisory-s7 rep3 start --resume
2026-10-08T12:23:08+09:00 advisory-s7 rep3 exit=0
2026-10-08T12:23:08+09:00 advisory-try-s7 rep3 start --resume
2026-10-08T12:24:57+09:00 advisory-try-s7 rep3 exit=0
2026-10-08T12:24:57+09:00 advisory-try-early-s7 rep3 start --resume
2026-10-08T12:26:45+09:00 advisory-try-early-s7 rep3 exit=0
2026-10-08T12:26:45+09:00 quota-lock-s7 rep3 start --resume
2026-10-08T12:28:32+09:00 quota-lock-s7 rep3 exit=0
2026-10-08T12:28:32+09:00 quota-nowait-s7 rep3 start --resume
2026-10-08T12:30:20+09:00 quota-nowait-s7 rep3 exit=0
2026-10-08T12:30:20+09:00 quota-nowait-early-s7 rep3 start --resume
2026-10-08T12:32:07+09:00 quota-nowait-early-s7 rep3 exit=0
2026-10-08T12:32:07+09:00 counter-s7 rep3 start --resume
2026-10-08T12:33:55+09:00 counter-s7 rep3 exit=0
2026-10-08T12:33:55+09:00 serializable-s7 rep3 start --resume
2026-10-08T12:35:44+09:00 serializable-s7 rep3 exit=0
2026-10-08T12:35:44+09:00 serializable-retry-s7 rep3 start --resume
2026-10-08T12:37:35+09:00 serializable-retry-s7 rep3 exit=0
2026-10-08T12:37:35+09:00 none-s24 rep4 start --resume
2026-10-08T12:58:31+09:00 none-s24 rep4 exit=0
2026-10-08T12:58:31+09:00 advisory-s24 rep4 start --resume
2026-10-08T13:19:22+09:00 advisory-s24 rep4 exit=0
2026-10-08T13:19:22+09:00 advisory-try-s24 rep4 start --resume
2026-10-08T13:40:22+09:00 advisory-try-s24 rep4 exit=0
2026-10-08T13:40:22+09:00 advisory-try-early-s24 rep4 start --resume
2026-10-08T14:01:15+09:00 advisory-try-early-s24 rep4 exit=0
2026-10-08T14:01:15+09:00 quota-lock-s24 rep4 start --resume
2026-10-08T14:21:43+09:00 quota-lock-s24 rep4 exit=0
2026-10-08T14:21:43+09:00 quota-nowait-s24 rep4 start --resume
2026-10-08T14:42:28+09:00 quota-nowait-s24 rep4 exit=0
2026-10-08T14:42:28+09:00 quota-nowait-early-s24 rep4 start --resume
2026-10-08T15:03:06+09:00 quota-nowait-early-s24 rep4 exit=0
2026-10-08T15:03:06+09:00 counter-s24 rep4 start --resume
2026-10-08T15:23:27+09:00 counter-s24 rep4 exit=0
2026-10-08T15:23:27+09:00 serializable-s24 rep4 start --resume
2026-10-08T15:45:26+09:00 serializable-s24 rep4 exit=0
2026-10-08T15:45:27+09:00 serializable-retry-s24 rep4 start --resume
2026-10-08T16:07:33+09:00 serializable-retry-s24 rep4 exit=0
2026-10-08T16:07:33+09:00 none-s7 rep4 start --resume
2026-10-08T16:09:25+09:00 none-s7 rep4 exit=0
2026-10-08T16:09:25+09:00 advisory-s7 rep4 start --resume
2026-10-08T16:11:16+09:00 advisory-s7 rep4 exit=0
2026-10-08T16:11:16+09:00 advisory-try-s7 rep4 start --resume
2026-10-08T16:13:06+09:00 advisory-try-s7 rep4 exit=0
2026-10-08T16:13:06+09:00 advisory-try-early-s7 rep4 start --resume
2026-10-08T16:14:56+09:00 advisory-try-early-s7 rep4 exit=0
2026-10-08T16:14:56+09:00 quota-lock-s7 rep4 start --resume
2026-10-08T16:16:48+09:00 quota-lock-s7 rep4 exit=0
2026-10-08T16:16:48+09:00 quota-nowait-s7 rep4 start --resume
2026-10-08T16:18:38+09:00 quota-nowait-s7 rep4 exit=0
2026-10-08T16:18:38+09:00 quota-nowait-early-s7 rep4 start --resume
2026-10-08T16:20:28+09:00 quota-nowait-early-s7 rep4 exit=0
2026-10-08T16:20:29+09:00 counter-s7 rep4 start --resume
2026-10-08T16:22:19+09:00 counter-s7 rep4 exit=0
2026-10-08T16:22:20+09:00 serializable-s7 rep4 start --resume
2026-10-08T16:24:12+09:00 serializable-s7 rep4 exit=0
2026-10-08T16:24:12+09:00 serializable-retry-s7 rep4 start --resume
2026-10-08T16:26:07+09:00 serializable-retry-s7 rep4 exit=0
2026-10-08T16:26:07+09:00 none-s24 rep5 start --resume
2026-10-08T16:47:08+09:00 none-s24 rep5 exit=0
2026-10-08T16:47:08+09:00 advisory-s24 rep5 start --resume
2026-10-08T17:07:52+09:00 advisory-s24 rep5 exit=0
2026-10-08T17:07:52+09:00 advisory-try-s24 rep5 start --resume
2026-10-08T17:28:40+09:00 advisory-try-s24 rep5 exit=0
2026-10-08T17:28:40+09:00 advisory-try-early-s24 rep5 start --resume
2026-10-08T17:49:35+09:00 advisory-try-early-s24 rep5 exit=0
2026-10-08T17:49:35+09:00 quota-lock-s24 rep5 start --resume
2026-10-08T18:10:35+09:00 quota-lock-s24 rep5 exit=0
2026-10-08T18:10:35+09:00 quota-nowait-s24 rep5 start --resume
2026-10-08T18:31:17+09:00 quota-nowait-s24 rep5 exit=0
2026-10-08T18:31:17+09:00 quota-nowait-early-s24 rep5 start --resume
2026-10-08T18:51:46+09:00 quota-nowait-early-s24 rep5 exit=0
2026-10-08T18:51:46+09:00 counter-s24 rep5 start --resume
2026-10-08T19:12:26+09:00 counter-s24 rep5 exit=0
2026-10-08T19:12:26+09:00 serializable-s24 rep5 start --resume
2026-10-08T19:34:30+09:00 serializable-s24 rep5 exit=0
2026-10-08T19:34:30+09:00 serializable-retry-s24 rep5 start --resume
2026-10-08T19:56:50+09:00 serializable-retry-s24 rep5 exit=0
2026-10-08T19:56:50+09:00 none-s7 rep5 start --resume
2026-10-08T19:58:41+09:00 none-s7 rep5 exit=0
2026-10-08T19:58:41+09:00 advisory-s7 rep5 start --resume
2026-10-08T20:00:32+09:00 advisory-s7 rep5 exit=0
2026-10-08T20:00:32+09:00 advisory-try-s7 rep5 start --resume
2026-10-08T20:02:23+09:00 advisory-try-s7 rep5 exit=0
2026-10-08T20:02:23+09:00 advisory-try-early-s7 rep5 start --resume
2026-10-08T20:04:14+09:00 advisory-try-early-s7 rep5 exit=0
2026-10-08T20:04:14+09:00 quota-lock-s7 rep5 start --resume
2026-10-08T20:06:07+09:00 quota-lock-s7 rep5 exit=0
2026-10-08T20:06:07+09:00 quota-nowait-s7 rep5 start --resume
2026-10-08T20:07:58+09:00 quota-nowait-s7 rep5 exit=0
2026-10-08T20:07:58+09:00 quota-nowait-early-s7 rep5 start --resume
2026-10-08T20:09:51+09:00 quota-nowait-early-s7 rep5 exit=0
2026-10-08T20:09:51+09:00 counter-s7 rep5 start --resume
2026-10-08T20:11:40+09:00 counter-s7 rep5 exit=0
2026-10-08T20:11:40+09:00 serializable-s7 rep5 start --resume
2026-10-08T20:13:32+09:00 serializable-s7 rep5 exit=0
2026-10-08T20:13:32+09:00 serializable-retry-s7 rep5 start --resume
2026-10-08T20:15:28+09:00 serializable-retry-s7 rep5 exit=0
2026-10-08T20:15:29+09:00 re-measure round 1: 4 reps
2026-10-08T20:15:29+09:00 re-measure /home/jun/project/lab/backend-labs-commerce/seat-reservation-lab/k6/ADR-005/results/20261006-adr005-7acad14b/counter-s3/L4/S3-a20/rep1 (path-gap)
2026-10-08T20:15:29+09:00 counter-s3 rep1 start --resume
2026-10-08T20:36:45+09:00 counter-s3 rep1 exit=0
2026-10-08T20:36:45+09:00 re-measure /home/jun/project/lab/backend-labs-commerce/seat-reservation-lab/k6/ADR-005/results/20261006-adr005-7acad14b/quota-nowait-early-s3/L4/S3-a0/rep2 (path-gap)
2026-10-08T20:36:45+09:00 quota-nowait-early-s3 rep2 start --resume
2026-10-08T20:54:14+09:00 quota-nowait-early-s3 rep2 exit=0
2026-10-08T20:54:14+09:00 re-measure /home/jun/project/lab/backend-labs-commerce/seat-reservation-lab/k6/ADR-005/results/20261006-adr005-7acad14b/serializable-retry-s3/L4/S3-a0/rep2 (path-gap)
2026-10-08T20:54:14+09:00 serializable-retry-s3 rep2 start --resume
2026-10-08T21:12:05+09:00 serializable-retry-s3 rep2 exit=0
2026-10-08T21:12:05+09:00 re-measure /home/jun/project/lab/backend-labs-commerce/seat-reservation-lab/k6/ADR-005/results/20261006-adr005-7acad14b/serializable-s3/L4/S3-a20/rep2 (path-gap)
2026-10-08T21:12:05+09:00 serializable-s3 rep2 start --resume
2026-10-08T21:33:20+09:00 serializable-s3 rep2 exit=0
2026-10-08T21:33:20+09:00 limit-bench start
2026-10-08T21:38:09+09:00 limit-bench done
2026-10-08T21:38:09+09:00 CAMPAIGN done — 비정상 회차 0
