[2026-10-06 21:30:42] matrix 20261006-adr005-7acad14b/counter-s24: levels=[2 4] reps=5 cells=[S2 S4]
[2026-10-06 21:30:42] L2 S2 rep1 → /home/jun/project/lab/backend-labs-commerce/seat-reservation-lab/k6/ADR-005/results/20261006-adr005-7acad14b/counter-s24/L2/S2/rep1
[2026-10-06 21:31:29] L2 S4 rep1 → /home/jun/project/lab/backend-labs-commerce/seat-reservation-lab/k6/ADR-005/results/20261006-adr005-7acad14b/counter-s24/L2/S4/rep1
[2026-10-06 21:41:05] L4 S2 rep1 → /home/jun/project/lab/backend-labs-commerce/seat-reservation-lab/k6/ADR-005/results/20261006-adr005-7acad14b/counter-s24/L4/S2/rep1
[2026-10-06 21:41:54] L4 S4 rep1 → /home/jun/project/lab/backend-labs-commerce/seat-reservation-lab/k6/ADR-005/results/20261006-adr005-7acad14b/counter-s24/L4/S4/rep1
[2026-10-06 21:51:22] compose down (7acad14b)
 Container seatlab-app-1 Stopping 
 Container seatlab-app-1 Stopped 
 Container seatlab-app-1 Removing 
 Container seatlab-app-1 Removed 
 Container seatlab-redis-1 Stopping 
 Container seatlab-db-1 Stopping 
 Container seatlab-redis-1 Stopped 
 Container seatlab-redis-1 Removing 
 Container seatlab-redis-1 Removed 
 Container seatlab-db-1 Stopped 
 Container seatlab-db-1 Removing 
 Container seatlab-db-1 Removed 
 Network seatlab_default Removing 
 Volume seatlab_pgdata Removing 
 Network seatlab_default Removed 
 Volume seatlab_pgdata Removed 
[2026-10-06 21:51:23] matrix done: /home/jun/project/lab/backend-labs-commerce/seat-reservation-lab/k6/ADR-005/results/20261006-adr005-7acad14b/counter-s24
[2026-10-07 11:21:24] matrix 20261006-adr005-7acad14b/counter-s24: levels=[2 4] reps=5 cells=[S2 S4]
[2026-10-07 11:21:24] L2 S2 rep2 → /home/jun/project/lab/backend-labs-commerce/seat-reservation-lab/k6/ADR-005/results/20261006-adr005-7acad14b/counter-s24/L2/S2/rep2
[2026-10-07 11:22:11] L2 S4 rep2 → /home/jun/project/lab/backend-labs-commerce/seat-reservation-lab/k6/ADR-005/results/20261006-adr005-7acad14b/counter-s24/L2/S4/rep2
[2026-10-07 11:31:44] L4 S2 rep2 → /home/jun/project/lab/backend-labs-commerce/seat-reservation-lab/k6/ADR-005/results/20261006-adr005-7acad14b/counter-s24/L4/S2/rep2
[2026-10-07 11:32:32] L4 S4 rep2 → /home/jun/project/lab/backend-labs-commerce/seat-reservation-lab/k6/ADR-005/results/20261006-adr005-7acad14b/counter-s24/L4/S4/rep2
[2026-10-07 11:42:09] compose down (7acad14b)
 Container seatlab-app-1 Stopping 
 Container seatlab-app-1 Stopped 
 Container seatlab-app-1 Removing 
 Container seatlab-app-1 Removed 
 Container seatlab-redis-1 Stopping 
 Container seatlab-db-1 Stopping 
 Container seatlab-redis-1 Stopped 
 Container seatlab-redis-1 Removing 
 Container seatlab-redis-1 Removed 
 Container seatlab-db-1 Stopped 
 Container seatlab-db-1 Removing 
 Container seatlab-db-1 Removed 
 Network seatlab_default Removing 
 Volume seatlab_pgdata Removing 
 Network seatlab_default Removed 
 Volume seatlab_pgdata Removed 
[2026-10-07 11:42:11] matrix done: /home/jun/project/lab/backend-labs-commerce/seat-reservation-lab/k6/ADR-005/results/20261006-adr005-7acad14b/counter-s24
[2026-10-08 01:13:21] matrix 20261006-adr005-7acad14b/counter-s24: levels=[2 4] reps=5 cells=[S2 S4]
[2026-10-08 01:13:21] L2 S2 rep3 → /home/jun/project/lab/backend-labs-commerce/seat-reservation-lab/k6/ADR-005/results/20261006-adr005-7acad14b/counter-s24/L2/S2/rep3
[2026-10-08 01:14:12] L2 S4 rep3 → /home/jun/project/lab/backend-labs-commerce/seat-reservation-lab/k6/ADR-005/results/20261006-adr005-7acad14b/counter-s24/L2/S4/rep3
[2026-10-08 01:23:44] L4 S2 rep3 → /home/jun/project/lab/backend-labs-commerce/seat-reservation-lab/k6/ADR-005/results/20261006-adr005-7acad14b/counter-s24/L4/S2/rep3
[2026-10-08 01:24:32] L4 S4 rep3 → /home/jun/project/lab/backend-labs-commerce/seat-reservation-lab/k6/ADR-005/results/20261006-adr005-7acad14b/counter-s24/L4/S4/rep3
[2026-10-08 01:34:06] compose down (7acad14b)
 Container seatlab-app-1 Stopping 
 Container seatlab-app-1 Stopped 
 Container seatlab-app-1 Removing 
 Container seatlab-app-1 Removed 
 Container seatlab-redis-1 Stopping 
 Container seatlab-db-1 Stopping 
 Container seatlab-redis-1 Stopped 
 Container seatlab-redis-1 Removing 
 Container seatlab-redis-1 Removed 
 Container seatlab-db-1 Stopped 
 Container seatlab-db-1 Removing 
 Container seatlab-db-1 Removed 
 Network seatlab_default Removing 
 Volume seatlab_pgdata Removing 
 Volume seatlab_pgdata Removed 
 Network seatlab_default Removed 
[2026-10-08 01:34:08] matrix done: /home/jun/project/lab/backend-labs-commerce/seat-reservation-lab/k6/ADR-005/results/20261006-adr005-7acad14b/counter-s24
[2026-10-08 15:03:06] matrix 20261006-adr005-7acad14b/counter-s24: levels=[2 4] reps=5 cells=[S2 S4]
[2026-10-08 15:03:06] L2 S2 rep4 → /home/jun/project/lab/backend-labs-commerce/seat-reservation-lab/k6/ADR-005/results/20261006-adr005-7acad14b/counter-s24/L2/S2/rep4
[2026-10-08 15:03:53] L2 S4 rep4 → /home/jun/project/lab/backend-labs-commerce/seat-reservation-lab/k6/ADR-005/results/20261006-adr005-7acad14b/counter-s24/L2/S4/rep4
[2026-10-08 15:13:15] L4 S2 rep4 → /home/jun/project/lab/backend-labs-commerce/seat-reservation-lab/k6/ADR-005/results/20261006-adr005-7acad14b/counter-s24/L4/S2/rep4
[2026-10-08 15:14:03] L4 S4 rep4 → /home/jun/project/lab/backend-labs-commerce/seat-reservation-lab/k6/ADR-005/results/20261006-adr005-7acad14b/counter-s24/L4/S4/rep4
[2026-10-08 15:23:26] compose down (7acad14b)
 Container seatlab-app-1 Stopping 
 Container seatlab-app-1 Stopped 
 Container seatlab-app-1 Removing 
 Container seatlab-app-1 Removed 
 Container seatlab-redis-1 Stopping 
 Container seatlab-db-1 Stopping 
 Container seatlab-redis-1 Stopped 
 Container seatlab-redis-1 Removing 
 Container seatlab-redis-1 Removed 
 Container seatlab-db-1 Stopped 
 Container seatlab-db-1 Removing 
 Container seatlab-db-1 Removed 
 Volume seatlab_pgdata Removing 
 Network seatlab_default Removing 
 Network seatlab_default Removed 
 Volume seatlab_pgdata Removed 
[2026-10-08 15:23:27] matrix done: /home/jun/project/lab/backend-labs-commerce/seat-reservation-lab/k6/ADR-005/results/20261006-adr005-7acad14b/counter-s24
[2026-10-08 18:51:47] matrix 20261006-adr005-7acad14b/counter-s24: levels=[2 4] reps=5 cells=[S2 S4]
[2026-10-08 18:51:47] L2 S2 rep5 → /home/jun/project/lab/backend-labs-commerce/seat-reservation-lab/k6/ADR-005/results/20261006-adr005-7acad14b/counter-s24/L2/S2/rep5
[2026-10-08 18:52:36] L2 S4 rep5 → /home/jun/project/lab/backend-labs-commerce/seat-reservation-lab/k6/ADR-005/results/20261006-adr005-7acad14b/counter-s24/L2/S4/rep5
[2026-10-08 19:02:13] L4 S2 rep5 → /home/jun/project/lab/backend-labs-commerce/seat-reservation-lab/k6/ADR-005/results/20261006-adr005-7acad14b/counter-s24/L4/S2/rep5
[2026-10-08 19:03:02] L4 S4 rep5 → /home/jun/project/lab/backend-labs-commerce/seat-reservation-lab/k6/ADR-005/results/20261006-adr005-7acad14b/counter-s24/L4/S4/rep5
[2026-10-08 19:12:24] compose down (7acad14b)
 Container seatlab-app-1 Stopping 
 Container seatlab-app-1 Stopped 
 Container seatlab-app-1 Removing 
 Container seatlab-app-1 Removed 
 Container seatlab-db-1 Stopping 
 Container seatlab-redis-1 Stopping 
 Container seatlab-redis-1 Stopped 
 Container seatlab-redis-1 Removing 
 Container seatlab-redis-1 Removed 
 Container seatlab-db-1 Stopped 
 Container seatlab-db-1 Removing 
 Container seatlab-db-1 Removed 
 Network seatlab_default Removing 
 Volume seatlab_pgdata Removing 
 Network seatlab_default Removed 
 Volume seatlab_pgdata Removed 
[2026-10-08 19:12:26] matrix done: /home/jun/project/lab/backend-labs-commerce/seat-reservation-lab/k6/ADR-005/results/20261006-adr005-7acad14b/counter-s24
