[2026-10-07 03:36:09] matrix 20261006-adr005-7acad14b/quota-nowait-s3: levels=[4] reps=3 cells=[S3]
[2026-10-07 03:36:09] L4 S3-a0 rep1 → /home/jun/project/lab/backend-labs-commerce/seat-reservation-lab/k6/ADR-005/results/20261006-adr005-7acad14b/quota-nowait-s3/L4/S3-a0/rep1
[2026-10-07 03:53:36] L4 S3-a20 rep1 → /home/jun/project/lab/backend-labs-commerce/seat-reservation-lab/k6/ADR-005/results/20261006-adr005-7acad14b/quota-nowait-s3/L4/S3-a20/rep1
[2026-10-07 04:14:45] L4 S3-a50 rep1 → /home/jun/project/lab/backend-labs-commerce/seat-reservation-lab/k6/ADR-005/results/20261006-adr005-7acad14b/quota-nowait-s3/L4/S3-a50/rep1
[2026-10-07 04:36:03] compose down (7acad14b)
 Container seatlab-app-1 Stopping 
 Container seatlab-app-1 Stopped 
 Container seatlab-app-1 Removing 
 Container seatlab-app-1 Removed 
 Container seatlab-redis-1 Stopping 
 Container seatlab-db-1 Stopping 
 Container seatlab-db-1 Stopped 
 Container seatlab-db-1 Removing 
 Container seatlab-redis-1 Stopped 
 Container seatlab-redis-1 Removing 
 Container seatlab-db-1 Removed 
 Container seatlab-redis-1 Removed 
 Volume seatlab_pgdata Removing 
 Network seatlab_default Removing 
 Volume seatlab_pgdata Removed 
 Network seatlab_default Removed 
[2026-10-07 04:36:04] matrix done: /home/jun/project/lab/backend-labs-commerce/seat-reservation-lab/k6/ADR-005/results/20261006-adr005-7acad14b/quota-nowait-s3
[2026-10-07 17:26:49] matrix 20261006-adr005-7acad14b/quota-nowait-s3: levels=[4] reps=3 cells=[S3]
[2026-10-07 17:26:49] L4 S3-a0 rep2 → /home/jun/project/lab/backend-labs-commerce/seat-reservation-lab/k6/ADR-005/results/20261006-adr005-7acad14b/quota-nowait-s3/L4/S3-a0/rep2
[2026-10-07 17:44:15] L4 S3-a20 rep2 → /home/jun/project/lab/backend-labs-commerce/seat-reservation-lab/k6/ADR-005/results/20261006-adr005-7acad14b/quota-nowait-s3/L4/S3-a20/rep2
[2026-10-07 18:05:25] L4 S3-a50 rep2 → /home/jun/project/lab/backend-labs-commerce/seat-reservation-lab/k6/ADR-005/results/20261006-adr005-7acad14b/quota-nowait-s3/L4/S3-a50/rep2
[2026-10-07 18:26:45] compose down (7acad14b)
 Container seatlab-app-1 Stopping 
 Container seatlab-app-1 Stopped 
 Container seatlab-app-1 Removing 
 Container seatlab-app-1 Removed 
 Container seatlab-redis-1 Stopping 
 Container seatlab-db-1 Stopping 
 Container seatlab-db-1 Stopped 
 Container seatlab-db-1 Removing 
 Container seatlab-db-1 Removed 
 Container seatlab-redis-1 Stopped 
 Container seatlab-redis-1 Removing 
 Container seatlab-redis-1 Removed 
 Volume seatlab_pgdata Removing 
 Network seatlab_default Removing 
 Volume seatlab_pgdata Removed 
 Network seatlab_default Removed 
[2026-10-07 18:26:47] matrix done: /home/jun/project/lab/backend-labs-commerce/seat-reservation-lab/k6/ADR-005/results/20261006-adr005-7acad14b/quota-nowait-s3
[2026-10-08 07:18:27] matrix 20261006-adr005-7acad14b/quota-nowait-s3: levels=[4] reps=3 cells=[S3]
[2026-10-08 07:18:27] L4 S3-a0 rep3 → /home/jun/project/lab/backend-labs-commerce/seat-reservation-lab/k6/ADR-005/results/20261006-adr005-7acad14b/quota-nowait-s3/L4/S3-a0/rep3
[2026-10-08 07:35:52] L4 S3-a20 rep3 → /home/jun/project/lab/backend-labs-commerce/seat-reservation-lab/k6/ADR-005/results/20261006-adr005-7acad14b/quota-nowait-s3/L4/S3-a20/rep3
[2026-10-08 07:57:02] L4 S3-a50 rep3 → /home/jun/project/lab/backend-labs-commerce/seat-reservation-lab/k6/ADR-005/results/20261006-adr005-7acad14b/quota-nowait-s3/L4/S3-a50/rep3
[2026-10-08 08:18:23] compose down (7acad14b)
 Container seatlab-app-1 Stopping 
 Container seatlab-app-1 Stopped 
 Container seatlab-app-1 Removing 
 Container seatlab-app-1 Removed 
 Container seatlab-db-1 Stopping 
 Container seatlab-redis-1 Stopping 
 Container seatlab-db-1 Stopped 
 Container seatlab-db-1 Removing 
 Container seatlab-db-1 Removed 
 Container seatlab-redis-1 Stopped 
 Container seatlab-redis-1 Removing 
 Container seatlab-redis-1 Removed 
 Volume seatlab_pgdata Removing 
 Network seatlab_default Removing 
 Volume seatlab_pgdata Removed 
 Network seatlab_default Removed 
[2026-10-08 08:18:25] matrix done: /home/jun/project/lab/backend-labs-commerce/seat-reservation-lab/k6/ADR-005/results/20261006-adr005-7acad14b/quota-nowait-s3
