[2026-10-06 20:49:38] matrix 20261006-adr005-7acad14b/quota-nowait-s24: levels=[2 4] reps=5 cells=[S2 S4]
[2026-10-06 20:49:38] L2 S2 rep1 → /home/jun/project/lab/backend-labs-commerce/seat-reservation-lab/k6/ADR-005/results/20261006-adr005-7acad14b/quota-nowait-s24/L2/S2/rep1
[2026-10-06 20:50:26] L2 S4 rep1 → /home/jun/project/lab/backend-labs-commerce/seat-reservation-lab/k6/ADR-005/results/20261006-adr005-7acad14b/quota-nowait-s24/L2/S4/rep1
[2026-10-06 20:59:45] L4 S2 rep1 → /home/jun/project/lab/backend-labs-commerce/seat-reservation-lab/k6/ADR-005/results/20261006-adr005-7acad14b/quota-nowait-s24/L4/S2/rep1
[2026-10-06 21:00:33] L4 S4 rep1 → /home/jun/project/lab/backend-labs-commerce/seat-reservation-lab/k6/ADR-005/results/20261006-adr005-7acad14b/quota-nowait-s24/L4/S4/rep1
[2026-10-06 21:10:03] compose down (7acad14b)
 Container seatlab-app-1 Stopping 
 Container seatlab-app-1 Stopped 
 Container seatlab-app-1 Removing 
 Container seatlab-app-1 Removed 
 Container seatlab-db-1 Stopping 
 Container seatlab-redis-1 Stopping 
 Container seatlab-redis-1 Stopped 
 Container seatlab-redis-1 Removing 
 Container seatlab-redis-1 Removed 
 Container seatlab-db-1 Stopped 
 Container seatlab-db-1 Removing 
 Container seatlab-db-1 Removed 
 Volume seatlab_pgdata Removing 
 Network seatlab_default Removing 
 Volume seatlab_pgdata Removed 
 Network seatlab_default Removed 
[2026-10-06 21:10:05] matrix done: /home/jun/project/lab/backend-labs-commerce/seat-reservation-lab/k6/ADR-005/results/20261006-adr005-7acad14b/quota-nowait-s24
[2026-10-07 10:40:03] matrix 20261006-adr005-7acad14b/quota-nowait-s24: levels=[2 4] reps=5 cells=[S2 S4]
[2026-10-07 10:40:03] L2 S2 rep2 → /home/jun/project/lab/backend-labs-commerce/seat-reservation-lab/k6/ADR-005/results/20261006-adr005-7acad14b/quota-nowait-s24/L2/S2/rep2
[2026-10-07 10:40:55] L2 S4 rep2 → /home/jun/project/lab/backend-labs-commerce/seat-reservation-lab/k6/ADR-005/results/20261006-adr005-7acad14b/quota-nowait-s24/L2/S4/rep2
[2026-10-07 10:50:10] L4 S2 rep2 → /home/jun/project/lab/backend-labs-commerce/seat-reservation-lab/k6/ADR-005/results/20261006-adr005-7acad14b/quota-nowait-s24/L4/S2/rep2
[2026-10-07 10:50:59] L4 S4 rep2 → /home/jun/project/lab/backend-labs-commerce/seat-reservation-lab/k6/ADR-005/results/20261006-adr005-7acad14b/quota-nowait-s24/L4/S4/rep2
[2026-10-07 11:00:29] compose down (7acad14b)
 Container seatlab-app-1 Stopping 
 Container seatlab-app-1 Stopped 
 Container seatlab-app-1 Removing 
 Container seatlab-app-1 Removed 
 Container seatlab-db-1 Stopping 
 Container seatlab-redis-1 Stopping 
 Container seatlab-redis-1 Stopped 
 Container seatlab-redis-1 Removing 
 Container seatlab-redis-1 Removed 
 Container seatlab-db-1 Stopped 
 Container seatlab-db-1 Removing 
 Container seatlab-db-1 Removed 
 Volume seatlab_pgdata Removing 
 Network seatlab_default Removing 
 Network seatlab_default Removed 
 Volume seatlab_pgdata Removed 
[2026-10-07 11:00:31] matrix done: /home/jun/project/lab/backend-labs-commerce/seat-reservation-lab/k6/ADR-005/results/20261006-adr005-7acad14b/quota-nowait-s24
[2026-10-08 00:32:22] matrix 20261006-adr005-7acad14b/quota-nowait-s24: levels=[2 4] reps=5 cells=[S2 S4]
[2026-10-08 00:32:22] L2 S2 rep3 → /home/jun/project/lab/backend-labs-commerce/seat-reservation-lab/k6/ADR-005/results/20261006-adr005-7acad14b/quota-nowait-s24/L2/S2/rep3
[2026-10-08 00:33:12] L2 S4 rep3 → /home/jun/project/lab/backend-labs-commerce/seat-reservation-lab/k6/ADR-005/results/20261006-adr005-7acad14b/quota-nowait-s24/L2/S4/rep3
[2026-10-08 00:42:32] L4 S2 rep3 → /home/jun/project/lab/backend-labs-commerce/seat-reservation-lab/k6/ADR-005/results/20261006-adr005-7acad14b/quota-nowait-s24/L4/S2/rep3
[2026-10-08 00:43:21] L4 S4 rep3 → /home/jun/project/lab/backend-labs-commerce/seat-reservation-lab/k6/ADR-005/results/20261006-adr005-7acad14b/quota-nowait-s24/L4/S4/rep3
[2026-10-08 00:52:39] compose down (7acad14b)
 Container seatlab-app-1 Stopping 
 Container seatlab-app-1 Stopped 
 Container seatlab-app-1 Removing 
 Container seatlab-app-1 Removed 
 Container seatlab-db-1 Stopping 
 Container seatlab-redis-1 Stopping 
 Container seatlab-redis-1 Stopped 
 Container seatlab-redis-1 Removing 
 Container seatlab-redis-1 Removed 
 Container seatlab-db-1 Stopped 
 Container seatlab-db-1 Removing 
 Container seatlab-db-1 Removed 
 Volume seatlab_pgdata Removing 
 Network seatlab_default Removing 
 Volume seatlab_pgdata Removed 
 Network seatlab_default Removed 
[2026-10-08 00:52:41] matrix done: /home/jun/project/lab/backend-labs-commerce/seat-reservation-lab/k6/ADR-005/results/20261006-adr005-7acad14b/quota-nowait-s24
[2026-10-08 14:21:44] matrix 20261006-adr005-7acad14b/quota-nowait-s24: levels=[2 4] reps=5 cells=[S2 S4]
[2026-10-08 14:21:44] L2 S2 rep4 → /home/jun/project/lab/backend-labs-commerce/seat-reservation-lab/k6/ADR-005/results/20261006-adr005-7acad14b/quota-nowait-s24/L2/S2/rep4
[2026-10-08 14:22:35] L2 S4 rep4 → /home/jun/project/lab/backend-labs-commerce/seat-reservation-lab/k6/ADR-005/results/20261006-adr005-7acad14b/quota-nowait-s24/L2/S4/rep4
[2026-10-08 14:32:11] L4 S2 rep4 → /home/jun/project/lab/backend-labs-commerce/seat-reservation-lab/k6/ADR-005/results/20261006-adr005-7acad14b/quota-nowait-s24/L4/S2/rep4
[2026-10-08 14:33:01] L4 S4 rep4 → /home/jun/project/lab/backend-labs-commerce/seat-reservation-lab/k6/ADR-005/results/20261006-adr005-7acad14b/quota-nowait-s24/L4/S4/rep4
[2026-10-08 14:42:26] compose down (7acad14b)
 Container seatlab-app-1 Stopping 
 Container seatlab-app-1 Stopped 
 Container seatlab-app-1 Removing 
 Container seatlab-app-1 Removed 
 Container seatlab-db-1 Stopping 
 Container seatlab-redis-1 Stopping 
 Container seatlab-redis-1 Stopped 
 Container seatlab-redis-1 Removing 
 Container seatlab-redis-1 Removed 
 Container seatlab-db-1 Stopped 
 Container seatlab-db-1 Removing 
 Container seatlab-db-1 Removed 
 Network seatlab_default Removing 
 Volume seatlab_pgdata Removing 
 Network seatlab_default Removed 
 Volume seatlab_pgdata Removed 
[2026-10-08 14:42:28] matrix done: /home/jun/project/lab/backend-labs-commerce/seat-reservation-lab/k6/ADR-005/results/20261006-adr005-7acad14b/quota-nowait-s24
[2026-10-08 18:10:36] matrix 20261006-adr005-7acad14b/quota-nowait-s24: levels=[2 4] reps=5 cells=[S2 S4]
[2026-10-08 18:10:36] L2 S2 rep5 → /home/jun/project/lab/backend-labs-commerce/seat-reservation-lab/k6/ADR-005/results/20261006-adr005-7acad14b/quota-nowait-s24/L2/S2/rep5
[2026-10-08 18:11:27] L2 S4 rep5 → /home/jun/project/lab/backend-labs-commerce/seat-reservation-lab/k6/ADR-005/results/20261006-adr005-7acad14b/quota-nowait-s24/L2/S4/rep5
[2026-10-08 18:20:51] L4 S2 rep5 → /home/jun/project/lab/backend-labs-commerce/seat-reservation-lab/k6/ADR-005/results/20261006-adr005-7acad14b/quota-nowait-s24/L4/S2/rep5
[2026-10-08 18:21:40] L4 S4 rep5 → /home/jun/project/lab/backend-labs-commerce/seat-reservation-lab/k6/ADR-005/results/20261006-adr005-7acad14b/quota-nowait-s24/L4/S4/rep5
[2026-10-08 18:31:15] compose down (7acad14b)
 Container seatlab-app-1 Stopping 
 Container seatlab-app-1 Stopped 
 Container seatlab-app-1 Removing 
 Container seatlab-app-1 Removed 
 Container seatlab-redis-1 Stopping 
 Container seatlab-db-1 Stopping 
 Container seatlab-redis-1 Stopped 
 Container seatlab-redis-1 Removing 
 Container seatlab-redis-1 Removed 
 Container seatlab-db-1 Stopped 
 Container seatlab-db-1 Removing 
 Container seatlab-db-1 Removed 
 Volume seatlab_pgdata Removing 
 Network seatlab_default Removing 
 Network seatlab_default Removed 
 Volume seatlab_pgdata Removed 
[2026-10-08 18:31:17] matrix done: /home/jun/project/lab/backend-labs-commerce/seat-reservation-lab/k6/ADR-005/results/20261006-adr005-7acad14b/quota-nowait-s24
