[2026-10-07 06:36:11] matrix 20261006-adr005-7acad14b/serializable-s3: levels=[4] reps=3 cells=[S3]
[2026-10-07 06:36:11] L4 S3-a0 rep1 → /home/jun/project/lab/backend-labs-commerce/seat-reservation-lab/k6/ADR-005/results/20261006-adr005-7acad14b/serializable-s3/L4/S3-a0/rep1
[2026-10-07 06:53:38] L4 S3-a20 rep1 → /home/jun/project/lab/backend-labs-commerce/seat-reservation-lab/k6/ADR-005/results/20261006-adr005-7acad14b/serializable-s3/L4/S3-a20/rep1
[2026-10-07 07:14:50] L4 S3-a50 rep1 → /home/jun/project/lab/backend-labs-commerce/seat-reservation-lab/k6/ADR-005/results/20261006-adr005-7acad14b/serializable-s3/L4/S3-a50/rep1
[2026-10-07 07:36:29] compose down (7acad14b)
 Container seatlab-app-1 Stopping 
 Container seatlab-app-1 Stopped 
 Container seatlab-app-1 Removing 
 Container seatlab-app-1 Removed 
 Container seatlab-redis-1 Stopping 
 Container seatlab-db-1 Stopping 
 Container seatlab-db-1 Stopped 
 Container seatlab-db-1 Removing 
 Container seatlab-db-1 Removed 
 Container seatlab-redis-1 Stopped 
 Container seatlab-redis-1 Removing 
 Container seatlab-redis-1 Removed 
 Volume seatlab_pgdata Removing 
 Network seatlab_default Removing 
 Volume seatlab_pgdata Removed 
 Network seatlab_default Removed 
[2026-10-07 07:36:30] matrix done: /home/jun/project/lab/backend-labs-commerce/seat-reservation-lab/k6/ADR-005/results/20261006-adr005-7acad14b/serializable-s3
[2026-10-07 20:27:26] matrix 20261006-adr005-7acad14b/serializable-s3: levels=[4] reps=3 cells=[S3]
[2026-10-07 20:27:26] L4 S3-a0 rep2 → /home/jun/project/lab/backend-labs-commerce/seat-reservation-lab/k6/ADR-005/results/20261006-adr005-7acad14b/serializable-s3/L4/S3-a0/rep2
[2026-10-07 20:44:52] L4 S3-a20 rep2 → /home/jun/project/lab/backend-labs-commerce/seat-reservation-lab/k6/ADR-005/results/20261006-adr005-7acad14b/serializable-s3/L4/S3-a20/rep2
[2026-10-07 21:06:42] L4 S3-a50 rep2 → /home/jun/project/lab/backend-labs-commerce/seat-reservation-lab/k6/ADR-005/results/20261006-adr005-7acad14b/serializable-s3/L4/S3-a50/rep2
[2026-10-07 21:28:24] compose down (7acad14b)
 Container seatlab-app-1 Stopping 
 Container seatlab-app-1 Stopped 
 Container seatlab-app-1 Removing 
 Container seatlab-app-1 Removed 
 Container seatlab-redis-1 Stopping 
 Container seatlab-db-1 Stopping 
 Container seatlab-db-1 Stopped 
 Container seatlab-db-1 Removing 
 Container seatlab-db-1 Removed 
 Container seatlab-redis-1 Stopped 
 Container seatlab-redis-1 Removing 
 Container seatlab-redis-1 Removed 
 Volume seatlab_pgdata Removing 
 Network seatlab_default Removing 
 Volume seatlab_pgdata Removed 
 Network seatlab_default Removed 
[2026-10-07 21:28:25] matrix done: /home/jun/project/lab/backend-labs-commerce/seat-reservation-lab/k6/ADR-005/results/20261006-adr005-7acad14b/serializable-s3
[2026-10-08 10:18:23] matrix 20261006-adr005-7acad14b/serializable-s3: levels=[4] reps=3 cells=[S3]
[2026-10-08 10:18:23] L4 S3-a0 rep3 → /home/jun/project/lab/backend-labs-commerce/seat-reservation-lab/k6/ADR-005/results/20261006-adr005-7acad14b/serializable-s3/L4/S3-a0/rep3
[2026-10-08 10:36:11] L4 S3-a20 rep3 → /home/jun/project/lab/backend-labs-commerce/seat-reservation-lab/k6/ADR-005/results/20261006-adr005-7acad14b/serializable-s3/L4/S3-a20/rep3
[2026-10-08 10:57:06] L4 S3-a50 rep3 → /home/jun/project/lab/backend-labs-commerce/seat-reservation-lab/k6/ADR-005/results/20261006-adr005-7acad14b/serializable-s3/L4/S3-a50/rep3
[2026-10-08 11:18:39] compose down (7acad14b)
 Container seatlab-app-1 Stopping 
 Container seatlab-app-1 Stopped 
 Container seatlab-app-1 Removing 
 Container seatlab-app-1 Removed 
 Container seatlab-redis-1 Stopping 
 Container seatlab-db-1 Stopping 
 Container seatlab-db-1 Stopped 
 Container seatlab-db-1 Removing 
 Container seatlab-db-1 Removed 
 Container seatlab-redis-1 Stopped 
 Container seatlab-redis-1 Removing 
 Container seatlab-redis-1 Removed 
 Volume seatlab_pgdata Removing 
 Network seatlab_default Removing 
 Volume seatlab_pgdata Removed 
 Network seatlab_default Removed 
[2026-10-08 11:18:40] matrix done: /home/jun/project/lab/backend-labs-commerce/seat-reservation-lab/k6/ADR-005/results/20261006-adr005-7acad14b/serializable-s3
[2026-10-08 21:12:06] matrix 20261006-adr005-7acad14b/serializable-s3: levels=[4] reps=3 cells=[S3]
[2026-10-08 21:12:06] L4 S3-a20 rep2 → /home/jun/project/lab/backend-labs-commerce/seat-reservation-lab/k6/ADR-005/results/20261006-adr005-7acad14b/serializable-s3/L4/S3-a20/rep2
[2026-10-08 21:33:19] compose down (7acad14b)
 Container seatlab-app-1 Stopping 
 Container seatlab-app-1 Stopped 
 Container seatlab-app-1 Removing 
 Container seatlab-app-1 Removed 
 Container seatlab-redis-1 Stopping 
 Container seatlab-db-1 Stopping 
 Container seatlab-db-1 Stopped 
 Container seatlab-db-1 Removing 
 Container seatlab-redis-1 Stopped 
 Container seatlab-redis-1 Removing 
 Container seatlab-db-1 Removed 
 Container seatlab-redis-1 Removed 
 Volume seatlab_pgdata Removing 
 Network seatlab_default Removing 
 Volume seatlab_pgdata Removed 
 Network seatlab_default Removed 
[2026-10-08 21:33:20] matrix done: /home/jun/project/lab/backend-labs-commerce/seat-reservation-lab/k6/ADR-005/results/20261006-adr005-7acad14b/serializable-s3
