[2026-10-07 07:36:31] matrix 20261006-adr005-7acad14b/serializable-retry-s3: levels=[4] reps=3 cells=[S3]
[2026-10-07 07:36:31] L4 S3-a0 rep1 → /home/jun/project/lab/backend-labs-commerce/seat-reservation-lab/k6/ADR-005/results/20261006-adr005-7acad14b/serializable-retry-s3/L4/S3-a0/rep1
[2026-10-07 07:54:24] L4 S3-a20 rep1 → /home/jun/project/lab/backend-labs-commerce/seat-reservation-lab/k6/ADR-005/results/20261006-adr005-7acad14b/serializable-retry-s3/L4/S3-a20/rep1
[2026-10-07 08:15:47] L4 S3-a50 rep1 → /home/jun/project/lab/backend-labs-commerce/seat-reservation-lab/k6/ADR-005/results/20261006-adr005-7acad14b/serializable-retry-s3/L4/S3-a50/rep1
[2026-10-07 08:37:29] compose down (7acad14b)
 Container seatlab-app-1 Stopping 
 Container seatlab-app-1 Stopped 
 Container seatlab-app-1 Removing 
 Container seatlab-app-1 Removed 
 Container seatlab-redis-1 Stopping 
 Container seatlab-db-1 Stopping 
 Container seatlab-db-1 Stopped 
 Container seatlab-db-1 Removing 
 Container seatlab-db-1 Removed 
 Container seatlab-redis-1 Stopped 
 Container seatlab-redis-1 Removing 
 Container seatlab-redis-1 Removed 
 Volume seatlab_pgdata Removing 
 Network seatlab_default Removing 
 Volume seatlab_pgdata Removed 
 Network seatlab_default Removed 
[2026-10-07 08:37:30] matrix done: /home/jun/project/lab/backend-labs-commerce/seat-reservation-lab/k6/ADR-005/results/20261006-adr005-7acad14b/serializable-retry-s3
[2026-10-07 21:28:26] matrix 20261006-adr005-7acad14b/serializable-retry-s3: levels=[4] reps=3 cells=[S3]
[2026-10-07 21:28:26] L4 S3-a0 rep2 → /home/jun/project/lab/backend-labs-commerce/seat-reservation-lab/k6/ADR-005/results/20261006-adr005-7acad14b/serializable-retry-s3/L4/S3-a0/rep2
[2026-10-07 21:46:14] L4 S3-a20 rep2 → /home/jun/project/lab/backend-labs-commerce/seat-reservation-lab/k6/ADR-005/results/20261006-adr005-7acad14b/serializable-retry-s3/L4/S3-a20/rep2
[2026-10-07 22:08:01] L4 S3-a50 rep2 → /home/jun/project/lab/backend-labs-commerce/seat-reservation-lab/k6/ADR-005/results/20261006-adr005-7acad14b/serializable-retry-s3/L4/S3-a50/rep2
[2026-10-07 22:29:48] compose down (7acad14b)
 Container seatlab-app-1 Stopping 
 Container seatlab-app-1 Stopped 
 Container seatlab-app-1 Removing 
 Container seatlab-app-1 Removed 
 Container seatlab-redis-1 Stopping 
 Container seatlab-db-1 Stopping 
 Container seatlab-db-1 Stopped 
 Container seatlab-db-1 Removing 
 Container seatlab-db-1 Removed 
 Container seatlab-redis-1 Stopped 
 Container seatlab-redis-1 Removing 
 Container seatlab-redis-1 Removed 
 Volume seatlab_pgdata Removing 
 Network seatlab_default Removing 
 Volume seatlab_pgdata Removed 
 Network seatlab_default Removed 
[2026-10-07 22:29:49] matrix done: /home/jun/project/lab/backend-labs-commerce/seat-reservation-lab/k6/ADR-005/results/20261006-adr005-7acad14b/serializable-retry-s3
[2026-10-08 11:18:41] matrix 20261006-adr005-7acad14b/serializable-retry-s3: levels=[4] reps=3 cells=[S3]
[2026-10-08 11:18:41] L4 S3-a0 rep3 → /home/jun/project/lab/backend-labs-commerce/seat-reservation-lab/k6/ADR-005/results/20261006-adr005-7acad14b/serializable-retry-s3/L4/S3-a0/rep3
[2026-10-08 11:36:23] L4 S3-a20 rep3 → /home/jun/project/lab/backend-labs-commerce/seat-reservation-lab/k6/ADR-005/results/20261006-adr005-7acad14b/serializable-retry-s3/L4/S3-a20/rep3
[2026-10-08 11:57:45] L4 S3-a50 rep3 → /home/jun/project/lab/backend-labs-commerce/seat-reservation-lab/k6/ADR-005/results/20261006-adr005-7acad14b/serializable-retry-s3/L4/S3-a50/rep3
[2026-10-08 12:19:28] compose down (7acad14b)
 Container seatlab-app-1 Stopping 
 Container seatlab-app-1 Stopped 
 Container seatlab-app-1 Removing 
 Container seatlab-app-1 Removed 
 Container seatlab-redis-1 Stopping 
 Container seatlab-db-1 Stopping 
 Container seatlab-db-1 Stopped 
 Container seatlab-db-1 Removing 
 Container seatlab-db-1 Removed 
 Container seatlab-redis-1 Stopped 
 Container seatlab-redis-1 Removing 
 Container seatlab-redis-1 Removed 
 Volume seatlab_pgdata Removing 
 Network seatlab_default Removing 
 Volume seatlab_pgdata Removed 
 Network seatlab_default Removed 
[2026-10-08 12:19:29] matrix done: /home/jun/project/lab/backend-labs-commerce/seat-reservation-lab/k6/ADR-005/results/20261006-adr005-7acad14b/serializable-retry-s3
[2026-10-08 20:54:15] matrix 20261006-adr005-7acad14b/serializable-retry-s3: levels=[4] reps=3 cells=[S3]
[2026-10-08 20:54:15] L4 S3-a0 rep2 → /home/jun/project/lab/backend-labs-commerce/seat-reservation-lab/k6/ADR-005/results/20261006-adr005-7acad14b/serializable-retry-s3/L4/S3-a0/rep2
[2026-10-08 21:12:04] compose down (7acad14b)
 Container seatlab-app-1 Stopping 
 Container seatlab-app-1 Stopped 
 Container seatlab-app-1 Removing 
 Container seatlab-app-1 Removed 
 Container seatlab-db-1 Stopping 
 Container seatlab-redis-1 Stopping 
 Container seatlab-db-1 Stopped 
 Container seatlab-db-1 Removing 
 Container seatlab-db-1 Removed 
 Container seatlab-redis-1 Stopped 
 Container seatlab-redis-1 Removing 
 Container seatlab-redis-1 Removed 
 Volume seatlab_pgdata Removing 
 Network seatlab_default Removing 
 Volume seatlab_pgdata Removed 
 Network seatlab_default Removed 
[2026-10-08 21:12:05] matrix done: /home/jun/project/lab/backend-labs-commerce/seat-reservation-lab/k6/ADR-005/results/20261006-adr005-7acad14b/serializable-retry-s3
