[2026-10-09 05:47:34] compose down (022eca41)
[2026-10-09 05:47:35] compose up (022eca41) HOLD_TTL=5m EXPIRY_INTERVAL=10s HOLD_STRATEGY=pessimistic-nowait SEAT_HOLD_LIMIT_STRATEGY=advisory-try FLYWAY_LOCATIONS=classpath:db/migration POOL_SIZE=10 CRITICAL_SECTION_DELAY=0ms APP_CPUS=2 DB_CPUS=2 (attempt 1)
 Image seatlab-app Building 
#1 [internal] load local bake definitions
#1 reading from stdin 528B done
#1 DONE 0.0s

#2 [internal] load build definition from Dockerfile
#2 transferring dockerfile: 558B done
#2 DONE 0.0s

#3 [internal] load metadata for docker.io/library/eclipse-temurin:21-jdk
#3 ...

#4 [internal] load metadata for docker.io/library/eclipse-temurin:21-jre
#4 DONE 1.0s

#3 [internal] load metadata for docker.io/library/eclipse-temurin:21-jdk
#3 DONE 1.0s

#5 [internal] load .dockerignore
#5 transferring context: 76B done
#5 DONE 0.0s

#6 [build 1/7] FROM docker.io/library/eclipse-temurin:21-jdk@sha256:3e3c176ffed168beb42c607be9bc1639b466cf00261a0fb04425562c9d0c5c2b
#6 resolve docker.io/library/eclipse-temurin:21-jdk@sha256:3e3c176ffed168beb42c607be9bc1639b466cf00261a0fb04425562c9d0c5c2b 0.0s done
#6 DONE 0.0s

#7 [internal] load build context
#7 transferring context: 8.09kB done
#7 DONE 0.0s

#8 [stage-1 1/3] FROM docker.io/library/eclipse-temurin:21-jre@sha256:cff19e6215689161eb6162c11b86b0c60ddf802164f2eaf48d570f8fb79a36c5
#8 resolve docker.io/library/eclipse-temurin:21-jre@sha256:cff19e6215689161eb6162c11b86b0c60ddf802164f2eaf48d570f8fb79a36c5 0.0s done
#8 DONE 0.0s

#9 [build 3/7] COPY gradlew settings.gradle.kts build.gradle.kts ./
#9 CACHED

#10 [build 4/7] COPY gradle gradle
#10 CACHED

#11 [build 2/7] WORKDIR /src
#11 CACHED

#12 [build 5/7] RUN ./gradlew --no-daemon -q dependencies > /dev/null
#12 CACHED

#13 [stage-1 2/3] WORKDIR /app
#13 CACHED

#14 [build 6/7] COPY src src
#14 CACHED

#15 [build 7/7] RUN ./gradlew --no-daemon -q bootJar
#15 CACHED

#16 [stage-1 3/3] COPY --from=build /src/build/libs/seat-reservation-lab-0.0.1-SNAPSHOT.jar app.jar
#16 CACHED

#17 exporting to image
#17 exporting layers done
#17 exporting manifest sha256:7f99acc068dff14481ae0a0472c2f04cfdd069b994b522a6eaa39415a00e8a03 done
#17 exporting config sha256:030dd81d771db72ab2b9d962a2e86f227d6fe97b9a56f3fb80830c1bb6defa09 done
#17 exporting attestation manifest sha256:14c7a40afddf60cc93a1cb72b31a2e15b3b46195b1c1c4e89483ae67c33998ac 0.0s done
#17 exporting manifest list sha256:ceff411fe3cf7489f3e8c89be5cc44e875b6f22bf35caf2f74474dd0be6e2664 done
#17 naming to docker.io/library/seatlab-app:latest done
#17 unpacking to docker.io/library/seatlab-app:latest done
#17 DONE 0.0s

#18 resolving provenance for metadata file
#18 DONE 0.0s
 Image seatlab-app Built 
 Network seatlab_default Creating 
 Network seatlab_default Created 
 Volume seatlab_pgdata Creating 
 Volume seatlab_pgdata Created 
 Container seatlab-db-1 Creating 
 Container seatlab-redis-1 Creating 
 Container seatlab-db-1 Created 
 Container seatlab-redis-1 Created 
 Container seatlab-app-1 Creating 
 Container seatlab-app-1 Created 
 Container seatlab-redis-1 Starting 
 Container seatlab-db-1 Starting 
 Container seatlab-db-1 Started 
 Container seatlab-redis-1 Started 
 Container seatlab-redis-1 Waiting 
 Container seatlab-db-1 Waiting 
 Container seatlab-redis-1 Healthy 
 Container seatlab-db-1 Healthy 
 Container seatlab-app-1 Starting 
 Container seatlab-app-1 Started 
