[2026-10-03 01:27:12] compose down (ee2843f)
[2026-10-03 01:27:12] compose up (ee2843f) HOLD_TTL=60m EXPIRY_INTERVAL=10s HOLD_STRATEGY=none FLYWAY_LOCATIONS=classpath:db/migration POOL_SIZE=10 APP_CPUS=4 DB_CPUS=4
 Image seatlab-app Building 
#1 [internal] load local bake definitions
#1 reading from stdin 526B done
#1 DONE 0.0s

#2 [internal] load build definition from Dockerfile
#2 transferring dockerfile: 558B done
#2 DONE 0.0s

#3 [internal] load metadata for docker.io/library/eclipse-temurin:21-jdk
#3 ...

#4 [internal] load metadata for docker.io/library/eclipse-temurin:21-jre
#4 DONE 0.6s

#3 [internal] load metadata for docker.io/library/eclipse-temurin:21-jdk
#3 DONE 0.6s

#5 [internal] load .dockerignore
#5 transferring context: 76B done
#5 DONE 0.0s

#6 [stage-1 1/3] FROM docker.io/library/eclipse-temurin:21-jre@sha256:cff19e6215689161eb6162c11b86b0c60ddf802164f2eaf48d570f8fb79a36c5
#6 resolve docker.io/library/eclipse-temurin:21-jre@sha256:cff19e6215689161eb6162c11b86b0c60ddf802164f2eaf48d570f8fb79a36c5 0.0s done
#6 DONE 0.0s

#7 [build 1/7] FROM docker.io/library/eclipse-temurin:21-jdk@sha256:3e3c176ffed168beb42c607be9bc1639b466cf00261a0fb04425562c9d0c5c2b
#7 resolve docker.io/library/eclipse-temurin:21-jdk@sha256:3e3c176ffed168beb42c607be9bc1639b466cf00261a0fb04425562c9d0c5c2b 0.0s done
#7 DONE 0.0s

#8 [internal] load build context
#8 transferring context: 7.44kB done
#8 DONE 0.0s

#9 [build 3/7] COPY gradlew settings.gradle.kts build.gradle.kts ./
#9 CACHED

#10 [build 6/7] COPY src src
#10 CACHED

#11 [build 2/7] WORKDIR /src
#11 CACHED

#12 [build 7/7] RUN ./gradlew --no-daemon -q bootJar
#12 CACHED

#13 [build 5/7] RUN ./gradlew --no-daemon -q dependencies > /dev/null
#13 CACHED

#14 [stage-1 2/3] WORKDIR /app
#14 CACHED

#15 [build 4/7] COPY gradle gradle
#15 CACHED

#16 [stage-1 3/3] COPY --from=build /src/build/libs/seat-reservation-lab-0.0.1-SNAPSHOT.jar app.jar
#16 CACHED

#17 exporting to image
#17 exporting layers done
#17 exporting manifest sha256:4684bfd958375aa33a1b551dfe8197672d466aa41bdbcd68453a284823e9c925 done
#17 exporting config sha256:a7faf0c2f4bbd79e1d7c7eb718d7d9febe0731fb4bc898a98d56bf3091952bad done
#17 exporting attestation manifest sha256:2fa62d6ca734e870a76aadd96154b80ca8420b62877e4936b0c6d3532419b8a4 0.0s done
#17 exporting manifest list sha256:a49b546072ed87b726a4059c81a682a6c140aaf7b0389a17481dfa6c4994b6bd done
#17 naming to docker.io/library/seatlab-app:latest done
#17 unpacking to docker.io/library/seatlab-app:latest done
#17 DONE 0.0s

#18 resolving provenance for metadata file
#18 DONE 0.0s
 Image seatlab-app Built 
 Network seatlab_default Creating 
 Network seatlab_default Created 
 Volume seatlab_pgdata Creating 
 Volume seatlab_pgdata Created 
 Container seatlab-db-1 Creating 
 Container seatlab-redis-1 Creating 
 Container seatlab-db-1 Created 
 Container seatlab-redis-1 Created 
 Container seatlab-app-1 Creating 
 Container seatlab-app-1 Created 
 Container seatlab-redis-1 Starting 
 Container seatlab-db-1 Starting 
 Container seatlab-redis-1 Started 
 Container seatlab-db-1 Started 
 Container seatlab-db-1 Waiting 
 Container seatlab-redis-1 Waiting 
 Container seatlab-redis-1 Healthy 
 Container seatlab-db-1 Healthy 
 Container seatlab-app-1 Starting 
 Container seatlab-app-1 Started 
