[2026-10-05 14:23:17] compose down (b574543)
[2026-10-05 14:23:18] compose up (b574543) HOLD_TTL=5m EXPIRY_INTERVAL=10s HOLD_STRATEGY=conditional-update FLYWAY_LOCATIONS=classpath:db/migration POOL_SIZE=10 APP_CPUS=2 DB_CPUS=4 (attempt 1)
 Image seatlab-app Building 
 Image seatlab-app2 Building 
#1 [internal] load local bake definitions
#1 reading from stdin 969B done
#1 DONE 0.0s
target app: failed to receive status: rpc error: code = Unavailable desc = error reading from server: connection reset by peer

[2026-10-05 14:23:45] compose up (b574543) HOLD_TTL=5m EXPIRY_INTERVAL=10s HOLD_STRATEGY=conditional-update FLYWAY_LOCATIONS=classpath:db/migration POOL_SIZE=10 APP_CPUS=2 DB_CPUS=4 (attempt 2)
 Image seatlab-app Building 
 Image seatlab-app2 Building 
#1 [internal] load local bake definitions
#1 reading from stdin 969B done
#1 DONE 0.0s

#2 [app2 internal] load build definition from Dockerfile
#2 transferring dockerfile: 558B done
#2 DONE 0.0s

#3 [app2 internal] load metadata for docker.io/library/eclipse-temurin:21-jdk
#3 DONE 1.1s

#4 [app2 internal] load metadata for docker.io/library/eclipse-temurin:21-jre
#4 DONE 1.1s

#5 [app internal] load .dockerignore
#5 transferring context: 76B done
#5 DONE 0.0s

#6 [app build 1/7] FROM docker.io/library/eclipse-temurin:21-jdk@sha256:3e3c176ffed168beb42c607be9bc1639b466cf00261a0fb04425562c9d0c5c2b
#6 resolve docker.io/library/eclipse-temurin:21-jdk@sha256:3e3c176ffed168beb42c607be9bc1639b466cf00261a0fb04425562c9d0c5c2b 0.0s done
#6 DONE 0.0s

#7 [app2 stage-1 1/3] FROM docker.io/library/eclipse-temurin:21-jre@sha256:cff19e6215689161eb6162c11b86b0c60ddf802164f2eaf48d570f8fb79a36c5
#7 resolve docker.io/library/eclipse-temurin:21-jre@sha256:cff19e6215689161eb6162c11b86b0c60ddf802164f2eaf48d570f8fb79a36c5 0.0s done
#7 DONE 0.0s

#8 [app internal] load build context
#8 transferring context: 7.44kB done
#8 DONE 0.0s

#9 [app2 build 4/7] COPY gradle gradle
#9 CACHED

#10 [app2 build 3/7] COPY gradlew settings.gradle.kts build.gradle.kts ./
#10 CACHED

#11 [app2 stage-1 2/3] WORKDIR /app
#11 CACHED

#12 [app2 build 5/7] RUN ./gradlew --no-daemon -q dependencies > /dev/null
#12 CACHED

#13 [app2 build 7/7] RUN ./gradlew --no-daemon -q bootJar
#13 CACHED

#14 [app2 build 2/7] WORKDIR /src
#14 CACHED

#15 [app2 build 6/7] COPY src src
#15 CACHED

#16 [app stage-1 3/3] COPY --from=build /src/build/libs/seat-reservation-lab-0.0.1-SNAPSHOT.jar app.jar
#16 CACHED

#17 [app2] exporting to image
#17 exporting layers done
#17 exporting manifest sha256:152cce2585accc4787d83def607dc6d947e9ee7ae4f10c1c7fe1b540abc0ae97 done
#17 exporting config sha256:a09624603084bcc8e401e033282e558d2d7bb950a5767cce579c1701c0c168d0 done
#17 exporting attestation manifest sha256:5144a08751f58cc9678b23138050eb7e2ae4fbc1df63235c9c4464e6f9ab77d5 0.0s done
#17 exporting manifest list sha256:ca64433465e13a35ee7f8ce6899663967ed267cb8bbc9d709a03ad03cda22bcc 0.0s done
#17 naming to docker.io/library/seatlab-app2:latest done
#17 unpacking to docker.io/library/seatlab-app2:latest done
#17 DONE 0.1s

#18 [app] exporting to image
#18 exporting layers done
#18 exporting manifest sha256:80f557502e0bf707c9a9d1e925c0a6e1ce6b384d492ef8da5551e4b3f59a780e done
#18 exporting config sha256:7c74c6dd2cc53304dd47b48529bf16800f02dd39b87d6889cf0de6b5581f5083 done
#18 exporting attestation manifest sha256:32a7b260395230cbd78ae224ff06d48a3c69cf5c378e12be8d6a4e5447b395ee 0.0s done
#18 exporting manifest list sha256:f2f5a2bf31ab5ecf9e817713a7cde5ee93b32371d7b22add213beb66fa61cf18 0.0s done
#18 naming to docker.io/library/seatlab-app:latest done
#18 unpacking to docker.io/library/seatlab-app:latest done
#18 DONE 0.1s

#19 [app2] resolving provenance for metadata file
#19 DONE 0.0s

#20 [app] resolving provenance for metadata file
#20 DONE 0.0s
 Image seatlab-app2 Built 
 Image seatlab-app Built 
 Network seatlab_default Creating 
 Network seatlab_default Created 
 Volume seatlab_pgdata Creating 
 Volume seatlab_pgdata Created 
 Container seatlab-db-1 Creating 
 Container seatlab-redis-1 Creating 
 Container seatlab-db-1 Created 
 Container seatlab-redis-1 Created 
 Container seatlab-app-1 Creating 
 Container seatlab-app2-1 Creating 
 Container seatlab-app2-1 Created 
 Container seatlab-app-1 Created 
 Container seatlab-lb-1 Creating 
 Container seatlab-lb-1 Created 
 Container seatlab-db-1 Starting 
 Container seatlab-redis-1 Starting 
 Container seatlab-db-1 Started 
 Container seatlab-redis-1 Started 
 Container seatlab-redis-1 Waiting 
 Container seatlab-db-1 Waiting 
 Container seatlab-db-1 Waiting 
 Container seatlab-redis-1 Waiting 
 Container seatlab-redis-1 Healthy 
 Container seatlab-db-1 Healthy 
 Container seatlab-redis-1 Healthy 
 Container seatlab-app-1 Starting 
 Container seatlab-db-1 Healthy 
 Container seatlab-app2-1 Starting 
 Container seatlab-app2-1 Started 
 Container seatlab-app-1 Started 
 Container seatlab-lb-1 Starting 
 Container seatlab-lb-1 Started 
