[2026-09-29 03:05:27] compose down (5b2b6ff)
 Container seatlab-app-1 Stopping 
 Container seatlab-app-1 Stopped 
 Container seatlab-app-1 Removing 
 Container seatlab-app-1 Removed 
 Container seatlab-db-1 Stopping 
 Container seatlab-db-1 Stopped 
 Container seatlab-db-1 Removing 
 Container seatlab-db-1 Removed 
 Volume seatlab_pgdata Removing 
 Network seatlab_default Removing 
 Volume seatlab_pgdata Removed 
 Network seatlab_default Removed 
[2026-09-29 03:05:28] compose up (5b2b6ff) HOLD_TTL=60m EXPIRY_INTERVAL=10s APP_CPUS=4 DB_CPUS=4
 Image seatlab-app Building 
#1 [internal] load local bake definitions
#1 reading from stdin 526B done
#1 DONE 0.0s

#2 [internal] load build definition from Dockerfile
#2 transferring dockerfile: 558B done
#2 DONE 0.0s

#3 [internal] load metadata for docker.io/library/eclipse-temurin:21-jdk
#3 ...

#4 [internal] load metadata for docker.io/library/eclipse-temurin:21-jre
#4 DONE 0.9s

#3 [internal] load metadata for docker.io/library/eclipse-temurin:21-jdk
#3 DONE 0.9s

#5 [internal] load .dockerignore
#5 transferring context: 76B done
#5 DONE 0.0s

#6 [build 1/7] FROM docker.io/library/eclipse-temurin:21-jdk@sha256:4d06038800655fe1211760cd561de70ef2ed7a47f5d69255e9834414602b7026
#6 resolve docker.io/library/eclipse-temurin:21-jdk@sha256:4d06038800655fe1211760cd561de70ef2ed7a47f5d69255e9834414602b7026 0.0s done
#6 DONE 0.0s

#7 [stage-1 1/3] FROM docker.io/library/eclipse-temurin:21-jre@sha256:d7051a45dd955e4d5d1db4d3f4269fe13d1c6dff8cc6b7ef89fc8577b96c1982
#7 resolve docker.io/library/eclipse-temurin:21-jre@sha256:d7051a45dd955e4d5d1db4d3f4269fe13d1c6dff8cc6b7ef89fc8577b96c1982 0.0s done
#7 DONE 0.0s

#8 [internal] load build context
#8 transferring context: 5.60kB done
#8 DONE 0.0s

#9 [build 6/7] COPY src src
#9 CACHED

#10 [build 7/7] RUN ./gradlew --no-daemon -q bootJar
#10 CACHED

#11 [build 4/7] COPY gradle gradle
#11 CACHED

#12 [stage-1 2/3] WORKDIR /app
#12 CACHED

#13 [build 2/7] WORKDIR /src
#13 CACHED

#14 [build 5/7] RUN ./gradlew --no-daemon -q dependencies > /dev/null
#14 CACHED

#15 [build 3/7] COPY gradlew settings.gradle.kts build.gradle.kts ./
#15 CACHED

#16 [stage-1 3/3] COPY --from=build /src/build/libs/seat-reservation-lab-0.0.1-SNAPSHOT.jar app.jar
#16 CACHED

#17 exporting to image
#17 exporting layers done
#17 exporting manifest sha256:f6f278819803e59b4d884b5a56fc2a32f0bf696add3673bb567e151332f5224a done
#17 exporting config sha256:86eeeb1423ca7120bf4064a8e76dd45a986d8011585ff73e1fd4c1faf862ed38 done
#17 exporting attestation manifest sha256:33fc6ac8305db72a50ea43f9eea2c55a6e056cd79e948469e7527ace6c9137f8 0.0s done
#17 exporting manifest list sha256:d820360d048c1219ddf6165a407e08dd6e97a5773d04085c7c78e92a7781eb84 done
#17 naming to docker.io/library/seatlab-app:latest done
#17 unpacking to docker.io/library/seatlab-app:latest done
#17 DONE 0.0s

#18 resolving provenance for metadata file
#18 DONE 0.0s
 Image seatlab-app Built 
 Network seatlab_default Creating 
 Network seatlab_default Created 
 Volume seatlab_pgdata Creating 
 Volume seatlab_pgdata Created 
 Container seatlab-db-1 Creating 
 Container seatlab-db-1 Created 
 Container seatlab-app-1 Creating 
 Container seatlab-app-1 Created 
 Container seatlab-db-1 Starting 
 Container seatlab-db-1 Started 
 Container seatlab-db-1 Waiting 
 Container seatlab-db-1 Healthy 
 Container seatlab-app-1 Starting 
 Container seatlab-app-1 Started 
