[2026-10-09 03:56:04] matrix 20261009-adr006-022eca41/advisory-try-s3a20: levels=[4] reps=3 cells=[S3-a20]
[2026-10-09 03:56:04] L4 S3-a20 rep1 → /home/jun/project/lab/backend-labs-commerce/seat-reservation-lab/k6/ADR-006/results/20261009-adr006-022eca41/advisory-try-s3a20/L4/S3-a20/rep1
[2026-10-09 04:17:40] compose down (022eca41)
 Container seatlab-app-1 Stopping 
 Container seatlab-app-1 Stopped 
 Container seatlab-app-1 Removing 
 Container seatlab-app-1 Removed 
 Container seatlab-db-1 Stopping 
 Container seatlab-redis-1 Stopping 
 Container seatlab-db-1 Stopped 
 Container seatlab-db-1 Removing 
 Container seatlab-db-1 Removed 
 Container seatlab-redis-1 Stopped 
 Container seatlab-redis-1 Removing 
 Container seatlab-redis-1 Removed 
 Network seatlab_default Removing 
 Volume seatlab_pgdata Removing 
 Volume seatlab_pgdata Removed 
 Network seatlab_default Removed 
[2026-10-09 04:17:41] matrix done: /home/jun/project/lab/backend-labs-commerce/seat-reservation-lab/k6/ADR-006/results/20261009-adr006-022eca41/advisory-try-s3a20
[2026-10-09 04:43:01] matrix 20261009-adr006-022eca41/advisory-try-s3a20: levels=[4] reps=3 cells=[S3-a20]
[2026-10-09 04:43:01] L4 S3-a20 rep2 → /home/jun/project/lab/backend-labs-commerce/seat-reservation-lab/k6/ADR-006/results/20261009-adr006-022eca41/advisory-try-s3a20/L4/S3-a20/rep2
[2026-10-09 05:04:16] compose down (022eca41)
 Container seatlab-app-1 Stopping 
 Container seatlab-app-1 Stopped 
 Container seatlab-app-1 Removing 
 Container seatlab-app-1 Removed 
 Container seatlab-db-1 Stopping 
 Container seatlab-redis-1 Stopping 
 Container seatlab-db-1 Stopped 
 Container seatlab-db-1 Removing 
 Container seatlab-db-1 Removed 
 Container seatlab-redis-1 Stopped 
 Container seatlab-redis-1 Removing 
 Container seatlab-redis-1 Removed 
 Network seatlab_default Removing 
 Volume seatlab_pgdata Removing 
 Volume seatlab_pgdata Removed 
 Network seatlab_default Removed 
[2026-10-09 05:04:18] matrix done: /home/jun/project/lab/backend-labs-commerce/seat-reservation-lab/k6/ADR-006/results/20261009-adr006-022eca41/advisory-try-s3a20
[2026-10-09 07:36:35] matrix 20261009-adr006-022eca41/advisory-try-s3a20: levels=[4] reps=3 cells=[S3-a20]
[2026-10-09 07:36:35] L4 S3-a20 rep3 → /home/jun/project/lab/backend-labs-commerce/seat-reservation-lab/k6/ADR-006/results/20261009-adr006-022eca41/advisory-try-s3a20/L4/S3-a20/rep3
[2026-10-09 07:58:08] compose down (022eca41)
 Container seatlab-app-1 Stopping 
 Container seatlab-app-1 Stopped 
 Container seatlab-app-1 Removing 
 Container seatlab-app-1 Removed 
 Container seatlab-db-1 Stopping 
 Container seatlab-redis-1 Stopping 
 Container seatlab-db-1 Stopped 
 Container seatlab-db-1 Removing 
 Container seatlab-db-1 Removed 
 Container seatlab-redis-1 Stopped 
 Container seatlab-redis-1 Removing 
 Container seatlab-redis-1 Removed 
 Volume seatlab_pgdata Removing 
 Network seatlab_default Removing 
 Volume seatlab_pgdata Removed 
 Network seatlab_default Removed 
[2026-10-09 07:58:09] matrix done: /home/jun/project/lab/backend-labs-commerce/seat-reservation-lab/k6/ADR-006/results/20261009-adr006-022eca41/advisory-try-s3a20
[2026-10-09 11:25:39] matrix 20261009-adr006-022eca41/advisory-try-s3a20: levels=[4] reps=3 cells=[S3-a20]
[2026-10-09 11:25:39] L4 S3-a20 rep1 → /home/jun/project/lab/backend-labs-commerce/seat-reservation-lab/k6/ADR-006/results/20261009-adr006-022eca41/advisory-try-s3a20/L4/S3-a20/rep1
[2026-10-09 11:46:47] compose down (022eca41)
 Container seatlab-app-1 Stopping 
 Container seatlab-app-1 Stopped 
 Container seatlab-app-1 Removing 
 Container seatlab-app-1 Removed 
 Container seatlab-db-1 Stopping 
 Container seatlab-redis-1 Stopping 
 Container seatlab-db-1 Stopped 
 Container seatlab-db-1 Removing 
 Container seatlab-db-1 Removed 
 Container seatlab-redis-1 Stopped 
 Container seatlab-redis-1 Removing 
 Container seatlab-redis-1 Removed 
 Volume seatlab_pgdata Removing 
 Network seatlab_default Removing 
 Volume seatlab_pgdata Removed 
 Network seatlab_default Removed 
[2026-10-09 11:46:49] matrix done: /home/jun/project/lab/backend-labs-commerce/seat-reservation-lab/k6/ADR-006/results/20261009-adr006-022eca41/advisory-try-s3a20
[2026-10-09 11:46:49] matrix 20261009-adr006-022eca41/advisory-try-s3a20: levels=[4] reps=3 cells=[S3-a20]
[2026-10-09 11:46:49] L4 S3-a20 rep2 → /home/jun/project/lab/backend-labs-commerce/seat-reservation-lab/k6/ADR-006/results/20261009-adr006-022eca41/advisory-try-s3a20/L4/S3-a20/rep2
