[2026-10-09 03:32:05] matrix 20261009-adr006-022eca41/advisory-try-s7m1: levels=[4] reps=5 cells=[S7-m1]
[2026-10-09 03:32:05] L4 S7-m1 rep1 → /home/jun/project/lab/backend-labs-commerce/seat-reservation-lab/k6/ADR-006/results/20261009-adr006-022eca41/advisory-try-s7m1/L4/S7-m1/rep1
[2026-10-09 03:33:16] compose down (022eca41)
 Container seatlab-app-1 Stopping 
 Container seatlab-app-1 Stopped 
 Container seatlab-app-1 Removing 
 Container seatlab-app-1 Removed 
 Container seatlab-redis-1 Stopping 
 Container seatlab-db-1 Stopping 
 Container seatlab-db-1 Stopped 
 Container seatlab-db-1 Removing 
 Container seatlab-db-1 Removed 
 Container seatlab-redis-1 Stopped 
 Container seatlab-redis-1 Removing 
 Container seatlab-redis-1 Removed 
 Volume seatlab_pgdata Removing 
 Network seatlab_default Removing 
 Volume seatlab_pgdata Removed 
 Network seatlab_default Removed 
[2026-10-09 03:33:17] matrix done: /home/jun/project/lab/backend-labs-commerce/seat-reservation-lab/k6/ADR-006/results/20261009-adr006-022eca41/advisory-try-s7m1
[2026-10-09 04:39:22] matrix 20261009-adr006-022eca41/advisory-try-s7m1: levels=[4] reps=5 cells=[S7-m1]
[2026-10-09 04:39:22] L4 S7-m1 rep2 → /home/jun/project/lab/backend-labs-commerce/seat-reservation-lab/k6/ADR-006/results/20261009-adr006-022eca41/advisory-try-s7m1/L4/S7-m1/rep2
[2026-10-09 04:40:33] compose down (022eca41)
 Container seatlab-app-1 Stopping 
 Container seatlab-app-1 Stopped 
 Container seatlab-app-1 Removing 
 Container seatlab-app-1 Removed 
 Container seatlab-db-1 Stopping 
 Container seatlab-redis-1 Stopping 
 Container seatlab-db-1 Stopped 
 Container seatlab-db-1 Removing 
 Container seatlab-redis-1 Stopped 
 Container seatlab-redis-1 Removing 
 Container seatlab-db-1 Removed 
 Container seatlab-redis-1 Removed 
 Network seatlab_default Removing 
 Volume seatlab_pgdata Removing 
 Volume seatlab_pgdata Removed 
 Network seatlab_default Removed 
[2026-10-09 04:40:34] matrix done: /home/jun/project/lab/backend-labs-commerce/seat-reservation-lab/k6/ADR-006/results/20261009-adr006-022eca41/advisory-try-s7m1
[2026-10-09 09:06:27] matrix 20261009-adr006-022eca41/advisory-try-s7m1: levels=[4] reps=5 cells=[S7-m1]
[2026-10-09 09:06:27] L4 S7-m1 rep3 → /home/jun/project/lab/backend-labs-commerce/seat-reservation-lab/k6/ADR-006/results/20261009-adr006-022eca41/advisory-try-s7m1/L4/S7-m1/rep3
[2026-10-09 09:07:37] compose down (022eca41)
 Container seatlab-app-1 Stopping 
 Container seatlab-app-1 Stopped 
 Container seatlab-app-1 Removing 
 Container seatlab-app-1 Removed 
 Container seatlab-redis-1 Stopping 
 Container seatlab-db-1 Stopping 
 Container seatlab-redis-1 Stopped 
 Container seatlab-redis-1 Removing 
 Container seatlab-redis-1 Removed 
 Container seatlab-db-1 Stopped 
 Container seatlab-db-1 Removing 
 Container seatlab-db-1 Removed 
 Volume seatlab_pgdata Removing 
 Network seatlab_default Removing 
 Volume seatlab_pgdata Removed 
 Network seatlab_default Removed 
[2026-10-09 09:07:38] matrix done: /home/jun/project/lab/backend-labs-commerce/seat-reservation-lab/k6/ADR-006/results/20261009-adr006-022eca41/advisory-try-s7m1
[2026-10-09 09:08:50] matrix 20261009-adr006-022eca41/advisory-try-s7m1: levels=[4] reps=5 cells=[S7-m1]
[2026-10-09 09:08:50] L4 S7-m1 rep4 → /home/jun/project/lab/backend-labs-commerce/seat-reservation-lab/k6/ADR-006/results/20261009-adr006-022eca41/advisory-try-s7m1/L4/S7-m1/rep4
[2026-10-09 09:10:00] compose down (022eca41)
 Container seatlab-app-1 Stopping 
 Container seatlab-app-1 Stopped 
 Container seatlab-app-1 Removing 
 Container seatlab-app-1 Removed 
 Container seatlab-redis-1 Stopping 
 Container seatlab-db-1 Stopping 
 Container seatlab-db-1 Stopped 
 Container seatlab-db-1 Removing 
 Container seatlab-redis-1 Stopped 
 Container seatlab-redis-1 Removing 
 Container seatlab-db-1 Removed 
 Container seatlab-redis-1 Removed 
 Volume seatlab_pgdata Removing 
 Network seatlab_default Removing 
 Volume seatlab_pgdata Removed 
 Network seatlab_default Removed 
[2026-10-09 09:10:01] matrix done: /home/jun/project/lab/backend-labs-commerce/seat-reservation-lab/k6/ADR-006/results/20261009-adr006-022eca41/advisory-try-s7m1
[2026-10-09 11:21:56] matrix 20261009-adr006-022eca41/advisory-try-s7m1: levels=[4] reps=5 cells=[S7-m1]
[2026-10-09 11:21:56] L4 S7-m1 rep5 → /home/jun/project/lab/backend-labs-commerce/seat-reservation-lab/k6/ADR-006/results/20261009-adr006-022eca41/advisory-try-s7m1/L4/S7-m1/rep5
[2026-10-09 11:23:09] compose down (022eca41)
 Container seatlab-app-1 Stopping 
 Container seatlab-app-1 Stopped 
 Container seatlab-app-1 Removing 
 Container seatlab-app-1 Removed 
 Container seatlab-db-1 Stopping 
 Container seatlab-redis-1 Stopping 
 Container seatlab-db-1 Stopped 
 Container seatlab-db-1 Removing 
 Container seatlab-db-1 Removed 
 Container seatlab-redis-1 Stopped 
 Container seatlab-redis-1 Removing 
 Container seatlab-redis-1 Removed 
 Volume seatlab_pgdata Removing 
 Network seatlab_default Removing 
 Volume seatlab_pgdata Removed 
 Network seatlab_default Removed 
[2026-10-09 11:23:10] matrix done: /home/jun/project/lab/backend-labs-commerce/seat-reservation-lab/k6/ADR-006/results/20261009-adr006-022eca41/advisory-try-s7m1
