2026-10-09T02:24:46+09:00 CAMPAIGN start sha=022eca41 suite=main reps=5 s3_reps=3 order=rotation conditions=9
2026-10-09T02:24:46+09:00 ORDER rep1: none-s24 advisory-try-s24 counter-upsert-s24 none-s7m1 advisory-try-s7m1 counter-upsert-s7m1 none-s3a20 advisory-try-s3a20 counter-upsert-s3a20 
2026-10-09T02:24:46+09:00 none-s24 rep1 start 
2026-10-09T02:46:52+09:00 none-s24 rep1 exit=0
2026-10-09T02:46:52+09:00 advisory-try-s24 rep1 start 
2026-10-09T03:08:54+09:00 advisory-try-s24 rep1 exit=0
2026-10-09T03:08:54+09:00 counter-upsert-s24 rep1 start 
2026-10-09T03:30:50+09:00 counter-upsert-s24 rep1 exit=0
2026-10-09T03:30:50+09:00 none-s7m1 rep1 start 
2026-10-09T03:32:04+09:00 none-s7m1 rep1 exit=0
2026-10-09T03:32:04+09:00 advisory-try-s7m1 rep1 start 
2026-10-09T03:33:17+09:00 advisory-try-s7m1 rep1 exit=0
2026-10-09T03:33:17+09:00 counter-upsert-s7m1 rep1 start 
2026-10-09T03:34:30+09:00 counter-upsert-s7m1 rep1 exit=0
2026-10-09T03:34:30+09:00 none-s3a20 rep1 start 
2026-10-09T03:56:03+09:00 none-s3a20 rep1 exit=0
2026-10-09T03:56:03+09:00 advisory-try-s3a20 rep1 start 
2026-10-09T04:17:41+09:00 advisory-try-s3a20 rep1 exit=0
2026-10-09T04:17:41+09:00 counter-upsert-s3a20 rep1 start 
2026-10-09T04:39:22+09:00 counter-upsert-s3a20 rep1 exit=0
2026-10-09T04:39:22+09:00 ORDER rep2: advisory-try-s7m1 counter-upsert-s7m1 none-s7m1 advisory-try-s3a20 counter-upsert-s3a20 none-s3a20 advisory-try-s24 counter-upsert-s24 none-s24 
2026-10-09T04:39:22+09:00 advisory-try-s7m1 rep2 start --resume
2026-10-09T04:40:34+09:00 advisory-try-s7m1 rep2 exit=0
2026-10-09T04:40:34+09:00 counter-upsert-s7m1 rep2 start --resume
2026-10-09T04:41:47+09:00 counter-upsert-s7m1 rep2 exit=0
2026-10-09T04:41:47+09:00 none-s7m1 rep2 start --resume
2026-10-09T04:43:00+09:00 none-s7m1 rep2 exit=0
2026-10-09T04:43:00+09:00 advisory-try-s3a20 rep2 start --resume
2026-10-09T05:04:18+09:00 advisory-try-s3a20 rep2 exit=0
2026-10-09T05:04:18+09:00 counter-upsert-s3a20 rep2 start --resume
2026-10-09T05:25:55+09:00 counter-upsert-s3a20 rep2 exit=0
2026-10-09T05:25:56+09:00 none-s3a20 rep2 start --resume
2026-10-09T05:47:34+09:00 none-s3a20 rep2 exit=0
2026-10-09T05:47:34+09:00 advisory-try-s24 rep2 start --resume
2026-10-09T06:09:35+09:00 advisory-try-s24 rep2 exit=0
2026-10-09T06:09:35+09:00 counter-upsert-s24 rep2 start --resume
2026-10-09T06:31:26+09:00 counter-upsert-s24 rep2 exit=0
2026-10-09T06:31:26+09:00 none-s24 rep2 start --resume
2026-10-09T06:53:25+09:00 none-s24 rep2 exit=0
2026-10-09T06:53:26+09:00 ORDER rep3: counter-upsert-s3a20 none-s3a20 advisory-try-s3a20 counter-upsert-s24 none-s24 advisory-try-s24 counter-upsert-s7m1 none-s7m1 advisory-try-s7m1 
2026-10-09T06:53:26+09:00 counter-upsert-s3a20 rep3 start --resume
2026-10-09T07:15:05+09:00 counter-upsert-s3a20 rep3 exit=0
2026-10-09T07:15:05+09:00 none-s3a20 rep3 start --resume
2026-10-09T07:36:35+09:00 none-s3a20 rep3 exit=0
2026-10-09T07:36:35+09:00 advisory-try-s3a20 rep3 start --resume
2026-10-09T07:58:09+09:00 advisory-try-s3a20 rep3 exit=0
2026-10-09T07:58:09+09:00 counter-upsert-s24 rep3 start --resume
2026-10-09T08:20:03+09:00 counter-upsert-s24 rep3 exit=0
2026-10-09T08:20:03+09:00 none-s24 rep3 start --resume
2026-10-09T08:42:03+09:00 none-s24 rep3 exit=0
2026-10-09T08:42:03+09:00 advisory-try-s24 rep3 start --resume
2026-10-09T09:04:02+09:00 advisory-try-s24 rep3 exit=0
2026-10-09T09:04:02+09:00 counter-upsert-s7m1 rep3 start --resume
2026-10-09T09:05:14+09:00 counter-upsert-s7m1 rep3 exit=0
2026-10-09T09:05:14+09:00 none-s7m1 rep3 start --resume
2026-10-09T09:06:26+09:00 none-s7m1 rep3 exit=0
2026-10-09T09:06:26+09:00 advisory-try-s7m1 rep3 start --resume
2026-10-09T09:07:38+09:00 advisory-try-s7m1 rep3 exit=0
2026-10-09T09:07:38+09:00 ORDER rep4: none-s7m1 advisory-try-s7m1 counter-upsert-s7m1 none-s24 advisory-try-s24 counter-upsert-s24 
2026-10-09T09:07:38+09:00 none-s7m1 rep4 start --resume
2026-10-09T09:08:49+09:00 none-s7m1 rep4 exit=0
2026-10-09T09:08:49+09:00 advisory-try-s7m1 rep4 start --resume
2026-10-09T09:10:01+09:00 advisory-try-s7m1 rep4 exit=0
2026-10-09T09:10:01+09:00 counter-upsert-s7m1 rep4 start --resume
2026-10-09T09:11:12+09:00 counter-upsert-s7m1 rep4 exit=0
2026-10-09T09:11:12+09:00 none-s24 rep4 start --resume
2026-10-09T09:33:08+09:00 none-s24 rep4 exit=0
2026-10-09T09:33:08+09:00 advisory-try-s24 rep4 start --resume
2026-10-09T09:54:54+09:00 advisory-try-s24 rep4 exit=0
2026-10-09T09:54:54+09:00 counter-upsert-s24 rep4 start --resume
2026-10-09T10:16:39+09:00 counter-upsert-s24 rep4 exit=0
2026-10-09T10:16:39+09:00 ORDER rep5: advisory-try-s24 counter-upsert-s24 none-s24 advisory-try-s7m1 counter-upsert-s7m1 none-s7m1 
2026-10-09T10:16:39+09:00 advisory-try-s24 rep5 start --resume
2026-10-09T10:38:30+09:00 advisory-try-s24 rep5 exit=0
2026-10-09T10:38:30+09:00 counter-upsert-s24 rep5 start --resume
2026-10-09T11:00:10+09:00 counter-upsert-s24 rep5 exit=0
2026-10-09T11:00:10+09:00 none-s24 rep5 start --resume
2026-10-09T11:21:55+09:00 none-s24 rep5 exit=0
2026-10-09T11:21:55+09:00 advisory-try-s7m1 rep5 start --resume
2026-10-09T11:23:10+09:00 advisory-try-s7m1 rep5 exit=0
2026-10-09T11:23:10+09:00 counter-upsert-s7m1 rep5 start --resume
2026-10-09T11:24:25+09:00 counter-upsert-s7m1 rep5 exit=0
2026-10-09T11:24:25+09:00 none-s7m1 rep5 start --resume
2026-10-09T11:25:38+09:00 none-s7m1 rep5 exit=0
2026-10-09T11:25:38+09:00 re-measure round 1: 9 reps
2026-10-09T11:25:38+09:00 re-measure /home/jun/project/lab/backend-labs-commerce/seat-reservation-lab/k6/ADR-006/results/20261009-adr006-022eca41/advisory-try-s3a20/L4/S3-a20/rep1 (invalid-borrow-ratio)
2026-10-09T11:25:38+09:00 advisory-try-s3a20 rep1 start --resume
2026-10-09T11:46:49+09:00 advisory-try-s3a20 rep1 exit=0
2026-10-09T11:46:49+09:00 re-measure /home/jun/project/lab/backend-labs-commerce/seat-reservation-lab/k6/ADR-006/results/20261009-adr006-022eca41/advisory-try-s3a20/L4/S3-a20/rep2 (invalid-borrow-ratio)
2026-10-09T11:46:49+09:00 advisory-try-s3a20 rep2 start --resume
2026-10-09T11:50:21+09:00 STOPPED by user decision: S3 invalid-borrow-ratio false positive (bash precedence), remeasure aborted
2026-10-09T11:51:22+09:00 status corrected k6/ADR-006/results/20261009-adr006-022eca41/advisory-try-s3a20/L4/S3-a20/rep1 invalid-borrow-ratio -> ok
2026-10-09T11:51:22+09:00 status corrected k6/ADR-006/results/20261009-adr006-022eca41/advisory-try-s3a20/L4/S3-a20/rep2 invalid-borrow-ratio -> ok
2026-10-09T11:51:22+09:00 status corrected k6/ADR-006/results/20261009-adr006-022eca41/advisory-try-s3a20/L4/S3-a20/rep3 invalid-borrow-ratio -> ok
2026-10-09T11:51:22+09:00 status corrected k6/ADR-006/results/20261009-adr006-022eca41/counter-upsert-s3a20/L4/S3-a20/rep1 invalid-borrow-ratio -> ok
2026-10-09T11:51:22+09:00 status corrected k6/ADR-006/results/20261009-adr006-022eca41/counter-upsert-s3a20/L4/S3-a20/rep2 invalid-borrow-ratio -> ok
2026-10-09T11:51:22+09:00 status corrected k6/ADR-006/results/20261009-adr006-022eca41/counter-upsert-s3a20/L4/S3-a20/rep3 invalid-borrow-ratio -> ok
2026-10-09T11:51:22+09:00 status corrected k6/ADR-006/results/20261009-adr006-022eca41/none-s3a20/L4/S3-a20/rep1 invalid-borrow-ratio -> ok
2026-10-09T11:51:22+09:00 status corrected k6/ADR-006/results/20261009-adr006-022eca41/none-s3a20/L4/S3-a20/rep2 invalid-borrow-ratio -> ok
2026-10-09T11:51:22+09:00 status corrected k6/ADR-006/results/20261009-adr006-022eca41/none-s3a20/L4/S3-a20/rep3 invalid-borrow-ratio -> ok
