[2026-10-09 03:33:18] matrix 20261009-adr006-022eca41/counter-upsert-s7m1: levels=[4] reps=5 cells=[S7-m1]
[2026-10-09 03:33:18] L4 S7-m1 rep1 → /home/jun/project/lab/backend-labs-commerce/seat-reservation-lab/k6/ADR-006/results/20261009-adr006-022eca41/counter-upsert-s7m1/L4/S7-m1/rep1
[2026-10-09 03:34:28] compose down (022eca41)
 Container seatlab-app-1 Stopping 
 Container seatlab-app-1 Stopped 
 Container seatlab-app-1 Removing 
 Container seatlab-app-1 Removed 
 Container seatlab-redis-1 Stopping 
 Container seatlab-db-1 Stopping 
 Container seatlab-db-1 Stopped 
 Container seatlab-db-1 Removing 
 Container seatlab-db-1 Removed 
 Container seatlab-redis-1 Stopped 
 Container seatlab-redis-1 Removing 
 Container seatlab-redis-1 Removed 
 Volume seatlab_pgdata Removing 
 Network seatlab_default Removing 
 Volume seatlab_pgdata Removed 
 Network seatlab_default Removed 
[2026-10-09 03:34:30] matrix done: /home/jun/project/lab/backend-labs-commerce/seat-reservation-lab/k6/ADR-006/results/20261009-adr006-022eca41/counter-upsert-s7m1
[2026-10-09 04:40:35] matrix 20261009-adr006-022eca41/counter-upsert-s7m1: levels=[4] reps=5 cells=[S7-m1]
[2026-10-09 04:40:35] L4 S7-m1 rep2 → /home/jun/project/lab/backend-labs-commerce/seat-reservation-lab/k6/ADR-006/results/20261009-adr006-022eca41/counter-upsert-s7m1/L4/S7-m1/rep2
[2026-10-09 04:41:46] compose down (022eca41)
 Container seatlab-app-1 Stopping 
 Container seatlab-app-1 Stopped 
 Container seatlab-app-1 Removing 
 Container seatlab-app-1 Removed 
 Container seatlab-redis-1 Stopping 
 Container seatlab-db-1 Stopping 
 Container seatlab-redis-1 Stopped 
 Container seatlab-redis-1 Removing 
 Container seatlab-redis-1 Removed 
 Container seatlab-db-1 Stopped 
 Container seatlab-db-1 Removing 
 Container seatlab-db-1 Removed 
 Volume seatlab_pgdata Removing 
 Network seatlab_default Removing 
 Volume seatlab_pgdata Removed 
 Network seatlab_default Removed 
[2026-10-09 04:41:47] matrix done: /home/jun/project/lab/backend-labs-commerce/seat-reservation-lab/k6/ADR-006/results/20261009-adr006-022eca41/counter-upsert-s7m1
[2026-10-09 09:04:03] matrix 20261009-adr006-022eca41/counter-upsert-s7m1: levels=[4] reps=5 cells=[S7-m1]
[2026-10-09 09:04:03] L4 S7-m1 rep3 → /home/jun/project/lab/backend-labs-commerce/seat-reservation-lab/k6/ADR-006/results/20261009-adr006-022eca41/counter-upsert-s7m1/L4/S7-m1/rep3
[2026-10-09 09:05:13] compose down (022eca41)
 Container seatlab-app-1 Stopping 
 Container seatlab-app-1 Stopped 
 Container seatlab-app-1 Removing 
 Container seatlab-app-1 Removed 
 Container seatlab-db-1 Stopping 
 Container seatlab-redis-1 Stopping 
 Container seatlab-db-1 Stopped 
 Container seatlab-db-1 Removing 
 Container seatlab-redis-1 Stopped 
 Container seatlab-redis-1 Removing 
 Container seatlab-db-1 Removed 
 Container seatlab-redis-1 Removed 
 Volume seatlab_pgdata Removing 
 Network seatlab_default Removing 
 Volume seatlab_pgdata Removed 
 Network seatlab_default Removed 
[2026-10-09 09:05:14] matrix done: /home/jun/project/lab/backend-labs-commerce/seat-reservation-lab/k6/ADR-006/results/20261009-adr006-022eca41/counter-upsert-s7m1
[2026-10-09 09:10:02] matrix 20261009-adr006-022eca41/counter-upsert-s7m1: levels=[4] reps=5 cells=[S7-m1]
[2026-10-09 09:10:02] L4 S7-m1 rep4 → /home/jun/project/lab/backend-labs-commerce/seat-reservation-lab/k6/ADR-006/results/20261009-adr006-022eca41/counter-upsert-s7m1/L4/S7-m1/rep4
[2026-10-09 09:11:11] compose down (022eca41)
 Container seatlab-app-1 Stopping 
 Container seatlab-app-1 Stopped 
 Container seatlab-app-1 Removing 
 Container seatlab-app-1 Removed 
 Container seatlab-db-1 Stopping 
 Container seatlab-redis-1 Stopping 
 Container seatlab-redis-1 Stopped 
 Container seatlab-redis-1 Removing 
 Container seatlab-redis-1 Removed 
 Container seatlab-db-1 Stopped 
 Container seatlab-db-1 Removing 
 Container seatlab-db-1 Removed 
 Volume seatlab_pgdata Removing 
 Network seatlab_default Removing 
 Volume seatlab_pgdata Removed 
 Network seatlab_default Removed 
[2026-10-09 09:11:12] matrix done: /home/jun/project/lab/backend-labs-commerce/seat-reservation-lab/k6/ADR-006/results/20261009-adr006-022eca41/counter-upsert-s7m1
[2026-10-09 11:23:11] matrix 20261009-adr006-022eca41/counter-upsert-s7m1: levels=[4] reps=5 cells=[S7-m1]
[2026-10-09 11:23:11] L4 S7-m1 rep5 → /home/jun/project/lab/backend-labs-commerce/seat-reservation-lab/k6/ADR-006/results/20261009-adr006-022eca41/counter-upsert-s7m1/L4/S7-m1/rep5
[2026-10-09 11:24:23] compose down (022eca41)
 Container seatlab-app-1 Stopping 
 Container seatlab-app-1 Stopped 
 Container seatlab-app-1 Removing 
 Container seatlab-app-1 Removed 
 Container seatlab-db-1 Stopping 
 Container seatlab-redis-1 Stopping 
 Container seatlab-db-1 Stopped 
 Container seatlab-db-1 Removing 
 Container seatlab-db-1 Removed 
 Container seatlab-redis-1 Stopped 
 Container seatlab-redis-1 Removing 
 Container seatlab-redis-1 Removed 
 Volume seatlab_pgdata Removing 
 Network seatlab_default Removing 
 Volume seatlab_pgdata Removed 
 Network seatlab_default Removed 
[2026-10-09 11:24:25] matrix done: /home/jun/project/lab/backend-labs-commerce/seat-reservation-lab/k6/ADR-006/results/20261009-adr006-022eca41/counter-upsert-s7m1
