[2026-10-09 03:34:30] matrix 20261009-adr006-022eca41/none-s3a20: levels=[4] reps=3 cells=[S3-a20]
[2026-10-09 03:34:30] L4 S3-a20 rep1 → /home/jun/project/lab/backend-labs-commerce/seat-reservation-lab/k6/ADR-006/results/20261009-adr006-022eca41/none-s3a20/L4/S3-a20/rep1
[2026-10-09 03:56:02] compose down (022eca41)
 Container seatlab-app-1 Stopping 
 Container seatlab-app-1 Stopped 
 Container seatlab-app-1 Removing 
 Container seatlab-app-1 Removed 
 Container seatlab-db-1 Stopping 
 Container seatlab-redis-1 Stopping 
 Container seatlab-redis-1 Stopped 
 Container seatlab-redis-1 Removing 
 Container seatlab-redis-1 Removed 
 Container seatlab-db-1 Stopped 
 Container seatlab-db-1 Removing 
 Container seatlab-db-1 Removed 
 Network seatlab_default Removing 
 Volume seatlab_pgdata Removing 
 Volume seatlab_pgdata Removed 
 Network seatlab_default Removed 
[2026-10-09 03:56:03] matrix done: /home/jun/project/lab/backend-labs-commerce/seat-reservation-lab/k6/ADR-006/results/20261009-adr006-022eca41/none-s3a20
[2026-10-09 05:25:56] matrix 20261009-adr006-022eca41/none-s3a20: levels=[4] reps=3 cells=[S3-a20]
[2026-10-09 05:25:56] L4 S3-a20 rep2 → /home/jun/project/lab/backend-labs-commerce/seat-reservation-lab/k6/ADR-006/results/20261009-adr006-022eca41/none-s3a20/L4/S3-a20/rep2
[2026-10-09 05:47:32] compose down (022eca41)
 Container seatlab-app-1 Stopping 
 Container seatlab-app-1 Stopped 
 Container seatlab-app-1 Removing 
 Container seatlab-app-1 Removed 
 Container seatlab-db-1 Stopping 
 Container seatlab-redis-1 Stopping 
 Container seatlab-db-1 Stopped 
 Container seatlab-db-1 Removing 
 Container seatlab-db-1 Removed 
 Container seatlab-redis-1 Stopped 
 Container seatlab-redis-1 Removing 
 Container seatlab-redis-1 Removed 
 Volume seatlab_pgdata Removing 
 Network seatlab_default Removing 
 Volume seatlab_pgdata Removed 
 Network seatlab_default Removed 
[2026-10-09 05:47:34] matrix done: /home/jun/project/lab/backend-labs-commerce/seat-reservation-lab/k6/ADR-006/results/20261009-adr006-022eca41/none-s3a20
[2026-10-09 07:15:05] matrix 20261009-adr006-022eca41/none-s3a20: levels=[4] reps=3 cells=[S3-a20]
[2026-10-09 07:15:06] L4 S3-a20 rep3 → /home/jun/project/lab/backend-labs-commerce/seat-reservation-lab/k6/ADR-006/results/20261009-adr006-022eca41/none-s3a20/L4/S3-a20/rep3
[2026-10-09 07:36:32] compose down (022eca41)
 Container seatlab-app-1 Stopping 
 Container seatlab-app-1 Stopped 
 Container seatlab-app-1 Removing 
 Container seatlab-app-1 Removed 
 Container seatlab-db-1 Stopping 
 Container seatlab-redis-1 Stopping 
 Container seatlab-db-1 Stopped 
 Container seatlab-db-1 Removing 
 Container seatlab-db-1 Removed 
 Container seatlab-redis-1 Stopped 
 Container seatlab-redis-1 Removing 
 Container seatlab-redis-1 Removed 
 Volume seatlab_pgdata Removing 
 Network seatlab_default Removing 
 Volume seatlab_pgdata Removed 
 Network seatlab_default Removed 
[2026-10-09 07:36:35] matrix done: /home/jun/project/lab/backend-labs-commerce/seat-reservation-lab/k6/ADR-006/results/20261009-adr006-022eca41/none-s3a20
