[2026-10-03 01:19:09] compose down (38af24f)
service "app2" has neither an image nor a build context specified: invalid compose project
[2026-10-03 01:19:11] compose up (38af24f) HOLD_TTL=5m EXPIRY_INTERVAL=10s HOLD_STRATEGY=redis-lock FLYWAY_LOCATIONS=classpath:db/migration POOL_SIZE=10 APP_CPUS=4 DB_CPUS=4
 Image redis:7-alpine Pulling 
 9928009b15c8 Pulling fs layer 0B
 7eb50503c2b0 Pulling fs layer 0B
 1522f9c6f453 Pulling fs layer 0B
 83234986c742 Pulling fs layer 0B
 16333ee0c00f Pulling fs layer 0B
 4eb14bae0e1d Pulling fs layer 0B
 4f4fb700ef54 Pulling fs layer 0B
 4f4fb700ef54 Already exists 0B
 9928009b15c8 Download complete 0B
 1522f9c6f453 Downloading 1.049MB
 4eb14bae0e1d Download complete 0B
 7eb50503c2b0 Download complete 0B
 1522f9c6f453 Downloading 2.097MB
 1522f9c6f453 Downloading 3.146MB
 83234986c742 Download complete 0B
 1522f9c6f453 Downloading 4.194MB
 1522f9c6f453 Downloading 4.194MB
 1522f9c6f453 Downloading 5.243MB
 16333ee0c00f Downloading 1.049MB
 1522f9c6f453 Downloading 6.291MB
 16333ee0c00f Downloading 2.097MB
 1522f9c6f453 Downloading 6.291MB
 16333ee0c00f Downloading 2.097MB
 1522f9c6f453 Downloading 7.34MB
 16333ee0c00f Downloading 3.146MB
 1522f9c6f453 Downloading 7.34MB
 16333ee0c00f Download complete 0B
 16333ee0c00f Extracting 1B
 1522f9c6f453 Downloading 8.389MB
 16333ee0c00f Extracting 1B
 1522f9c6f453 Downloading 10.49MB
 16333ee0c00f Extracting 1B
 1522f9c6f453 Downloading 11.53MB
 16333ee0c00f Extracting 1B
 1522f9c6f453 Download complete 0B
 16333ee0c00f Extracting 1B
 16333ee0c00f Extracting 1B
 16333ee0c00f Extracting 1B
 16333ee0c00f Extracting 1B
 16333ee0c00f Extracting 1B
 16333ee0c00f Extracting 1B
 7eb50503c2b0 Pull complete 0B
 83234986c742 Pull complete 0B
 16333ee0c00f Pull complete 0B
 1522f9c6f453 Extracting 1B
 9928009b15c8 Extracting 1B
 1522f9c6f453 Pull complete 0B
 54779914f171 Download complete 0B
 4f4fb700ef54 Pull complete 0B
 9928009b15c8 Pull complete 0B
 4eb14bae0e1d Pull complete 0B
 3beebc06c4ca Download complete 0B
 Image redis:7-alpine Pulled 
 Image seatlab-app Building 
#1 [internal] load local bake definitions
#1 reading from stdin 526B done
#1 DONE 0.0s

#2 [internal] load build definition from Dockerfile
#2 transferring dockerfile: 558B done
#2 DONE 0.0s

#3 [internal] load metadata for docker.io/library/eclipse-temurin:21-jdk
#3 DONE 1.0s

#4 [internal] load metadata for docker.io/library/eclipse-temurin:21-jre
#4 DONE 1.0s

#5 [internal] load .dockerignore
#5 transferring context: 76B done
#5 DONE 0.0s

#6 [stage-1 1/3] FROM docker.io/library/eclipse-temurin:21-jre@sha256:cff19e6215689161eb6162c11b86b0c60ddf802164f2eaf48d570f8fb79a36c5
#6 resolve docker.io/library/eclipse-temurin:21-jre@sha256:cff19e6215689161eb6162c11b86b0c60ddf802164f2eaf48d570f8fb79a36c5 0.0s done
#6 DONE 0.0s

#7 [build 1/7] FROM docker.io/library/eclipse-temurin:21-jdk@sha256:3e3c176ffed168beb42c607be9bc1639b466cf00261a0fb04425562c9d0c5c2b
#7 resolve docker.io/library/eclipse-temurin:21-jdk@sha256:3e3c176ffed168beb42c607be9bc1639b466cf00261a0fb04425562c9d0c5c2b 0.0s done
#7 DONE 0.0s

#8 [internal] load build context
#8 transferring context: 166.98kB done
#8 DONE 0.0s

#9 [build 2/7] WORKDIR /src
#9 CACHED

#10 [build 3/7] COPY gradlew settings.gradle.kts build.gradle.kts ./
#10 DONE 0.7s

#11 [build 4/7] COPY gradle gradle
#11 DONE 0.0s

#12 [build 5/7] RUN ./gradlew --no-daemon -q dependencies > /dev/null
#12 DONE 67.9s

#13 [build 6/7] COPY src src
#13 DONE 0.1s

#14 [build 7/7] RUN ./gradlew --no-daemon -q bootJar
#14 DONE 26.9s

#15 [stage-1 2/3] WORKDIR /app
#15 CACHED

#16 [stage-1 3/3] COPY --from=build /src/build/libs/seat-reservation-lab-0.0.1-SNAPSHOT.jar app.jar
#16 DONE 0.1s

#17 exporting to image
#17 exporting layers
#17 exporting layers 1.4s done
#17 exporting manifest sha256:4684bfd958375aa33a1b551dfe8197672d466aa41bdbcd68453a284823e9c925 done
#17 exporting config sha256:a7faf0c2f4bbd79e1d7c7eb718d7d9febe0731fb4bc898a98d56bf3091952bad done
#17 exporting attestation manifest sha256:f84acf503ab959f03d021f03df03fc58774a49668ce773aaf8de3f724d9d61d2 0.0s done
#17 exporting manifest list sha256:dfef672ce23f11b8529106038fd3243e601aedfd88fd55b6e4f89ef542afb115 done
#17 naming to docker.io/library/seatlab-app:latest done
#17 unpacking to docker.io/library/seatlab-app:latest
#17 unpacking to docker.io/library/seatlab-app:latest 0.2s done
#17 DONE 1.7s

#18 resolving provenance for metadata file
#18 DONE 0.0s
 Image seatlab-app Built 
 Network seatlab_default Creating 
 Network seatlab_default Created 
 Volume seatlab_pgdata Creating 
 Volume seatlab_pgdata Created 
 Container seatlab-db-1 Creating 
 Container seatlab-redis-1 Creating 
 Container seatlab-redis-1 Created 
 Container seatlab-db-1 Created 
 Container seatlab-app-1 Creating 
 Container seatlab-app-1 Created 
 Container seatlab-redis-1 Starting 
 Container seatlab-db-1 Starting 
 Container seatlab-redis-1 Started 
 Container seatlab-db-1 Started 
 Container seatlab-redis-1 Waiting 
 Container seatlab-db-1 Waiting 
 Container seatlab-redis-1 Healthy 
 Container seatlab-db-1 Healthy 
 Container seatlab-app-1 Starting 
 Container seatlab-app-1 Started 
