2026-10-01T09:35:11+09:00 ABORT deploy-failed
2026-10-01T12:07:10+09:00 RESUME sha=557dff4 plan_sha=557dff4 (앱·시나리오·compose 동일 확인)
2026-10-01T12:08:29+09:00 L2 S1 rep1 ok
2026-10-01T12:09:47+09:00 L2 S1 rep2 ok
2026-10-01T12:11:06+09:00 L2 S1 rep3 ok
2026-10-01T12:12:26+09:00 L2 S1 rep4 ok
2026-10-01T12:13:47+09:00 L2 S1 rep5 ok
2026-10-01T12:18:27+09:00 L2 S4 rep1 s4-no-successful-stage,invalid-consistency.json
2026-10-01T12:23:20+09:00 L2 S4 rep2 s4-no-successful-stage
2026-10-01T12:28:02+09:00 L2 S4 rep3 s4-no-successful-stage
2026-10-01T12:32:39+09:00 L2 S4 rep4 s4-no-successful-stage,invalid-consistency.json
2026-10-01T12:37:17+09:00 L2 S4 rep5 s4-no-successful-stage,invalid-consistency.json
2026-10-01T12:38:29+09:00 L4 S1 rep1 ok
2026-10-01T12:39:41+09:00 L4 S1 rep2 ok
2026-10-01T12:40:56+09:00 L4 S1 rep3 ok
2026-10-01T12:42:09+09:00 L4 S1 rep4 ok
2026-10-01T12:43:21+09:00 L4 S1 rep5 ok
2026-10-01T12:48:11+09:00 L4 S4 rep1 s4-no-successful-stage
2026-10-01T12:53:04+09:00 L4 S4 rep2 s4-no-successful-stage
2026-10-01T12:57:58+09:00 L4 S4 rep3 s4-no-successful-stage
2026-10-01T13:02:47+09:00 L4 S4 rep4 s4-no-successful-stage
2026-10-01T13:07:41+09:00 L4 S4 rep5 s4-no-successful-stage
