[2026-10-05 21:37:23] compose down (853ef7a)
[2026-10-05 21:37:24] compose up (853ef7a) HOLD_TTL=60m EXPIRY_INTERVAL=10s HOLD_STRATEGY=pessimistic FLYWAY_LOCATIONS=classpath:db/migration POOL_SIZE=10 CRITICAL_SECTION_DELAY=20ms APP_CPUS=4 DB_CPUS=4 (attempt 1)
 Image seatlab-app Building 
#1 [internal] load local bake definitions
#1 reading from stdin 526B done
#1 DONE 0.0s

#2 [internal] load build definition from Dockerfile
#2 transferring dockerfile: 558B done
#2 DONE 0.0s

#3 [internal] load metadata for docker.io/library/eclipse-temurin:21-jre
#3 DONE 1.0s

#4 [internal] load metadata for docker.io/library/eclipse-temurin:21-jdk
#4 DONE 1.0s

#5 [internal] load .dockerignore
#5 transferring context: 76B done
#5 DONE 0.0s

#6 [stage-1 1/3] FROM docker.io/library/eclipse-temurin:21-jre@sha256:cff19e6215689161eb6162c11b86b0c60ddf802164f2eaf48d570f8fb79a36c5
#6 resolve docker.io/library/eclipse-temurin:21-jre@sha256:cff19e6215689161eb6162c11b86b0c60ddf802164f2eaf48d570f8fb79a36c5 0.0s done
#6 DONE 0.0s

#7 [build 1/7] FROM docker.io/library/eclipse-temurin:21-jdk@sha256:3e3c176ffed168beb42c607be9bc1639b466cf00261a0fb04425562c9d0c5c2b
#7 resolve docker.io/library/eclipse-temurin:21-jdk@sha256:3e3c176ffed168beb42c607be9bc1639b466cf00261a0fb04425562c9d0c5c2b 0.0s done
#7 DONE 0.0s

#8 [internal] load build context
#8 transferring context: 173.44kB done
#8 DONE 0.0s

#9 [build 4/7] COPY gradle gradle
#9 CACHED

#10 [build 2/7] WORKDIR /src
#10 CACHED

#11 [build 3/7] COPY gradlew settings.gradle.kts build.gradle.kts ./
#11 CACHED

#12 [build 5/7] RUN ./gradlew --no-daemon -q dependencies > /dev/null
#12 CACHED

#13 [build 6/7] COPY src src
#13 DONE 0.8s

#14 [build 7/7] RUN ./gradlew --no-daemon -q bootJar
#14 DONE 36.4s

#15 [stage-1 2/3] WORKDIR /app
#15 CACHED

#16 [stage-1 3/3] COPY --from=build /src/build/libs/seat-reservation-lab-0.0.1-SNAPSHOT.jar app.jar
#16 DONE 0.1s

#17 exporting to image
#17 exporting layers
#17 exporting layers 1.5s done
#17 exporting manifest sha256:fab7c4dd8120e7abc602136ebf8062e3b4d58bd3cb5066d0626709744a1a8759 done
#17 exporting config sha256:0ee82f510ea350e139053a8ecceca471f79ea84ce008670d652d01fc2a750e98 done
#17 exporting attestation manifest sha256:967be2c12b263c86187e368ee8f18bd5b59c310ca76e80c2942694f0191f637a 0.0s done
#17 exporting manifest list sha256:cbb584cb8af4c0616a7139c6614cd5e70b1d4627f9c896d1bf77994d069ffb1f done
#17 naming to docker.io/library/seatlab-app:latest done
#17 unpacking to docker.io/library/seatlab-app:latest
#17 unpacking to docker.io/library/seatlab-app:latest 0.2s done
#17 DONE 1.8s

#18 resolving provenance for metadata file
#18 DONE 0.0s
 Image seatlab-app Built 
 Network seatlab_default Creating 
 Network seatlab_default Created 
 Volume seatlab_pgdata Creating 
 Volume seatlab_pgdata Created 
 Container seatlab-db-1 Creating 
 Container seatlab-redis-1 Creating 
 Container seatlab-redis-1 Created 
 Container seatlab-db-1 Created 
 Container seatlab-app-1 Creating 
 Container seatlab-app-1 Created 
 Container seatlab-db-1 Starting 
 Container seatlab-redis-1 Starting 
 Container seatlab-redis-1 Started 
 Container seatlab-db-1 Started 
 Container seatlab-db-1 Waiting 
 Container seatlab-redis-1 Waiting 
 Container seatlab-db-1 Healthy 
 Container seatlab-redis-1 Healthy 
 Container seatlab-app-1 Starting 
 Container seatlab-app-1 Started 
