[2026-10-03 12:11:10] matrix 20261003-adr003-96e2e6c/advisory-p10: levels=[2 4] reps=5 cells=[S1 S4]
[2026-10-03 12:11:10] L2 S1 rep1 → /home/jun/project/lab/backend-labs-commerce/seat-reservation-lab/k6/ADR-003/results/20261003-adr003-96e2e6c/advisory-p10/L2/S1/rep1
[2026-10-03 12:11:56] L2 S4 rep1 → /home/jun/project/lab/backend-labs-commerce/seat-reservation-lab/k6/ADR-003/results/20261003-adr003-96e2e6c/advisory-p10/L2/S4/rep1
[2026-10-03 12:21:39] L4 S1 rep1 → /home/jun/project/lab/backend-labs-commerce/seat-reservation-lab/k6/ADR-003/results/20261003-adr003-96e2e6c/advisory-p10/L4/S1/rep1
[2026-10-03 12:22:26] L4 S4 rep1 → /home/jun/project/lab/backend-labs-commerce/seat-reservation-lab/k6/ADR-003/results/20261003-adr003-96e2e6c/advisory-p10/L4/S4/rep1
[2026-10-03 12:31:58] compose down (96e2e6c)
 Container seatlab-app-1 Stopping 
 Container seatlab-app-1 Stopped 
 Container seatlab-app-1 Removing 
 Container seatlab-app-1 Removed 
 Container seatlab-db-1 Stopping 
 Container seatlab-redis-1 Stopping 
 Container seatlab-redis-1 Stopped 
 Container seatlab-redis-1 Removing 
 Container seatlab-redis-1 Removed 
 Container seatlab-db-1 Stopped 
 Container seatlab-db-1 Removing 
 Container seatlab-db-1 Removed 
 Volume seatlab_pgdata Removing 
 Network seatlab_default Removing 
 Network seatlab_default Removed 
 Volume seatlab_pgdata Removed 
[2026-10-03 12:32:00] matrix done: /home/jun/project/lab/backend-labs-commerce/seat-reservation-lab/k6/ADR-003/results/20261003-adr003-96e2e6c/advisory-p10
[2026-10-04 04:12:15] matrix 20261003-adr003-96e2e6c/advisory-p10: levels=[2 4] reps=5 cells=[S1 S4]
[2026-10-04 04:12:15] L2 S1 rep2 → /home/jun/project/lab/backend-labs-commerce/seat-reservation-lab/k6/ADR-003/results/20261003-adr003-96e2e6c/advisory-p10/L2/S1/rep2
[2026-10-04 04:13:00] L2 S4 rep2 → /home/jun/project/lab/backend-labs-commerce/seat-reservation-lab/k6/ADR-003/results/20261003-adr003-96e2e6c/advisory-p10/L2/S4/rep2
[2026-10-04 04:22:25] L4 S1 rep2 → /home/jun/project/lab/backend-labs-commerce/seat-reservation-lab/k6/ADR-003/results/20261003-adr003-96e2e6c/advisory-p10/L4/S1/rep2
[2026-10-04 04:23:12] L4 S4 rep2 → /home/jun/project/lab/backend-labs-commerce/seat-reservation-lab/k6/ADR-003/results/20261003-adr003-96e2e6c/advisory-p10/L4/S4/rep2
[2026-10-04 04:32:48] compose down (96e2e6c)
 Container seatlab-app-1 Stopping 
 Container seatlab-app-1 Stopped 
 Container seatlab-app-1 Removing 
 Container seatlab-app-1 Removed 
 Container seatlab-db-1 Stopping 
 Container seatlab-redis-1 Stopping 
 Container seatlab-redis-1 Stopped 
 Container seatlab-redis-1 Removing 
 Container seatlab-redis-1 Removed 
 Container seatlab-db-1 Stopped 
 Container seatlab-db-1 Removing 
 Container seatlab-db-1 Removed 
 Network seatlab_default Removing 
 Volume seatlab_pgdata Removing 
 Network seatlab_default Removed 
 Volume seatlab_pgdata Removed 
[2026-10-04 04:32:50] matrix done: /home/jun/project/lab/backend-labs-commerce/seat-reservation-lab/k6/ADR-003/results/20261003-adr003-96e2e6c/advisory-p10
[2026-10-04 12:15:48] matrix 20261003-adr003-96e2e6c/advisory-p10: levels=[2 4] reps=5 cells=[S1 S4]
[2026-10-04 12:15:48] compose down (b574543)
[2026-10-04 12:15:49] matrix done: /home/jun/project/lab/backend-labs-commerce/seat-reservation-lab/k6/ADR-003/results/20261003-adr003-96e2e6c/advisory-p10
[2026-10-04 12:16:35] matrix 20261003-adr003-96e2e6c/advisory-p10: levels=[2 4] reps=5 cells=[S1 S4]
[2026-10-04 12:16:35] compose down (b574543)
[2026-10-04 12:16:36] matrix done: /home/jun/project/lab/backend-labs-commerce/seat-reservation-lab/k6/ADR-003/results/20261003-adr003-96e2e6c/advisory-p10
[2026-10-04 20:15:32] matrix 20261003-adr003-96e2e6c/advisory-p10: levels=[2 4] reps=5 cells=[S1 S4]
[2026-10-04 20:15:32] L2 S1 rep3 → /home/jun/project/lab/backend-labs-commerce/seat-reservation-lab/k6/ADR-003/results/20261003-adr003-96e2e6c/advisory-p10/L2/S1/rep3
[2026-10-04 20:16:18] L2 S4 rep3 → /home/jun/project/lab/backend-labs-commerce/seat-reservation-lab/k6/ADR-003/results/20261003-adr003-96e2e6c/advisory-p10/L2/S4/rep3
[2026-10-04 20:25:40] L4 S1 rep3 → /home/jun/project/lab/backend-labs-commerce/seat-reservation-lab/k6/ADR-003/results/20261003-adr003-96e2e6c/advisory-p10/L4/S1/rep3
[2026-10-04 20:26:27] L4 S4 rep3 → /home/jun/project/lab/backend-labs-commerce/seat-reservation-lab/k6/ADR-003/results/20261003-adr003-96e2e6c/advisory-p10/L4/S4/rep3
[2026-10-04 20:36:00] compose down (b574543)
 Container seatlab-app-1 Stopping 
 Container seatlab-app-1 Stopped 
 Container seatlab-app-1 Removing 
 Container seatlab-app-1 Removed 
 Container seatlab-db-1 Stopping 
 Container seatlab-redis-1 Stopping 
 Container seatlab-redis-1 Stopped 
 Container seatlab-redis-1 Removing 
 Container seatlab-redis-1 Removed 
 Container seatlab-db-1 Stopped 
 Container seatlab-db-1 Removing 
 Container seatlab-db-1 Removed 
 Volume seatlab_pgdata Removing 
 Network seatlab_default Removing 
 Network seatlab_default Removed 
 Volume seatlab_pgdata Removed 
[2026-10-04 20:36:02] matrix done: /home/jun/project/lab/backend-labs-commerce/seat-reservation-lab/k6/ADR-003/results/20261003-adr003-96e2e6c/advisory-p10
[2026-10-05 12:16:08] matrix 20261003-adr003-96e2e6c/advisory-p10: levels=[2 4] reps=5 cells=[S1 S4]
[2026-10-05 12:16:08] L2 S1 rep4 → /home/jun/project/lab/backend-labs-commerce/seat-reservation-lab/k6/ADR-003/results/20261003-adr003-96e2e6c/advisory-p10/L2/S1/rep4
[2026-10-05 12:16:54] L2 S4 rep4 → /home/jun/project/lab/backend-labs-commerce/seat-reservation-lab/k6/ADR-003/results/20261003-adr003-96e2e6c/advisory-p10/L2/S4/rep4
[2026-10-05 12:26:30] L4 S1 rep4 → /home/jun/project/lab/backend-labs-commerce/seat-reservation-lab/k6/ADR-003/results/20261003-adr003-96e2e6c/advisory-p10/L4/S1/rep4
[2026-10-05 12:27:18] L4 S4 rep4 → /home/jun/project/lab/backend-labs-commerce/seat-reservation-lab/k6/ADR-003/results/20261003-adr003-96e2e6c/advisory-p10/L4/S4/rep4
[2026-10-05 12:36:50] compose down (b574543)
 Container seatlab-app-1 Stopping 
 Container seatlab-app-1 Stopped 
 Container seatlab-app-1 Removing 
 Container seatlab-app-1 Removed 
 Container seatlab-db-1 Stopping 
 Container seatlab-redis-1 Stopping 
 Container seatlab-redis-1 Stopped 
 Container seatlab-redis-1 Removing 
 Container seatlab-redis-1 Removed 
 Container seatlab-db-1 Stopped 
 Container seatlab-db-1 Removing 
 Container seatlab-db-1 Removed 
 Network seatlab_default Removing 
 Volume seatlab_pgdata Removing 
 Volume seatlab_pgdata Removed 
 Network seatlab_default Removed 
[2026-10-05 12:36:52] matrix done: /home/jun/project/lab/backend-labs-commerce/seat-reservation-lab/k6/ADR-003/results/20261003-adr003-96e2e6c/advisory-p10
[2026-10-05 17:17:19] matrix 20261003-adr003-96e2e6c/advisory-p10: levels=[2 4] reps=5 cells=[S1 S4]
[2026-10-05 17:17:19] L2 S1 rep5 → /home/jun/project/lab/backend-labs-commerce/seat-reservation-lab/k6/ADR-003/results/20261003-adr003-96e2e6c/advisory-p10/L2/S1/rep5
[2026-10-05 17:18:05] L2 S4 rep5 → /home/jun/project/lab/backend-labs-commerce/seat-reservation-lab/k6/ADR-003/results/20261003-adr003-96e2e6c/advisory-p10/L2/S4/rep5
[2026-10-05 17:27:30] L4 S1 rep5 → /home/jun/project/lab/backend-labs-commerce/seat-reservation-lab/k6/ADR-003/results/20261003-adr003-96e2e6c/advisory-p10/L4/S1/rep5
[2026-10-05 17:28:17] L4 S4 rep5 → /home/jun/project/lab/backend-labs-commerce/seat-reservation-lab/k6/ADR-003/results/20261003-adr003-96e2e6c/advisory-p10/L4/S4/rep5
[2026-10-05 17:37:47] compose down (b574543)
 Container seatlab-app-1 Stopping 
 Container seatlab-app-1 Stopped 
 Container seatlab-app-1 Removing 
 Container seatlab-app-1 Removed 
 Container seatlab-redis-1 Stopping 
 Container seatlab-db-1 Stopping 
 Container seatlab-redis-1 Stopped 
 Container seatlab-redis-1 Removing 
 Container seatlab-redis-1 Removed 
 Container seatlab-db-1 Stopped 
 Container seatlab-db-1 Removing 
 Container seatlab-db-1 Removed 
 Network seatlab_default Removing 
 Volume seatlab_pgdata Removing 
 Network seatlab_default Removed 
 Volume seatlab_pgdata Removed 
[2026-10-05 17:37:49] matrix done: /home/jun/project/lab/backend-labs-commerce/seat-reservation-lab/k6/ADR-003/results/20261003-adr003-96e2e6c/advisory-p10
