[2026-10-04 00:34:23] matrix 20261003-adr003-96e2e6c/advisory-p20: levels=[2 4] reps=5 cells=[S1 S4]
[2026-10-04 00:34:23] L2 S1 rep1 → /home/jun/project/lab/backend-labs-commerce/seat-reservation-lab/k6/ADR-003/results/20261003-adr003-96e2e6c/advisory-p20/L2/S1/rep1
[2026-10-04 00:35:10] L2 S4 rep1 → /home/jun/project/lab/backend-labs-commerce/seat-reservation-lab/k6/ADR-003/results/20261003-adr003-96e2e6c/advisory-p20/L2/S4/rep1
[2026-10-04 00:44:47] L4 S1 rep1 → /home/jun/project/lab/backend-labs-commerce/seat-reservation-lab/k6/ADR-003/results/20261003-adr003-96e2e6c/advisory-p20/L4/S1/rep1
[2026-10-04 00:45:34] L4 S4 rep1 → /home/jun/project/lab/backend-labs-commerce/seat-reservation-lab/k6/ADR-003/results/20261003-adr003-96e2e6c/advisory-p20/L4/S4/rep1
[2026-10-04 00:55:17] compose down (96e2e6c)
 Container seatlab-app-1 Stopping 
 Container seatlab-app-1 Stopped 
 Container seatlab-app-1 Removing 
 Container seatlab-app-1 Removed 
 Container seatlab-db-1 Stopping 
 Container seatlab-redis-1 Stopping 
 Container seatlab-redis-1 Stopped 
 Container seatlab-redis-1 Removing 
 Container seatlab-redis-1 Removed 
 Container seatlab-db-1 Stopped 
 Container seatlab-db-1 Removing 
 Container seatlab-db-1 Removed 
 Volume seatlab_pgdata Removing 
 Network seatlab_default Removing 
 Network seatlab_default Removed 
 Volume seatlab_pgdata Removed 
[2026-10-04 00:55:19] matrix done: /home/jun/project/lab/backend-labs-commerce/seat-reservation-lab/k6/ADR-003/results/20261003-adr003-96e2e6c/advisory-p20
[2026-10-04 12:16:07] matrix 20261003-adr003-96e2e6c/advisory-p20: levels=[2 4] reps=5 cells=[S1 S4]
[2026-10-04 12:16:08] compose down (b574543)
[2026-10-04 12:16:08] matrix done: /home/jun/project/lab/backend-labs-commerce/seat-reservation-lab/k6/ADR-003/results/20261003-adr003-96e2e6c/advisory-p20
[2026-10-04 16:37:41] matrix 20261003-adr003-96e2e6c/advisory-p20: levels=[2 4] reps=5 cells=[S1 S4]
[2026-10-04 16:37:41] L2 S1 rep2 → /home/jun/project/lab/backend-labs-commerce/seat-reservation-lab/k6/ADR-003/results/20261003-adr003-96e2e6c/advisory-p20/L2/S1/rep2
[2026-10-04 16:38:28] L2 S4 rep2 → /home/jun/project/lab/backend-labs-commerce/seat-reservation-lab/k6/ADR-003/results/20261003-adr003-96e2e6c/advisory-p20/L2/S4/rep2
[2026-10-04 16:48:05] L4 S1 rep2 → /home/jun/project/lab/backend-labs-commerce/seat-reservation-lab/k6/ADR-003/results/20261003-adr003-96e2e6c/advisory-p20/L4/S1/rep2
[2026-10-04 16:48:51] L4 S4 rep2 → /home/jun/project/lab/backend-labs-commerce/seat-reservation-lab/k6/ADR-003/results/20261003-adr003-96e2e6c/advisory-p20/L4/S4/rep2
[2026-10-04 16:58:34] compose down (b574543)
 Container seatlab-app-1 Stopping 
 Container seatlab-app-1 Stopped 
 Container seatlab-app-1 Removing 
 Container seatlab-app-1 Removed 
 Container seatlab-db-1 Stopping 
 Container seatlab-redis-1 Stopping 
 Container seatlab-redis-1 Stopped 
 Container seatlab-redis-1 Removing 
 Container seatlab-redis-1 Removed 
 Container seatlab-db-1 Stopped 
 Container seatlab-db-1 Removing 
 Container seatlab-db-1 Removed 
 Volume seatlab_pgdata Removing 
 Network seatlab_default Removing 
 Network seatlab_default Removed 
 Volume seatlab_pgdata Removed 
[2026-10-04 16:58:36] matrix done: /home/jun/project/lab/backend-labs-commerce/seat-reservation-lab/k6/ADR-003/results/20261003-adr003-96e2e6c/advisory-p20
[2026-10-05 08:38:06] matrix 20261003-adr003-96e2e6c/advisory-p20: levels=[2 4] reps=5 cells=[S1 S4]
[2026-10-05 08:38:06] L2 S1 rep3 → /home/jun/project/lab/backend-labs-commerce/seat-reservation-lab/k6/ADR-003/results/20261003-adr003-96e2e6c/advisory-p20/L2/S1/rep3
[2026-10-05 08:38:53] L2 S4 rep3 → /home/jun/project/lab/backend-labs-commerce/seat-reservation-lab/k6/ADR-003/results/20261003-adr003-96e2e6c/advisory-p20/L2/S4/rep3
[2026-10-05 08:48:24] L4 S1 rep3 → /home/jun/project/lab/backend-labs-commerce/seat-reservation-lab/k6/ADR-003/results/20261003-adr003-96e2e6c/advisory-p20/L4/S1/rep3
[2026-10-05 08:49:10] L4 S4 rep3 → /home/jun/project/lab/backend-labs-commerce/seat-reservation-lab/k6/ADR-003/results/20261003-adr003-96e2e6c/advisory-p20/L4/S4/rep3
[2026-10-05 08:58:54] compose down (b574543)
 Container seatlab-app-1 Stopping 
 Container seatlab-app-1 Stopped 
 Container seatlab-app-1 Removing 
 Container seatlab-app-1 Removed 
 Container seatlab-db-1 Stopping 
 Container seatlab-redis-1 Stopping 
 Container seatlab-redis-1 Stopped 
 Container seatlab-redis-1 Removing 
 Container seatlab-redis-1 Removed 
 Container seatlab-db-1 Stopped 
 Container seatlab-db-1 Removing 
 Container seatlab-db-1 Removed 
 Network seatlab_default Removing 
 Volume seatlab_pgdata Removing 
 Volume seatlab_pgdata Removed 
 Network seatlab_default Removed 
[2026-10-05 08:58:56] matrix done: /home/jun/project/lab/backend-labs-commerce/seat-reservation-lab/k6/ADR-003/results/20261003-adr003-96e2e6c/advisory-p20
[2026-10-05 13:38:46] matrix 20261003-adr003-96e2e6c/advisory-p20: levels=[2 4] reps=5 cells=[S1 S4]
[2026-10-05 13:38:46] L2 S1 rep4 → /home/jun/project/lab/backend-labs-commerce/seat-reservation-lab/k6/ADR-003/results/20261003-adr003-96e2e6c/advisory-p20/L2/S1/rep4
[2026-10-05 13:39:33] L2 S4 rep4 → /home/jun/project/lab/backend-labs-commerce/seat-reservation-lab/k6/ADR-003/results/20261003-adr003-96e2e6c/advisory-p20/L2/S4/rep4
[2026-10-05 13:49:10] L4 S1 rep4 → /home/jun/project/lab/backend-labs-commerce/seat-reservation-lab/k6/ADR-003/results/20261003-adr003-96e2e6c/advisory-p20/L4/S1/rep4
[2026-10-05 13:49:59] L4 S4 rep4 → /home/jun/project/lab/backend-labs-commerce/seat-reservation-lab/k6/ADR-003/results/20261003-adr003-96e2e6c/advisory-p20/L4/S4/rep4
[2026-10-05 13:59:44] compose down (b574543)
 Container seatlab-app-1 Stopping 
 Container seatlab-app-1 Stopped 
 Container seatlab-app-1 Removing 
 Container seatlab-app-1 Removed 
 Container seatlab-db-1 Stopping 
 Container seatlab-redis-1 Stopping 
 Container seatlab-redis-1 Stopped 
 Container seatlab-redis-1 Removing 
 Container seatlab-redis-1 Removed 
 Container seatlab-db-1 Stopped 
 Container seatlab-db-1 Removing 
 Container seatlab-db-1 Removed 
 Network seatlab_default Removing 
 Volume seatlab_pgdata Removing 
 Network seatlab_default Removed 
 Volume seatlab_pgdata Removed 
[2026-10-05 13:59:45] matrix done: /home/jun/project/lab/backend-labs-commerce/seat-reservation-lab/k6/ADR-003/results/20261003-adr003-96e2e6c/advisory-p20
[2026-10-05 18:39:44] matrix 20261003-adr003-96e2e6c/advisory-p20: levels=[2 4] reps=5 cells=[S1 S4]
[2026-10-05 18:39:44] L2 S1 rep5 → /home/jun/project/lab/backend-labs-commerce/seat-reservation-lab/k6/ADR-003/results/20261003-adr003-96e2e6c/advisory-p20/L2/S1/rep5
[2026-10-05 18:40:31] L2 S4 rep5 → /home/jun/project/lab/backend-labs-commerce/seat-reservation-lab/k6/ADR-003/results/20261003-adr003-96e2e6c/advisory-p20/L2/S4/rep5
[2026-10-05 18:50:07] L4 S1 rep5 → /home/jun/project/lab/backend-labs-commerce/seat-reservation-lab/k6/ADR-003/results/20261003-adr003-96e2e6c/advisory-p20/L4/S1/rep5
[2026-10-05 18:50:54] L4 S4 rep5 → /home/jun/project/lab/backend-labs-commerce/seat-reservation-lab/k6/ADR-003/results/20261003-adr003-96e2e6c/advisory-p20/L4/S4/rep5
[2026-10-05 19:00:11] compose down (b574543)
 Container seatlab-app-1 Stopping 
 Container seatlab-app-1 Stopped 
 Container seatlab-app-1 Removing 
 Container seatlab-app-1 Removed 
 Container seatlab-redis-1 Stopping 
 Container seatlab-db-1 Stopping 
 Container seatlab-redis-1 Stopped 
 Container seatlab-redis-1 Removing 
 Container seatlab-redis-1 Removed 
 Container seatlab-db-1 Stopped 
 Container seatlab-db-1 Removing 
 Container seatlab-db-1 Removed 
 Network seatlab_default Removing 
 Volume seatlab_pgdata Removing 
 Network seatlab_default Removed 
 Volume seatlab_pgdata Removed 
[2026-10-05 19:00:13] matrix done: /home/jun/project/lab/backend-labs-commerce/seat-reservation-lab/k6/ADR-003/results/20261003-adr003-96e2e6c/advisory-p20
