[2026-10-04 01:24:23] matrix 20261003-adr003-96e2e6c/advisory-p10-2apps: levels=[4] reps=5 cells=[S1]
[2026-10-04 01:24:23] L4 S1 rep1 → /home/jun/project/lab/backend-labs-commerce/seat-reservation-lab/k6/ADR-003/results/20261003-adr003-96e2e6c/advisory-p10-2apps/L4/S1/rep1
[2026-10-04 01:25:20] compose down (96e2e6c)
 Container seatlab-lb-1 Stopping 
 Container seatlab-lb-1 Stopped 
 Container seatlab-lb-1 Removing 
 Container seatlab-lb-1 Removed 
 Container seatlab-app-1 Stopping 
 Container seatlab-app2-1 Stopping 
 Container seatlab-app-1 Stopped 
 Container seatlab-app-1 Removing 
 Container seatlab-app-1 Removed 
 Container seatlab-app2-1 Stopped 
 Container seatlab-app2-1 Removing 
 Container seatlab-app2-1 Removed 
 Container seatlab-redis-1 Stopping 
 Container seatlab-db-1 Stopping 
 Container seatlab-db-1 Stopped 
 Container seatlab-db-1 Removing 
 Container seatlab-redis-1 Stopped 
 Container seatlab-redis-1 Removing 
 Container seatlab-db-1 Removed 
 Container seatlab-redis-1 Removed 
 Volume seatlab_pgdata Removing 
 Network seatlab_default Removing 
 Volume seatlab_pgdata Removed 
 Network seatlab_default Removed 
[2026-10-04 01:25:21] matrix done: /home/jun/project/lab/backend-labs-commerce/seat-reservation-lab/k6/ADR-003/results/20261003-adr003-96e2e6c/advisory-p10-2apps
[2026-10-04 12:16:21] matrix 20261003-adr003-96e2e6c/advisory-p10-2apps: levels=[4] reps=5 cells=[S1]
[2026-10-04 12:16:21] compose down (b574543)
[2026-10-04 12:16:21] matrix done: /home/jun/project/lab/backend-labs-commerce/seat-reservation-lab/k6/ADR-003/results/20261003-adr003-96e2e6c/advisory-p10-2apps
[2026-10-04 17:27:08] matrix 20261003-adr003-96e2e6c/advisory-p10-2apps: levels=[4] reps=5 cells=[S1]
[2026-10-04 17:27:08] L4 S1 rep2 → /home/jun/project/lab/backend-labs-commerce/seat-reservation-lab/k6/ADR-003/results/20261003-adr003-96e2e6c/advisory-p10-2apps/L4/S1/rep2
[2026-10-04 17:28:05] compose down (b574543)
 Container seatlab-lb-1 Stopping 
 Container seatlab-lb-1 Stopped 
 Container seatlab-lb-1 Removing 
 Container seatlab-lb-1 Removed 
 Container seatlab-app2-1 Stopping 
 Container seatlab-app-1 Stopping 
 Container seatlab-app-1 Stopped 
 Container seatlab-app-1 Removing 
 Container seatlab-app-1 Removed 
 Container seatlab-app2-1 Stopped 
 Container seatlab-app2-1 Removing 
 Container seatlab-app2-1 Removed 
 Container seatlab-redis-1 Stopping 
 Container seatlab-db-1 Stopping 
 Container seatlab-db-1 Stopped 
 Container seatlab-db-1 Removing 
 Container seatlab-redis-1 Stopped 
 Container seatlab-redis-1 Removing 
 Container seatlab-db-1 Removed 
 Container seatlab-redis-1 Removed 
 Network seatlab_default Removing 
 Volume seatlab_pgdata Removing 
 Volume seatlab_pgdata Removed 
 Network seatlab_default Removed 
[2026-10-04 17:28:06] matrix done: /home/jun/project/lab/backend-labs-commerce/seat-reservation-lab/k6/ADR-003/results/20261003-adr003-96e2e6c/advisory-p10-2apps
[2026-10-05 09:27:53] matrix 20261003-adr003-96e2e6c/advisory-p10-2apps: levels=[4] reps=5 cells=[S1]
[2026-10-05 09:27:53] L4 S1 rep3 → /home/jun/project/lab/backend-labs-commerce/seat-reservation-lab/k6/ADR-003/results/20261003-adr003-96e2e6c/advisory-p10-2apps/L4/S1/rep3
[2026-10-05 09:28:52] compose down (b574543)
 Container seatlab-lb-1 Stopping 
 Container seatlab-lb-1 Stopped 
 Container seatlab-lb-1 Removing 
 Container seatlab-lb-1 Removed 
 Container seatlab-app2-1 Stopping 
 Container seatlab-app-1 Stopping 
 Container seatlab-app-1 Stopped 
 Container seatlab-app-1 Removing 
 Container seatlab-app2-1 Stopped 
 Container seatlab-app2-1 Removing 
 Container seatlab-app-1 Removed 
 Container seatlab-app2-1 Removed 
 Container seatlab-redis-1 Stopping 
 Container seatlab-db-1 Stopping 
 Container seatlab-redis-1 Stopped 
 Container seatlab-redis-1 Removing 
 Container seatlab-redis-1 Removed 
 Container seatlab-db-1 Stopped 
 Container seatlab-db-1 Removing 
 Container seatlab-db-1 Removed 
 Volume seatlab_pgdata Removing 
 Network seatlab_default Removing 
 Volume seatlab_pgdata Removed 
 Network seatlab_default Removed 
[2026-10-05 09:28:53] matrix done: /home/jun/project/lab/backend-labs-commerce/seat-reservation-lab/k6/ADR-003/results/20261003-adr003-96e2e6c/advisory-p10-2apps
[2026-10-05 14:28:47] matrix 20261003-adr003-96e2e6c/advisory-p10-2apps: levels=[4] reps=5 cells=[S1]
[2026-10-05 14:28:47] L4 S1 rep4 → /home/jun/project/lab/backend-labs-commerce/seat-reservation-lab/k6/ADR-003/results/20261003-adr003-96e2e6c/advisory-p10-2apps/L4/S1/rep4
[2026-10-05 14:29:47] compose down (b574543)
 Container seatlab-lb-1 Stopping 
 Container seatlab-lb-1 Stopped 
 Container seatlab-lb-1 Removing 
 Container seatlab-lb-1 Removed 
 Container seatlab-app-1 Stopping 
 Container seatlab-app2-1 Stopping 
 Container seatlab-app2-1 Stopped 
 Container seatlab-app2-1 Removing 
 Container seatlab-app2-1 Removed 
 Container seatlab-app-1 Stopped 
 Container seatlab-app-1 Removing 
 Container seatlab-app-1 Removed 
 Container seatlab-db-1 Stopping 
 Container seatlab-redis-1 Stopping 
 Container seatlab-redis-1 Stopped 
 Container seatlab-redis-1 Removing 
 Container seatlab-redis-1 Removed 
 Container seatlab-db-1 Stopped 
 Container seatlab-db-1 Removing 
 Container seatlab-db-1 Removed 
 Volume seatlab_pgdata Removing 
 Network seatlab_default Removing 
 Volume seatlab_pgdata Removed 
 Network seatlab_default Removed 
[2026-10-05 14:29:48] matrix done: /home/jun/project/lab/backend-labs-commerce/seat-reservation-lab/k6/ADR-003/results/20261003-adr003-96e2e6c/advisory-p10-2apps
[2026-10-05 19:29:06] matrix 20261003-adr003-96e2e6c/advisory-p10-2apps: levels=[4] reps=5 cells=[S1]
[2026-10-05 19:29:06] L4 S1 rep5 → /home/jun/project/lab/backend-labs-commerce/seat-reservation-lab/k6/ADR-003/results/20261003-adr003-96e2e6c/advisory-p10-2apps/L4/S1/rep5
[2026-10-05 19:30:04] compose down (b574543)
 Container seatlab-lb-1 Stopping 
 Container seatlab-lb-1 Stopped 
 Container seatlab-lb-1 Removing 
 Container seatlab-lb-1 Removed 
 Container seatlab-app2-1 Stopping 
 Container seatlab-app-1 Stopping 
 Container seatlab-app-1 Stopped 
 Container seatlab-app-1 Removing 
 Container seatlab-app-1 Removed 
 Container seatlab-app2-1 Stopped 
 Container seatlab-app2-1 Removing 
 Container seatlab-app2-1 Removed 
 Container seatlab-db-1 Stopping 
 Container seatlab-redis-1 Stopping 
 Container seatlab-db-1 Stopped 
 Container seatlab-db-1 Removing 
 Container seatlab-db-1 Removed 
 Container seatlab-redis-1 Stopped 
 Container seatlab-redis-1 Removing 
 Container seatlab-redis-1 Removed 
 Network seatlab_default Removing 
 Volume seatlab_pgdata Removing 
 Volume seatlab_pgdata Removed 
 Network seatlab_default Removed 
[2026-10-05 19:30:06] matrix done: /home/jun/project/lab/backend-labs-commerce/seat-reservation-lab/k6/ADR-003/results/20261003-adr003-96e2e6c/advisory-p10-2apps
