2026-10-03T09:25:54+09:00 CAMPAIGN start sha=96e2e6c reps=5 conditions=36
2026-10-03T09:25:54+09:00 none-p10 rep1 start 
2026-10-03T09:46:40+09:00 none-p10 rep1 exit=0
2026-10-03T09:46:40+09:00 jvm-lock-p10 rep1 start 
2026-10-03T10:07:24+09:00 jvm-lock-p10 rep1 exit=0
2026-10-03T10:07:24+09:00 jvm-lock-in-tx-p10 rep1 start 
2026-10-03T10:28:01+09:00 jvm-lock-in-tx-p10 rep1 exit=0
2026-10-03T10:28:01+09:00 conditional-update-p10 rep1 start 
2026-10-03T10:48:34+09:00 conditional-update-p10 rep1 exit=0
2026-10-03T10:48:34+09:00 pessimistic-p10 rep1 start 
2026-10-03T11:09:22+09:00 pessimistic-p10 rep1 exit=0
2026-10-03T11:09:22+09:00 pessimistic-nowait-p10 rep1 start 
2026-10-03T11:30:06+09:00 pessimistic-nowait-p10 rep1 exit=0
2026-10-03T11:30:06+09:00 optimistic-p10 rep1 start 
2026-10-03T11:50:35+09:00 optimistic-p10 rep1 exit=0
2026-10-03T11:50:35+09:00 unique-p10 rep1 start 
2026-10-03T12:11:10+09:00 unique-p10 rep1 exit=0
2026-10-03T12:11:10+09:00 advisory-p10 rep1 start 
2026-10-03T12:32:00+09:00 advisory-p10 rep1 exit=0
2026-10-03T12:32:00+09:00 redis-nx-p10 rep1 start 
2026-10-03T12:52:26+09:00 redis-nx-p10 rep1 exit=0
2026-10-03T12:52:26+09:00 redis-lock-p10 rep1 start 
2026-10-03T13:13:07+09:00 redis-lock-p10 rep1 exit=0
2026-10-03T13:13:07+09:00 none-p10-s3 rep1 start 
2026-10-03T14:13:08+09:00 none-p10-s3 rep1 exit=0
2026-10-03T14:13:08+09:00 jvm-lock-p10-s3 rep1 start 
2026-10-03T15:13:14+09:00 jvm-lock-p10-s3 rep1 exit=0
2026-10-03T15:13:14+09:00 jvm-lock-in-tx-p10-s3 rep1 start 
2026-10-03T16:13:10+09:00 jvm-lock-in-tx-p10-s3 rep1 exit=0
2026-10-03T16:13:10+09:00 conditional-update-p10-s3 rep1 start 
2026-10-03T17:13:18+09:00 conditional-update-p10-s3 rep1 exit=0
2026-10-03T17:13:18+09:00 pessimistic-p10-s3 rep1 start 
2026-10-03T18:13:18+09:00 pessimistic-p10-s3 rep1 exit=0
2026-10-03T18:13:18+09:00 pessimistic-nowait-p10-s3 rep1 start 
2026-10-03T19:13:13+09:00 pessimistic-nowait-p10-s3 rep1 exit=0
2026-10-03T19:13:13+09:00 optimistic-p10-s3 rep1 start 
2026-10-03T20:13:18+09:00 optimistic-p10-s3 rep1 exit=0
2026-10-03T20:13:18+09:00 unique-p10-s3 rep1 start 
2026-10-03T21:13:13+09:00 unique-p10-s3 rep1 exit=0
2026-10-03T21:13:13+09:00 advisory-p10-s3 rep1 start 
2026-10-03T22:13:14+09:00 advisory-p10-s3 rep1 exit=0
2026-10-03T22:13:14+09:00 redis-nx-p10-s3 rep1 start 
2026-10-03T23:13:27+09:00 redis-nx-p10-s3 rep1 exit=0
2026-10-03T23:13:27+09:00 redis-lock-p10-s3 rep1 start 
2026-10-04T00:13:27+09:00 redis-lock-p10-s3 rep1 exit=0
2026-10-04T00:13:27+09:00 pessimistic-p20 rep1 start 
2026-10-04T00:34:22+09:00 pessimistic-p20 rep1 exit=0
2026-10-04T00:34:22+09:00 advisory-p20 rep1 start 
2026-10-04T00:55:19+09:00 advisory-p20 rep1 exit=0
2026-10-04T00:55:19+09:00 redis-lock-p20 rep1 start 
2026-10-04T01:16:20+09:00 redis-lock-p20 rep1 exit=0
2026-10-04T01:16:20+09:00 none-p10-2apps rep1 start 
2026-10-04T01:17:23+09:00 none-p10-2apps rep1 exit=0
2026-10-04T01:17:23+09:00 jvm-lock-p10-2apps rep1 start 
2026-10-04T01:18:25+09:00 jvm-lock-p10-2apps rep1 exit=0
2026-10-04T01:18:25+09:00 jvm-lock-in-tx-p10-2apps rep1 start 
2026-10-04T01:19:26+09:00 jvm-lock-in-tx-p10-2apps rep1 exit=0
2026-10-04T01:19:26+09:00 conditional-update-p10-2apps rep1 start 
2026-10-04T01:20:26+09:00 conditional-update-p10-2apps rep1 exit=0
2026-10-04T01:20:26+09:00 pessimistic-p10-2apps rep1 start 
2026-10-04T01:21:25+09:00 pessimistic-p10-2apps rep1 exit=0
2026-10-04T01:21:25+09:00 pessimistic-nowait-p10-2apps rep1 start 
2026-10-04T01:22:25+09:00 pessimistic-nowait-p10-2apps rep1 exit=0
2026-10-04T01:22:25+09:00 optimistic-p10-2apps rep1 start 
2026-10-04T01:23:24+09:00 optimistic-p10-2apps rep1 exit=0
2026-10-04T01:23:24+09:00 unique-p10-2apps rep1 start 
2026-10-04T01:24:22+09:00 unique-p10-2apps rep1 exit=0
2026-10-04T01:24:22+09:00 advisory-p10-2apps rep1 start 
2026-10-04T01:25:21+09:00 advisory-p10-2apps rep1 exit=0
2026-10-04T01:25:21+09:00 redis-nx-p10-2apps rep1 start 
2026-10-04T01:26:18+09:00 redis-nx-p10-2apps rep1 exit=0
2026-10-04T01:26:18+09:00 redis-lock-p10-2apps rep1 start 
2026-10-04T01:27:20+09:00 redis-lock-p10-2apps rep1 exit=0
2026-10-04T01:27:20+09:00 none-p10 rep2 start --resume
2026-10-04T01:48:01+09:00 none-p10 rep2 exit=0
2026-10-04T01:48:01+09:00 jvm-lock-p10 rep2 start --resume
2026-10-04T02:08:42+09:00 jvm-lock-p10 rep2 exit=0
2026-10-04T02:08:42+09:00 jvm-lock-in-tx-p10 rep2 start --resume
2026-10-04T02:29:31+09:00 jvm-lock-in-tx-p10 rep2 exit=0
2026-10-04T02:29:31+09:00 conditional-update-p10 rep2 start --resume
2026-10-04T02:49:58+09:00 conditional-update-p10 rep2 exit=0
2026-10-04T02:49:58+09:00 pessimistic-p10 rep2 start --resume
2026-10-04T03:10:43+09:00 pessimistic-p10 rep2 exit=0
2026-10-04T03:10:43+09:00 pessimistic-nowait-p10 rep2 start --resume
2026-10-04T03:31:23+09:00 pessimistic-nowait-p10 rep2 exit=0
2026-10-04T03:31:23+09:00 optimistic-p10 rep2 start --resume
2026-10-04T03:51:48+09:00 optimistic-p10 rep2 exit=0
2026-10-04T03:51:48+09:00 unique-p10 rep2 start --resume
2026-10-04T04:12:14+09:00 unique-p10 rep2 exit=0
2026-10-04T04:12:14+09:00 advisory-p10 rep2 start --resume
2026-10-04T04:32:50+09:00 advisory-p10 rep2 exit=0
2026-10-04T04:32:50+09:00 redis-nx-p10 rep2 start --resume
2026-10-04T04:53:21+09:00 redis-nx-p10 rep2 exit=0
2026-10-04T04:53:21+09:00 redis-lock-p10 rep2 start --resume
2026-10-04T05:14:09+09:00 redis-lock-p10 rep2 exit=0
2026-10-04T05:14:09+09:00 none-p10-s3 rep2 start --resume
2026-10-04T06:14:14+09:00 none-p10-s3 rep2 exit=0
2026-10-04T06:14:14+09:00 jvm-lock-p10-s3 rep2 start --resume
2026-10-04T07:14:10+09:00 jvm-lock-p10-s3 rep2 exit=0
2026-10-04T07:14:10+09:00 jvm-lock-in-tx-p10-s3 rep2 start --resume
2026-10-04T08:14:16+09:00 jvm-lock-in-tx-p10-s3 rep2 exit=0
2026-10-04T08:14:16+09:00 conditional-update-p10-s3 rep2 start --resume
2026-10-04T09:14:16+09:00 conditional-update-p10-s3 rep2 exit=0
2026-10-04T09:14:16+09:00 pessimistic-p10-s3 rep2 start --resume
2026-10-04T10:14:21+09:00 pessimistic-p10-s3 rep2 exit=0
2026-10-04T10:14:21+09:00 pessimistic-nowait-p10-s3 rep2 start --resume
2026-10-04T11:14:13+09:00 pessimistic-nowait-p10-s3 rep2 exit=0
2026-10-04T11:14:13+09:00 optimistic-p10-s3 rep2 start --resume
2026-10-04T12:14:15+09:00 optimistic-p10-s3 rep2 exit=0
2026-10-04T12:14:15+09:00 unique-p10-s3 rep2 start --resume
2026-10-04T12:14:17+09:00 SWITCH stop at condition boundary → restart sha=b574543 --s3-reps 3 (사용자 재합의 2026-10-04)
2026-10-04T12:14:17+09:00 CAMPAIGN start sha=b574543 reps=5 conditions=36
2026-10-04T12:14:17+09:00 none-p10 rep1 start --resume
2026-10-04T12:15:37+09:00 none-p10 rep1 exit=0
2026-10-04T12:15:37+09:00 jvm-lock-p10 rep1 start --resume
2026-10-04T12:15:38+09:00 jvm-lock-p10 rep1 exit=0
2026-10-04T12:15:38+09:00 jvm-lock-in-tx-p10 rep1 start --resume
2026-10-04T12:15:40+09:00 jvm-lock-in-tx-p10 rep1 exit=0
2026-10-04T12:15:40+09:00 conditional-update-p10 rep1 start --resume
2026-10-04T12:15:41+09:00 conditional-update-p10 rep1 exit=0
2026-10-04T12:15:41+09:00 pessimistic-p10 rep1 start --resume
2026-10-04T12:15:42+09:00 pessimistic-p10 rep1 exit=0
2026-10-04T12:15:42+09:00 pessimistic-nowait-p10 rep1 start --resume
2026-10-04T12:15:44+09:00 pessimistic-nowait-p10 rep1 exit=0
2026-10-04T12:15:44+09:00 optimistic-p10 rep1 start --resume
2026-10-04T12:15:45+09:00 optimistic-p10 rep1 exit=0
2026-10-04T12:15:45+09:00 unique-p10 rep1 start --resume
2026-10-04T12:15:46+09:00 unique-p10 rep1 exit=0
2026-10-04T12:15:46+09:00 advisory-p10 rep1 start --resume
2026-10-04T12:15:49+09:00 advisory-p10 rep1 exit=0
2026-10-04T12:15:49+09:00 redis-nx-p10 rep1 start --resume
2026-10-04T12:15:50+09:00 redis-nx-p10 rep1 exit=0
2026-10-04T12:15:50+09:00 redis-lock-p10 rep1 start --resume
2026-10-04T12:15:51+09:00 redis-lock-p10 rep1 exit=0
2026-10-04T12:15:51+09:00 none-p10-s3 rep1 start --resume
2026-10-04T12:15:53+09:00 none-p10-s3 rep1 exit=0
2026-10-04T12:15:53+09:00 jvm-lock-p10-s3 rep1 start --resume
2026-10-04T12:15:54+09:00 jvm-lock-p10-s3 rep1 exit=0
2026-10-04T12:15:54+09:00 jvm-lock-in-tx-p10-s3 rep1 start --resume
2026-10-04T12:15:55+09:00 jvm-lock-in-tx-p10-s3 rep1 exit=0
2026-10-04T12:15:55+09:00 conditional-update-p10-s3 rep1 start --resume
2026-10-04T12:15:56+09:00 conditional-update-p10-s3 rep1 exit=0
2026-10-04T12:15:56+09:00 pessimistic-p10-s3 rep1 start --resume
2026-10-04T12:15:58+09:00 pessimistic-p10-s3 rep1 exit=0
2026-10-04T12:15:58+09:00 pessimistic-nowait-p10-s3 rep1 start --resume
2026-10-04T12:15:59+09:00 pessimistic-nowait-p10-s3 rep1 exit=0
2026-10-04T12:15:59+09:00 optimistic-p10-s3 rep1 start --resume
2026-10-04T12:16:00+09:00 optimistic-p10-s3 rep1 exit=0
2026-10-04T12:16:00+09:00 unique-p10-s3 rep1 start --resume
2026-10-04T12:16:02+09:00 unique-p10-s3 rep1 exit=0
2026-10-04T12:16:02+09:00 advisory-p10-s3 rep1 start --resume
2026-10-04T12:16:03+09:00 advisory-p10-s3 rep1 exit=0
2026-10-04T12:16:03+09:00 redis-nx-p10-s3 rep1 start --resume
2026-10-04T12:16:04+09:00 redis-nx-p10-s3 rep1 exit=0
2026-10-04T12:16:04+09:00 redis-lock-p10-s3 rep1 start --resume
2026-10-04T12:16:05+09:00 redis-lock-p10-s3 rep1 exit=0
2026-10-04T12:16:05+09:00 pessimistic-p20 rep1 start --resume
2026-10-04T12:16:07+09:00 pessimistic-p20 rep1 exit=0
2026-10-04T12:16:07+09:00 advisory-p20 rep1 start --resume
2026-10-04T12:16:08+09:00 advisory-p20 rep1 exit=0
2026-10-04T12:16:08+09:00 redis-lock-p20 rep1 start --resume
2026-10-04T12:16:09+09:00 redis-lock-p20 rep1 exit=0
2026-10-04T12:16:09+09:00 none-p10-2apps rep1 start --resume
2026-10-04T12:16:11+09:00 none-p10-2apps rep1 exit=0
2026-10-04T12:16:11+09:00 jvm-lock-p10-2apps rep1 start --resume
2026-10-04T12:16:12+09:00 jvm-lock-p10-2apps rep1 exit=0
2026-10-04T12:16:12+09:00 jvm-lock-in-tx-p10-2apps rep1 start --resume
2026-10-04T12:16:13+09:00 jvm-lock-in-tx-p10-2apps rep1 exit=0
2026-10-04T12:16:13+09:00 conditional-update-p10-2apps rep1 start --resume
2026-10-04T12:16:15+09:00 conditional-update-p10-2apps rep1 exit=0
2026-10-04T12:16:15+09:00 pessimistic-p10-2apps rep1 start --resume
2026-10-04T12:16:16+09:00 pessimistic-p10-2apps rep1 exit=0
2026-10-04T12:16:16+09:00 pessimistic-nowait-p10-2apps rep1 start --resume
2026-10-04T12:16:17+09:00 pessimistic-nowait-p10-2apps rep1 exit=0
2026-10-04T12:16:17+09:00 optimistic-p10-2apps rep1 start --resume
2026-10-04T12:16:19+09:00 optimistic-p10-2apps rep1 exit=0
2026-10-04T12:16:19+09:00 unique-p10-2apps rep1 start --resume
2026-10-04T12:16:20+09:00 unique-p10-2apps rep1 exit=0
2026-10-04T12:16:20+09:00 advisory-p10-2apps rep1 start --resume
2026-10-04T12:16:21+09:00 advisory-p10-2apps rep1 exit=0
2026-10-04T12:16:21+09:00 redis-nx-p10-2apps rep1 start --resume
2026-10-04T12:16:23+09:00 redis-nx-p10-2apps rep1 exit=0
2026-10-04T12:16:23+09:00 redis-lock-p10-2apps rep1 start --resume
2026-10-04T12:16:24+09:00 redis-lock-p10-2apps rep1 exit=0
2026-10-04T12:16:24+09:00 none-p10 rep2 start --resume
2026-10-04T12:16:25+09:00 none-p10 rep2 exit=0
2026-10-04T12:16:25+09:00 jvm-lock-p10 rep2 start --resume
2026-10-04T12:16:26+09:00 jvm-lock-p10 rep2 exit=0
2026-10-04T12:16:26+09:00 jvm-lock-in-tx-p10 rep2 start --resume
2026-10-04T12:16:28+09:00 jvm-lock-in-tx-p10 rep2 exit=0
2026-10-04T12:16:28+09:00 conditional-update-p10 rep2 start --resume
2026-10-04T12:16:29+09:00 conditional-update-p10 rep2 exit=0
2026-10-04T12:16:29+09:00 pessimistic-p10 rep2 start --resume
2026-10-04T12:16:30+09:00 pessimistic-p10 rep2 exit=0
2026-10-04T12:16:30+09:00 pessimistic-nowait-p10 rep2 start --resume
2026-10-04T12:16:32+09:00 pessimistic-nowait-p10 rep2 exit=0
2026-10-04T12:16:32+09:00 optimistic-p10 rep2 start --resume
2026-10-04T12:16:33+09:00 optimistic-p10 rep2 exit=0
2026-10-04T12:16:33+09:00 unique-p10 rep2 start --resume
2026-10-04T12:16:34+09:00 unique-p10 rep2 exit=0
2026-10-04T12:16:34+09:00 advisory-p10 rep2 start --resume
2026-10-04T12:16:36+09:00 advisory-p10 rep2 exit=0
2026-10-04T12:16:36+09:00 redis-nx-p10 rep2 start --resume
2026-10-04T12:16:37+09:00 redis-nx-p10 rep2 exit=0
2026-10-04T12:16:37+09:00 redis-lock-p10 rep2 start --resume
2026-10-04T12:16:39+09:00 redis-lock-p10 rep2 exit=0
2026-10-04T12:16:39+09:00 none-p10-s3 rep2 start --resume
2026-10-04T12:16:40+09:00 none-p10-s3 rep2 exit=0
2026-10-04T12:16:40+09:00 jvm-lock-p10-s3 rep2 start --resume
2026-10-04T12:16:41+09:00 jvm-lock-p10-s3 rep2 exit=0
2026-10-04T12:16:41+09:00 jvm-lock-in-tx-p10-s3 rep2 start --resume
2026-10-04T12:16:43+09:00 jvm-lock-in-tx-p10-s3 rep2 exit=0
2026-10-04T12:16:43+09:00 conditional-update-p10-s3 rep2 start --resume
2026-10-04T12:16:44+09:00 conditional-update-p10-s3 rep2 exit=0
2026-10-04T12:16:44+09:00 pessimistic-p10-s3 rep2 start --resume
2026-10-04T12:16:45+09:00 pessimistic-p10-s3 rep2 exit=0
2026-10-04T12:16:45+09:00 pessimistic-nowait-p10-s3 rep2 start --resume
2026-10-04T12:16:46+09:00 pessimistic-nowait-p10-s3 rep2 exit=0
2026-10-04T12:16:46+09:00 optimistic-p10-s3 rep2 start --resume
2026-10-04T12:16:48+09:00 optimistic-p10-s3 rep2 exit=0
2026-10-04T12:16:48+09:00 unique-p10-s3 rep2 start --resume
2026-10-04T13:16:42+09:00 unique-p10-s3 rep2 exit=0
2026-10-04T13:16:42+09:00 advisory-p10-s3 rep2 start --resume
2026-10-04T14:16:42+09:00 advisory-p10-s3 rep2 exit=0
2026-10-04T14:16:42+09:00 redis-nx-p10-s3 rep2 start --resume
2026-10-04T15:16:34+09:00 redis-nx-p10-s3 rep2 exit=0
2026-10-04T15:16:34+09:00 redis-lock-p10-s3 rep2 start --resume
2026-10-04T16:16:36+09:00 redis-lock-p10-s3 rep2 exit=0
2026-10-04T16:16:36+09:00 pessimistic-p20 rep2 start --resume
2026-10-04T16:37:40+09:00 pessimistic-p20 rep2 exit=0
2026-10-04T16:37:40+09:00 advisory-p20 rep2 start --resume
2026-10-04T16:58:37+09:00 advisory-p20 rep2 exit=0
2026-10-04T16:58:37+09:00 redis-lock-p20 rep2 start --resume
2026-10-04T17:19:09+09:00 redis-lock-p20 rep2 exit=0
2026-10-04T17:19:09+09:00 none-p10-2apps rep2 start --resume
2026-10-04T17:20:09+09:00 none-p10-2apps rep2 exit=0
2026-10-04T17:20:09+09:00 jvm-lock-p10-2apps rep2 start --resume
2026-10-04T17:21:08+09:00 jvm-lock-p10-2apps rep2 exit=0
2026-10-04T17:21:08+09:00 jvm-lock-in-tx-p10-2apps rep2 start --resume
2026-10-04T17:22:10+09:00 jvm-lock-in-tx-p10-2apps rep2 exit=0
2026-10-04T17:22:10+09:00 conditional-update-p10-2apps rep2 start --resume
2026-10-04T17:23:10+09:00 conditional-update-p10-2apps rep2 exit=0
2026-10-04T17:23:10+09:00 pessimistic-p10-2apps rep2 start --resume
2026-10-04T17:24:08+09:00 pessimistic-p10-2apps rep2 exit=0
2026-10-04T17:24:08+09:00 pessimistic-nowait-p10-2apps rep2 start --resume
2026-10-04T17:25:10+09:00 pessimistic-nowait-p10-2apps rep2 exit=0
2026-10-04T17:25:10+09:00 optimistic-p10-2apps rep2 start --resume
2026-10-04T17:26:09+09:00 optimistic-p10-2apps rep2 exit=0
2026-10-04T17:26:09+09:00 unique-p10-2apps rep2 start --resume
2026-10-04T17:27:07+09:00 unique-p10-2apps rep2 exit=0
2026-10-04T17:27:07+09:00 advisory-p10-2apps rep2 start --resume
2026-10-04T17:28:06+09:00 advisory-p10-2apps rep2 exit=0
2026-10-04T17:28:06+09:00 redis-nx-p10-2apps rep2 start --resume
2026-10-04T17:29:05+09:00 redis-nx-p10-2apps rep2 exit=0
2026-10-04T17:29:05+09:00 redis-lock-p10-2apps rep2 start --resume
2026-10-04T17:30:05+09:00 redis-lock-p10-2apps rep2 exit=0
2026-10-04T17:30:05+09:00 none-p10 rep3 start --resume
2026-10-04T17:50:44+09:00 none-p10 rep3 exit=0
2026-10-04T17:50:44+09:00 jvm-lock-p10 rep3 start --resume
2026-10-04T18:11:34+09:00 jvm-lock-p10 rep3 exit=0
2026-10-04T18:11:34+09:00 jvm-lock-in-tx-p10 rep3 start --resume
2026-10-04T18:32:20+09:00 jvm-lock-in-tx-p10 rep3 exit=0
2026-10-04T18:32:20+09:00 conditional-update-p10 rep3 start --resume
2026-10-04T18:52:47+09:00 conditional-update-p10 rep3 exit=0
2026-10-04T18:52:47+09:00 pessimistic-p10 rep3 start --resume
2026-10-04T19:13:39+09:00 pessimistic-p10 rep3 exit=0
2026-10-04T19:13:39+09:00 pessimistic-nowait-p10 rep3 start --resume
2026-10-04T19:34:24+09:00 pessimistic-nowait-p10 rep3 exit=0
2026-10-04T19:34:24+09:00 optimistic-p10 rep3 start --resume
2026-10-04T19:54:52+09:00 optimistic-p10 rep3 exit=0
2026-10-04T19:54:52+09:00 unique-p10 rep3 start --resume
2026-10-04T20:15:31+09:00 unique-p10 rep3 exit=0
2026-10-04T20:15:31+09:00 advisory-p10 rep3 start --resume
2026-10-04T20:36:02+09:00 advisory-p10 rep3 exit=0
2026-10-04T20:36:02+09:00 redis-nx-p10 rep3 start --resume
2026-10-04T20:56:28+09:00 redis-nx-p10 rep3 exit=0
2026-10-04T20:56:29+09:00 redis-lock-p10 rep3 start --resume
2026-10-04T21:17:03+09:00 redis-lock-p10 rep3 exit=0
2026-10-04T21:17:03+09:00 none-p10-s3 rep3 start --resume
2026-10-04T22:17:09+09:00 none-p10-s3 rep3 exit=0
2026-10-04T22:17:09+09:00 jvm-lock-p10-s3 rep3 start --resume
2026-10-04T23:17:09+09:00 jvm-lock-p10-s3 rep3 exit=0
2026-10-04T23:17:09+09:00 jvm-lock-in-tx-p10-s3 rep3 start --resume
2026-10-05T00:17:18+09:00 jvm-lock-in-tx-p10-s3 rep3 exit=0
2026-10-05T00:17:18+09:00 conditional-update-p10-s3 rep3 start --resume
2026-10-05T01:17:28+09:00 conditional-update-p10-s3 rep3 exit=0
2026-10-05T01:17:28+09:00 pessimistic-p10-s3 rep3 start --resume
2026-10-05T02:17:22+09:00 pessimistic-p10-s3 rep3 exit=0
2026-10-05T02:17:22+09:00 pessimistic-nowait-p10-s3 rep3 start --resume
2026-10-05T03:17:25+09:00 pessimistic-nowait-p10-s3 rep3 exit=0
2026-10-05T03:17:25+09:00 optimistic-p10-s3 rep3 start --resume
2026-10-05T04:17:19+09:00 optimistic-p10-s3 rep3 exit=0
2026-10-05T04:17:19+09:00 unique-p10-s3 rep3 start --resume
2026-10-05T05:17:19+09:00 unique-p10-s3 rep3 exit=0
2026-10-05T05:17:19+09:00 advisory-p10-s3 rep3 start --resume
2026-10-05T06:17:20+09:00 advisory-p10-s3 rep3 exit=0
2026-10-05T06:17:20+09:00 redis-nx-p10-s3 rep3 start --resume
2026-10-05T07:17:17+09:00 redis-nx-p10-s3 rep3 exit=0
2026-10-05T07:17:17+09:00 redis-lock-p10-s3 rep3 start --resume
2026-10-05T08:17:09+09:00 redis-lock-p10-s3 rep3 exit=0
2026-10-05T08:17:09+09:00 pessimistic-p20 rep3 start --resume
2026-10-05T08:38:05+09:00 pessimistic-p20 rep3 exit=0
2026-10-05T08:38:05+09:00 advisory-p20 rep3 start --resume
2026-10-05T08:58:56+09:00 advisory-p20 rep3 exit=0
2026-10-05T08:58:56+09:00 redis-lock-p20 rep3 start --resume
2026-10-05T09:19:48+09:00 redis-lock-p20 rep3 exit=0
2026-10-05T09:19:48+09:00 none-p10-2apps rep3 start --resume
2026-10-05T09:20:51+09:00 none-p10-2apps rep3 exit=0
2026-10-05T09:20:51+09:00 jvm-lock-p10-2apps rep3 start --resume
2026-10-05T09:21:50+09:00 jvm-lock-p10-2apps rep3 exit=0
2026-10-05T09:21:50+09:00 jvm-lock-in-tx-p10-2apps rep3 start --resume
2026-10-05T09:22:49+09:00 jvm-lock-in-tx-p10-2apps rep3 exit=0
2026-10-05T09:22:49+09:00 conditional-update-p10-2apps rep3 start --resume
2026-10-05T09:23:50+09:00 conditional-update-p10-2apps rep3 exit=0
2026-10-05T09:23:50+09:00 pessimistic-p10-2apps rep3 start --resume
2026-10-05T09:24:49+09:00 pessimistic-p10-2apps rep3 exit=0
2026-10-05T09:24:49+09:00 pessimistic-nowait-p10-2apps rep3 start --resume
2026-10-05T09:25:49+09:00 pessimistic-nowait-p10-2apps rep3 exit=0
2026-10-05T09:25:49+09:00 optimistic-p10-2apps rep3 start --resume
2026-10-05T09:26:51+09:00 optimistic-p10-2apps rep3 exit=0
2026-10-05T09:26:51+09:00 unique-p10-2apps rep3 start --resume
2026-10-05T09:27:52+09:00 unique-p10-2apps rep3 exit=0
2026-10-05T09:27:52+09:00 advisory-p10-2apps rep3 start --resume
2026-10-05T09:28:53+09:00 advisory-p10-2apps rep3 exit=0
2026-10-05T09:28:53+09:00 redis-nx-p10-2apps rep3 start --resume
2026-10-05T09:29:52+09:00 redis-nx-p10-2apps rep3 exit=0
2026-10-05T09:29:52+09:00 redis-lock-p10-2apps rep3 start --resume
2026-10-05T09:30:51+09:00 redis-lock-p10-2apps rep3 exit=0
2026-10-05T09:30:52+09:00 none-p10 rep4 start --resume
2026-10-05T09:51:25+09:00 none-p10 rep4 exit=0
2026-10-05T09:51:25+09:00 jvm-lock-p10 rep4 start --resume
2026-10-05T10:12:30+09:00 jvm-lock-p10 rep4 exit=0
2026-10-05T10:12:30+09:00 jvm-lock-in-tx-p10 rep4 start --resume
2026-10-05T10:33:00+09:00 jvm-lock-in-tx-p10 rep4 exit=0
2026-10-05T10:33:00+09:00 conditional-update-p10 rep4 start --resume
2026-10-05T10:53:29+09:00 conditional-update-p10 rep4 exit=0
2026-10-05T10:53:29+09:00 pessimistic-p10 rep4 start --resume
2026-10-05T11:14:14+09:00 pessimistic-p10 rep4 exit=0
2026-10-05T11:14:14+09:00 pessimistic-nowait-p10 rep4 start --resume
2026-10-05T11:34:57+09:00 pessimistic-nowait-p10 rep4 exit=0
2026-10-05T11:34:57+09:00 optimistic-p10 rep4 start --resume
2026-10-05T11:55:34+09:00 optimistic-p10 rep4 exit=0
2026-10-05T11:55:34+09:00 unique-p10 rep4 start --resume
2026-10-05T12:16:08+09:00 unique-p10 rep4 exit=0
2026-10-05T12:16:08+09:00 advisory-p10 rep4 start --resume
2026-10-05T12:36:52+09:00 advisory-p10 rep4 exit=0
2026-10-05T12:36:52+09:00 redis-nx-p10 rep4 start --resume
2026-10-05T12:57:14+09:00 redis-nx-p10 rep4 exit=0
2026-10-05T12:57:14+09:00 redis-lock-p10 rep4 start --resume
2026-10-05T13:17:50+09:00 redis-lock-p10 rep4 exit=0
2026-10-05T13:17:50+09:00 pessimistic-p20 rep4 start --resume
2026-10-05T13:38:45+09:00 pessimistic-p20 rep4 exit=0
2026-10-05T13:38:45+09:00 advisory-p20 rep4 start --resume
2026-10-05T13:59:45+09:00 advisory-p20 rep4 exit=0
2026-10-05T13:59:45+09:00 redis-lock-p20 rep4 start --resume
2026-10-05T14:20:21+09:00 redis-lock-p20 rep4 exit=0
2026-10-05T14:20:21+09:00 none-p10-2apps rep4 start --resume
2026-10-05T14:21:20+09:00 none-p10-2apps rep4 exit=0
2026-10-05T14:21:20+09:00 jvm-lock-p10-2apps rep4 start --resume
2026-10-05T14:22:18+09:00 jvm-lock-p10-2apps rep4 exit=0
2026-10-05T14:22:18+09:00 jvm-lock-in-tx-p10-2apps rep4 start --resume
2026-10-05T14:23:16+09:00 jvm-lock-in-tx-p10-2apps rep4 exit=0
2026-10-05T14:23:16+09:00 conditional-update-p10-2apps rep4 start --resume
2026-10-05T14:24:45+09:00 conditional-update-p10-2apps rep4 exit=0
2026-10-05T14:24:45+09:00 pessimistic-p10-2apps rep4 start --resume
2026-10-05T14:25:43+09:00 pessimistic-p10-2apps rep4 exit=0
2026-10-05T14:25:43+09:00 pessimistic-nowait-p10-2apps rep4 start --resume
2026-10-05T14:26:44+09:00 pessimistic-nowait-p10-2apps rep4 exit=0
2026-10-05T14:26:44+09:00 optimistic-p10-2apps rep4 start --resume
2026-10-05T14:27:46+09:00 optimistic-p10-2apps rep4 exit=0
2026-10-05T14:27:46+09:00 unique-p10-2apps rep4 start --resume
2026-10-05T14:28:46+09:00 unique-p10-2apps rep4 exit=0
2026-10-05T14:28:46+09:00 advisory-p10-2apps rep4 start --resume
2026-10-05T14:29:48+09:00 advisory-p10-2apps rep4 exit=0
2026-10-05T14:29:48+09:00 redis-nx-p10-2apps rep4 start --resume
2026-10-05T14:30:48+09:00 redis-nx-p10-2apps rep4 exit=0
2026-10-05T14:30:48+09:00 redis-lock-p10-2apps rep4 start --resume
2026-10-05T14:31:48+09:00 redis-lock-p10-2apps rep4 exit=0
2026-10-05T14:31:48+09:00 none-p10 rep5 start --resume
2026-10-05T14:52:27+09:00 none-p10 rep5 exit=0
2026-10-05T14:52:27+09:00 jvm-lock-p10 rep5 start --resume
2026-10-05T15:13:16+09:00 jvm-lock-p10 rep5 exit=0
2026-10-05T15:13:16+09:00 jvm-lock-in-tx-p10 rep5 start --resume
2026-10-05T15:34:02+09:00 jvm-lock-in-tx-p10 rep5 exit=0
2026-10-05T15:34:02+09:00 conditional-update-p10 rep5 start --resume
2026-10-05T15:54:35+09:00 conditional-update-p10 rep5 exit=0
2026-10-05T15:54:35+09:00 pessimistic-p10 rep5 start --resume
2026-10-05T16:15:18+09:00 pessimistic-p10 rep5 exit=0
2026-10-05T16:15:18+09:00 pessimistic-nowait-p10 rep5 start --resume
2026-10-05T16:36:04+09:00 pessimistic-nowait-p10 rep5 exit=0
2026-10-05T16:36:04+09:00 optimistic-p10 rep5 start --resume
2026-10-05T16:56:45+09:00 optimistic-p10 rep5 exit=0
2026-10-05T16:56:45+09:00 unique-p10 rep5 start --resume
2026-10-05T17:17:19+09:00 unique-p10 rep5 exit=0
2026-10-05T17:17:19+09:00 advisory-p10 rep5 start --resume
2026-10-05T17:37:49+09:00 advisory-p10 rep5 exit=0
2026-10-05T17:37:49+09:00 redis-nx-p10 rep5 start --resume
2026-10-05T17:58:13+09:00 redis-nx-p10 rep5 exit=0
2026-10-05T17:58:13+09:00 redis-lock-p10 rep5 start --resume
2026-10-05T18:18:50+09:00 redis-lock-p10 rep5 exit=0
2026-10-05T18:18:50+09:00 pessimistic-p20 rep5 start --resume
2026-10-05T18:39:43+09:00 pessimistic-p20 rep5 exit=0
2026-10-05T18:39:43+09:00 advisory-p20 rep5 start --resume
2026-10-05T19:00:13+09:00 advisory-p20 rep5 exit=0
2026-10-05T19:00:13+09:00 redis-lock-p20 rep5 start --resume
2026-10-05T19:21:04+09:00 redis-lock-p20 rep5 exit=0
2026-10-05T19:21:04+09:00 none-p10-2apps rep5 start --resume
2026-10-05T19:22:03+09:00 none-p10-2apps rep5 exit=0
2026-10-05T19:22:03+09:00 jvm-lock-p10-2apps rep5 start --resume
2026-10-05T19:23:05+09:00 jvm-lock-p10-2apps rep5 exit=0
2026-10-05T19:23:05+09:00 jvm-lock-in-tx-p10-2apps rep5 start --resume
2026-10-05T19:24:04+09:00 jvm-lock-in-tx-p10-2apps rep5 exit=0
2026-10-05T19:24:04+09:00 conditional-update-p10-2apps rep5 start --resume
2026-10-05T19:25:05+09:00 conditional-update-p10-2apps rep5 exit=0
2026-10-05T19:25:05+09:00 pessimistic-p10-2apps rep5 start --resume
2026-10-05T19:26:03+09:00 pessimistic-p10-2apps rep5 exit=0
2026-10-05T19:26:03+09:00 pessimistic-nowait-p10-2apps rep5 start --resume
2026-10-05T19:27:04+09:00 pessimistic-nowait-p10-2apps rep5 exit=0
2026-10-05T19:27:04+09:00 optimistic-p10-2apps rep5 start --resume
2026-10-05T19:28:05+09:00 optimistic-p10-2apps rep5 exit=0
2026-10-05T19:28:05+09:00 unique-p10-2apps rep5 start --resume
2026-10-05T19:29:06+09:00 unique-p10-2apps rep5 exit=0
2026-10-05T19:29:06+09:00 advisory-p10-2apps rep5 start --resume
2026-10-05T19:30:06+09:00 advisory-p10-2apps rep5 exit=0
2026-10-05T19:30:06+09:00 redis-nx-p10-2apps rep5 start --resume
2026-10-05T19:31:06+09:00 redis-nx-p10-2apps rep5 exit=0
2026-10-05T19:31:06+09:00 redis-lock-p10-2apps rep5 start --resume
2026-10-05T19:32:07+09:00 redis-lock-p10-2apps rep5 exit=0
2026-10-05T19:32:07+09:00 CAMPAIGN done — 비정상 회차 0
