[2026-10-03 16:13:11] matrix 20261003-adr003-96e2e6c/conditional-update-p10-s3: levels=[4] reps=5 cells=[S3]
[2026-10-03 16:13:11] L4 S3-a0 rep1 → /home/jun/project/lab/backend-labs-commerce/seat-reservation-lab/k6/ADR-003/results/20261003-adr003-96e2e6c/conditional-update-p10-s3/L4/S3-a0/rep1
[2026-10-03 16:30:37] L4 S3-a20 rep1 → /home/jun/project/lab/backend-labs-commerce/seat-reservation-lab/k6/ADR-003/results/20261003-adr003-96e2e6c/conditional-update-p10-s3/L4/S3-a20/rep1
[2026-10-03 16:51:53] L4 S3-a50 rep1 → /home/jun/project/lab/backend-labs-commerce/seat-reservation-lab/k6/ADR-003/results/20261003-adr003-96e2e6c/conditional-update-p10-s3/L4/S3-a50/rep1
[2026-10-03 17:13:17] compose down (96e2e6c)
 Container seatlab-app-1 Stopping 
 Container seatlab-app-1 Stopped 
 Container seatlab-app-1 Removing 
 Container seatlab-app-1 Removed 
 Container seatlab-redis-1 Stopping 
 Container seatlab-db-1 Stopping 
 Container seatlab-db-1 Stopped 
 Container seatlab-db-1 Removing 
 Container seatlab-redis-1 Stopped 
 Container seatlab-redis-1 Removing 
 Container seatlab-db-1 Removed 
 Container seatlab-redis-1 Removed 
 Volume seatlab_pgdata Removing 
 Network seatlab_default Removing 
 Volume seatlab_pgdata Removed 
 Network seatlab_default Removed 
[2026-10-03 17:13:18] matrix done: /home/jun/project/lab/backend-labs-commerce/seat-reservation-lab/k6/ADR-003/results/20261003-adr003-96e2e6c/conditional-update-p10-s3
[2026-10-04 08:14:16] matrix 20261003-adr003-96e2e6c/conditional-update-p10-s3: levels=[4] reps=5 cells=[S3]
[2026-10-04 08:14:16] L4 S3-a0 rep2 → /home/jun/project/lab/backend-labs-commerce/seat-reservation-lab/k6/ADR-003/results/20261003-adr003-96e2e6c/conditional-update-p10-s3/L4/S3-a0/rep2
[2026-10-04 08:31:42] L4 S3-a20 rep2 → /home/jun/project/lab/backend-labs-commerce/seat-reservation-lab/k6/ADR-003/results/20261003-adr003-96e2e6c/conditional-update-p10-s3/L4/S3-a20/rep2
[2026-10-04 08:52:57] L4 S3-a50 rep2 → /home/jun/project/lab/backend-labs-commerce/seat-reservation-lab/k6/ADR-003/results/20261003-adr003-96e2e6c/conditional-update-p10-s3/L4/S3-a50/rep2
[2026-10-04 09:14:14] compose down (96e2e6c)
 Container seatlab-app-1 Stopping 
 Container seatlab-app-1 Stopped 
 Container seatlab-app-1 Removing 
 Container seatlab-app-1 Removed 
 Container seatlab-db-1 Stopping 
 Container seatlab-redis-1 Stopping 
 Container seatlab-db-1 Stopped 
 Container seatlab-db-1 Removing 
 Container seatlab-db-1 Removed 
 Container seatlab-redis-1 Stopped 
 Container seatlab-redis-1 Removing 
 Container seatlab-redis-1 Removed 
 Network seatlab_default Removing 
 Volume seatlab_pgdata Removing 
 Volume seatlab_pgdata Removed 
 Network seatlab_default Removed 
[2026-10-04 09:14:16] matrix done: /home/jun/project/lab/backend-labs-commerce/seat-reservation-lab/k6/ADR-003/results/20261003-adr003-96e2e6c/conditional-update-p10-s3
[2026-10-04 12:15:56] matrix 20261003-adr003-96e2e6c/conditional-update-p10-s3: levels=[4] reps=5 cells=[S3]
[2026-10-04 12:15:56] compose down (b574543)
[2026-10-04 12:15:56] matrix done: /home/jun/project/lab/backend-labs-commerce/seat-reservation-lab/k6/ADR-003/results/20261003-adr003-96e2e6c/conditional-update-p10-s3
[2026-10-04 12:16:43] matrix 20261003-adr003-96e2e6c/conditional-update-p10-s3: levels=[4] reps=5 cells=[S3]
[2026-10-04 12:16:43] compose down (b574543)
[2026-10-04 12:16:44] matrix done: /home/jun/project/lab/backend-labs-commerce/seat-reservation-lab/k6/ADR-003/results/20261003-adr003-96e2e6c/conditional-update-p10-s3
[2026-10-05 00:17:19] matrix 20261003-adr003-96e2e6c/conditional-update-p10-s3: levels=[4] reps=5 cells=[S3]
[2026-10-05 00:17:19] L4 S3-a0 rep3 → /home/jun/project/lab/backend-labs-commerce/seat-reservation-lab/k6/ADR-003/results/20261003-adr003-96e2e6c/conditional-update-p10-s3/L4/S3-a0/rep3
[2026-10-05 00:34:44] L4 S3-a20 rep3 → /home/jun/project/lab/backend-labs-commerce/seat-reservation-lab/k6/ADR-003/results/20261003-adr003-96e2e6c/conditional-update-p10-s3/L4/S3-a20/rep3
[2026-10-05 00:56:05] L4 S3-a50 rep3 → /home/jun/project/lab/backend-labs-commerce/seat-reservation-lab/k6/ADR-003/results/20261003-adr003-96e2e6c/conditional-update-p10-s3/L4/S3-a50/rep3
[2026-10-05 01:17:27] compose down (b574543)
 Container seatlab-app-1 Stopping 
 Container seatlab-app-1 Stopped 
 Container seatlab-app-1 Removing 
 Container seatlab-app-1 Removed 
 Container seatlab-redis-1 Stopping 
 Container seatlab-db-1 Stopping 
 Container seatlab-db-1 Stopped 
 Container seatlab-db-1 Removing 
 Container seatlab-redis-1 Stopped 
 Container seatlab-redis-1 Removing 
 Container seatlab-db-1 Removed 
 Container seatlab-redis-1 Removed 
 Volume seatlab_pgdata Removing 
 Network seatlab_default Removing 
 Volume seatlab_pgdata Removed 
 Network seatlab_default Removed 
[2026-10-05 01:17:28] matrix done: /home/jun/project/lab/backend-labs-commerce/seat-reservation-lab/k6/ADR-003/results/20261003-adr003-96e2e6c/conditional-update-p10-s3
