[2026-10-03 15:13:15] matrix 20261003-adr003-96e2e6c/jvm-lock-in-tx-p10-s3: levels=[4] reps=5 cells=[S3]
[2026-10-03 15:13:15] L4 S3-a0 rep1 → /home/jun/project/lab/backend-labs-commerce/seat-reservation-lab/k6/ADR-003/results/20261003-adr003-96e2e6c/jvm-lock-in-tx-p10-s3/L4/S3-a0/rep1
[2026-10-03 15:30:40] L4 S3-a20 rep1 → /home/jun/project/lab/backend-labs-commerce/seat-reservation-lab/k6/ADR-003/results/20261003-adr003-96e2e6c/jvm-lock-in-tx-p10-s3/L4/S3-a20/rep1
[2026-10-03 15:51:54] L4 S3-a50 rep1 → /home/jun/project/lab/backend-labs-commerce/seat-reservation-lab/k6/ADR-003/results/20261003-adr003-96e2e6c/jvm-lock-in-tx-p10-s3/L4/S3-a50/rep1
[2026-10-03 16:13:09] compose down (96e2e6c)
 Container seatlab-app-1 Stopping 
 Container seatlab-app-1 Stopped 
 Container seatlab-app-1 Removing 
 Container seatlab-app-1 Removed 
 Container seatlab-redis-1 Stopping 
 Container seatlab-db-1 Stopping 
 Container seatlab-db-1 Stopped 
 Container seatlab-db-1 Removing 
 Container seatlab-redis-1 Stopped 
 Container seatlab-redis-1 Removing 
 Container seatlab-db-1 Removed 
 Container seatlab-redis-1 Removed 
 Volume seatlab_pgdata Removing 
 Network seatlab_default Removing 
 Volume seatlab_pgdata Removed 
 Network seatlab_default Removed 
[2026-10-03 16:13:10] matrix done: /home/jun/project/lab/backend-labs-commerce/seat-reservation-lab/k6/ADR-003/results/20261003-adr003-96e2e6c/jvm-lock-in-tx-p10-s3
[2026-10-04 07:14:11] matrix 20261003-adr003-96e2e6c/jvm-lock-in-tx-p10-s3: levels=[4] reps=5 cells=[S3]
[2026-10-04 07:14:11] L4 S3-a0 rep2 → /home/jun/project/lab/backend-labs-commerce/seat-reservation-lab/k6/ADR-003/results/20261003-adr003-96e2e6c/jvm-lock-in-tx-p10-s3/L4/S3-a0/rep2
[2026-10-04 07:31:36] L4 S3-a20 rep2 → /home/jun/project/lab/backend-labs-commerce/seat-reservation-lab/k6/ADR-003/results/20261003-adr003-96e2e6c/jvm-lock-in-tx-p10-s3/L4/S3-a20/rep2
[2026-10-04 07:52:56] L4 S3-a50 rep2 → /home/jun/project/lab/backend-labs-commerce/seat-reservation-lab/k6/ADR-003/results/20261003-adr003-96e2e6c/jvm-lock-in-tx-p10-s3/L4/S3-a50/rep2
[2026-10-04 08:14:14] compose down (96e2e6c)
 Container seatlab-app-1 Stopping 
 Container seatlab-app-1 Stopped 
 Container seatlab-app-1 Removing 
 Container seatlab-app-1 Removed 
 Container seatlab-db-1 Stopping 
 Container seatlab-redis-1 Stopping 
 Container seatlab-db-1 Stopped 
 Container seatlab-db-1 Removing 
 Container seatlab-redis-1 Stopped 
 Container seatlab-redis-1 Removing 
 Container seatlab-db-1 Removed 
 Container seatlab-redis-1 Removed 
 Network seatlab_default Removing 
 Volume seatlab_pgdata Removing 
 Volume seatlab_pgdata Removed 
 Network seatlab_default Removed 
[2026-10-04 08:14:16] matrix done: /home/jun/project/lab/backend-labs-commerce/seat-reservation-lab/k6/ADR-003/results/20261003-adr003-96e2e6c/jvm-lock-in-tx-p10-s3
[2026-10-04 12:15:55] matrix 20261003-adr003-96e2e6c/jvm-lock-in-tx-p10-s3: levels=[4] reps=5 cells=[S3]
[2026-10-04 12:15:55] compose down (b574543)
[2026-10-04 12:15:55] matrix done: /home/jun/project/lab/backend-labs-commerce/seat-reservation-lab/k6/ADR-003/results/20261003-adr003-96e2e6c/jvm-lock-in-tx-p10-s3
[2026-10-04 12:16:42] matrix 20261003-adr003-96e2e6c/jvm-lock-in-tx-p10-s3: levels=[4] reps=5 cells=[S3]
[2026-10-04 12:16:42] compose down (b574543)
[2026-10-04 12:16:43] matrix done: /home/jun/project/lab/backend-labs-commerce/seat-reservation-lab/k6/ADR-003/results/20261003-adr003-96e2e6c/jvm-lock-in-tx-p10-s3
[2026-10-04 23:17:10] matrix 20261003-adr003-96e2e6c/jvm-lock-in-tx-p10-s3: levels=[4] reps=5 cells=[S3]
[2026-10-04 23:17:10] L4 S3-a0 rep3 → /home/jun/project/lab/backend-labs-commerce/seat-reservation-lab/k6/ADR-003/results/20261003-adr003-96e2e6c/jvm-lock-in-tx-p10-s3/L4/S3-a0/rep3
[2026-10-04 23:34:37] L4 S3-a20 rep3 → /home/jun/project/lab/backend-labs-commerce/seat-reservation-lab/k6/ADR-003/results/20261003-adr003-96e2e6c/jvm-lock-in-tx-p10-s3/L4/S3-a20/rep3
[2026-10-04 23:55:56] L4 S3-a50 rep3 → /home/jun/project/lab/backend-labs-commerce/seat-reservation-lab/k6/ADR-003/results/20261003-adr003-96e2e6c/jvm-lock-in-tx-p10-s3/L4/S3-a50/rep3
[2026-10-05 00:17:17] compose down (b574543)
 Container seatlab-app-1 Stopping 
 Container seatlab-app-1 Stopped 
 Container seatlab-app-1 Removing 
 Container seatlab-app-1 Removed 
 Container seatlab-redis-1 Stopping 
 Container seatlab-db-1 Stopping 
 Container seatlab-db-1 Stopped 
 Container seatlab-db-1 Removing 
 Container seatlab-redis-1 Stopped 
 Container seatlab-redis-1 Removing 
 Container seatlab-db-1 Removed 
 Container seatlab-redis-1 Removed 
 Volume seatlab_pgdata Removing 
 Network seatlab_default Removing 
 Volume seatlab_pgdata Removed 
 Network seatlab_default Removed 
[2026-10-05 00:17:18] matrix done: /home/jun/project/lab/backend-labs-commerce/seat-reservation-lab/k6/ADR-003/results/20261003-adr003-96e2e6c/jvm-lock-in-tx-p10-s3
