[2026-10-04 01:18:25] matrix 20261003-adr003-96e2e6c/jvm-lock-in-tx-p10-2apps: levels=[4] reps=5 cells=[S1]
[2026-10-04 01:18:25] L4 S1 rep1 → /home/jun/project/lab/backend-labs-commerce/seat-reservation-lab/k6/ADR-003/results/20261003-adr003-96e2e6c/jvm-lock-in-tx-p10-2apps/L4/S1/rep1
[2026-10-04 01:19:25] compose down (96e2e6c)
 Container seatlab-lb-1 Stopping 
 Container seatlab-lb-1 Stopped 
 Container seatlab-lb-1 Removing 
 Container seatlab-lb-1 Removed 
 Container seatlab-app-1 Stopping 
 Container seatlab-app2-1 Stopping 
 Container seatlab-app-1 Stopped 
 Container seatlab-app-1 Removing 
 Container seatlab-app-1 Removed 
 Container seatlab-app2-1 Stopped 
 Container seatlab-app2-1 Removing 
 Container seatlab-app2-1 Removed 
 Container seatlab-db-1 Stopping 
 Container seatlab-redis-1 Stopping 
 Container seatlab-redis-1 Stopped 
 Container seatlab-redis-1 Removing 
 Container seatlab-redis-1 Removed 
 Container seatlab-db-1 Stopped 
 Container seatlab-db-1 Removing 
 Container seatlab-db-1 Removed 
 Network seatlab_default Removing 
 Volume seatlab_pgdata Removing 
 Volume seatlab_pgdata Removed 
 Network seatlab_default Removed 
[2026-10-04 01:19:26] matrix done: /home/jun/project/lab/backend-labs-commerce/seat-reservation-lab/k6/ADR-003/results/20261003-adr003-96e2e6c/jvm-lock-in-tx-p10-2apps
[2026-10-04 12:16:13] matrix 20261003-adr003-96e2e6c/jvm-lock-in-tx-p10-2apps: levels=[4] reps=5 cells=[S1]
[2026-10-04 12:16:13] compose down (b574543)
[2026-10-04 12:16:13] matrix done: /home/jun/project/lab/backend-labs-commerce/seat-reservation-lab/k6/ADR-003/results/20261003-adr003-96e2e6c/jvm-lock-in-tx-p10-2apps
[2026-10-04 17:21:09] matrix 20261003-adr003-96e2e6c/jvm-lock-in-tx-p10-2apps: levels=[4] reps=5 cells=[S1]
[2026-10-04 17:21:09] L4 S1 rep2 → /home/jun/project/lab/backend-labs-commerce/seat-reservation-lab/k6/ADR-003/results/20261003-adr003-96e2e6c/jvm-lock-in-tx-p10-2apps/L4/S1/rep2
[2026-10-04 17:22:09] compose down (b574543)
 Container seatlab-lb-1 Stopping 
 Container seatlab-lb-1 Stopped 
 Container seatlab-lb-1 Removing 
 Container seatlab-lb-1 Removed 
 Container seatlab-app-1 Stopping 
 Container seatlab-app2-1 Stopping 
 Container seatlab-app-1 Stopped 
 Container seatlab-app-1 Removing 
 Container seatlab-app-1 Removed 
 Container seatlab-app2-1 Stopped 
 Container seatlab-app2-1 Removing 
 Container seatlab-app2-1 Removed 
 Container seatlab-db-1 Stopping 
 Container seatlab-redis-1 Stopping 
 Container seatlab-db-1 Stopped 
 Container seatlab-db-1 Removing 
 Container seatlab-redis-1 Stopped 
 Container seatlab-redis-1 Removing 
 Container seatlab-db-1 Removed 
 Container seatlab-redis-1 Removed 
 Network seatlab_default Removing 
 Volume seatlab_pgdata Removing 
 Volume seatlab_pgdata Removed 
 Network seatlab_default Removed 
[2026-10-04 17:22:10] matrix done: /home/jun/project/lab/backend-labs-commerce/seat-reservation-lab/k6/ADR-003/results/20261003-adr003-96e2e6c/jvm-lock-in-tx-p10-2apps
[2026-10-05 09:21:51] matrix 20261003-adr003-96e2e6c/jvm-lock-in-tx-p10-2apps: levels=[4] reps=5 cells=[S1]
[2026-10-05 09:21:51] L4 S1 rep3 → /home/jun/project/lab/backend-labs-commerce/seat-reservation-lab/k6/ADR-003/results/20261003-adr003-96e2e6c/jvm-lock-in-tx-p10-2apps/L4/S1/rep3
[2026-10-05 09:22:47] compose down (b574543)
 Container seatlab-lb-1 Stopping 
 Container seatlab-lb-1 Stopped 
 Container seatlab-lb-1 Removing 
 Container seatlab-lb-1 Removed 
 Container seatlab-app-1 Stopping 
 Container seatlab-app2-1 Stopping 
 Container seatlab-app2-1 Stopped 
 Container seatlab-app2-1 Removing 
 Container seatlab-app-1 Stopped 
 Container seatlab-app-1 Removing 
 Container seatlab-app2-1 Removed 
 Container seatlab-app-1 Removed 
 Container seatlab-redis-1 Stopping 
 Container seatlab-db-1 Stopping 
 Container seatlab-db-1 Stopped 
 Container seatlab-db-1 Removing 
 Container seatlab-db-1 Removed 
 Container seatlab-redis-1 Stopped 
 Container seatlab-redis-1 Removing 
 Container seatlab-redis-1 Removed 
 Volume seatlab_pgdata Removing 
 Network seatlab_default Removing 
 Volume seatlab_pgdata Removed 
 Network seatlab_default Removed 
[2026-10-05 09:22:49] matrix done: /home/jun/project/lab/backend-labs-commerce/seat-reservation-lab/k6/ADR-003/results/20261003-adr003-96e2e6c/jvm-lock-in-tx-p10-2apps
[2026-10-05 14:22:19] matrix 20261003-adr003-96e2e6c/jvm-lock-in-tx-p10-2apps: levels=[4] reps=5 cells=[S1]
[2026-10-05 14:22:19] L4 S1 rep4 → /home/jun/project/lab/backend-labs-commerce/seat-reservation-lab/k6/ADR-003/results/20261003-adr003-96e2e6c/jvm-lock-in-tx-p10-2apps/L4/S1/rep4
[2026-10-05 14:23:15] compose down (b574543)
 Container seatlab-lb-1 Stopping 
 Container seatlab-lb-1 Stopped 
 Container seatlab-lb-1 Removing 
 Container seatlab-lb-1 Removed 
 Container seatlab-app-1 Stopping 
 Container seatlab-app2-1 Stopping 
 Container seatlab-app-1 Stopped 
 Container seatlab-app-1 Removing 
 Container seatlab-app2-1 Stopped 
 Container seatlab-app2-1 Removing 
 Container seatlab-app-1 Removed 
 Container seatlab-app2-1 Removed 
 Container seatlab-redis-1 Stopping 
 Container seatlab-db-1 Stopping 
 Container seatlab-db-1 Stopped 
 Container seatlab-db-1 Removing 
 Container seatlab-redis-1 Stopped 
 Container seatlab-redis-1 Removing 
 Container seatlab-db-1 Removed 
 Container seatlab-redis-1 Removed 
 Volume seatlab_pgdata Removing 
 Network seatlab_default Removing 
 Volume seatlab_pgdata Removed 
 Network seatlab_default Removed 
[2026-10-05 14:23:16] matrix done: /home/jun/project/lab/backend-labs-commerce/seat-reservation-lab/k6/ADR-003/results/20261003-adr003-96e2e6c/jvm-lock-in-tx-p10-2apps
[2026-10-05 19:23:05] matrix 20261003-adr003-96e2e6c/jvm-lock-in-tx-p10-2apps: levels=[4] reps=5 cells=[S1]
[2026-10-05 19:23:05] L4 S1 rep5 → /home/jun/project/lab/backend-labs-commerce/seat-reservation-lab/k6/ADR-003/results/20261003-adr003-96e2e6c/jvm-lock-in-tx-p10-2apps/L4/S1/rep5
[2026-10-05 19:24:03] compose down (b574543)
 Container seatlab-lb-1 Stopping 
 Container seatlab-lb-1 Stopped 
 Container seatlab-lb-1 Removing 
 Container seatlab-lb-1 Removed 
 Container seatlab-app2-1 Stopping 
 Container seatlab-app-1 Stopping 
 Container seatlab-app-1 Stopped 
 Container seatlab-app-1 Removing 
 Container seatlab-app-1 Removed 
 Container seatlab-app2-1 Stopped 
 Container seatlab-app2-1 Removing 
 Container seatlab-app2-1 Removed 
 Container seatlab-redis-1 Stopping 
 Container seatlab-db-1 Stopping 
 Container seatlab-redis-1 Stopped 
 Container seatlab-redis-1 Removing 
 Container seatlab-redis-1 Removed 
 Container seatlab-db-1 Stopped 
 Container seatlab-db-1 Removing 
 Container seatlab-db-1 Removed 
 Volume seatlab_pgdata Removing 
 Network seatlab_default Removing 
 Volume seatlab_pgdata Removed 
 Network seatlab_default Removed 
[2026-10-05 19:24:04] matrix done: /home/jun/project/lab/backend-labs-commerce/seat-reservation-lab/k6/ADR-003/results/20261003-adr003-96e2e6c/jvm-lock-in-tx-p10-2apps
