[2026-10-03 10:07:24] matrix 20261003-adr003-96e2e6c/jvm-lock-in-tx-p10: levels=[2 4] reps=5 cells=[S1 S4]
[2026-10-03 10:07:24] L2 S1 rep1 → /home/jun/project/lab/backend-labs-commerce/seat-reservation-lab/k6/ADR-003/results/20261003-adr003-96e2e6c/jvm-lock-in-tx-p10/L2/S1/rep1
[2026-10-03 10:08:11] L2 S4 rep1 → /home/jun/project/lab/backend-labs-commerce/seat-reservation-lab/k6/ADR-003/results/20261003-adr003-96e2e6c/jvm-lock-in-tx-p10/L2/S4/rep1
[2026-10-03 10:17:36] L4 S1 rep1 → /home/jun/project/lab/backend-labs-commerce/seat-reservation-lab/k6/ADR-003/results/20261003-adr003-96e2e6c/jvm-lock-in-tx-p10/L4/S1/rep1
[2026-10-03 10:18:22] L4 S4 rep1 → /home/jun/project/lab/backend-labs-commerce/seat-reservation-lab/k6/ADR-003/results/20261003-adr003-96e2e6c/jvm-lock-in-tx-p10/L4/S4/rep1
[2026-10-03 10:27:59] compose down (96e2e6c)
 Container seatlab-app-1 Stopping 
 Container seatlab-app-1 Stopped 
 Container seatlab-app-1 Removing 
 Container seatlab-app-1 Removed 
 Container seatlab-redis-1 Stopping 
 Container seatlab-db-1 Stopping 
 Container seatlab-redis-1 Stopped 
 Container seatlab-redis-1 Removing 
 Container seatlab-redis-1 Removed 
 Container seatlab-db-1 Stopped 
 Container seatlab-db-1 Removing 
 Container seatlab-db-1 Removed 
 Network seatlab_default Removing 
 Volume seatlab_pgdata Removing 
 Network seatlab_default Removed 
 Volume seatlab_pgdata Removed 
[2026-10-03 10:28:01] matrix done: /home/jun/project/lab/backend-labs-commerce/seat-reservation-lab/k6/ADR-003/results/20261003-adr003-96e2e6c/jvm-lock-in-tx-p10
[2026-10-04 02:08:42] matrix 20261003-adr003-96e2e6c/jvm-lock-in-tx-p10: levels=[2 4] reps=5 cells=[S1 S4]
[2026-10-04 02:08:42] L2 S1 rep2 → /home/jun/project/lab/backend-labs-commerce/seat-reservation-lab/k6/ADR-003/results/20261003-adr003-96e2e6c/jvm-lock-in-tx-p10/L2/S1/rep2
[2026-10-04 02:09:29] L2 S4 rep2 → /home/jun/project/lab/backend-labs-commerce/seat-reservation-lab/k6/ADR-003/results/20261003-adr003-96e2e6c/jvm-lock-in-tx-p10/L2/S4/rep2
[2026-10-04 02:19:05] L4 S1 rep2 → /home/jun/project/lab/backend-labs-commerce/seat-reservation-lab/k6/ADR-003/results/20261003-adr003-96e2e6c/jvm-lock-in-tx-p10/L4/S1/rep2
[2026-10-04 02:19:52] L4 S4 rep2 → /home/jun/project/lab/backend-labs-commerce/seat-reservation-lab/k6/ADR-003/results/20261003-adr003-96e2e6c/jvm-lock-in-tx-p10/L4/S4/rep2
[2026-10-04 02:29:29] compose down (96e2e6c)
 Container seatlab-app-1 Stopping 
 Container seatlab-app-1 Stopped 
 Container seatlab-app-1 Removing 
 Container seatlab-app-1 Removed 
 Container seatlab-redis-1 Stopping 
 Container seatlab-db-1 Stopping 
 Container seatlab-redis-1 Stopped 
 Container seatlab-redis-1 Removing 
 Container seatlab-redis-1 Removed 
 Container seatlab-db-1 Stopped 
 Container seatlab-db-1 Removing 
 Container seatlab-db-1 Removed 
 Network seatlab_default Removing 
 Volume seatlab_pgdata Removing 
 Volume seatlab_pgdata Removed 
 Network seatlab_default Removed 
[2026-10-04 02:29:31] matrix done: /home/jun/project/lab/backend-labs-commerce/seat-reservation-lab/k6/ADR-003/results/20261003-adr003-96e2e6c/jvm-lock-in-tx-p10
[2026-10-04 12:15:39] matrix 20261003-adr003-96e2e6c/jvm-lock-in-tx-p10: levels=[2 4] reps=5 cells=[S1 S4]
[2026-10-04 12:15:39] compose down (b574543)
[2026-10-04 12:15:40] matrix done: /home/jun/project/lab/backend-labs-commerce/seat-reservation-lab/k6/ADR-003/results/20261003-adr003-96e2e6c/jvm-lock-in-tx-p10
[2026-10-04 12:16:27] matrix 20261003-adr003-96e2e6c/jvm-lock-in-tx-p10: levels=[2 4] reps=5 cells=[S1 S4]
[2026-10-04 12:16:27] compose down (b574543)
[2026-10-04 12:16:28] matrix done: /home/jun/project/lab/backend-labs-commerce/seat-reservation-lab/k6/ADR-003/results/20261003-adr003-96e2e6c/jvm-lock-in-tx-p10
[2026-10-04 18:11:34] matrix 20261003-adr003-96e2e6c/jvm-lock-in-tx-p10: levels=[2 4] reps=5 cells=[S1 S4]
[2026-10-04 18:11:34] L2 S1 rep3 → /home/jun/project/lab/backend-labs-commerce/seat-reservation-lab/k6/ADR-003/results/20261003-adr003-96e2e6c/jvm-lock-in-tx-p10/L2/S1/rep3
[2026-10-04 18:12:20] L2 S4 rep3 → /home/jun/project/lab/backend-labs-commerce/seat-reservation-lab/k6/ADR-003/results/20261003-adr003-96e2e6c/jvm-lock-in-tx-p10/L2/S4/rep3
[2026-10-04 18:21:54] L4 S1 rep3 → /home/jun/project/lab/backend-labs-commerce/seat-reservation-lab/k6/ADR-003/results/20261003-adr003-96e2e6c/jvm-lock-in-tx-p10/L4/S1/rep3
[2026-10-04 18:22:41] L4 S4 rep3 → /home/jun/project/lab/backend-labs-commerce/seat-reservation-lab/k6/ADR-003/results/20261003-adr003-96e2e6c/jvm-lock-in-tx-p10/L4/S4/rep3
[2026-10-04 18:32:18] compose down (b574543)
 Container seatlab-app-1 Stopping 
 Container seatlab-app-1 Stopped 
 Container seatlab-app-1 Removing 
 Container seatlab-app-1 Removed 
 Container seatlab-redis-1 Stopping 
 Container seatlab-db-1 Stopping 
 Container seatlab-redis-1 Stopped 
 Container seatlab-redis-1 Removing 
 Container seatlab-redis-1 Removed 
 Container seatlab-db-1 Stopped 
 Container seatlab-db-1 Removing 
 Container seatlab-db-1 Removed 
 Network seatlab_default Removing 
 Volume seatlab_pgdata Removing 
 Volume seatlab_pgdata Removed 
 Network seatlab_default Removed 
[2026-10-04 18:32:20] matrix done: /home/jun/project/lab/backend-labs-commerce/seat-reservation-lab/k6/ADR-003/results/20261003-adr003-96e2e6c/jvm-lock-in-tx-p10
[2026-10-05 10:12:31] matrix 20261003-adr003-96e2e6c/jvm-lock-in-tx-p10: levels=[2 4] reps=5 cells=[S1 S4]
[2026-10-05 10:12:31] L2 S1 rep4 → /home/jun/project/lab/backend-labs-commerce/seat-reservation-lab/k6/ADR-003/results/20261003-adr003-96e2e6c/jvm-lock-in-tx-p10/L2/S1/rep4
[2026-10-05 10:13:16] L2 S4 rep4 → /home/jun/project/lab/backend-labs-commerce/seat-reservation-lab/k6/ADR-003/results/20261003-adr003-96e2e6c/jvm-lock-in-tx-p10/L2/S4/rep4
[2026-10-05 10:22:40] L4 S1 rep4 → /home/jun/project/lab/backend-labs-commerce/seat-reservation-lab/k6/ADR-003/results/20261003-adr003-96e2e6c/jvm-lock-in-tx-p10/L4/S1/rep4
[2026-10-05 10:23:26] L4 S4 rep4 → /home/jun/project/lab/backend-labs-commerce/seat-reservation-lab/k6/ADR-003/results/20261003-adr003-96e2e6c/jvm-lock-in-tx-p10/L4/S4/rep4
[2026-10-05 10:32:58] compose down (b574543)
 Container seatlab-app-1 Stopping 
 Container seatlab-app-1 Stopped 
 Container seatlab-app-1 Removing 
 Container seatlab-app-1 Removed 
 Container seatlab-redis-1 Stopping 
 Container seatlab-db-1 Stopping 
 Container seatlab-redis-1 Stopped 
 Container seatlab-redis-1 Removing 
 Container seatlab-redis-1 Removed 
 Container seatlab-db-1 Stopped 
 Container seatlab-db-1 Removing 
 Container seatlab-db-1 Removed 
 Network seatlab_default Removing 
 Volume seatlab_pgdata Removing 
 Volume seatlab_pgdata Removed 
 Network seatlab_default Removed 
[2026-10-05 10:33:00] matrix done: /home/jun/project/lab/backend-labs-commerce/seat-reservation-lab/k6/ADR-003/results/20261003-adr003-96e2e6c/jvm-lock-in-tx-p10
[2026-10-05 15:13:16] matrix 20261003-adr003-96e2e6c/jvm-lock-in-tx-p10: levels=[2 4] reps=5 cells=[S1 S4]
[2026-10-05 15:13:16] L2 S1 rep5 → /home/jun/project/lab/backend-labs-commerce/seat-reservation-lab/k6/ADR-003/results/20261003-adr003-96e2e6c/jvm-lock-in-tx-p10/L2/S1/rep5
[2026-10-05 15:14:03] L2 S4 rep5 → /home/jun/project/lab/backend-labs-commerce/seat-reservation-lab/k6/ADR-003/results/20261003-adr003-96e2e6c/jvm-lock-in-tx-p10/L2/S4/rep5
[2026-10-05 15:23:37] L4 S1 rep5 → /home/jun/project/lab/backend-labs-commerce/seat-reservation-lab/k6/ADR-003/results/20261003-adr003-96e2e6c/jvm-lock-in-tx-p10/L4/S1/rep5
[2026-10-05 15:24:24] L4 S4 rep5 → /home/jun/project/lab/backend-labs-commerce/seat-reservation-lab/k6/ADR-003/results/20261003-adr003-96e2e6c/jvm-lock-in-tx-p10/L4/S4/rep5
[2026-10-05 15:34:00] compose down (b574543)
 Container seatlab-app-1 Stopping 
 Container seatlab-app-1 Stopped 
 Container seatlab-app-1 Removing 
 Container seatlab-app-1 Removed 
 Container seatlab-redis-1 Stopping 
 Container seatlab-db-1 Stopping 
 Container seatlab-redis-1 Stopped 
 Container seatlab-redis-1 Removing 
 Container seatlab-redis-1 Removed 
 Container seatlab-db-1 Stopped 
 Container seatlab-db-1 Removing 
 Container seatlab-db-1 Removed 
 Volume seatlab_pgdata Removing 
 Network seatlab_default Removing 
 Network seatlab_default Removed 
 Volume seatlab_pgdata Removed 
[2026-10-05 15:34:02] matrix done: /home/jun/project/lab/backend-labs-commerce/seat-reservation-lab/k6/ADR-003/results/20261003-adr003-96e2e6c/jvm-lock-in-tx-p10
