[2026-10-04 01:16:21] matrix 20261003-adr003-96e2e6c/none-p10-2apps: levels=[4] reps=5 cells=[S1]
[2026-10-04 01:16:21] L4 S1 rep1 → /home/jun/project/lab/backend-labs-commerce/seat-reservation-lab/k6/ADR-003/results/20261003-adr003-96e2e6c/none-p10-2apps/L4/S1/rep1
[2026-10-04 01:17:21] compose down (96e2e6c)
 Container seatlab-lb-1 Stopping 
 Container seatlab-lb-1 Stopped 
 Container seatlab-lb-1 Removing 
 Container seatlab-lb-1 Removed 
 Container seatlab-app-1 Stopping 
 Container seatlab-app2-1 Stopping 
 Container seatlab-app2-1 Stopped 
 Container seatlab-app2-1 Removing 
 Container seatlab-app2-1 Removed 
 Container seatlab-app-1 Stopped 
 Container seatlab-app-1 Removing 
 Container seatlab-app-1 Removed 
 Container seatlab-redis-1 Stopping 
 Container seatlab-db-1 Stopping 
 Container seatlab-db-1 Stopped 
 Container seatlab-db-1 Removing 
 Container seatlab-db-1 Removed 
 Container seatlab-redis-1 Stopped 
 Container seatlab-redis-1 Removing 
 Container seatlab-redis-1 Removed 
 Volume seatlab_pgdata Removing 
 Network seatlab_default Removing 
 Volume seatlab_pgdata Removed 
 Network seatlab_default Removed 
[2026-10-04 01:17:23] matrix done: /home/jun/project/lab/backend-labs-commerce/seat-reservation-lab/k6/ADR-003/results/20261003-adr003-96e2e6c/none-p10-2apps
[2026-10-04 12:16:10] matrix 20261003-adr003-96e2e6c/none-p10-2apps: levels=[4] reps=5 cells=[S1]
[2026-10-04 12:16:10] compose down (b574543)
[2026-10-04 12:16:11] matrix done: /home/jun/project/lab/backend-labs-commerce/seat-reservation-lab/k6/ADR-003/results/20261003-adr003-96e2e6c/none-p10-2apps
[2026-10-04 17:19:09] matrix 20261003-adr003-96e2e6c/none-p10-2apps: levels=[4] reps=5 cells=[S1]
[2026-10-04 17:19:09] L4 S1 rep2 → /home/jun/project/lab/backend-labs-commerce/seat-reservation-lab/k6/ADR-003/results/20261003-adr003-96e2e6c/none-p10-2apps/L4/S1/rep2
[2026-10-04 17:20:08] compose down (b574543)
 Container seatlab-lb-1 Stopping 
 Container seatlab-lb-1 Stopped 
 Container seatlab-lb-1 Removing 
 Container seatlab-lb-1 Removed 
 Container seatlab-app2-1 Stopping 
 Container seatlab-app-1 Stopping 
 Container seatlab-app2-1 Stopped 
 Container seatlab-app2-1 Removing 
 Container seatlab-app-1 Stopped 
 Container seatlab-app-1 Removing 
 Container seatlab-app2-1 Removed 
 Container seatlab-app-1 Removed 
 Container seatlab-redis-1 Stopping 
 Container seatlab-db-1 Stopping 
 Container seatlab-redis-1 Stopped 
 Container seatlab-redis-1 Removing 
 Container seatlab-redis-1 Removed 
 Container seatlab-db-1 Stopped 
 Container seatlab-db-1 Removing 
 Container seatlab-db-1 Removed 
 Network seatlab_default Removing 
 Volume seatlab_pgdata Removing 
 Volume seatlab_pgdata Removed 
 Network seatlab_default Removed 
[2026-10-04 17:20:09] matrix done: /home/jun/project/lab/backend-labs-commerce/seat-reservation-lab/k6/ADR-003/results/20261003-adr003-96e2e6c/none-p10-2apps
[2026-10-05 09:19:49] matrix 20261003-adr003-96e2e6c/none-p10-2apps: levels=[4] reps=5 cells=[S1]
[2026-10-05 09:19:49] L4 S1 rep3 → /home/jun/project/lab/backend-labs-commerce/seat-reservation-lab/k6/ADR-003/results/20261003-adr003-96e2e6c/none-p10-2apps/L4/S1/rep3
[2026-10-05 09:20:49] compose down (b574543)
 Container seatlab-lb-1 Stopping 
 Container seatlab-lb-1 Stopped 
 Container seatlab-lb-1 Removing 
 Container seatlab-lb-1 Removed 
 Container seatlab-app2-1 Stopping 
 Container seatlab-app-1 Stopping 
 Container seatlab-app-1 Stopped 
 Container seatlab-app-1 Removing 
 Container seatlab-app-1 Removed 
 Container seatlab-app2-1 Stopped 
 Container seatlab-app2-1 Removing 
 Container seatlab-app2-1 Removed 
 Container seatlab-db-1 Stopping 
 Container seatlab-redis-1 Stopping 
 Container seatlab-redis-1 Stopped 
 Container seatlab-redis-1 Removing 
 Container seatlab-redis-1 Removed 
 Container seatlab-db-1 Stopped 
 Container seatlab-db-1 Removing 
 Container seatlab-db-1 Removed 
 Network seatlab_default Removing 
 Volume seatlab_pgdata Removing 
 Volume seatlab_pgdata Removed 
 Network seatlab_default Removed 
[2026-10-05 09:20:51] matrix done: /home/jun/project/lab/backend-labs-commerce/seat-reservation-lab/k6/ADR-003/results/20261003-adr003-96e2e6c/none-p10-2apps
[2026-10-05 14:20:22] matrix 20261003-adr003-96e2e6c/none-p10-2apps: levels=[4] reps=5 cells=[S1]
[2026-10-05 14:20:22] L4 S1 rep4 → /home/jun/project/lab/backend-labs-commerce/seat-reservation-lab/k6/ADR-003/results/20261003-adr003-96e2e6c/none-p10-2apps/L4/S1/rep4
[2026-10-05 14:21:18] compose down (b574543)
 Container seatlab-lb-1 Stopping 
 Container seatlab-lb-1 Stopped 
 Container seatlab-lb-1 Removing 
 Container seatlab-lb-1 Removed 
 Container seatlab-app2-1 Stopping 
 Container seatlab-app-1 Stopping 
 Container seatlab-app-1 Stopped 
 Container seatlab-app-1 Removing 
 Container seatlab-app2-1 Stopped 
 Container seatlab-app2-1 Removing 
 Container seatlab-app-1 Removed 
 Container seatlab-app2-1 Removed 
 Container seatlab-db-1 Stopping 
 Container seatlab-redis-1 Stopping 
 Container seatlab-db-1 Stopped 
 Container seatlab-db-1 Removing 
 Container seatlab-redis-1 Stopped 
 Container seatlab-redis-1 Removing 
 Container seatlab-db-1 Removed 
 Container seatlab-redis-1 Removed 
 Volume seatlab_pgdata Removing 
 Network seatlab_default Removing 
 Volume seatlab_pgdata Removed 
 Network seatlab_default Removed 
[2026-10-05 14:21:20] matrix done: /home/jun/project/lab/backend-labs-commerce/seat-reservation-lab/k6/ADR-003/results/20261003-adr003-96e2e6c/none-p10-2apps
[2026-10-05 19:21:05] matrix 20261003-adr003-96e2e6c/none-p10-2apps: levels=[4] reps=5 cells=[S1]
[2026-10-05 19:21:05] L4 S1 rep5 → /home/jun/project/lab/backend-labs-commerce/seat-reservation-lab/k6/ADR-003/results/20261003-adr003-96e2e6c/none-p10-2apps/L4/S1/rep5
[2026-10-05 19:22:02] compose down (b574543)
 Container seatlab-lb-1 Stopping 
 Container seatlab-lb-1 Stopped 
 Container seatlab-lb-1 Removing 
 Container seatlab-lb-1 Removed 
 Container seatlab-app2-1 Stopping 
 Container seatlab-app-1 Stopping 
 Container seatlab-app2-1 Stopped 
 Container seatlab-app2-1 Removing 
 Container seatlab-app2-1 Removed 
 Container seatlab-app-1 Stopped 
 Container seatlab-app-1 Removing 
 Container seatlab-app-1 Removed 
 Container seatlab-redis-1 Stopping 
 Container seatlab-db-1 Stopping 
 Container seatlab-db-1 Stopped 
 Container seatlab-db-1 Removing 
 Container seatlab-db-1 Removed 
 Container seatlab-redis-1 Stopped 
 Container seatlab-redis-1 Removing 
 Container seatlab-redis-1 Removed 
 Volume seatlab_pgdata Removing 
 Network seatlab_default Removing 
 Volume seatlab_pgdata Removed 
 Network seatlab_default Removed 
[2026-10-05 19:22:03] matrix done: /home/jun/project/lab/backend-labs-commerce/seat-reservation-lab/k6/ADR-003/results/20261003-adr003-96e2e6c/none-p10-2apps
