[2026-10-03 19:13:13] matrix 20261003-adr003-96e2e6c/optimistic-p10-s3: levels=[4] reps=5 cells=[S3]
[2026-10-03 19:13:13] L4 S3-a0 rep1 → /home/jun/project/lab/backend-labs-commerce/seat-reservation-lab/k6/ADR-003/results/20261003-adr003-96e2e6c/optimistic-p10-s3/L4/S3-a0/rep1
[2026-10-03 19:30:39] L4 S3-a20 rep1 → /home/jun/project/lab/backend-labs-commerce/seat-reservation-lab/k6/ADR-003/results/20261003-adr003-96e2e6c/optimistic-p10-s3/L4/S3-a20/rep1
[2026-10-03 19:51:54] L4 S3-a50 rep1 → /home/jun/project/lab/backend-labs-commerce/seat-reservation-lab/k6/ADR-003/results/20261003-adr003-96e2e6c/optimistic-p10-s3/L4/S3-a50/rep1
[2026-10-03 20:13:17] compose down (96e2e6c)
 Container seatlab-app-1 Stopping 
 Container seatlab-app-1 Stopped 
 Container seatlab-app-1 Removing 
 Container seatlab-app-1 Removed 
 Container seatlab-db-1 Stopping 
 Container seatlab-redis-1 Stopping 
 Container seatlab-db-1 Stopped 
 Container seatlab-db-1 Removing 
 Container seatlab-redis-1 Stopped 
 Container seatlab-redis-1 Removing 
 Container seatlab-db-1 Removed 
 Container seatlab-redis-1 Removed 
 Network seatlab_default Removing 
 Volume seatlab_pgdata Removing 
 Volume seatlab_pgdata Removed 
 Network seatlab_default Removed 
[2026-10-03 20:13:18] matrix done: /home/jun/project/lab/backend-labs-commerce/seat-reservation-lab/k6/ADR-003/results/20261003-adr003-96e2e6c/optimistic-p10-s3
[2026-10-04 11:14:14] matrix 20261003-adr003-96e2e6c/optimistic-p10-s3: levels=[4] reps=5 cells=[S3]
[2026-10-04 11:14:14] L4 S3-a0 rep2 → /home/jun/project/lab/backend-labs-commerce/seat-reservation-lab/k6/ADR-003/results/20261003-adr003-96e2e6c/optimistic-p10-s3/L4/S3-a0/rep2
[2026-10-04 11:31:40] L4 S3-a20 rep2 → /home/jun/project/lab/backend-labs-commerce/seat-reservation-lab/k6/ADR-003/results/20261003-adr003-96e2e6c/optimistic-p10-s3/L4/S3-a20/rep2
[2026-10-04 11:52:56] L4 S3-a50 rep2 → /home/jun/project/lab/backend-labs-commerce/seat-reservation-lab/k6/ADR-003/results/20261003-adr003-96e2e6c/optimistic-p10-s3/L4/S3-a50/rep2
[2026-10-04 12:14:14] compose down (96e2e6c)
 Container seatlab-app-1 Stopping 
 Container seatlab-app-1 Stopped 
 Container seatlab-app-1 Removing 
 Container seatlab-app-1 Removed 
 Container seatlab-redis-1 Stopping 
 Container seatlab-db-1 Stopping 
 Container seatlab-db-1 Stopped 
 Container seatlab-db-1 Removing 
 Container seatlab-db-1 Removed 
 Container seatlab-redis-1 Stopped 
 Container seatlab-redis-1 Removing 
 Container seatlab-redis-1 Removed 
 Volume seatlab_pgdata Removing 
 Network seatlab_default Removing 
 Volume seatlab_pgdata Removed 
 Network seatlab_default Removed 
[2026-10-04 12:14:15] matrix done: /home/jun/project/lab/backend-labs-commerce/seat-reservation-lab/k6/ADR-003/results/20261003-adr003-96e2e6c/optimistic-p10-s3
[2026-10-04 12:16:00] matrix 20261003-adr003-96e2e6c/optimistic-p10-s3: levels=[4] reps=5 cells=[S3]
[2026-10-04 12:16:00] compose down (b574543)
[2026-10-04 12:16:00] matrix done: /home/jun/project/lab/backend-labs-commerce/seat-reservation-lab/k6/ADR-003/results/20261003-adr003-96e2e6c/optimistic-p10-s3
[2026-10-04 12:16:47] matrix 20261003-adr003-96e2e6c/optimistic-p10-s3: levels=[4] reps=5 cells=[S3]
[2026-10-04 12:16:47] compose down (b574543)
[2026-10-04 12:16:48] matrix done: /home/jun/project/lab/backend-labs-commerce/seat-reservation-lab/k6/ADR-003/results/20261003-adr003-96e2e6c/optimistic-p10-s3
[2026-10-05 03:17:26] matrix 20261003-adr003-96e2e6c/optimistic-p10-s3: levels=[4] reps=5 cells=[S3]
[2026-10-05 03:17:26] L4 S3-a0 rep3 → /home/jun/project/lab/backend-labs-commerce/seat-reservation-lab/k6/ADR-003/results/20261003-adr003-96e2e6c/optimistic-p10-s3/L4/S3-a0/rep3
[2026-10-05 03:34:51] L4 S3-a20 rep3 → /home/jun/project/lab/backend-labs-commerce/seat-reservation-lab/k6/ADR-003/results/20261003-adr003-96e2e6c/optimistic-p10-s3/L4/S3-a20/rep3
[2026-10-05 03:56:02] L4 S3-a50 rep3 → /home/jun/project/lab/backend-labs-commerce/seat-reservation-lab/k6/ADR-003/results/20261003-adr003-96e2e6c/optimistic-p10-s3/L4/S3-a50/rep3
[2026-10-05 04:17:18] compose down (b574543)
 Container seatlab-app-1 Stopping 
 Container seatlab-app-1 Stopped 
 Container seatlab-app-1 Removing 
 Container seatlab-app-1 Removed 
 Container seatlab-redis-1 Stopping 
 Container seatlab-db-1 Stopping 
 Container seatlab-db-1 Stopped 
 Container seatlab-db-1 Removing 
 Container seatlab-redis-1 Stopped 
 Container seatlab-redis-1 Removing 
 Container seatlab-db-1 Removed 
 Container seatlab-redis-1 Removed 
 Volume seatlab_pgdata Removing 
 Network seatlab_default Removing 
 Volume seatlab_pgdata Removed 
 Network seatlab_default Removed 
[2026-10-05 04:17:19] matrix done: /home/jun/project/lab/backend-labs-commerce/seat-reservation-lab/k6/ADR-003/results/20261003-adr003-96e2e6c/optimistic-p10-s3
