[2026-10-03 18:13:19] matrix 20261003-adr003-96e2e6c/pessimistic-nowait-p10-s3: levels=[4] reps=5 cells=[S3]
[2026-10-03 18:13:19] L4 S3-a0 rep1 → /home/jun/project/lab/backend-labs-commerce/seat-reservation-lab/k6/ADR-003/results/20261003-adr003-96e2e6c/pessimistic-nowait-p10-s3/L4/S3-a0/rep1
[2026-10-03 18:30:44] L4 S3-a20 rep1 → /home/jun/project/lab/backend-labs-commerce/seat-reservation-lab/k6/ADR-003/results/20261003-adr003-96e2e6c/pessimistic-nowait-p10-s3/L4/S3-a20/rep1
[2026-10-03 18:51:49] L4 S3-a50 rep1 → /home/jun/project/lab/backend-labs-commerce/seat-reservation-lab/k6/ADR-003/results/20261003-adr003-96e2e6c/pessimistic-nowait-p10-s3/L4/S3-a50/rep1
[2026-10-03 19:13:12] compose down (96e2e6c)
 Container seatlab-app-1 Stopping 
 Container seatlab-app-1 Stopped 
 Container seatlab-app-1 Removing 
 Container seatlab-app-1 Removed 
 Container seatlab-redis-1 Stopping 
 Container seatlab-db-1 Stopping 
 Container seatlab-db-1 Stopped 
 Container seatlab-db-1 Removing 
 Container seatlab-db-1 Removed 
 Container seatlab-redis-1 Stopped 
 Container seatlab-redis-1 Removing 
 Container seatlab-redis-1 Removed 
 Network seatlab_default Removing 
 Volume seatlab_pgdata Removing 
 Volume seatlab_pgdata Removed 
 Network seatlab_default Removed 
[2026-10-03 19:13:13] matrix done: /home/jun/project/lab/backend-labs-commerce/seat-reservation-lab/k6/ADR-003/results/20261003-adr003-96e2e6c/pessimistic-nowait-p10-s3
[2026-10-04 10:14:22] matrix 20261003-adr003-96e2e6c/pessimistic-nowait-p10-s3: levels=[4] reps=5 cells=[S3]
[2026-10-04 10:14:22] L4 S3-a0 rep2 → /home/jun/project/lab/backend-labs-commerce/seat-reservation-lab/k6/ADR-003/results/20261003-adr003-96e2e6c/pessimistic-nowait-p10-s3/L4/S3-a0/rep2
[2026-10-04 10:31:47] L4 S3-a20 rep2 → /home/jun/project/lab/backend-labs-commerce/seat-reservation-lab/k6/ADR-003/results/20261003-adr003-96e2e6c/pessimistic-nowait-p10-s3/L4/S3-a20/rep2
[2026-10-04 10:52:53] L4 S3-a50 rep2 → /home/jun/project/lab/backend-labs-commerce/seat-reservation-lab/k6/ADR-003/results/20261003-adr003-96e2e6c/pessimistic-nowait-p10-s3/L4/S3-a50/rep2
[2026-10-04 11:14:12] compose down (96e2e6c)
 Container seatlab-app-1 Stopping 
 Container seatlab-app-1 Stopped 
 Container seatlab-app-1 Removing 
 Container seatlab-app-1 Removed 
 Container seatlab-redis-1 Stopping 
 Container seatlab-db-1 Stopping 
 Container seatlab-db-1 Stopped 
 Container seatlab-db-1 Removing 
 Container seatlab-db-1 Removed 
 Container seatlab-redis-1 Stopped 
 Container seatlab-redis-1 Removing 
 Container seatlab-redis-1 Removed 
 Volume seatlab_pgdata Removing 
 Network seatlab_default Removing 
 Volume seatlab_pgdata Removed 
 Network seatlab_default Removed 
[2026-10-04 11:14:13] matrix done: /home/jun/project/lab/backend-labs-commerce/seat-reservation-lab/k6/ADR-003/results/20261003-adr003-96e2e6c/pessimistic-nowait-p10-s3
[2026-10-04 12:15:58] matrix 20261003-adr003-96e2e6c/pessimistic-nowait-p10-s3: levels=[4] reps=5 cells=[S3]
[2026-10-04 12:15:58] compose down (b574543)
[2026-10-04 12:15:59] matrix done: /home/jun/project/lab/backend-labs-commerce/seat-reservation-lab/k6/ADR-003/results/20261003-adr003-96e2e6c/pessimistic-nowait-p10-s3
[2026-10-04 12:16:46] matrix 20261003-adr003-96e2e6c/pessimistic-nowait-p10-s3: levels=[4] reps=5 cells=[S3]
[2026-10-04 12:16:46] compose down (b574543)
[2026-10-04 12:16:46] matrix done: /home/jun/project/lab/backend-labs-commerce/seat-reservation-lab/k6/ADR-003/results/20261003-adr003-96e2e6c/pessimistic-nowait-p10-s3
[2026-10-05 02:17:22] matrix 20261003-adr003-96e2e6c/pessimistic-nowait-p10-s3: levels=[4] reps=5 cells=[S3]
[2026-10-05 02:17:22] L4 S3-a0 rep3 → /home/jun/project/lab/backend-labs-commerce/seat-reservation-lab/k6/ADR-003/results/20261003-adr003-96e2e6c/pessimistic-nowait-p10-s3/L4/S3-a0/rep3
[2026-10-05 02:34:49] L4 S3-a20 rep3 → /home/jun/project/lab/backend-labs-commerce/seat-reservation-lab/k6/ADR-003/results/20261003-adr003-96e2e6c/pessimistic-nowait-p10-s3/L4/S3-a20/rep3
[2026-10-05 02:56:07] L4 S3-a50 rep3 → /home/jun/project/lab/backend-labs-commerce/seat-reservation-lab/k6/ADR-003/results/20261003-adr003-96e2e6c/pessimistic-nowait-p10-s3/L4/S3-a50/rep3
[2026-10-05 03:17:24] compose down (b574543)
 Container seatlab-app-1 Stopping 
 Container seatlab-app-1 Stopped 
 Container seatlab-app-1 Removing 
 Container seatlab-app-1 Removed 
 Container seatlab-redis-1 Stopping 
 Container seatlab-db-1 Stopping 
 Container seatlab-db-1 Stopped 
 Container seatlab-db-1 Removing 
 Container seatlab-redis-1 Stopped 
 Container seatlab-redis-1 Removing 
 Container seatlab-db-1 Removed 
 Container seatlab-redis-1 Removed 
 Volume seatlab_pgdata Removing 
 Network seatlab_default Removing 
 Volume seatlab_pgdata Removed 
 Network seatlab_default Removed 
[2026-10-05 03:17:25] matrix done: /home/jun/project/lab/backend-labs-commerce/seat-reservation-lab/k6/ADR-003/results/20261003-adr003-96e2e6c/pessimistic-nowait-p10-s3
