[2026-10-04 01:21:26] matrix 20261003-adr003-96e2e6c/pessimistic-nowait-p10-2apps: levels=[4] reps=5 cells=[S1]
[2026-10-04 01:21:26] L4 S1 rep1 → /home/jun/project/lab/backend-labs-commerce/seat-reservation-lab/k6/ADR-003/results/20261003-adr003-96e2e6c/pessimistic-nowait-p10-2apps/L4/S1/rep1
[2026-10-04 01:22:23] compose down (96e2e6c)
 Container seatlab-lb-1 Stopping 
 Container seatlab-lb-1 Stopped 
 Container seatlab-lb-1 Removing 
 Container seatlab-lb-1 Removed 
 Container seatlab-app2-1 Stopping 
 Container seatlab-app-1 Stopping 
 Container seatlab-app2-1 Stopped 
 Container seatlab-app2-1 Removing 
 Container seatlab-app-1 Stopped 
 Container seatlab-app-1 Removing 
 Container seatlab-app2-1 Removed 
 Container seatlab-app-1 Removed 
 Container seatlab-db-1 Stopping 
 Container seatlab-redis-1 Stopping 
 Container seatlab-db-1 Stopped 
 Container seatlab-db-1 Removing 
 Container seatlab-redis-1 Stopped 
 Container seatlab-redis-1 Removing 
 Container seatlab-db-1 Removed 
 Container seatlab-redis-1 Removed 
 Network seatlab_default Removing 
 Volume seatlab_pgdata Removing 
 Volume seatlab_pgdata Removed 
 Network seatlab_default Removed 
[2026-10-04 01:22:25] matrix done: /home/jun/project/lab/backend-labs-commerce/seat-reservation-lab/k6/ADR-003/results/20261003-adr003-96e2e6c/pessimistic-nowait-p10-2apps
[2026-10-04 12:16:17] matrix 20261003-adr003-96e2e6c/pessimistic-nowait-p10-2apps: levels=[4] reps=5 cells=[S1]
[2026-10-04 12:16:17] compose down (b574543)
[2026-10-04 12:16:17] matrix done: /home/jun/project/lab/backend-labs-commerce/seat-reservation-lab/k6/ADR-003/results/20261003-adr003-96e2e6c/pessimistic-nowait-p10-2apps
[2026-10-04 17:24:09] matrix 20261003-adr003-96e2e6c/pessimistic-nowait-p10-2apps: levels=[4] reps=5 cells=[S1]
[2026-10-04 17:24:09] L4 S1 rep2 → /home/jun/project/lab/backend-labs-commerce/seat-reservation-lab/k6/ADR-003/results/20261003-adr003-96e2e6c/pessimistic-nowait-p10-2apps/L4/S1/rep2
[2026-10-04 17:25:08] compose down (b574543)
 Container seatlab-lb-1 Stopping 
 Container seatlab-lb-1 Stopped 
 Container seatlab-lb-1 Removing 
 Container seatlab-lb-1 Removed 
 Container seatlab-app2-1 Stopping 
 Container seatlab-app-1 Stopping 
 Container seatlab-app-1 Stopped 
 Container seatlab-app-1 Removing 
 Container seatlab-app2-1 Stopped 
 Container seatlab-app2-1 Removing 
 Container seatlab-app-1 Removed 
 Container seatlab-app2-1 Removed 
 Container seatlab-db-1 Stopping 
 Container seatlab-redis-1 Stopping 
 Container seatlab-db-1 Stopped 
 Container seatlab-db-1 Removing 
 Container seatlab-redis-1 Stopped 
 Container seatlab-redis-1 Removing 
 Container seatlab-db-1 Removed 
 Container seatlab-redis-1 Removed 
 Network seatlab_default Removing 
 Volume seatlab_pgdata Removing 
 Volume seatlab_pgdata Removed 
 Network seatlab_default Removed 
[2026-10-04 17:25:10] matrix done: /home/jun/project/lab/backend-labs-commerce/seat-reservation-lab/k6/ADR-003/results/20261003-adr003-96e2e6c/pessimistic-nowait-p10-2apps
[2026-10-05 09:24:50] matrix 20261003-adr003-96e2e6c/pessimistic-nowait-p10-2apps: levels=[4] reps=5 cells=[S1]
[2026-10-05 09:24:50] L4 S1 rep3 → /home/jun/project/lab/backend-labs-commerce/seat-reservation-lab/k6/ADR-003/results/20261003-adr003-96e2e6c/pessimistic-nowait-p10-2apps/L4/S1/rep3
[2026-10-05 09:25:48] compose down (b574543)
 Container seatlab-lb-1 Stopping 
 Container seatlab-lb-1 Stopped 
 Container seatlab-lb-1 Removing 
 Container seatlab-lb-1 Removed 
 Container seatlab-app-1 Stopping 
 Container seatlab-app2-1 Stopping 
 Container seatlab-app2-1 Stopped 
 Container seatlab-app2-1 Removing 
 Container seatlab-app2-1 Removed 
 Container seatlab-app-1 Stopped 
 Container seatlab-app-1 Removing 
 Container seatlab-app-1 Removed 
 Container seatlab-redis-1 Stopping 
 Container seatlab-db-1 Stopping 
 Container seatlab-db-1 Stopped 
 Container seatlab-db-1 Removing 
 Container seatlab-redis-1 Stopped 
 Container seatlab-redis-1 Removing 
 Container seatlab-db-1 Removed 
 Container seatlab-redis-1 Removed 
 Volume seatlab_pgdata Removing 
 Network seatlab_default Removing 
 Volume seatlab_pgdata Removed 
 Network seatlab_default Removed 
[2026-10-05 09:25:49] matrix done: /home/jun/project/lab/backend-labs-commerce/seat-reservation-lab/k6/ADR-003/results/20261003-adr003-96e2e6c/pessimistic-nowait-p10-2apps
[2026-10-05 14:25:44] matrix 20261003-adr003-96e2e6c/pessimistic-nowait-p10-2apps: levels=[4] reps=5 cells=[S1]
[2026-10-05 14:25:44] L4 S1 rep4 → /home/jun/project/lab/backend-labs-commerce/seat-reservation-lab/k6/ADR-003/results/20261003-adr003-96e2e6c/pessimistic-nowait-p10-2apps/L4/S1/rep4
[2026-10-05 14:26:43] compose down (b574543)
 Container seatlab-lb-1 Stopping 
 Container seatlab-lb-1 Stopped 
 Container seatlab-lb-1 Removing 
 Container seatlab-lb-1 Removed 
 Container seatlab-app2-1 Stopping 
 Container seatlab-app-1 Stopping 
 Container seatlab-app-1 Stopped 
 Container seatlab-app-1 Removing 
 Container seatlab-app-1 Removed 
 Container seatlab-app2-1 Stopped 
 Container seatlab-app2-1 Removing 
 Container seatlab-app2-1 Removed 
 Container seatlab-db-1 Stopping 
 Container seatlab-redis-1 Stopping 
 Container seatlab-db-1 Stopped 
 Container seatlab-db-1 Removing 
 Container seatlab-db-1 Removed 
 Container seatlab-redis-1 Stopped 
 Container seatlab-redis-1 Removing 
 Container seatlab-redis-1 Removed 
 Network seatlab_default Removing 
 Volume seatlab_pgdata Removing 
 Volume seatlab_pgdata Removed 
 Network seatlab_default Removed 
[2026-10-05 14:26:44] matrix done: /home/jun/project/lab/backend-labs-commerce/seat-reservation-lab/k6/ADR-003/results/20261003-adr003-96e2e6c/pessimistic-nowait-p10-2apps
[2026-10-05 19:26:04] matrix 20261003-adr003-96e2e6c/pessimistic-nowait-p10-2apps: levels=[4] reps=5 cells=[S1]
[2026-10-05 19:26:04] L4 S1 rep5 → /home/jun/project/lab/backend-labs-commerce/seat-reservation-lab/k6/ADR-003/results/20261003-adr003-96e2e6c/pessimistic-nowait-p10-2apps/L4/S1/rep5
[2026-10-05 19:27:02] compose down (b574543)
 Container seatlab-lb-1 Stopping 
 Container seatlab-lb-1 Stopped 
 Container seatlab-lb-1 Removing 
 Container seatlab-lb-1 Removed 
 Container seatlab-app2-1 Stopping 
 Container seatlab-app-1 Stopping 
 Container seatlab-app-1 Stopped 
 Container seatlab-app-1 Removing 
 Container seatlab-app2-1 Stopped 
 Container seatlab-app2-1 Removing 
 Container seatlab-app-1 Removed 
 Container seatlab-app2-1 Removed 
 Container seatlab-redis-1 Stopping 
 Container seatlab-db-1 Stopping 
 Container seatlab-db-1 Stopped 
 Container seatlab-db-1 Removing 
 Container seatlab-db-1 Removed 
 Container seatlab-redis-1 Stopped 
 Container seatlab-redis-1 Removing 
 Container seatlab-redis-1 Removed 
 Network seatlab_default Removing 
 Volume seatlab_pgdata Removing 
 Volume seatlab_pgdata Removed 
 Network seatlab_default Removed 
[2026-10-05 19:27:04] matrix done: /home/jun/project/lab/backend-labs-commerce/seat-reservation-lab/k6/ADR-003/results/20261003-adr003-96e2e6c/pessimistic-nowait-p10-2apps
