[2026-10-03 11:09:22] matrix 20261003-adr003-96e2e6c/pessimistic-nowait-p10: levels=[2 4] reps=5 cells=[S1 S4]
[2026-10-03 11:09:22] L2 S1 rep1 → /home/jun/project/lab/backend-labs-commerce/seat-reservation-lab/k6/ADR-003/results/20261003-adr003-96e2e6c/pessimistic-nowait-p10/L2/S1/rep1
[2026-10-03 11:10:08] L2 S4 rep1 → /home/jun/project/lab/backend-labs-commerce/seat-reservation-lab/k6/ADR-003/results/20261003-adr003-96e2e6c/pessimistic-nowait-p10/L2/S4/rep1
[2026-10-03 11:19:39] L4 S1 rep1 → /home/jun/project/lab/backend-labs-commerce/seat-reservation-lab/k6/ADR-003/results/20261003-adr003-96e2e6c/pessimistic-nowait-p10/L4/S1/rep1
[2026-10-03 11:20:27] L4 S4 rep1 → /home/jun/project/lab/backend-labs-commerce/seat-reservation-lab/k6/ADR-003/results/20261003-adr003-96e2e6c/pessimistic-nowait-p10/L4/S4/rep1
[2026-10-03 11:30:04] compose down (96e2e6c)
 Container seatlab-app-1 Stopping 
 Container seatlab-app-1 Stopped 
 Container seatlab-app-1 Removing 
 Container seatlab-app-1 Removed 
 Container seatlab-redis-1 Stopping 
 Container seatlab-db-1 Stopping 
 Container seatlab-redis-1 Stopped 
 Container seatlab-redis-1 Removing 
 Container seatlab-redis-1 Removed 
 Container seatlab-db-1 Stopped 
 Container seatlab-db-1 Removing 
 Container seatlab-db-1 Removed 
 Volume seatlab_pgdata Removing 
 Network seatlab_default Removing 
 Network seatlab_default Removed 
 Volume seatlab_pgdata Removed 
[2026-10-03 11:30:06] matrix done: /home/jun/project/lab/backend-labs-commerce/seat-reservation-lab/k6/ADR-003/results/20261003-adr003-96e2e6c/pessimistic-nowait-p10
[2026-10-04 03:10:44] matrix 20261003-adr003-96e2e6c/pessimistic-nowait-p10: levels=[2 4] reps=5 cells=[S1 S4]
[2026-10-04 03:10:44] L2 S1 rep2 → /home/jun/project/lab/backend-labs-commerce/seat-reservation-lab/k6/ADR-003/results/20261003-adr003-96e2e6c/pessimistic-nowait-p10/L2/S1/rep2
[2026-10-04 03:11:30] L2 S4 rep2 → /home/jun/project/lab/backend-labs-commerce/seat-reservation-lab/k6/ADR-003/results/20261003-adr003-96e2e6c/pessimistic-nowait-p10/L2/S4/rep2
[2026-10-04 03:21:01] L4 S1 rep2 → /home/jun/project/lab/backend-labs-commerce/seat-reservation-lab/k6/ADR-003/results/20261003-adr003-96e2e6c/pessimistic-nowait-p10/L4/S1/rep2
[2026-10-04 03:21:48] L4 S4 rep2 → /home/jun/project/lab/backend-labs-commerce/seat-reservation-lab/k6/ADR-003/results/20261003-adr003-96e2e6c/pessimistic-nowait-p10/L4/S4/rep2
[2026-10-04 03:31:21] compose down (96e2e6c)
 Container seatlab-app-1 Stopping 
 Container seatlab-app-1 Stopped 
 Container seatlab-app-1 Removing 
 Container seatlab-app-1 Removed 
 Container seatlab-redis-1 Stopping 
 Container seatlab-db-1 Stopping 
 Container seatlab-redis-1 Stopped 
 Container seatlab-redis-1 Removing 
 Container seatlab-redis-1 Removed 
 Container seatlab-db-1 Stopped 
 Container seatlab-db-1 Removing 
 Container seatlab-db-1 Removed 
 Network seatlab_default Removing 
 Volume seatlab_pgdata Removing 
 Volume seatlab_pgdata Removed 
 Network seatlab_default Removed 
[2026-10-04 03:31:23] matrix done: /home/jun/project/lab/backend-labs-commerce/seat-reservation-lab/k6/ADR-003/results/20261003-adr003-96e2e6c/pessimistic-nowait-p10
[2026-10-04 12:15:43] matrix 20261003-adr003-96e2e6c/pessimistic-nowait-p10: levels=[2 4] reps=5 cells=[S1 S4]
[2026-10-04 12:15:43] compose down (b574543)
[2026-10-04 12:15:44] matrix done: /home/jun/project/lab/backend-labs-commerce/seat-reservation-lab/k6/ADR-003/results/20261003-adr003-96e2e6c/pessimistic-nowait-p10
[2026-10-04 12:16:31] matrix 20261003-adr003-96e2e6c/pessimistic-nowait-p10: levels=[2 4] reps=5 cells=[S1 S4]
[2026-10-04 12:16:31] compose down (b574543)
[2026-10-04 12:16:32] matrix done: /home/jun/project/lab/backend-labs-commerce/seat-reservation-lab/k6/ADR-003/results/20261003-adr003-96e2e6c/pessimistic-nowait-p10
[2026-10-04 19:13:40] matrix 20261003-adr003-96e2e6c/pessimistic-nowait-p10: levels=[2 4] reps=5 cells=[S1 S4]
[2026-10-04 19:13:40] L2 S1 rep3 → /home/jun/project/lab/backend-labs-commerce/seat-reservation-lab/k6/ADR-003/results/20261003-adr003-96e2e6c/pessimistic-nowait-p10/L2/S1/rep3
[2026-10-04 19:14:26] L2 S4 rep3 → /home/jun/project/lab/backend-labs-commerce/seat-reservation-lab/k6/ADR-003/results/20261003-adr003-96e2e6c/pessimistic-nowait-p10/L2/S4/rep3
[2026-10-04 19:23:58] L4 S1 rep3 → /home/jun/project/lab/backend-labs-commerce/seat-reservation-lab/k6/ADR-003/results/20261003-adr003-96e2e6c/pessimistic-nowait-p10/L4/S1/rep3
[2026-10-04 19:24:45] L4 S4 rep3 → /home/jun/project/lab/backend-labs-commerce/seat-reservation-lab/k6/ADR-003/results/20261003-adr003-96e2e6c/pessimistic-nowait-p10/L4/S4/rep3
[2026-10-04 19:34:22] compose down (b574543)
 Container seatlab-app-1 Stopping 
 Container seatlab-app-1 Stopped 
 Container seatlab-app-1 Removing 
 Container seatlab-app-1 Removed 
 Container seatlab-db-1 Stopping 
 Container seatlab-redis-1 Stopping 
 Container seatlab-redis-1 Stopped 
 Container seatlab-redis-1 Removing 
 Container seatlab-redis-1 Removed 
 Container seatlab-db-1 Stopped 
 Container seatlab-db-1 Removing 
 Container seatlab-db-1 Removed 
 Volume seatlab_pgdata Removing 
 Network seatlab_default Removing 
 Network seatlab_default Removed 
 Volume seatlab_pgdata Removed 
[2026-10-04 19:34:24] matrix done: /home/jun/project/lab/backend-labs-commerce/seat-reservation-lab/k6/ADR-003/results/20261003-adr003-96e2e6c/pessimistic-nowait-p10
[2026-10-05 11:14:14] matrix 20261003-adr003-96e2e6c/pessimistic-nowait-p10: levels=[2 4] reps=5 cells=[S1 S4]
[2026-10-05 11:14:14] L2 S1 rep4 → /home/jun/project/lab/backend-labs-commerce/seat-reservation-lab/k6/ADR-003/results/20261003-adr003-96e2e6c/pessimistic-nowait-p10/L2/S1/rep4
[2026-10-05 11:15:00] L2 S4 rep4 → /home/jun/project/lab/backend-labs-commerce/seat-reservation-lab/k6/ADR-003/results/20261003-adr003-96e2e6c/pessimistic-nowait-p10/L2/S4/rep4
[2026-10-05 11:24:38] L4 S1 rep4 → /home/jun/project/lab/backend-labs-commerce/seat-reservation-lab/k6/ADR-003/results/20261003-adr003-96e2e6c/pessimistic-nowait-p10/L4/S1/rep4
[2026-10-05 11:25:24] L4 S4 rep4 → /home/jun/project/lab/backend-labs-commerce/seat-reservation-lab/k6/ADR-003/results/20261003-adr003-96e2e6c/pessimistic-nowait-p10/L4/S4/rep4
[2026-10-05 11:34:55] compose down (b574543)
 Container seatlab-app-1 Stopping 
 Container seatlab-app-1 Stopped 
 Container seatlab-app-1 Removing 
 Container seatlab-app-1 Removed 
 Container seatlab-redis-1 Stopping 
 Container seatlab-db-1 Stopping 
 Container seatlab-redis-1 Stopped 
 Container seatlab-redis-1 Removing 
 Container seatlab-redis-1 Removed 
 Container seatlab-db-1 Stopped 
 Container seatlab-db-1 Removing 
 Container seatlab-db-1 Removed 
 Network seatlab_default Removing 
 Volume seatlab_pgdata Removing 
 Network seatlab_default Removed 
 Volume seatlab_pgdata Removed 
[2026-10-05 11:34:57] matrix done: /home/jun/project/lab/backend-labs-commerce/seat-reservation-lab/k6/ADR-003/results/20261003-adr003-96e2e6c/pessimistic-nowait-p10
[2026-10-05 16:15:18] matrix 20261003-adr003-96e2e6c/pessimistic-nowait-p10: levels=[2 4] reps=5 cells=[S1 S4]
[2026-10-05 16:15:18] L2 S1 rep5 → /home/jun/project/lab/backend-labs-commerce/seat-reservation-lab/k6/ADR-003/results/20261003-adr003-96e2e6c/pessimistic-nowait-p10/L2/S1/rep5
[2026-10-05 16:16:04] L2 S4 rep5 → /home/jun/project/lab/backend-labs-commerce/seat-reservation-lab/k6/ADR-003/results/20261003-adr003-96e2e6c/pessimistic-nowait-p10/L2/S4/rep5
[2026-10-05 16:25:40] L4 S1 rep5 → /home/jun/project/lab/backend-labs-commerce/seat-reservation-lab/k6/ADR-003/results/20261003-adr003-96e2e6c/pessimistic-nowait-p10/L4/S1/rep5
[2026-10-05 16:26:27] L4 S4 rep5 → /home/jun/project/lab/backend-labs-commerce/seat-reservation-lab/k6/ADR-003/results/20261003-adr003-96e2e6c/pessimistic-nowait-p10/L4/S4/rep5
[2026-10-05 16:36:03] compose down (b574543)
 Container seatlab-app-1 Stopping 
 Container seatlab-app-1 Stopped 
 Container seatlab-app-1 Removing 
 Container seatlab-app-1 Removed 
 Container seatlab-db-1 Stopping 
 Container seatlab-redis-1 Stopping 
 Container seatlab-redis-1 Stopped 
 Container seatlab-redis-1 Removing 
 Container seatlab-redis-1 Removed 
 Container seatlab-db-1 Stopped 
 Container seatlab-db-1 Removing 
 Container seatlab-db-1 Removed 
 Volume seatlab_pgdata Removing 
 Network seatlab_default Removing 
 Network seatlab_default Removed 
 Volume seatlab_pgdata Removed 
[2026-10-05 16:36:04] matrix done: /home/jun/project/lab/backend-labs-commerce/seat-reservation-lab/k6/ADR-003/results/20261003-adr003-96e2e6c/pessimistic-nowait-p10
