[2026-10-03 10:48:35] matrix 20261003-adr003-96e2e6c/pessimistic-p10: levels=[2 4] reps=5 cells=[S1 S4]
[2026-10-03 10:48:35] L2 S1 rep1 → /home/jun/project/lab/backend-labs-commerce/seat-reservation-lab/k6/ADR-003/results/20261003-adr003-96e2e6c/pessimistic-p10/L2/S1/rep1
[2026-10-03 10:49:20] L2 S4 rep1 → /home/jun/project/lab/backend-labs-commerce/seat-reservation-lab/k6/ADR-003/results/20261003-adr003-96e2e6c/pessimistic-p10/L2/S4/rep1
[2026-10-03 10:58:57] L4 S1 rep1 → /home/jun/project/lab/backend-labs-commerce/seat-reservation-lab/k6/ADR-003/results/20261003-adr003-96e2e6c/pessimistic-p10/L4/S1/rep1
[2026-10-03 10:59:44] L4 S4 rep1 → /home/jun/project/lab/backend-labs-commerce/seat-reservation-lab/k6/ADR-003/results/20261003-adr003-96e2e6c/pessimistic-p10/L4/S4/rep1
[2026-10-03 11:09:20] compose down (96e2e6c)
 Container seatlab-app-1 Stopping 
 Container seatlab-app-1 Stopped 
 Container seatlab-app-1 Removing 
 Container seatlab-app-1 Removed 
 Container seatlab-db-1 Stopping 
 Container seatlab-redis-1 Stopping 
 Container seatlab-redis-1 Stopped 
 Container seatlab-redis-1 Removing 
 Container seatlab-redis-1 Removed 
 Container seatlab-db-1 Stopped 
 Container seatlab-db-1 Removing 
 Container seatlab-db-1 Removed 
 Network seatlab_default Removing 
 Volume seatlab_pgdata Removing 
 Network seatlab_default Removed 
 Volume seatlab_pgdata Removed 
[2026-10-03 11:09:22] matrix done: /home/jun/project/lab/backend-labs-commerce/seat-reservation-lab/k6/ADR-003/results/20261003-adr003-96e2e6c/pessimistic-p10
[2026-10-04 02:49:59] matrix 20261003-adr003-96e2e6c/pessimistic-p10: levels=[2 4] reps=5 cells=[S1 S4]
[2026-10-04 02:49:59] L2 S1 rep2 → /home/jun/project/lab/backend-labs-commerce/seat-reservation-lab/k6/ADR-003/results/20261003-adr003-96e2e6c/pessimistic-p10/L2/S1/rep2
[2026-10-04 02:50:44] L2 S4 rep2 → /home/jun/project/lab/backend-labs-commerce/seat-reservation-lab/k6/ADR-003/results/20261003-adr003-96e2e6c/pessimistic-p10/L2/S4/rep2
[2026-10-04 03:00:21] L4 S1 rep2 → /home/jun/project/lab/backend-labs-commerce/seat-reservation-lab/k6/ADR-003/results/20261003-adr003-96e2e6c/pessimistic-p10/L4/S1/rep2
[2026-10-04 03:01:08] L4 S4 rep2 → /home/jun/project/lab/backend-labs-commerce/seat-reservation-lab/k6/ADR-003/results/20261003-adr003-96e2e6c/pessimistic-p10/L4/S4/rep2
[2026-10-04 03:10:42] compose down (96e2e6c)
 Container seatlab-app-1 Stopping 
 Container seatlab-app-1 Stopped 
 Container seatlab-app-1 Removing 
 Container seatlab-app-1 Removed 
 Container seatlab-redis-1 Stopping 
 Container seatlab-db-1 Stopping 
 Container seatlab-redis-1 Stopped 
 Container seatlab-redis-1 Removing 
 Container seatlab-redis-1 Removed 
 Container seatlab-db-1 Stopped 
 Container seatlab-db-1 Removing 
 Container seatlab-db-1 Removed 
 Network seatlab_default Removing 
 Volume seatlab_pgdata Removing 
 Network seatlab_default Removed 
 Volume seatlab_pgdata Removed 
[2026-10-04 03:10:43] matrix done: /home/jun/project/lab/backend-labs-commerce/seat-reservation-lab/k6/ADR-003/results/20261003-adr003-96e2e6c/pessimistic-p10
[2026-10-04 12:15:42] matrix 20261003-adr003-96e2e6c/pessimistic-p10: levels=[2 4] reps=5 cells=[S1 S4]
[2026-10-04 12:15:42] compose down (b574543)
[2026-10-04 12:15:42] matrix done: /home/jun/project/lab/backend-labs-commerce/seat-reservation-lab/k6/ADR-003/results/20261003-adr003-96e2e6c/pessimistic-p10
[2026-10-04 12:16:30] matrix 20261003-adr003-96e2e6c/pessimistic-p10: levels=[2 4] reps=5 cells=[S1 S4]
[2026-10-04 12:16:30] compose down (b574543)
[2026-10-04 12:16:30] matrix done: /home/jun/project/lab/backend-labs-commerce/seat-reservation-lab/k6/ADR-003/results/20261003-adr003-96e2e6c/pessimistic-p10
[2026-10-04 18:52:47] matrix 20261003-adr003-96e2e6c/pessimistic-p10: levels=[2 4] reps=5 cells=[S1 S4]
[2026-10-04 18:52:47] L2 S1 rep3 → /home/jun/project/lab/backend-labs-commerce/seat-reservation-lab/k6/ADR-003/results/20261003-adr003-96e2e6c/pessimistic-p10/L2/S1/rep3
[2026-10-04 18:53:33] L2 S4 rep3 → /home/jun/project/lab/backend-labs-commerce/seat-reservation-lab/k6/ADR-003/results/20261003-adr003-96e2e6c/pessimistic-p10/L2/S4/rep3
[2026-10-04 19:03:11] L4 S1 rep3 → /home/jun/project/lab/backend-labs-commerce/seat-reservation-lab/k6/ADR-003/results/20261003-adr003-96e2e6c/pessimistic-p10/L4/S1/rep3
[2026-10-04 19:03:58] L4 S4 rep3 → /home/jun/project/lab/backend-labs-commerce/seat-reservation-lab/k6/ADR-003/results/20261003-adr003-96e2e6c/pessimistic-p10/L4/S4/rep3
[2026-10-04 19:13:37] compose down (b574543)
 Container seatlab-app-1 Stopping 
 Container seatlab-app-1 Stopped 
 Container seatlab-app-1 Removing 
 Container seatlab-app-1 Removed 
 Container seatlab-db-1 Stopping 
 Container seatlab-redis-1 Stopping 
 Container seatlab-redis-1 Stopped 
 Container seatlab-redis-1 Removing 
 Container seatlab-redis-1 Removed 
 Container seatlab-db-1 Stopped 
 Container seatlab-db-1 Removing 
 Container seatlab-db-1 Removed 
 Volume seatlab_pgdata Removing 
 Network seatlab_default Removing 
 Network seatlab_default Removed 
 Volume seatlab_pgdata Removed 
[2026-10-04 19:13:39] matrix done: /home/jun/project/lab/backend-labs-commerce/seat-reservation-lab/k6/ADR-003/results/20261003-adr003-96e2e6c/pessimistic-p10
[2026-10-05 10:53:29] matrix 20261003-adr003-96e2e6c/pessimistic-p10: levels=[2 4] reps=5 cells=[S1 S4]
[2026-10-05 10:53:29] L2 S1 rep4 → /home/jun/project/lab/backend-labs-commerce/seat-reservation-lab/k6/ADR-003/results/20261003-adr003-96e2e6c/pessimistic-p10/L2/S1/rep4
[2026-10-05 10:54:15] L2 S4 rep4 → /home/jun/project/lab/backend-labs-commerce/seat-reservation-lab/k6/ADR-003/results/20261003-adr003-96e2e6c/pessimistic-p10/L2/S4/rep4
[2026-10-05 11:03:51] L4 S1 rep4 → /home/jun/project/lab/backend-labs-commerce/seat-reservation-lab/k6/ADR-003/results/20261003-adr003-96e2e6c/pessimistic-p10/L4/S1/rep4
[2026-10-05 11:04:37] L4 S4 rep4 → /home/jun/project/lab/backend-labs-commerce/seat-reservation-lab/k6/ADR-003/results/20261003-adr003-96e2e6c/pessimistic-p10/L4/S4/rep4
[2026-10-05 11:14:12] compose down (b574543)
 Container seatlab-app-1 Stopping 
 Container seatlab-app-1 Stopped 
 Container seatlab-app-1 Removing 
 Container seatlab-app-1 Removed 
 Container seatlab-db-1 Stopping 
 Container seatlab-redis-1 Stopping 
 Container seatlab-redis-1 Stopped 
 Container seatlab-redis-1 Removing 
 Container seatlab-redis-1 Removed 
 Container seatlab-db-1 Stopped 
 Container seatlab-db-1 Removing 
 Container seatlab-db-1 Removed 
 Network seatlab_default Removing 
 Volume seatlab_pgdata Removing 
 Network seatlab_default Removed 
 Volume seatlab_pgdata Removed 
[2026-10-05 11:14:14] matrix done: /home/jun/project/lab/backend-labs-commerce/seat-reservation-lab/k6/ADR-003/results/20261003-adr003-96e2e6c/pessimistic-p10
[2026-10-05 15:54:36] matrix 20261003-adr003-96e2e6c/pessimistic-p10: levels=[2 4] reps=5 cells=[S1 S4]
[2026-10-05 15:54:36] L2 S1 rep5 → /home/jun/project/lab/backend-labs-commerce/seat-reservation-lab/k6/ADR-003/results/20261003-adr003-96e2e6c/pessimistic-p10/L2/S1/rep5
[2026-10-05 15:55:21] L2 S4 rep5 → /home/jun/project/lab/backend-labs-commerce/seat-reservation-lab/k6/ADR-003/results/20261003-adr003-96e2e6c/pessimistic-p10/L2/S4/rep5
[2026-10-05 16:04:59] L4 S1 rep5 → /home/jun/project/lab/backend-labs-commerce/seat-reservation-lab/k6/ADR-003/results/20261003-adr003-96e2e6c/pessimistic-p10/L4/S1/rep5
[2026-10-05 16:05:45] L4 S4 rep5 → /home/jun/project/lab/backend-labs-commerce/seat-reservation-lab/k6/ADR-003/results/20261003-adr003-96e2e6c/pessimistic-p10/L4/S4/rep5
[2026-10-05 16:15:16] compose down (b574543)
 Container seatlab-app-1 Stopping 
 Container seatlab-app-1 Stopped 
 Container seatlab-app-1 Removing 
 Container seatlab-app-1 Removed 
 Container seatlab-db-1 Stopping 
 Container seatlab-redis-1 Stopping 
 Container seatlab-redis-1 Stopped 
 Container seatlab-redis-1 Removing 
 Container seatlab-redis-1 Removed 
 Container seatlab-db-1 Stopped 
 Container seatlab-db-1 Removing 
 Container seatlab-db-1 Removed 
 Volume seatlab_pgdata Removing 
 Network seatlab_default Removing 
 Volume seatlab_pgdata Removed 
 Network seatlab_default Removed 
[2026-10-05 16:15:18] matrix done: /home/jun/project/lab/backend-labs-commerce/seat-reservation-lab/k6/ADR-003/results/20261003-adr003-96e2e6c/pessimistic-p10
