[2026-10-04 01:25:22] matrix 20261003-adr003-96e2e6c/redis-nx-p10-2apps: levels=[4] reps=5 cells=[S1]
[2026-10-04 01:25:22] L4 S1 rep1 → /home/jun/project/lab/backend-labs-commerce/seat-reservation-lab/k6/ADR-003/results/20261003-adr003-96e2e6c/redis-nx-p10-2apps/L4/S1/rep1
[2026-10-04 01:26:17] compose down (96e2e6c)
 Container seatlab-lb-1 Stopping 
 Container seatlab-lb-1 Stopped 
 Container seatlab-lb-1 Removing 
 Container seatlab-lb-1 Removed 
 Container seatlab-app2-1 Stopping 
 Container seatlab-app-1 Stopping 
 Container seatlab-app2-1 Stopped 
 Container seatlab-app2-1 Removing 
 Container seatlab-app2-1 Removed 
 Container seatlab-app-1 Stopped 
 Container seatlab-app-1 Removing 
 Container seatlab-app-1 Removed 
 Container seatlab-redis-1 Stopping 
 Container seatlab-db-1 Stopping 
 Container seatlab-redis-1 Stopped 
 Container seatlab-redis-1 Removing 
 Container seatlab-redis-1 Removed 
 Container seatlab-db-1 Stopped 
 Container seatlab-db-1 Removing 
 Container seatlab-db-1 Removed 
 Volume seatlab_pgdata Removing 
 Network seatlab_default Removing 
 Volume seatlab_pgdata Removed 
 Network seatlab_default Removed 
[2026-10-04 01:26:18] matrix done: /home/jun/project/lab/backend-labs-commerce/seat-reservation-lab/k6/ADR-003/results/20261003-adr003-96e2e6c/redis-nx-p10-2apps
[2026-10-04 12:16:22] matrix 20261003-adr003-96e2e6c/redis-nx-p10-2apps: levels=[4] reps=5 cells=[S1]
[2026-10-04 12:16:22] compose down (b574543)
[2026-10-04 12:16:23] matrix done: /home/jun/project/lab/backend-labs-commerce/seat-reservation-lab/k6/ADR-003/results/20261003-adr003-96e2e6c/redis-nx-p10-2apps
[2026-10-04 17:28:07] matrix 20261003-adr003-96e2e6c/redis-nx-p10-2apps: levels=[4] reps=5 cells=[S1]
[2026-10-04 17:28:07] L4 S1 rep2 → /home/jun/project/lab/backend-labs-commerce/seat-reservation-lab/k6/ADR-003/results/20261003-adr003-96e2e6c/redis-nx-p10-2apps/L4/S1/rep2
[2026-10-04 17:29:03] compose down (b574543)
 Container seatlab-lb-1 Stopping 
 Container seatlab-lb-1 Stopped 
 Container seatlab-lb-1 Removing 
 Container seatlab-lb-1 Removed 
 Container seatlab-app2-1 Stopping 
 Container seatlab-app-1 Stopping 
 Container seatlab-app-1 Stopped 
 Container seatlab-app-1 Removing 
 Container seatlab-app2-1 Stopped 
 Container seatlab-app2-1 Removing 
 Container seatlab-app-1 Removed 
 Container seatlab-app2-1 Removed 
 Container seatlab-db-1 Stopping 
 Container seatlab-redis-1 Stopping 
 Container seatlab-db-1 Stopped 
 Container seatlab-db-1 Removing 
 Container seatlab-redis-1 Stopped 
 Container seatlab-redis-1 Removing 
 Container seatlab-db-1 Removed 
 Container seatlab-redis-1 Removed 
 Volume seatlab_pgdata Removing 
 Network seatlab_default Removing 
 Volume seatlab_pgdata Removed 
 Network seatlab_default Removed 
[2026-10-04 17:29:05] matrix done: /home/jun/project/lab/backend-labs-commerce/seat-reservation-lab/k6/ADR-003/results/20261003-adr003-96e2e6c/redis-nx-p10-2apps
[2026-10-05 09:28:54] matrix 20261003-adr003-96e2e6c/redis-nx-p10-2apps: levels=[4] reps=5 cells=[S1]
[2026-10-05 09:28:54] L4 S1 rep3 → /home/jun/project/lab/backend-labs-commerce/seat-reservation-lab/k6/ADR-003/results/20261003-adr003-96e2e6c/redis-nx-p10-2apps/L4/S1/rep3
[2026-10-05 09:29:51] compose down (b574543)
 Container seatlab-lb-1 Stopping 
 Container seatlab-lb-1 Stopped 
 Container seatlab-lb-1 Removing 
 Container seatlab-lb-1 Removed 
 Container seatlab-app-1 Stopping 
 Container seatlab-app2-1 Stopping 
 Container seatlab-app2-1 Stopped 
 Container seatlab-app2-1 Removing 
 Container seatlab-app-1 Stopped 
 Container seatlab-app-1 Removing 
 Container seatlab-app2-1 Removed 
 Container seatlab-app-1 Removed 
 Container seatlab-db-1 Stopping 
 Container seatlab-redis-1 Stopping 
 Container seatlab-db-1 Stopped 
 Container seatlab-db-1 Removing 
 Container seatlab-db-1 Removed 
 Container seatlab-redis-1 Stopped 
 Container seatlab-redis-1 Removing 
 Container seatlab-redis-1 Removed 
 Volume seatlab_pgdata Removing 
 Network seatlab_default Removing 
 Volume seatlab_pgdata Removed 
 Network seatlab_default Removed 
[2026-10-05 09:29:52] matrix done: /home/jun/project/lab/backend-labs-commerce/seat-reservation-lab/k6/ADR-003/results/20261003-adr003-96e2e6c/redis-nx-p10-2apps
[2026-10-05 14:29:49] matrix 20261003-adr003-96e2e6c/redis-nx-p10-2apps: levels=[4] reps=5 cells=[S1]
[2026-10-05 14:29:49] L4 S1 rep4 → /home/jun/project/lab/backend-labs-commerce/seat-reservation-lab/k6/ADR-003/results/20261003-adr003-96e2e6c/redis-nx-p10-2apps/L4/S1/rep4
[2026-10-05 14:30:47] compose down (b574543)
 Container seatlab-lb-1 Stopping 
 Container seatlab-lb-1 Stopped 
 Container seatlab-lb-1 Removing 
 Container seatlab-lb-1 Removed 
 Container seatlab-app-1 Stopping 
 Container seatlab-app2-1 Stopping 
 Container seatlab-app2-1 Stopped 
 Container seatlab-app2-1 Removing 
 Container seatlab-app-1 Stopped 
 Container seatlab-app-1 Removing 
 Container seatlab-app2-1 Removed 
 Container seatlab-app-1 Removed 
 Container seatlab-db-1 Stopping 
 Container seatlab-redis-1 Stopping 
 Container seatlab-db-1 Stopped 
 Container seatlab-db-1 Removing 
 Container seatlab-db-1 Removed 
 Container seatlab-redis-1 Stopped 
 Container seatlab-redis-1 Removing 
 Container seatlab-redis-1 Removed 
 Network seatlab_default Removing 
 Volume seatlab_pgdata Removing 
 Volume seatlab_pgdata Removed 
 Network seatlab_default Removed 
[2026-10-05 14:30:48] matrix done: /home/jun/project/lab/backend-labs-commerce/seat-reservation-lab/k6/ADR-003/results/20261003-adr003-96e2e6c/redis-nx-p10-2apps
[2026-10-05 19:30:06] matrix 20261003-adr003-96e2e6c/redis-nx-p10-2apps: levels=[4] reps=5 cells=[S1]
[2026-10-05 19:30:06] L4 S1 rep5 → /home/jun/project/lab/backend-labs-commerce/seat-reservation-lab/k6/ADR-003/results/20261003-adr003-96e2e6c/redis-nx-p10-2apps/L4/S1/rep5
[2026-10-05 19:31:04] compose down (b574543)
 Container seatlab-lb-1 Stopping 
 Container seatlab-lb-1 Stopped 
 Container seatlab-lb-1 Removing 
 Container seatlab-lb-1 Removed 
 Container seatlab-app-1 Stopping 
 Container seatlab-app2-1 Stopping 
 Container seatlab-app2-1 Stopped 
 Container seatlab-app2-1 Removing 
 Container seatlab-app2-1 Removed 
 Container seatlab-app-1 Stopped 
 Container seatlab-app-1 Removing 
 Container seatlab-app-1 Removed 
 Container seatlab-redis-1 Stopping 
 Container seatlab-db-1 Stopping 
 Container seatlab-db-1 Stopped 
 Container seatlab-db-1 Removing 
 Container seatlab-db-1 Removed 
 Container seatlab-redis-1 Stopped 
 Container seatlab-redis-1 Removing 
 Container seatlab-redis-1 Removed 
 Volume seatlab_pgdata Removing 
 Network seatlab_default Removing 
 Volume seatlab_pgdata Removed 
 Network seatlab_default Removed 
[2026-10-05 19:31:06] matrix done: /home/jun/project/lab/backend-labs-commerce/seat-reservation-lab/k6/ADR-003/results/20261003-adr003-96e2e6c/redis-nx-p10-2apps
