[2026-10-03 12:52:27] matrix 20261003-adr003-96e2e6c/redis-lock-p10: levels=[2 4] reps=5 cells=[S1 S4]
[2026-10-03 12:52:27] L2 S1 rep1 → /home/jun/project/lab/backend-labs-commerce/seat-reservation-lab/k6/ADR-003/results/20261003-adr003-96e2e6c/redis-lock-p10/L2/S1/rep1
[2026-10-03 12:53:15] L2 S4 rep1 → /home/jun/project/lab/backend-labs-commerce/seat-reservation-lab/k6/ADR-003/results/20261003-adr003-96e2e6c/redis-lock-p10/L2/S4/rep1
[2026-10-03 13:02:39] L4 S1 rep1 → /home/jun/project/lab/backend-labs-commerce/seat-reservation-lab/k6/ADR-003/results/20261003-adr003-96e2e6c/redis-lock-p10/L4/S1/rep1
[2026-10-03 13:03:25] L4 S4 rep1 → /home/jun/project/lab/backend-labs-commerce/seat-reservation-lab/k6/ADR-003/results/20261003-adr003-96e2e6c/redis-lock-p10/L4/S4/rep1
[2026-10-03 13:13:05] compose down (96e2e6c)
 Container seatlab-app-1 Stopping 
 Container seatlab-app-1 Stopped 
 Container seatlab-app-1 Removing 
 Container seatlab-app-1 Removed 
 Container seatlab-redis-1 Stopping 
 Container seatlab-db-1 Stopping 
 Container seatlab-redis-1 Stopped 
 Container seatlab-redis-1 Removing 
 Container seatlab-redis-1 Removed 
 Container seatlab-db-1 Stopped 
 Container seatlab-db-1 Removing 
 Container seatlab-db-1 Removed 
 Network seatlab_default Removing 
 Volume seatlab_pgdata Removing 
 Network seatlab_default Removed 
 Volume seatlab_pgdata Removed 
[2026-10-03 13:13:07] matrix done: /home/jun/project/lab/backend-labs-commerce/seat-reservation-lab/k6/ADR-003/results/20261003-adr003-96e2e6c/redis-lock-p10
[2026-10-04 04:53:22] matrix 20261003-adr003-96e2e6c/redis-lock-p10: levels=[2 4] reps=5 cells=[S1 S4]
[2026-10-04 04:53:22] L2 S1 rep2 → /home/jun/project/lab/backend-labs-commerce/seat-reservation-lab/k6/ADR-003/results/20261003-adr003-96e2e6c/redis-lock-p10/L2/S1/rep2
[2026-10-04 04:54:11] L2 S4 rep2 → /home/jun/project/lab/backend-labs-commerce/seat-reservation-lab/k6/ADR-003/results/20261003-adr003-96e2e6c/redis-lock-p10/L2/S4/rep2
[2026-10-04 05:03:44] L4 S1 rep2 → /home/jun/project/lab/backend-labs-commerce/seat-reservation-lab/k6/ADR-003/results/20261003-adr003-96e2e6c/redis-lock-p10/L4/S1/rep2
[2026-10-04 05:04:31] L4 S4 rep2 → /home/jun/project/lab/backend-labs-commerce/seat-reservation-lab/k6/ADR-003/results/20261003-adr003-96e2e6c/redis-lock-p10/L4/S4/rep2
[2026-10-04 05:14:07] compose down (96e2e6c)
 Container seatlab-app-1 Stopping 
 Container seatlab-app-1 Stopped 
 Container seatlab-app-1 Removing 
 Container seatlab-app-1 Removed 
 Container seatlab-db-1 Stopping 
 Container seatlab-redis-1 Stopping 
 Container seatlab-redis-1 Stopped 
 Container seatlab-redis-1 Removing 
 Container seatlab-redis-1 Removed 
 Container seatlab-db-1 Stopped 
 Container seatlab-db-1 Removing 
 Container seatlab-db-1 Removed 
 Volume seatlab_pgdata Removing 
 Network seatlab_default Removing 
 Network seatlab_default Removed 
 Volume seatlab_pgdata Removed 
[2026-10-04 05:14:09] matrix done: /home/jun/project/lab/backend-labs-commerce/seat-reservation-lab/k6/ADR-003/results/20261003-adr003-96e2e6c/redis-lock-p10
[2026-10-04 12:15:51] matrix 20261003-adr003-96e2e6c/redis-lock-p10: levels=[2 4] reps=5 cells=[S1 S4]
[2026-10-04 12:15:51] compose down (b574543)
[2026-10-04 12:15:51] matrix done: /home/jun/project/lab/backend-labs-commerce/seat-reservation-lab/k6/ADR-003/results/20261003-adr003-96e2e6c/redis-lock-p10
[2026-10-04 12:16:38] matrix 20261003-adr003-96e2e6c/redis-lock-p10: levels=[2 4] reps=5 cells=[S1 S4]
[2026-10-04 12:16:38] compose down (b574543)
[2026-10-04 12:16:39] matrix done: /home/jun/project/lab/backend-labs-commerce/seat-reservation-lab/k6/ADR-003/results/20261003-adr003-96e2e6c/redis-lock-p10
[2026-10-04 20:56:29] matrix 20261003-adr003-96e2e6c/redis-lock-p10: levels=[2 4] reps=5 cells=[S1 S4]
[2026-10-04 20:56:29] L2 S1 rep3 → /home/jun/project/lab/backend-labs-commerce/seat-reservation-lab/k6/ADR-003/results/20261003-adr003-96e2e6c/redis-lock-p10/L2/S1/rep3
[2026-10-04 20:57:19] L2 S4 rep3 → /home/jun/project/lab/backend-labs-commerce/seat-reservation-lab/k6/ADR-003/results/20261003-adr003-96e2e6c/redis-lock-p10/L2/S4/rep3
[2026-10-04 21:06:37] L4 S1 rep3 → /home/jun/project/lab/backend-labs-commerce/seat-reservation-lab/k6/ADR-003/results/20261003-adr003-96e2e6c/redis-lock-p10/L4/S1/rep3
[2026-10-04 21:07:23] L4 S4 rep3 → /home/jun/project/lab/backend-labs-commerce/seat-reservation-lab/k6/ADR-003/results/20261003-adr003-96e2e6c/redis-lock-p10/L4/S4/rep3
[2026-10-04 21:17:02] compose down (b574543)
 Container seatlab-app-1 Stopping 
 Container seatlab-app-1 Stopped 
 Container seatlab-app-1 Removing 
 Container seatlab-app-1 Removed 
 Container seatlab-db-1 Stopping 
 Container seatlab-redis-1 Stopping 
 Container seatlab-redis-1 Stopped 
 Container seatlab-redis-1 Removing 
 Container seatlab-redis-1 Removed 
 Container seatlab-db-1 Stopped 
 Container seatlab-db-1 Removing 
 Container seatlab-db-1 Removed 
 Volume seatlab_pgdata Removing 
 Network seatlab_default Removing 
 Network seatlab_default Removed 
 Volume seatlab_pgdata Removed 
[2026-10-04 21:17:03] matrix done: /home/jun/project/lab/backend-labs-commerce/seat-reservation-lab/k6/ADR-003/results/20261003-adr003-96e2e6c/redis-lock-p10
[2026-10-05 12:57:14] matrix 20261003-adr003-96e2e6c/redis-lock-p10: levels=[2 4] reps=5 cells=[S1 S4]
[2026-10-05 12:57:14] L2 S1 rep4 → /home/jun/project/lab/backend-labs-commerce/seat-reservation-lab/k6/ADR-003/results/20261003-adr003-96e2e6c/redis-lock-p10/L2/S1/rep4
[2026-10-05 12:58:03] L2 S4 rep4 → /home/jun/project/lab/backend-labs-commerce/seat-reservation-lab/k6/ADR-003/results/20261003-adr003-96e2e6c/redis-lock-p10/L2/S4/rep4
[2026-10-05 13:07:23] L4 S1 rep4 → /home/jun/project/lab/backend-labs-commerce/seat-reservation-lab/k6/ADR-003/results/20261003-adr003-96e2e6c/redis-lock-p10/L4/S1/rep4
[2026-10-05 13:08:09] L4 S4 rep4 → /home/jun/project/lab/backend-labs-commerce/seat-reservation-lab/k6/ADR-003/results/20261003-adr003-96e2e6c/redis-lock-p10/L4/S4/rep4
[2026-10-05 13:17:48] compose down (b574543)
 Container seatlab-app-1 Stopping 
 Container seatlab-app-1 Stopped 
 Container seatlab-app-1 Removing 
 Container seatlab-app-1 Removed 
 Container seatlab-db-1 Stopping 
 Container seatlab-redis-1 Stopping 
 Container seatlab-redis-1 Stopped 
 Container seatlab-redis-1 Removing 
 Container seatlab-redis-1 Removed 
 Container seatlab-db-1 Stopped 
 Container seatlab-db-1 Removing 
 Container seatlab-db-1 Removed 
 Volume seatlab_pgdata Removing 
 Network seatlab_default Removing 
 Network seatlab_default Removed 
 Volume seatlab_pgdata Removed 
[2026-10-05 13:17:50] matrix done: /home/jun/project/lab/backend-labs-commerce/seat-reservation-lab/k6/ADR-003/results/20261003-adr003-96e2e6c/redis-lock-p10
[2026-10-05 17:58:14] matrix 20261003-adr003-96e2e6c/redis-lock-p10: levels=[2 4] reps=5 cells=[S1 S4]
[2026-10-05 17:58:14] L2 S1 rep5 → /home/jun/project/lab/backend-labs-commerce/seat-reservation-lab/k6/ADR-003/results/20261003-adr003-96e2e6c/redis-lock-p10/L2/S1/rep5
[2026-10-05 17:59:02] L2 S4 rep5 → /home/jun/project/lab/backend-labs-commerce/seat-reservation-lab/k6/ADR-003/results/20261003-adr003-96e2e6c/redis-lock-p10/L2/S4/rep5
[2026-10-05 18:08:25] L4 S1 rep5 → /home/jun/project/lab/backend-labs-commerce/seat-reservation-lab/k6/ADR-003/results/20261003-adr003-96e2e6c/redis-lock-p10/L4/S1/rep5
[2026-10-05 18:09:11] L4 S4 rep5 → /home/jun/project/lab/backend-labs-commerce/seat-reservation-lab/k6/ADR-003/results/20261003-adr003-96e2e6c/redis-lock-p10/L4/S4/rep5
[2026-10-05 18:18:48] compose down (b574543)
 Container seatlab-app-1 Stopping 
 Container seatlab-app-1 Stopped 
 Container seatlab-app-1 Removing 
 Container seatlab-app-1 Removed 
 Container seatlab-db-1 Stopping 
 Container seatlab-redis-1 Stopping 
 Container seatlab-redis-1 Stopped 
 Container seatlab-redis-1 Removing 
 Container seatlab-redis-1 Removed 
 Container seatlab-db-1 Stopped 
 Container seatlab-db-1 Removing 
 Container seatlab-db-1 Removed 
 Volume seatlab_pgdata Removing 
 Network seatlab_default Removing 
 Network seatlab_default Removed 
 Volume seatlab_pgdata Removed 
[2026-10-05 18:18:50] matrix done: /home/jun/project/lab/backend-labs-commerce/seat-reservation-lab/k6/ADR-003/results/20261003-adr003-96e2e6c/redis-lock-p10
