[2026-10-07 10:20:22] compose down (7acad14b)
 Container seatlab-app-1 Stopping 
 Container seatlab-app-1 Stopped 
 Container seatlab-app-1 Removing 
 Container seatlab-app-1 Removed 
 Container seatlab-db-1 Stopping 
 Container seatlab-redis-1 Stopping 
 Container seatlab-redis-1 Stopped 
 Container seatlab-redis-1 Removing 
 Container seatlab-redis-1 Removed 
 Container seatlab-db-1 Stopped 
 Container seatlab-db-1 Removing 
 Container seatlab-db-1 Removed 
 Network seatlab_default Removing 
 Volume seatlab_pgdata Removing 
 Volume seatlab_pgdata Removed 
 Network seatlab_default Removed 
[2026-10-07 10:20:23] compose up (7acad14b) HOLD_TTL=60m EXPIRY_INTERVAL=10s HOLD_STRATEGY=pessimistic-nowait SEAT_HOLD_LIMIT_STRATEGY=quota-lock FLYWAY_LOCATIONS=classpath:db/migration POOL_SIZE=10 CRITICAL_SECTION_DELAY=0ms APP_CPUS=2 DB_CPUS=2 (attempt 1)
 Image seatlab-app Building 
#1 [internal] load local bake definitions
#1 reading from stdin 528B done
#1 DONE 0.0s

#2 [internal] load build definition from Dockerfile
#2 transferring dockerfile: 558B done
#2 DONE 0.0s

#3 [internal] load metadata for docker.io/library/eclipse-temurin:21-jdk
#3 ...

#4 [internal] load metadata for docker.io/library/eclipse-temurin:21-jre
#4 DONE 0.6s

#3 [internal] load metadata for docker.io/library/eclipse-temurin:21-jdk
#3 DONE 0.6s

#5 [internal] load .dockerignore
#5 transferring context: 76B done
#5 DONE 0.0s

#6 [stage-1 1/3] FROM docker.io/library/eclipse-temurin:21-jre@sha256:cff19e6215689161eb6162c11b86b0c60ddf802164f2eaf48d570f8fb79a36c5
#6 resolve docker.io/library/eclipse-temurin:21-jre@sha256:cff19e6215689161eb6162c11b86b0c60ddf802164f2eaf48d570f8fb79a36c5 0.0s done
#6 DONE 0.0s

#7 [build 1/7] FROM docker.io/library/eclipse-temurin:21-jdk@sha256:3e3c176ffed168beb42c607be9bc1639b466cf00261a0fb04425562c9d0c5c2b
#7 resolve docker.io/library/eclipse-temurin:21-jdk@sha256:3e3c176ffed168beb42c607be9bc1639b466cf00261a0fb04425562c9d0c5c2b 0.0s done
#7 DONE 0.0s

#8 [internal] load build context
#8 transferring context: 8.09kB done
#8 DONE 0.0s

#9 [build 3/7] COPY gradlew settings.gradle.kts build.gradle.kts ./
#9 CACHED

#10 [build 5/7] RUN ./gradlew --no-daemon -q dependencies > /dev/null
#10 CACHED

#11 [build 6/7] COPY src src
#11 CACHED

#12 [build 4/7] COPY gradle gradle
#12 CACHED

#13 [stage-1 2/3] WORKDIR /app
#13 CACHED

#14 [build 2/7] WORKDIR /src
#14 CACHED

#15 [build 7/7] RUN ./gradlew --no-daemon -q bootJar
#15 CACHED

#16 [stage-1 3/3] COPY --from=build /src/build/libs/seat-reservation-lab-0.0.1-SNAPSHOT.jar app.jar
#16 CACHED

#17 exporting to image
#17 exporting layers done
#17 exporting manifest sha256:f6eca8b0808f2e9c99fdc3dd1677dded3f361d1084276b29f56de06ee3664f98 done
#17 exporting config sha256:d666ec618100731fb7067d245ac34fbffa148eb3336be9bb11272c9abe147622 done
#17 exporting attestation manifest sha256:b39ee935f65956a140d2c0f72d81f846a479925c5d72bfa095aef2a1e9a8dfa8 0.0s done
#17 exporting manifest list sha256:24f99390ecc70adb4572253a76c2a40a2e9ff81cc6b9d8908374d70ba929bbc9 done
#17 naming to docker.io/library/seatlab-app:latest done
#17 unpacking to docker.io/library/seatlab-app:latest done
#17 DONE 0.0s

#18 resolving provenance for metadata file
#18 DONE 0.0s
 Image seatlab-app Built 
 Network seatlab_default Creating 
 Network seatlab_default Created 
 Volume seatlab_pgdata Creating 
 Volume seatlab_pgdata Created 
 Container seatlab-db-1 Creating 
 Container seatlab-redis-1 Creating 
 Container seatlab-redis-1 Created 
 Container seatlab-db-1 Created 
 Container seatlab-app-1 Creating 
 Container seatlab-app-1 Created 
 Container seatlab-redis-1 Starting 
 Container seatlab-db-1 Starting 
 Container seatlab-db-1 Started 
 Container seatlab-redis-1 Started 
 Container seatlab-redis-1 Waiting 
 Container seatlab-db-1 Waiting 
 Container seatlab-redis-1 Healthy 
 Container seatlab-db-1 Healthy 
 Container seatlab-app-1 Starting 
 Container seatlab-app-1 Started 
