[2026-10-03 09:09:05] compose down (f9eea28)
[2026-10-03 09:09:06] compose up (f9eea28) HOLD_TTL=5m EXPIRY_INTERVAL=10s HOLD_STRATEGY=jvm-lock FLYWAY_LOCATIONS=classpath:db/migration POOL_SIZE=10 APP_CPUS=2 DB_CPUS=4 (attempt 1)
 Image seatlab-app Building 
 Image seatlab-app2 Building 
#1 [internal] load local bake definitions
#1 reading from stdin 969B done
#1 DONE 0.0s

#2 [app2 internal] load build definition from Dockerfile
#2 transferring dockerfile: 558B done
#2 DONE 0.0s

#3 [app2 internal] load metadata for docker.io/library/eclipse-temurin:21-jdk
#3 DONE 0.6s

#4 [app2 internal] load metadata for docker.io/library/eclipse-temurin:21-jre
#4 DONE 0.6s

#5 [app internal] load .dockerignore
#5 transferring context: 76B done
#5 DONE 0.0s

#6 [app2 stage-1 1/3] FROM docker.io/library/eclipse-temurin:21-jre@sha256:cff19e6215689161eb6162c11b86b0c60ddf802164f2eaf48d570f8fb79a36c5
#6 resolve docker.io/library/eclipse-temurin:21-jre@sha256:cff19e6215689161eb6162c11b86b0c60ddf802164f2eaf48d570f8fb79a36c5 0.0s done
#6 DONE 0.0s

#7 [app2 build 1/7] FROM docker.io/library/eclipse-temurin:21-jdk@sha256:3e3c176ffed168beb42c607be9bc1639b466cf00261a0fb04425562c9d0c5c2b
#7 resolve docker.io/library/eclipse-temurin:21-jdk@sha256:3e3c176ffed168beb42c607be9bc1639b466cf00261a0fb04425562c9d0c5c2b 0.0s done
#7 DONE 0.0s

#8 [app2 internal] load build context
#8 transferring context: 7.44kB done
#8 DONE 0.0s

#9 [app2 build 5/7] RUN ./gradlew --no-daemon -q dependencies > /dev/null
#9 CACHED

#10 [app2 build 2/7] WORKDIR /src
#10 CACHED

#11 [app2 build 4/7] COPY gradle gradle
#11 CACHED

#12 [app2 stage-1 2/3] WORKDIR /app
#12 CACHED

#13 [app2 build 6/7] COPY src src
#13 CACHED

#14 [app2 build 7/7] RUN ./gradlew --no-daemon -q bootJar
#14 CACHED

#15 [app2 build 3/7] COPY gradlew settings.gradle.kts build.gradle.kts ./
#15 CACHED

#16 [app2 stage-1 3/3] COPY --from=build /src/build/libs/seat-reservation-lab-0.0.1-SNAPSHOT.jar app.jar
#16 CACHED

#17 [app] exporting to image
#17 exporting layers done
#17 exporting manifest sha256:09dc77f4808ae767f5ab2ce57280358fa175f4e026d348826c47f948abdb5869 done
#17 exporting config sha256:4233861b911fe925e4e5fad099b63bcea1b8e8dfecd1b445c8fcbd6e1aaa8fdf done
#17 exporting attestation manifest sha256:7969596a28350baba0f08bd1e6e58b4f851eda996317a4c5191bcd864a9ec7df 0.0s done
#17 exporting manifest list sha256:d855f9b79124d31c581818c84256e5872ec8df635e751d8ca12903497254ffc1 0.0s done
#17 naming to docker.io/library/seatlab-app:latest done
#17 unpacking to docker.io/library/seatlab-app:latest done
#17 DONE 0.1s

#18 [app2] exporting to image
#18 exporting layers done
#18 exporting manifest sha256:2943862bfb82eab643f0cfd60c180710bdc151710871b31484af47ddfb3e6ab2 done
#18 exporting config sha256:c58b822a9a545d5c7df1b817a061063c56c4d5bf7e7018612ab5bdfb8b02e8cf 0.0s done
#18 exporting attestation manifest sha256:a4cd3ad26796a84fd050fcc1f4039b33779026e76c4b08a9ae829155eb7c6a30 0.0s done
#18 exporting manifest list sha256:2f0728c8027f5fc63a10e6c87e6579c1c0b744ec10082008f8414c8a76e98217 done
#18 naming to docker.io/library/seatlab-app2:latest done
#18 unpacking to docker.io/library/seatlab-app2:latest done
#18 DONE 0.1s

#19 [app] resolving provenance for metadata file
#19 DONE 0.0s

#20 [app2] resolving provenance for metadata file
#20 DONE 0.0s
 Image seatlab-app2 Built 
 Image seatlab-app Built 
 Network seatlab_default Creating 
 Network seatlab_default Created 
 Volume seatlab_pgdata Creating 
 Volume seatlab_pgdata Created 
 Container seatlab-db-1 Creating 
 Container seatlab-redis-1 Creating 
 Container seatlab-db-1 Created 
 Container seatlab-redis-1 Created 
 Container seatlab-app-1 Creating 
 Container seatlab-app2-1 Creating 
 Container seatlab-app-1 Created 
 Container seatlab-app2-1 Created 
 Container seatlab-lb-1 Creating 
 Container seatlab-lb-1 Created 
 Container seatlab-redis-1 Starting 
 Container seatlab-db-1 Starting 
 Container seatlab-db-1 Started 
 Container seatlab-redis-1 Started 
 Container seatlab-db-1 Waiting 
 Container seatlab-db-1 Waiting 
 Container seatlab-redis-1 Waiting 
 Container seatlab-redis-1 Waiting 
 Container seatlab-redis-1 Healthy 
 Container seatlab-db-1 Healthy 
 Container seatlab-app2-1 Starting 
 Container seatlab-redis-1 Healthy 
 Container seatlab-db-1 Healthy 
 Container seatlab-app-1 Starting 
 Container seatlab-app2-1 Started 
 Container seatlab-app-1 Started 
 Container seatlab-lb-1 Starting 
 Container seatlab-lb-1 Started 
