2026-09-28T08:42:50+09:00 L1 S1 rep1 ok
2026-09-28T08:43:42+09:00 L1 S1 rep2 ok
2026-09-28T08:44:33+09:00 L1 S1 rep3 ok
2026-09-28T08:45:26+09:00 L1 S1 rep4 ok
2026-09-28T08:46:19+09:00 L1 S1 rep5 ok
2026-09-28T08:47:15+09:00 L1 S2 rep1 ok
2026-09-28T08:48:11+09:00 L1 S2 rep2 ok
2026-09-28T08:49:07+09:00 L1 S2 rep3 ok
2026-09-28T08:50:02+09:00 L1 S2 rep4 ok
2026-09-28T08:50:58+09:00 L1 S2 rep5 ok
2026-09-28T08:57:20+09:00 L1 S4 rep1 ok
2026-09-28T09:03:29+09:00 L1 S4 rep2 ok
2026-09-28T09:09:40+09:00 L1 S4 rep3 ok
2026-09-28T09:15:08+09:00 L1 S4 rep4 ok
2026-09-28T09:21:14+09:00 L1 S4 rep5 ok
2026-09-28T09:24:17+09:00 L1 S3A-a0 rep1 ok
2026-09-28T09:27:19+09:00 L1 S3A-a0 rep2 ok
2026-09-28T09:30:22+09:00 L1 S3A-a0 rep3 ok
2026-09-28T09:33:24+09:00 L1 S3A-a0 rep4 ok
2026-09-28T09:36:26+09:00 L1 S3A-a0 rep5 ok
2026-09-28T09:39:29+09:00 L1 S3A-a20 rep1 ok
2026-09-28T09:42:31+09:00 L1 S3A-a20 rep2 ok
2026-09-28T09:45:33+09:00 L1 S3A-a20 rep3 ok
2026-09-28T09:48:36+09:00 L1 S3A-a20 rep4 ok
2026-09-28T09:51:39+09:00 L1 S3A-a20 rep5 ok
2026-09-28T09:54:42+09:00 L1 S3A-a50 rep1 ok
2026-09-28T09:57:43+09:00 L1 S3A-a50 rep2 ok
2026-09-28T10:00:46+09:00 L1 S3A-a50 rep3 ok
2026-09-28T10:03:51+09:00 L1 S3A-a50 rep4 ok
2026-09-28T10:06:54+09:00 L1 S3A-a50 rep5 ok
2026-09-28T10:10:02+09:00 L1 S3B-a0 rep1 ok
2026-09-28T10:13:13+09:00 L1 S3B-a0 rep2 ok
2026-09-28T10:16:23+09:00 L1 S3B-a0 rep3 ok
2026-09-28T10:19:39+09:00 L1 S3B-a0 rep4 ok
2026-09-28T10:22:51+09:00 L1 S3B-a0 rep5 ok
2026-09-28T10:26:07+09:00 L1 S3B-a20 rep1 ok
2026-09-28T10:29:11+09:00 L1 S3B-a20 rep2 ok
2026-09-28T10:32:22+09:00 L1 S3B-a20 rep3 ok
2026-09-28T10:35:31+09:00 L1 S3B-a20 rep4 ok
2026-09-28T10:38:41+09:00 L1 S3B-a20 rep5 ok
2026-09-28T10:41:50+09:00 L1 S3B-a50 rep1 ok
2026-09-28T10:44:55+09:00 L1 S3B-a50 rep2 ok
2026-09-28T10:48:06+09:00 L1 S3B-a50 rep3 ok
2026-09-28T10:51:17+09:00 L1 S3B-a50 rep4 ok
2026-09-28T10:54:26+09:00 L1 S3B-a50 rep5 ok
2026-09-28T11:15:39+09:00 L1 S3-a0 rep1 ok
2026-09-28T11:37:08+09:00 L1 S3-a0 rep2 ok
2026-09-28T11:58:33+09:00 L1 S3-a0 rep3 ok
2026-09-28T12:19:55+09:00 L1 S3-a0 rep4 ok
2026-09-28T12:41:34+09:00 L1 S3-a0 rep5 ok
2026-09-28T13:02:57+09:00 L1 S3-a20 rep1 ok
2026-09-28T13:24:23+09:00 L1 S3-a20 rep2 ok
2026-09-28T13:45:35+09:00 L1 S3-a20 rep3 ok
2026-09-28T14:06:59+09:00 L1 S3-a20 rep4 ok
2026-09-28T14:28:32+09:00 L1 S3-a20 rep5 ok
2026-09-28T14:50:07+09:00 L1 S3-a50 rep1 ok
2026-09-28T15:11:20+09:00 L1 S3-a50 rep2 ok
2026-09-28T15:32:51+09:00 L1 S3-a50 rep3 ok
2026-09-28T15:54:04+09:00 L1 S3-a50 rep4 ok
2026-09-28T16:15:09+09:00 L1 S3-a50 rep5 ok
2026-09-28T16:15:51+09:00 L2 S1 rep1 ok
2026-09-28T16:16:34+09:00 L2 S1 rep2 ok
2026-09-28T16:17:17+09:00 L2 S1 rep3 ok
2026-09-28T16:18:00+09:00 L2 S1 rep4 ok
2026-09-28T16:18:58+09:00 L2 S1 rep5 ok
2026-09-28T16:19:42+09:00 L2 S2 rep1 ok
2026-09-28T16:20:27+09:00 L2 S2 rep2 ok
2026-09-28T16:21:13+09:00 L2 S2 rep3 ok
2026-09-28T16:21:59+09:00 L2 S2 rep4 ok
2026-09-28T16:22:44+09:00 L2 S2 rep5 ok
2026-09-28T16:29:13+09:00 L2 S4 rep1 ok
2026-09-28T16:35:43+09:00 L2 S4 rep2 ok
2026-09-28T16:42:14+09:00 L2 S4 rep3 ok
2026-09-28T16:48:43+09:00 L2 S4 rep4 ok
2026-09-28T16:55:14+09:00 L2 S4 rep5 ok
2026-09-28T16:58:11+09:00 L2 S3A-a0 rep1 ok
2026-09-28T17:01:08+09:00 L2 S3A-a0 rep2 ok
2026-09-28T17:04:06+09:00 L2 S3A-a0 rep3 ok
2026-09-28T17:07:03+09:00 L2 S3A-a0 rep4 ok
2026-09-28T17:10:00+09:00 L2 S3A-a0 rep5 ok
2026-09-28T17:12:57+09:00 L2 S3A-a20 rep1 ok
2026-09-28T17:15:54+09:00 L2 S3A-a20 rep2 ok
2026-09-28T17:18:51+09:00 L2 S3A-a20 rep3 ok
2026-09-28T17:21:46+09:00 L2 S3A-a20 rep4 ok
2026-09-28T17:24:43+09:00 L2 S3A-a20 rep5 ok
2026-09-28T17:27:40+09:00 L2 S3A-a50 rep1 ok
2026-09-28T17:30:37+09:00 L2 S3A-a50 rep2 ok
2026-09-28T17:33:34+09:00 L2 S3A-a50 rep3 ok
2026-09-28T17:36:38+09:00 L2 S3A-a50 rep4 ok
2026-09-28T17:39:35+09:00 L2 S3A-a50 rep5 ok
2026-09-28T17:42:32+09:00 L2 S3B-a0 rep1 ok
2026-09-28T17:45:30+09:00 L2 S3B-a0 rep2 ok
2026-09-28T17:48:27+09:00 L2 S3B-a0 rep3 ok
2026-09-28T17:51:23+09:00 L2 S3B-a0 rep4 ok
2026-09-28T17:54:21+09:00 L2 S3B-a0 rep5 ok
2026-09-28T17:57:18+09:00 L2 S3B-a20 rep1 ok
2026-09-28T18:00:15+09:00 L2 S3B-a20 rep2 ok
2026-09-28T18:03:13+09:00 L2 S3B-a20 rep3 ok
2026-09-28T18:06:10+09:00 L2 S3B-a20 rep4 ok
2026-09-28T18:09:07+09:00 L2 S3B-a20 rep5 ok
2026-09-28T18:12:05+09:00 L2 S3B-a50 rep1 ok
2026-09-28T18:15:00+09:00 L2 S3B-a50 rep2 ok
2026-09-28T18:17:57+09:00 L2 S3B-a50 rep3 ok
2026-09-28T18:20:54+09:00 L2 S3B-a50 rep4 ok
2026-09-28T18:23:52+09:00 L2 S3B-a50 rep5 ok
2026-09-28T18:45:02+09:00 L2 S3-a0 rep1 ok
2026-09-28T19:06:32+09:00 L2 S3-a0 rep2 ok
2026-09-28T19:28:00+09:00 L2 S3-a0 rep3 ok
2026-09-28T22:17:43+09:00 RESUME sha=5b2b6ff plan_sha=9ee71d5 (앱·시나리오·compose 동일 확인)
2026-09-28T22:40:19+09:00 L2 S3-a0 rep4 ok
2026-09-28T23:01:44+09:00 L2 S3-a0 rep5 ok
2026-09-28T23:23:15+09:00 L2 S3-a20 rep1 ok
2026-09-28T23:44:47+09:00 L2 S3-a20 rep2 ok
2026-09-29T00:06:14+09:00 L2 S3-a20 rep3 ok
2026-09-29T00:27:47+09:00 L2 S3-a20 rep4 ok
2026-09-29T00:49:09+09:00 L2 S3-a20 rep5 ok
2026-09-29T01:10:28+09:00 L2 S3-a50 rep1 ok
2026-09-29T01:31:55+09:00 L2 S3-a50 rep2 ok
2026-09-29T01:53:01+09:00 L2 S3-a50 rep3 ok
2026-09-29T02:14:14+09:00 L2 S3-a50 rep4 ok
2026-09-29T02:35:58+09:00 L2 S3-a50 rep5 ok
2026-09-29T02:36:35+09:00 L4 S1 rep1 ok
2026-09-29T02:37:13+09:00 L4 S1 rep2 ok
2026-09-29T02:37:55+09:00 L4 S1 rep3 ok
2026-09-29T02:38:33+09:00 L4 S1 rep4 ok
2026-09-29T02:39:13+09:00 L4 S1 rep5 ok
2026-09-29T02:39:50+09:00 L4 S2 rep1 ok
2026-09-29T02:40:27+09:00 L4 S2 rep2 ok
2026-09-29T02:41:06+09:00 L4 S2 rep3 ok
2026-09-29T02:41:44+09:00 L4 S2 rep4 ok
2026-09-29T02:42:22+09:00 L4 S2 rep5 ok
2026-09-29T02:48:16+09:00 L4 S4 rep1 ok
2026-09-29T02:53:55+09:00 L4 S4 rep2 ok
2026-09-29T02:59:43+09:00 L4 S4 rep3 ok
2026-09-29T03:05:27+09:00 L4 S4 rep4 ok
2026-09-29T03:11:49+09:00 L4 S4 rep5 ok
2026-09-29T03:14:32+09:00 L4 S3A-a0 rep1 ok
2026-09-29T03:17:12+09:00 L4 S3A-a0 rep2 ok
2026-09-29T03:19:54+09:00 L4 S3A-a0 rep3 ok
2026-09-29T03:22:35+09:00 L4 S3A-a0 rep4 ok
2026-09-29T03:25:15+09:00 L4 S3A-a0 rep5 ok
2026-09-29T03:27:57+09:00 L4 S3A-a20 rep1 ok
2026-09-29T03:30:41+09:00 L4 S3A-a20 rep2 ok
2026-09-29T03:33:22+09:00 L4 S3A-a20 rep3 ok
2026-09-29T03:36:04+09:00 L4 S3A-a20 rep4 ok
2026-09-29T03:38:45+09:00 L4 S3A-a20 rep5 ok
2026-09-29T03:41:27+09:00 L4 S3A-a50 rep1 ok
2026-09-29T03:44:08+09:00 L4 S3A-a50 rep2 ok
2026-09-29T03:46:49+09:00 L4 S3A-a50 rep3 ok
2026-09-29T03:49:30+09:00 L4 S3A-a50 rep4 ok
2026-09-29T03:52:10+09:00 L4 S3A-a50 rep5 ok
2026-09-29T03:54:58+09:00 L4 S3B-a0 rep1 ok
2026-09-29T03:57:41+09:00 L4 S3B-a0 rep2 ok
2026-09-29T04:00:30+09:00 L4 S3B-a0 rep3 ok
2026-09-29T04:03:19+09:00 L4 S3B-a0 rep4 ok
2026-09-29T04:06:09+09:00 L4 S3B-a0 rep5 ok
2026-09-29T04:09:19+09:00 L4 S3B-a20 rep1 ok
2026-09-29T04:12:04+09:00 L4 S3B-a20 rep2 ok
2026-09-29T04:14:53+09:00 L4 S3B-a20 rep3 ok
2026-09-29T04:17:43+09:00 L4 S3B-a20 rep4 ok
2026-09-29T04:20:39+09:00 L4 S3B-a20 rep5 ok
2026-09-29T04:23:34+09:00 L4 S3B-a50 rep1 ok
2026-09-29T04:26:30+09:00 L4 S3B-a50 rep2 ok
2026-09-29T04:29:26+09:00 L4 S3B-a50 rep3 ok
2026-09-29T04:32:22+09:00 L4 S3B-a50 rep4 ok
2026-09-29T04:35:17+09:00 L4 S3B-a50 rep5 ok
2026-09-29T04:52:26+09:00 L4 S3-a0 rep1 ok
2026-09-29T05:09:35+09:00 L4 S3-a0 rep2 ok
2026-09-29T05:27:08+09:00 L4 S3-a0 rep3 ok
2026-09-29T05:44:18+09:00 L4 S3-a0 rep4 ok
2026-09-29T06:01:28+09:00 L4 S3-a0 rep5 ok
2026-09-29T06:22:23+09:00 L4 S3-a20 rep1 ok
2026-09-29T06:43:17+09:00 L4 S3-a20 rep2 ok
2026-09-29T07:04:13+09:00 L4 S3-a20 rep3 ok
2026-09-29T07:25:13+09:00 L4 S3-a20 rep4 ok
2026-09-29T07:46:17+09:00 L4 S3-a20 rep5 ok
2026-09-29T08:07:21+09:00 L4 S3-a50 rep1 ok
2026-09-29T08:28:19+09:00 L4 S3-a50 rep2 ok
2026-09-29T08:49:24+09:00 L4 S3-a50 rep3 ok
2026-09-29T09:10:37+09:00 L4 S3-a50 rep4 ok
2026-09-29T09:31:40+09:00 L4 S3-a50 rep5 ok
