[2026-09-28 22:17:44] deploy 5b2b6ff → jun@192.168.55.164:labs/seat-reservation-lab/5b2b6ff
[2026-09-28 22:18:54] matrix 20260928-full-9ee71d5: levels=[1 2 4] reps=5 cells=[S1 S2 S4 S3A S3B S3]
[2026-09-28 22:18:54] L2 S3-a0 rep4 → /home/jun/project/lab/backend-labs-commerce/seat-reservation-lab/k6/ADR-001/results/20260928-full-9ee71d5/L2/S3-a0/rep4
[2026-09-28 22:40:19] L2 S3-a0 rep5 → /home/jun/project/lab/backend-labs-commerce/seat-reservation-lab/k6/ADR-001/results/20260928-full-9ee71d5/L2/S3-a0/rep5
[2026-09-28 23:01:44] L2 S3-a20 rep1 → /home/jun/project/lab/backend-labs-commerce/seat-reservation-lab/k6/ADR-001/results/20260928-full-9ee71d5/L2/S3-a20/rep1
[2026-09-28 23:23:15] L2 S3-a20 rep2 → /home/jun/project/lab/backend-labs-commerce/seat-reservation-lab/k6/ADR-001/results/20260928-full-9ee71d5/L2/S3-a20/rep2
[2026-09-28 23:44:47] L2 S3-a20 rep3 → /home/jun/project/lab/backend-labs-commerce/seat-reservation-lab/k6/ADR-001/results/20260928-full-9ee71d5/L2/S3-a20/rep3
[2026-09-29 00:06:14] L2 S3-a20 rep4 → /home/jun/project/lab/backend-labs-commerce/seat-reservation-lab/k6/ADR-001/results/20260928-full-9ee71d5/L2/S3-a20/rep4
[2026-09-29 00:27:47] L2 S3-a20 rep5 → /home/jun/project/lab/backend-labs-commerce/seat-reservation-lab/k6/ADR-001/results/20260928-full-9ee71d5/L2/S3-a20/rep5
[2026-09-29 00:49:09] L2 S3-a50 rep1 → /home/jun/project/lab/backend-labs-commerce/seat-reservation-lab/k6/ADR-001/results/20260928-full-9ee71d5/L2/S3-a50/rep1
[2026-09-29 01:10:28] L2 S3-a50 rep2 → /home/jun/project/lab/backend-labs-commerce/seat-reservation-lab/k6/ADR-001/results/20260928-full-9ee71d5/L2/S3-a50/rep2
[2026-09-29 01:31:55] L2 S3-a50 rep3 → /home/jun/project/lab/backend-labs-commerce/seat-reservation-lab/k6/ADR-001/results/20260928-full-9ee71d5/L2/S3-a50/rep3
[2026-09-29 01:53:01] L2 S3-a50 rep4 → /home/jun/project/lab/backend-labs-commerce/seat-reservation-lab/k6/ADR-001/results/20260928-full-9ee71d5/L2/S3-a50/rep4
[2026-09-29 02:14:14] L2 S3-a50 rep5 → /home/jun/project/lab/backend-labs-commerce/seat-reservation-lab/k6/ADR-001/results/20260928-full-9ee71d5/L2/S3-a50/rep5
[2026-09-29 02:35:58] L4 S1 rep1 → /home/jun/project/lab/backend-labs-commerce/seat-reservation-lab/k6/ADR-001/results/20260928-full-9ee71d5/L4/S1/rep1
[2026-09-29 02:36:35] L4 S1 rep2 → /home/jun/project/lab/backend-labs-commerce/seat-reservation-lab/k6/ADR-001/results/20260928-full-9ee71d5/L4/S1/rep2
[2026-09-29 02:37:13] L4 S1 rep3 → /home/jun/project/lab/backend-labs-commerce/seat-reservation-lab/k6/ADR-001/results/20260928-full-9ee71d5/L4/S1/rep3
[2026-09-29 02:37:55] L4 S1 rep4 → /home/jun/project/lab/backend-labs-commerce/seat-reservation-lab/k6/ADR-001/results/20260928-full-9ee71d5/L4/S1/rep4
[2026-09-29 02:38:33] L4 S1 rep5 → /home/jun/project/lab/backend-labs-commerce/seat-reservation-lab/k6/ADR-001/results/20260928-full-9ee71d5/L4/S1/rep5
[2026-09-29 02:39:13] L4 S2 rep1 → /home/jun/project/lab/backend-labs-commerce/seat-reservation-lab/k6/ADR-001/results/20260928-full-9ee71d5/L4/S2/rep1
[2026-09-29 02:39:50] L4 S2 rep2 → /home/jun/project/lab/backend-labs-commerce/seat-reservation-lab/k6/ADR-001/results/20260928-full-9ee71d5/L4/S2/rep2
[2026-09-29 02:40:27] L4 S2 rep3 → /home/jun/project/lab/backend-labs-commerce/seat-reservation-lab/k6/ADR-001/results/20260928-full-9ee71d5/L4/S2/rep3
[2026-09-29 02:41:06] L4 S2 rep4 → /home/jun/project/lab/backend-labs-commerce/seat-reservation-lab/k6/ADR-001/results/20260928-full-9ee71d5/L4/S2/rep4
[2026-09-29 02:41:44] L4 S2 rep5 → /home/jun/project/lab/backend-labs-commerce/seat-reservation-lab/k6/ADR-001/results/20260928-full-9ee71d5/L4/S2/rep5
[2026-09-29 02:42:22] L4 S4 rep1 → /home/jun/project/lab/backend-labs-commerce/seat-reservation-lab/k6/ADR-001/results/20260928-full-9ee71d5/L4/S4/rep1
[2026-09-29 02:48:16] L4 S4 rep2 → /home/jun/project/lab/backend-labs-commerce/seat-reservation-lab/k6/ADR-001/results/20260928-full-9ee71d5/L4/S4/rep2
[2026-09-29 02:53:55] L4 S4 rep3 → /home/jun/project/lab/backend-labs-commerce/seat-reservation-lab/k6/ADR-001/results/20260928-full-9ee71d5/L4/S4/rep3
[2026-09-29 02:59:43] L4 S4 rep4 → /home/jun/project/lab/backend-labs-commerce/seat-reservation-lab/k6/ADR-001/results/20260928-full-9ee71d5/L4/S4/rep4
[2026-09-29 03:05:27] L4 S4 rep5 → /home/jun/project/lab/backend-labs-commerce/seat-reservation-lab/k6/ADR-001/results/20260928-full-9ee71d5/L4/S4/rep5
[2026-09-29 03:11:49] L4 S3A-a0 rep1 → /home/jun/project/lab/backend-labs-commerce/seat-reservation-lab/k6/ADR-001/results/20260928-full-9ee71d5/L4/S3A-a0/rep1
[2026-09-29 03:14:32] L4 S3A-a0 rep2 → /home/jun/project/lab/backend-labs-commerce/seat-reservation-lab/k6/ADR-001/results/20260928-full-9ee71d5/L4/S3A-a0/rep2
[2026-09-29 03:17:12] L4 S3A-a0 rep3 → /home/jun/project/lab/backend-labs-commerce/seat-reservation-lab/k6/ADR-001/results/20260928-full-9ee71d5/L4/S3A-a0/rep3
[2026-09-29 03:19:54] L4 S3A-a0 rep4 → /home/jun/project/lab/backend-labs-commerce/seat-reservation-lab/k6/ADR-001/results/20260928-full-9ee71d5/L4/S3A-a0/rep4
[2026-09-29 03:22:35] L4 S3A-a0 rep5 → /home/jun/project/lab/backend-labs-commerce/seat-reservation-lab/k6/ADR-001/results/20260928-full-9ee71d5/L4/S3A-a0/rep5
[2026-09-29 03:25:15] L4 S3A-a20 rep1 → /home/jun/project/lab/backend-labs-commerce/seat-reservation-lab/k6/ADR-001/results/20260928-full-9ee71d5/L4/S3A-a20/rep1
[2026-09-29 03:27:57] L4 S3A-a20 rep2 → /home/jun/project/lab/backend-labs-commerce/seat-reservation-lab/k6/ADR-001/results/20260928-full-9ee71d5/L4/S3A-a20/rep2
[2026-09-29 03:30:41] L4 S3A-a20 rep3 → /home/jun/project/lab/backend-labs-commerce/seat-reservation-lab/k6/ADR-001/results/20260928-full-9ee71d5/L4/S3A-a20/rep3
[2026-09-29 03:33:22] L4 S3A-a20 rep4 → /home/jun/project/lab/backend-labs-commerce/seat-reservation-lab/k6/ADR-001/results/20260928-full-9ee71d5/L4/S3A-a20/rep4
[2026-09-29 03:36:04] L4 S3A-a20 rep5 → /home/jun/project/lab/backend-labs-commerce/seat-reservation-lab/k6/ADR-001/results/20260928-full-9ee71d5/L4/S3A-a20/rep5
[2026-09-29 03:38:45] L4 S3A-a50 rep1 → /home/jun/project/lab/backend-labs-commerce/seat-reservation-lab/k6/ADR-001/results/20260928-full-9ee71d5/L4/S3A-a50/rep1
[2026-09-29 03:41:27] L4 S3A-a50 rep2 → /home/jun/project/lab/backend-labs-commerce/seat-reservation-lab/k6/ADR-001/results/20260928-full-9ee71d5/L4/S3A-a50/rep2
[2026-09-29 03:44:08] L4 S3A-a50 rep3 → /home/jun/project/lab/backend-labs-commerce/seat-reservation-lab/k6/ADR-001/results/20260928-full-9ee71d5/L4/S3A-a50/rep3
[2026-09-29 03:46:49] L4 S3A-a50 rep4 → /home/jun/project/lab/backend-labs-commerce/seat-reservation-lab/k6/ADR-001/results/20260928-full-9ee71d5/L4/S3A-a50/rep4
[2026-09-29 03:49:30] L4 S3A-a50 rep5 → /home/jun/project/lab/backend-labs-commerce/seat-reservation-lab/k6/ADR-001/results/20260928-full-9ee71d5/L4/S3A-a50/rep5
[2026-09-29 03:52:10] L4 S3B-a0 rep1 → /home/jun/project/lab/backend-labs-commerce/seat-reservation-lab/k6/ADR-001/results/20260928-full-9ee71d5/L4/S3B-a0/rep1
[2026-09-29 03:54:58] L4 S3B-a0 rep2 → /home/jun/project/lab/backend-labs-commerce/seat-reservation-lab/k6/ADR-001/results/20260928-full-9ee71d5/L4/S3B-a0/rep2
[2026-09-29 03:57:41] L4 S3B-a0 rep3 → /home/jun/project/lab/backend-labs-commerce/seat-reservation-lab/k6/ADR-001/results/20260928-full-9ee71d5/L4/S3B-a0/rep3
[2026-09-29 04:00:30] L4 S3B-a0 rep4 → /home/jun/project/lab/backend-labs-commerce/seat-reservation-lab/k6/ADR-001/results/20260928-full-9ee71d5/L4/S3B-a0/rep4
[2026-09-29 04:03:19] L4 S3B-a0 rep5 → /home/jun/project/lab/backend-labs-commerce/seat-reservation-lab/k6/ADR-001/results/20260928-full-9ee71d5/L4/S3B-a0/rep5
[2026-09-29 04:06:09] L4 S3B-a20 rep1 → /home/jun/project/lab/backend-labs-commerce/seat-reservation-lab/k6/ADR-001/results/20260928-full-9ee71d5/L4/S3B-a20/rep1
[2026-09-29 04:09:19] L4 S3B-a20 rep2 → /home/jun/project/lab/backend-labs-commerce/seat-reservation-lab/k6/ADR-001/results/20260928-full-9ee71d5/L4/S3B-a20/rep2
[2026-09-29 04:12:04] L4 S3B-a20 rep3 → /home/jun/project/lab/backend-labs-commerce/seat-reservation-lab/k6/ADR-001/results/20260928-full-9ee71d5/L4/S3B-a20/rep3
[2026-09-29 04:14:53] L4 S3B-a20 rep4 → /home/jun/project/lab/backend-labs-commerce/seat-reservation-lab/k6/ADR-001/results/20260928-full-9ee71d5/L4/S3B-a20/rep4
[2026-09-29 04:17:43] L4 S3B-a20 rep5 → /home/jun/project/lab/backend-labs-commerce/seat-reservation-lab/k6/ADR-001/results/20260928-full-9ee71d5/L4/S3B-a20/rep5
[2026-09-29 04:20:39] L4 S3B-a50 rep1 → /home/jun/project/lab/backend-labs-commerce/seat-reservation-lab/k6/ADR-001/results/20260928-full-9ee71d5/L4/S3B-a50/rep1
[2026-09-29 04:23:34] L4 S3B-a50 rep2 → /home/jun/project/lab/backend-labs-commerce/seat-reservation-lab/k6/ADR-001/results/20260928-full-9ee71d5/L4/S3B-a50/rep2
[2026-09-29 04:26:30] L4 S3B-a50 rep3 → /home/jun/project/lab/backend-labs-commerce/seat-reservation-lab/k6/ADR-001/results/20260928-full-9ee71d5/L4/S3B-a50/rep3
[2026-09-29 04:29:26] L4 S3B-a50 rep4 → /home/jun/project/lab/backend-labs-commerce/seat-reservation-lab/k6/ADR-001/results/20260928-full-9ee71d5/L4/S3B-a50/rep4
[2026-09-29 04:32:22] L4 S3B-a50 rep5 → /home/jun/project/lab/backend-labs-commerce/seat-reservation-lab/k6/ADR-001/results/20260928-full-9ee71d5/L4/S3B-a50/rep5
[2026-09-29 04:35:17] L4 S3-a0 rep1 → /home/jun/project/lab/backend-labs-commerce/seat-reservation-lab/k6/ADR-001/results/20260928-full-9ee71d5/L4/S3-a0/rep1
[2026-09-29 04:52:26] L4 S3-a0 rep2 → /home/jun/project/lab/backend-labs-commerce/seat-reservation-lab/k6/ADR-001/results/20260928-full-9ee71d5/L4/S3-a0/rep2
[2026-09-29 05:09:35] L4 S3-a0 rep3 → /home/jun/project/lab/backend-labs-commerce/seat-reservation-lab/k6/ADR-001/results/20260928-full-9ee71d5/L4/S3-a0/rep3
[2026-09-29 05:27:08] L4 S3-a0 rep4 → /home/jun/project/lab/backend-labs-commerce/seat-reservation-lab/k6/ADR-001/results/20260928-full-9ee71d5/L4/S3-a0/rep4
[2026-09-29 05:44:18] L4 S3-a0 rep5 → /home/jun/project/lab/backend-labs-commerce/seat-reservation-lab/k6/ADR-001/results/20260928-full-9ee71d5/L4/S3-a0/rep5
[2026-09-29 06:01:28] L4 S3-a20 rep1 → /home/jun/project/lab/backend-labs-commerce/seat-reservation-lab/k6/ADR-001/results/20260928-full-9ee71d5/L4/S3-a20/rep1
[2026-09-29 06:22:23] L4 S3-a20 rep2 → /home/jun/project/lab/backend-labs-commerce/seat-reservation-lab/k6/ADR-001/results/20260928-full-9ee71d5/L4/S3-a20/rep2
[2026-09-29 06:43:17] L4 S3-a20 rep3 → /home/jun/project/lab/backend-labs-commerce/seat-reservation-lab/k6/ADR-001/results/20260928-full-9ee71d5/L4/S3-a20/rep3
[2026-09-29 07:04:13] L4 S3-a20 rep4 → /home/jun/project/lab/backend-labs-commerce/seat-reservation-lab/k6/ADR-001/results/20260928-full-9ee71d5/L4/S3-a20/rep4
[2026-09-29 07:25:13] L4 S3-a20 rep5 → /home/jun/project/lab/backend-labs-commerce/seat-reservation-lab/k6/ADR-001/results/20260928-full-9ee71d5/L4/S3-a20/rep5
[2026-09-29 07:46:17] L4 S3-a50 rep1 → /home/jun/project/lab/backend-labs-commerce/seat-reservation-lab/k6/ADR-001/results/20260928-full-9ee71d5/L4/S3-a50/rep1
[2026-09-29 08:07:21] L4 S3-a50 rep2 → /home/jun/project/lab/backend-labs-commerce/seat-reservation-lab/k6/ADR-001/results/20260928-full-9ee71d5/L4/S3-a50/rep2
[2026-09-29 08:28:19] L4 S3-a50 rep3 → /home/jun/project/lab/backend-labs-commerce/seat-reservation-lab/k6/ADR-001/results/20260928-full-9ee71d5/L4/S3-a50/rep3
[2026-09-29 08:49:24] L4 S3-a50 rep4 → /home/jun/project/lab/backend-labs-commerce/seat-reservation-lab/k6/ADR-001/results/20260928-full-9ee71d5/L4/S3-a50/rep4
[2026-09-29 09:10:37] L4 S3-a50 rep5 → /home/jun/project/lab/backend-labs-commerce/seat-reservation-lab/k6/ADR-001/results/20260928-full-9ee71d5/L4/S3-a50/rep5
[2026-09-29 09:31:40] compose down (5b2b6ff)
 Container seatlab-app-1 Stopping 
 Container seatlab-app-1 Stopped 
 Container seatlab-app-1 Removing 
 Container seatlab-app-1 Removed 
 Container seatlab-db-1 Stopping 
 Container seatlab-db-1 Stopped 
 Container seatlab-db-1 Removing 
 Container seatlab-db-1 Removed 
 Volume seatlab_pgdata Removing 
 Network seatlab_default Removing 
 Volume seatlab_pgdata Removed 
 Network seatlab_default Removed 
[2026-09-29 09:31:41] matrix done: /home/jun/project/lab/backend-labs-commerce/seat-reservation-lab/k6/ADR-001/results/20260928-full-9ee71d5
