[2026-09-28 08:41:58] matrix 20260928-full-9ee71d5: levels=[1 2 4] reps=5 cells=[S1 S2 S4 S3A S3B S3]
[2026-09-28 08:41:58] L1 S1 rep1 → /home/jun/project/lab/backend-labs-commerce/seat-reservation-lab/k6/ADR-001/results/20260928-full-9ee71d5/L1/S1/rep1
[2026-09-28 08:42:50] L1 S1 rep2 → /home/jun/project/lab/backend-labs-commerce/seat-reservation-lab/k6/ADR-001/results/20260928-full-9ee71d5/L1/S1/rep2
[2026-09-28 08:43:42] L1 S1 rep3 → /home/jun/project/lab/backend-labs-commerce/seat-reservation-lab/k6/ADR-001/results/20260928-full-9ee71d5/L1/S1/rep3
[2026-09-28 08:44:33] L1 S1 rep4 → /home/jun/project/lab/backend-labs-commerce/seat-reservation-lab/k6/ADR-001/results/20260928-full-9ee71d5/L1/S1/rep4
[2026-09-28 08:45:26] L1 S1 rep5 → /home/jun/project/lab/backend-labs-commerce/seat-reservation-lab/k6/ADR-001/results/20260928-full-9ee71d5/L1/S1/rep5
[2026-09-28 08:46:19] L1 S2 rep1 → /home/jun/project/lab/backend-labs-commerce/seat-reservation-lab/k6/ADR-001/results/20260928-full-9ee71d5/L1/S2/rep1
[2026-09-28 08:47:15] L1 S2 rep2 → /home/jun/project/lab/backend-labs-commerce/seat-reservation-lab/k6/ADR-001/results/20260928-full-9ee71d5/L1/S2/rep2
[2026-09-28 08:48:11] L1 S2 rep3 → /home/jun/project/lab/backend-labs-commerce/seat-reservation-lab/k6/ADR-001/results/20260928-full-9ee71d5/L1/S2/rep3
[2026-09-28 08:49:07] L1 S2 rep4 → /home/jun/project/lab/backend-labs-commerce/seat-reservation-lab/k6/ADR-001/results/20260928-full-9ee71d5/L1/S2/rep4
[2026-09-28 08:50:02] L1 S2 rep5 → /home/jun/project/lab/backend-labs-commerce/seat-reservation-lab/k6/ADR-001/results/20260928-full-9ee71d5/L1/S2/rep5
[2026-09-28 08:50:58] L1 S4 rep1 → /home/jun/project/lab/backend-labs-commerce/seat-reservation-lab/k6/ADR-001/results/20260928-full-9ee71d5/L1/S4/rep1
[2026-09-28 08:57:20] L1 S4 rep2 → /home/jun/project/lab/backend-labs-commerce/seat-reservation-lab/k6/ADR-001/results/20260928-full-9ee71d5/L1/S4/rep2
[2026-09-28 09:03:29] L1 S4 rep3 → /home/jun/project/lab/backend-labs-commerce/seat-reservation-lab/k6/ADR-001/results/20260928-full-9ee71d5/L1/S4/rep3
[2026-09-28 09:09:40] L1 S4 rep4 → /home/jun/project/lab/backend-labs-commerce/seat-reservation-lab/k6/ADR-001/results/20260928-full-9ee71d5/L1/S4/rep4
[2026-09-28 09:15:08] L1 S4 rep5 → /home/jun/project/lab/backend-labs-commerce/seat-reservation-lab/k6/ADR-001/results/20260928-full-9ee71d5/L1/S4/rep5
[2026-09-28 09:21:14] L1 S3A-a0 rep1 → /home/jun/project/lab/backend-labs-commerce/seat-reservation-lab/k6/ADR-001/results/20260928-full-9ee71d5/L1/S3A-a0/rep1
[2026-09-28 09:24:17] L1 S3A-a0 rep2 → /home/jun/project/lab/backend-labs-commerce/seat-reservation-lab/k6/ADR-001/results/20260928-full-9ee71d5/L1/S3A-a0/rep2
[2026-09-28 09:27:19] L1 S3A-a0 rep3 → /home/jun/project/lab/backend-labs-commerce/seat-reservation-lab/k6/ADR-001/results/20260928-full-9ee71d5/L1/S3A-a0/rep3
[2026-09-28 09:30:22] L1 S3A-a0 rep4 → /home/jun/project/lab/backend-labs-commerce/seat-reservation-lab/k6/ADR-001/results/20260928-full-9ee71d5/L1/S3A-a0/rep4
[2026-09-28 09:33:24] L1 S3A-a0 rep5 → /home/jun/project/lab/backend-labs-commerce/seat-reservation-lab/k6/ADR-001/results/20260928-full-9ee71d5/L1/S3A-a0/rep5
[2026-09-28 09:36:26] L1 S3A-a20 rep1 → /home/jun/project/lab/backend-labs-commerce/seat-reservation-lab/k6/ADR-001/results/20260928-full-9ee71d5/L1/S3A-a20/rep1
[2026-09-28 09:39:29] L1 S3A-a20 rep2 → /home/jun/project/lab/backend-labs-commerce/seat-reservation-lab/k6/ADR-001/results/20260928-full-9ee71d5/L1/S3A-a20/rep2
[2026-09-28 09:42:31] L1 S3A-a20 rep3 → /home/jun/project/lab/backend-labs-commerce/seat-reservation-lab/k6/ADR-001/results/20260928-full-9ee71d5/L1/S3A-a20/rep3
[2026-09-28 09:45:33] L1 S3A-a20 rep4 → /home/jun/project/lab/backend-labs-commerce/seat-reservation-lab/k6/ADR-001/results/20260928-full-9ee71d5/L1/S3A-a20/rep4
[2026-09-28 09:48:36] L1 S3A-a20 rep5 → /home/jun/project/lab/backend-labs-commerce/seat-reservation-lab/k6/ADR-001/results/20260928-full-9ee71d5/L1/S3A-a20/rep5
[2026-09-28 09:51:39] L1 S3A-a50 rep1 → /home/jun/project/lab/backend-labs-commerce/seat-reservation-lab/k6/ADR-001/results/20260928-full-9ee71d5/L1/S3A-a50/rep1
[2026-09-28 09:54:42] L1 S3A-a50 rep2 → /home/jun/project/lab/backend-labs-commerce/seat-reservation-lab/k6/ADR-001/results/20260928-full-9ee71d5/L1/S3A-a50/rep2
[2026-09-28 09:57:43] L1 S3A-a50 rep3 → /home/jun/project/lab/backend-labs-commerce/seat-reservation-lab/k6/ADR-001/results/20260928-full-9ee71d5/L1/S3A-a50/rep3
[2026-09-28 10:00:46] L1 S3A-a50 rep4 → /home/jun/project/lab/backend-labs-commerce/seat-reservation-lab/k6/ADR-001/results/20260928-full-9ee71d5/L1/S3A-a50/rep4
[2026-09-28 10:03:51] L1 S3A-a50 rep5 → /home/jun/project/lab/backend-labs-commerce/seat-reservation-lab/k6/ADR-001/results/20260928-full-9ee71d5/L1/S3A-a50/rep5
[2026-09-28 10:06:54] L1 S3B-a0 rep1 → /home/jun/project/lab/backend-labs-commerce/seat-reservation-lab/k6/ADR-001/results/20260928-full-9ee71d5/L1/S3B-a0/rep1
[2026-09-28 10:10:02] L1 S3B-a0 rep2 → /home/jun/project/lab/backend-labs-commerce/seat-reservation-lab/k6/ADR-001/results/20260928-full-9ee71d5/L1/S3B-a0/rep2
[2026-09-28 10:13:13] L1 S3B-a0 rep3 → /home/jun/project/lab/backend-labs-commerce/seat-reservation-lab/k6/ADR-001/results/20260928-full-9ee71d5/L1/S3B-a0/rep3
[2026-09-28 10:16:23] L1 S3B-a0 rep4 → /home/jun/project/lab/backend-labs-commerce/seat-reservation-lab/k6/ADR-001/results/20260928-full-9ee71d5/L1/S3B-a0/rep4
[2026-09-28 10:19:39] L1 S3B-a0 rep5 → /home/jun/project/lab/backend-labs-commerce/seat-reservation-lab/k6/ADR-001/results/20260928-full-9ee71d5/L1/S3B-a0/rep5
[2026-09-28 10:22:51] L1 S3B-a20 rep1 → /home/jun/project/lab/backend-labs-commerce/seat-reservation-lab/k6/ADR-001/results/20260928-full-9ee71d5/L1/S3B-a20/rep1
[2026-09-28 10:26:07] L1 S3B-a20 rep2 → /home/jun/project/lab/backend-labs-commerce/seat-reservation-lab/k6/ADR-001/results/20260928-full-9ee71d5/L1/S3B-a20/rep2
[2026-09-28 10:29:11] L1 S3B-a20 rep3 → /home/jun/project/lab/backend-labs-commerce/seat-reservation-lab/k6/ADR-001/results/20260928-full-9ee71d5/L1/S3B-a20/rep3
[2026-09-28 10:32:22] L1 S3B-a20 rep4 → /home/jun/project/lab/backend-labs-commerce/seat-reservation-lab/k6/ADR-001/results/20260928-full-9ee71d5/L1/S3B-a20/rep4
[2026-09-28 10:35:31] L1 S3B-a20 rep5 → /home/jun/project/lab/backend-labs-commerce/seat-reservation-lab/k6/ADR-001/results/20260928-full-9ee71d5/L1/S3B-a20/rep5
[2026-09-28 10:38:41] L1 S3B-a50 rep1 → /home/jun/project/lab/backend-labs-commerce/seat-reservation-lab/k6/ADR-001/results/20260928-full-9ee71d5/L1/S3B-a50/rep1
[2026-09-28 10:41:50] L1 S3B-a50 rep2 → /home/jun/project/lab/backend-labs-commerce/seat-reservation-lab/k6/ADR-001/results/20260928-full-9ee71d5/L1/S3B-a50/rep2
[2026-09-28 10:44:55] L1 S3B-a50 rep3 → /home/jun/project/lab/backend-labs-commerce/seat-reservation-lab/k6/ADR-001/results/20260928-full-9ee71d5/L1/S3B-a50/rep3
[2026-09-28 10:48:06] L1 S3B-a50 rep4 → /home/jun/project/lab/backend-labs-commerce/seat-reservation-lab/k6/ADR-001/results/20260928-full-9ee71d5/L1/S3B-a50/rep4
[2026-09-28 10:51:17] L1 S3B-a50 rep5 → /home/jun/project/lab/backend-labs-commerce/seat-reservation-lab/k6/ADR-001/results/20260928-full-9ee71d5/L1/S3B-a50/rep5
[2026-09-28 10:54:26] L1 S3-a0 rep1 → /home/jun/project/lab/backend-labs-commerce/seat-reservation-lab/k6/ADR-001/results/20260928-full-9ee71d5/L1/S3-a0/rep1
[2026-09-28 11:15:39] L1 S3-a0 rep2 → /home/jun/project/lab/backend-labs-commerce/seat-reservation-lab/k6/ADR-001/results/20260928-full-9ee71d5/L1/S3-a0/rep2
[2026-09-28 11:37:08] L1 S3-a0 rep3 → /home/jun/project/lab/backend-labs-commerce/seat-reservation-lab/k6/ADR-001/results/20260928-full-9ee71d5/L1/S3-a0/rep3
[2026-09-28 11:58:33] L1 S3-a0 rep4 → /home/jun/project/lab/backend-labs-commerce/seat-reservation-lab/k6/ADR-001/results/20260928-full-9ee71d5/L1/S3-a0/rep4
[2026-09-28 12:19:55] L1 S3-a0 rep5 → /home/jun/project/lab/backend-labs-commerce/seat-reservation-lab/k6/ADR-001/results/20260928-full-9ee71d5/L1/S3-a0/rep5
[2026-09-28 12:41:34] L1 S3-a20 rep1 → /home/jun/project/lab/backend-labs-commerce/seat-reservation-lab/k6/ADR-001/results/20260928-full-9ee71d5/L1/S3-a20/rep1
[2026-09-28 13:02:57] L1 S3-a20 rep2 → /home/jun/project/lab/backend-labs-commerce/seat-reservation-lab/k6/ADR-001/results/20260928-full-9ee71d5/L1/S3-a20/rep2
[2026-09-28 13:24:23] L1 S3-a20 rep3 → /home/jun/project/lab/backend-labs-commerce/seat-reservation-lab/k6/ADR-001/results/20260928-full-9ee71d5/L1/S3-a20/rep3
[2026-09-28 13:45:35] L1 S3-a20 rep4 → /home/jun/project/lab/backend-labs-commerce/seat-reservation-lab/k6/ADR-001/results/20260928-full-9ee71d5/L1/S3-a20/rep4
[2026-09-28 14:06:59] L1 S3-a20 rep5 → /home/jun/project/lab/backend-labs-commerce/seat-reservation-lab/k6/ADR-001/results/20260928-full-9ee71d5/L1/S3-a20/rep5
[2026-09-28 14:28:32] L1 S3-a50 rep1 → /home/jun/project/lab/backend-labs-commerce/seat-reservation-lab/k6/ADR-001/results/20260928-full-9ee71d5/L1/S3-a50/rep1
[2026-09-28 14:50:07] L1 S3-a50 rep2 → /home/jun/project/lab/backend-labs-commerce/seat-reservation-lab/k6/ADR-001/results/20260928-full-9ee71d5/L1/S3-a50/rep2
[2026-09-28 15:11:20] L1 S3-a50 rep3 → /home/jun/project/lab/backend-labs-commerce/seat-reservation-lab/k6/ADR-001/results/20260928-full-9ee71d5/L1/S3-a50/rep3
[2026-09-28 15:32:51] L1 S3-a50 rep4 → /home/jun/project/lab/backend-labs-commerce/seat-reservation-lab/k6/ADR-001/results/20260928-full-9ee71d5/L1/S3-a50/rep4
[2026-09-28 15:54:04] L1 S3-a50 rep5 → /home/jun/project/lab/backend-labs-commerce/seat-reservation-lab/k6/ADR-001/results/20260928-full-9ee71d5/L1/S3-a50/rep5
[2026-09-28 16:15:09] L2 S1 rep1 → /home/jun/project/lab/backend-labs-commerce/seat-reservation-lab/k6/ADR-001/results/20260928-full-9ee71d5/L2/S1/rep1
[2026-09-28 16:15:51] L2 S1 rep2 → /home/jun/project/lab/backend-labs-commerce/seat-reservation-lab/k6/ADR-001/results/20260928-full-9ee71d5/L2/S1/rep2
[2026-09-28 16:16:34] L2 S1 rep3 → /home/jun/project/lab/backend-labs-commerce/seat-reservation-lab/k6/ADR-001/results/20260928-full-9ee71d5/L2/S1/rep3
[2026-09-28 16:17:17] L2 S1 rep4 → /home/jun/project/lab/backend-labs-commerce/seat-reservation-lab/k6/ADR-001/results/20260928-full-9ee71d5/L2/S1/rep4
[2026-09-28 16:18:00] L2 S1 rep5 → /home/jun/project/lab/backend-labs-commerce/seat-reservation-lab/k6/ADR-001/results/20260928-full-9ee71d5/L2/S1/rep5
[2026-09-28 16:18:58] L2 S2 rep1 → /home/jun/project/lab/backend-labs-commerce/seat-reservation-lab/k6/ADR-001/results/20260928-full-9ee71d5/L2/S2/rep1
[2026-09-28 16:19:42] L2 S2 rep2 → /home/jun/project/lab/backend-labs-commerce/seat-reservation-lab/k6/ADR-001/results/20260928-full-9ee71d5/L2/S2/rep2
[2026-09-28 16:20:27] L2 S2 rep3 → /home/jun/project/lab/backend-labs-commerce/seat-reservation-lab/k6/ADR-001/results/20260928-full-9ee71d5/L2/S2/rep3
[2026-09-28 16:21:13] L2 S2 rep4 → /home/jun/project/lab/backend-labs-commerce/seat-reservation-lab/k6/ADR-001/results/20260928-full-9ee71d5/L2/S2/rep4
[2026-09-28 16:21:59] L2 S2 rep5 → /home/jun/project/lab/backend-labs-commerce/seat-reservation-lab/k6/ADR-001/results/20260928-full-9ee71d5/L2/S2/rep5
[2026-09-28 16:22:44] L2 S4 rep1 → /home/jun/project/lab/backend-labs-commerce/seat-reservation-lab/k6/ADR-001/results/20260928-full-9ee71d5/L2/S4/rep1
[2026-09-28 16:29:13] L2 S4 rep2 → /home/jun/project/lab/backend-labs-commerce/seat-reservation-lab/k6/ADR-001/results/20260928-full-9ee71d5/L2/S4/rep2
[2026-09-28 16:35:43] L2 S4 rep3 → /home/jun/project/lab/backend-labs-commerce/seat-reservation-lab/k6/ADR-001/results/20260928-full-9ee71d5/L2/S4/rep3
[2026-09-28 16:42:14] L2 S4 rep4 → /home/jun/project/lab/backend-labs-commerce/seat-reservation-lab/k6/ADR-001/results/20260928-full-9ee71d5/L2/S4/rep4
[2026-09-28 16:48:43] L2 S4 rep5 → /home/jun/project/lab/backend-labs-commerce/seat-reservation-lab/k6/ADR-001/results/20260928-full-9ee71d5/L2/S4/rep5
[2026-09-28 16:55:14] L2 S3A-a0 rep1 → /home/jun/project/lab/backend-labs-commerce/seat-reservation-lab/k6/ADR-001/results/20260928-full-9ee71d5/L2/S3A-a0/rep1
[2026-09-28 16:58:11] L2 S3A-a0 rep2 → /home/jun/project/lab/backend-labs-commerce/seat-reservation-lab/k6/ADR-001/results/20260928-full-9ee71d5/L2/S3A-a0/rep2
[2026-09-28 17:01:08] L2 S3A-a0 rep3 → /home/jun/project/lab/backend-labs-commerce/seat-reservation-lab/k6/ADR-001/results/20260928-full-9ee71d5/L2/S3A-a0/rep3
[2026-09-28 17:04:06] L2 S3A-a0 rep4 → /home/jun/project/lab/backend-labs-commerce/seat-reservation-lab/k6/ADR-001/results/20260928-full-9ee71d5/L2/S3A-a0/rep4
[2026-09-28 17:07:03] L2 S3A-a0 rep5 → /home/jun/project/lab/backend-labs-commerce/seat-reservation-lab/k6/ADR-001/results/20260928-full-9ee71d5/L2/S3A-a0/rep5
[2026-09-28 17:10:00] L2 S3A-a20 rep1 → /home/jun/project/lab/backend-labs-commerce/seat-reservation-lab/k6/ADR-001/results/20260928-full-9ee71d5/L2/S3A-a20/rep1
[2026-09-28 17:12:57] L2 S3A-a20 rep2 → /home/jun/project/lab/backend-labs-commerce/seat-reservation-lab/k6/ADR-001/results/20260928-full-9ee71d5/L2/S3A-a20/rep2
[2026-09-28 17:15:54] L2 S3A-a20 rep3 → /home/jun/project/lab/backend-labs-commerce/seat-reservation-lab/k6/ADR-001/results/20260928-full-9ee71d5/L2/S3A-a20/rep3
[2026-09-28 17:18:51] L2 S3A-a20 rep4 → /home/jun/project/lab/backend-labs-commerce/seat-reservation-lab/k6/ADR-001/results/20260928-full-9ee71d5/L2/S3A-a20/rep4
[2026-09-28 17:21:46] L2 S3A-a20 rep5 → /home/jun/project/lab/backend-labs-commerce/seat-reservation-lab/k6/ADR-001/results/20260928-full-9ee71d5/L2/S3A-a20/rep5
[2026-09-28 17:24:43] L2 S3A-a50 rep1 → /home/jun/project/lab/backend-labs-commerce/seat-reservation-lab/k6/ADR-001/results/20260928-full-9ee71d5/L2/S3A-a50/rep1
[2026-09-28 17:27:40] L2 S3A-a50 rep2 → /home/jun/project/lab/backend-labs-commerce/seat-reservation-lab/k6/ADR-001/results/20260928-full-9ee71d5/L2/S3A-a50/rep2
[2026-09-28 17:30:37] L2 S3A-a50 rep3 → /home/jun/project/lab/backend-labs-commerce/seat-reservation-lab/k6/ADR-001/results/20260928-full-9ee71d5/L2/S3A-a50/rep3
[2026-09-28 17:33:34] L2 S3A-a50 rep4 → /home/jun/project/lab/backend-labs-commerce/seat-reservation-lab/k6/ADR-001/results/20260928-full-9ee71d5/L2/S3A-a50/rep4
[2026-09-28 17:36:38] L2 S3A-a50 rep5 → /home/jun/project/lab/backend-labs-commerce/seat-reservation-lab/k6/ADR-001/results/20260928-full-9ee71d5/L2/S3A-a50/rep5
[2026-09-28 17:39:35] L2 S3B-a0 rep1 → /home/jun/project/lab/backend-labs-commerce/seat-reservation-lab/k6/ADR-001/results/20260928-full-9ee71d5/L2/S3B-a0/rep1
[2026-09-28 17:42:32] L2 S3B-a0 rep2 → /home/jun/project/lab/backend-labs-commerce/seat-reservation-lab/k6/ADR-001/results/20260928-full-9ee71d5/L2/S3B-a0/rep2
[2026-09-28 17:45:30] L2 S3B-a0 rep3 → /home/jun/project/lab/backend-labs-commerce/seat-reservation-lab/k6/ADR-001/results/20260928-full-9ee71d5/L2/S3B-a0/rep3
[2026-09-28 17:48:27] L2 S3B-a0 rep4 → /home/jun/project/lab/backend-labs-commerce/seat-reservation-lab/k6/ADR-001/results/20260928-full-9ee71d5/L2/S3B-a0/rep4
[2026-09-28 17:51:23] L2 S3B-a0 rep5 → /home/jun/project/lab/backend-labs-commerce/seat-reservation-lab/k6/ADR-001/results/20260928-full-9ee71d5/L2/S3B-a0/rep5
[2026-09-28 17:54:21] L2 S3B-a20 rep1 → /home/jun/project/lab/backend-labs-commerce/seat-reservation-lab/k6/ADR-001/results/20260928-full-9ee71d5/L2/S3B-a20/rep1
[2026-09-28 17:57:18] L2 S3B-a20 rep2 → /home/jun/project/lab/backend-labs-commerce/seat-reservation-lab/k6/ADR-001/results/20260928-full-9ee71d5/L2/S3B-a20/rep2
[2026-09-28 18:00:15] L2 S3B-a20 rep3 → /home/jun/project/lab/backend-labs-commerce/seat-reservation-lab/k6/ADR-001/results/20260928-full-9ee71d5/L2/S3B-a20/rep3
[2026-09-28 18:03:13] L2 S3B-a20 rep4 → /home/jun/project/lab/backend-labs-commerce/seat-reservation-lab/k6/ADR-001/results/20260928-full-9ee71d5/L2/S3B-a20/rep4
[2026-09-28 18:06:10] L2 S3B-a20 rep5 → /home/jun/project/lab/backend-labs-commerce/seat-reservation-lab/k6/ADR-001/results/20260928-full-9ee71d5/L2/S3B-a20/rep5
[2026-09-28 18:09:07] L2 S3B-a50 rep1 → /home/jun/project/lab/backend-labs-commerce/seat-reservation-lab/k6/ADR-001/results/20260928-full-9ee71d5/L2/S3B-a50/rep1
[2026-09-28 18:12:05] L2 S3B-a50 rep2 → /home/jun/project/lab/backend-labs-commerce/seat-reservation-lab/k6/ADR-001/results/20260928-full-9ee71d5/L2/S3B-a50/rep2
[2026-09-28 18:15:00] L2 S3B-a50 rep3 → /home/jun/project/lab/backend-labs-commerce/seat-reservation-lab/k6/ADR-001/results/20260928-full-9ee71d5/L2/S3B-a50/rep3
[2026-09-28 18:17:57] L2 S3B-a50 rep4 → /home/jun/project/lab/backend-labs-commerce/seat-reservation-lab/k6/ADR-001/results/20260928-full-9ee71d5/L2/S3B-a50/rep4
[2026-09-28 18:20:54] L2 S3B-a50 rep5 → /home/jun/project/lab/backend-labs-commerce/seat-reservation-lab/k6/ADR-001/results/20260928-full-9ee71d5/L2/S3B-a50/rep5
[2026-09-28 18:23:52] L2 S3-a0 rep1 → /home/jun/project/lab/backend-labs-commerce/seat-reservation-lab/k6/ADR-001/results/20260928-full-9ee71d5/L2/S3-a0/rep1
[2026-09-28 18:45:02] L2 S3-a0 rep2 → /home/jun/project/lab/backend-labs-commerce/seat-reservation-lab/k6/ADR-001/results/20260928-full-9ee71d5/L2/S3-a0/rep2
[2026-09-28 19:06:32] L2 S3-a0 rep3 → /home/jun/project/lab/backend-labs-commerce/seat-reservation-lab/k6/ADR-001/results/20260928-full-9ee71d5/L2/S3-a0/rep3
[2026-09-28 19:28:00] L2 S3-a0 rep4 → /home/jun/project/lab/backend-labs-commerce/seat-reservation-lab/k6/ADR-001/results/20260928-full-9ee71d5/L2/S3-a0/rep4
